 TmpPanel

 Timestamp is 5f5c3d9b (Sat Sep 12 04:16:43 2020)

 Preferred load address is 10000000

 Start         Length     Name                   Class
 0001:00000000 00000004H .CRT$XCA                CODE
 0001:00000004 00000004H .CRT$XCZ                CODE
 0001:00000008 00000004H .CRT$XIA                CODE
 0001:0000000c 0000000cH .CRT$XIC                CODE
 0001:00000018 00000004H .CRT$XIZ                CODE
 0001:0000001c 00000004H .CRT$XPA                CODE
 0001:00000020 00000008H .CRT$XPX                CODE
 0001:00000028 00000004H .CRT$XPXA               CODE
 0001:0000002c 00000004H .CRT$XPZ                CODE
 0001:00000030 00000004H .CRT$XTA                CODE
 0001:00000034 0000000cH .CRT$XTZ                CODE
 0001:00000038 00000000H .gfids$y                CODE
 0001:00000040 00005324H .rdata                  CODE
 0001:00005364 0000012cH .rdata$r                CODE
 0001:00005490 0000000cH .rdata$sxdata           CODE
 0001:0000549c 0000029cH .rdata$zzzdbg           CODE
 0001:00005738 00000004H .rtc$IAA                CODE
 0001:0000573c 00000004H .rtc$IZZ                CODE
 0001:00005740 00000004H .rtc$TAA                CODE
 0001:00005744 0000000cH .rtc$TZZ                CODE
 0001:00005750 00011580H .text$mn                CODE
 0001:00016ccf 00000000H .text$x                 CODE
 0001:00016cd0 00000040H .text$yd                CODE
 0001:00016d10 00000480H .xdata$x                CODE
 0001:00017190 00000192H .edata                  CODE
 0002:00000000 000008a0H .data                   DATA
 0002:000008a0 00000078H .data$r                 DATA
 0002:00000918 00001548H .bss                    DATA
 0003:00000000 00000168H .idata$5                DATA
 0003:00000168 00000004H .00cfg                  DATA
 0003:0000016c 0000003cH .idata$2                DATA
 0003:000001a8 00000014H .idata$3                DATA
 0003:000001bc 00000168H .idata$4                DATA
 0003:00000324 00000642H .idata$6                DATA
 0004:00000000 00000060H .rsrc$01                DATA
 0004:00000060 00000378H .rsrc$02                DATA

  Address         Publics by Value              Rva+Base       Lib:Object

 0000:00000000       ___guard_iat_count         00000000     <absolute>
 0000:00000000       ___guard_longjmp_count     00000000     <absolute>
 0000:00000000       __except_list              00000000     <absolute>
 0000:00000000       ___guard_fids_count        00000000     <absolute>
 0000:00000000       ___guard_longjmp_table     00000000     <absolute>
 0000:00000000       ___hybrid_code_map_count   00000000     <absolute>
 0000:00000000       ___hybrid_auxiliary_iat    00000000     <absolute>
 0000:00000000       ___dynamic_value_reloc_table 00000000     <absolute>
 0000:00000000       ___guard_fids_table        00000000     <absolute>
 0000:00000000       ___guard_iat_table         00000000     <absolute>
 0000:00000000       ___volatile_metadata       00000000     <absolute>
 0000:00000000       ___AbsoluteZero            00000000     <absolute>
 0000:00000000       ___enclave_config          00000000     <absolute>
 0000:00000000       ___hybrid_code_map         00000000     <absolute>
 0000:00000003       ___safe_se_handler_count   00000003     <absolute>
 0000:00000100       ___guard_flags             00000100     <absolute>
 0000:00000000       ___ImageBase               10000000     <linker-defined>
 0001:00000000       ___xc_a                    10001000     LIBCMT:initializers.obj
 0001:00000004       ___xc_z                    10001004     LIBCMT:initializers.obj
 0001:00000008       ___xi_a                    10001008     LIBCMT:initializers.obj
 0001:0000000c       ___acrt_multibyte_initializer 1000100c     libucrt:multibyte_initializer.obj
 0001:00000010       ___acrt_stdio_initializer  10001010     libucrt:stdio_initializer.obj
 0001:00000014       ___acrt_tran_sse2_initializer 10001014     libucrt:sse2_initializer.obj
 0001:00000018       ___xi_z                    10001018     LIBCMT:initializers.obj
 0001:0000001c       ___xp_a                    1000101c     LIBCMT:initializers.obj
 0001:00000020       ___acrt_locale_terminator  10001020     libucrt:locale_initializer.obj
 0001:00000024       ___dcrt_console_output_terminator 10001024     libucrt:console_output_initializer.obj
 0001:00000028       ___acrt_stdio_terminator   10001028     libucrt:stdio_initializer.obj
 0001:0000002c       ___xp_z                    1000102c     LIBCMT:initializers.obj
 0001:00000030       ___xt_a                    10001030     LIBCMT:initializers.obj
 0001:00000034       ___xt_z                    10001034     LIBCMT:initializers.obj
 0001:00000040       _MainGuid                  10001040     TmpPanel.obj
 0001:00000050       _MenuGuid                  10001050     TmpPanel.obj
 0001:00000060       _ConfigDialogGuid          10001060     TmpPanel.obj
 0001:00000070       ??_C@_11LOCGONAA@@         10001070     TmpPanel.obj
 0001:00000074       ??_C@_1O@CILPHMLJ@?$AAF?$AAA?$AAR?$AAT?$AAM?$AAP@ 10001074     TmpPanel.obj
 0001:00000084       ??_C@_1BM@MDBPDFDA@?$AA?$CF?$AAC?$AAO?$AAM?$AAS?$AAP?$AAE?$AAC?$AA?$CF?$AA?5?$AA?1?$AAc?$AA?5@ 10001084     TmpPanel.obj
 0001:000000a0       ??_C@_13IMODFHAA@?$AA?9@   100010a0     TmpPanel.obj
 0001:000000a4       ??_C@_15KIOHKAAB@?$AA?$CK?$AA?4@ 100010a4     TmpPanel.obj
 0001:000000ac       ??_C@_1BC@ENICKDH@?$AAC?$AAo?$AAn?$AAt?$AAe?$AAn?$AAt?$AAs@ 100010ac     TmpPanel.obj
 0001:000000c0       ??_C@_19BDAJEHDN@?$AAo?$AAp?$AAe?$AAn@ 100010c0     TmpPanel.obj
 0001:000000cc       ??_C@_1BC@DDPAOGMO@?$AAT?$AAm?$AAp?$AAP?$AAa?$AAn?$AAe?$AAl@ 100010cc     TmpPanel.obj
 0001:000000e0       ??_C@_1EA@PHBPOOLI@?$AAT?$AAe?$AAm?$AAp?$AAo?$AAr?$AAa?$AAr?$AAy?$AA?5?$AAP?$AAa?$AAn?$AAe?$AAl@ 100010e0     TmpPanel.obj
 0001:00000120       ??_C@_1DE@BGKMIKPD@?$AAE?$AAu?$AAg?$AAe?$AAn?$AAe?$AA?5?$AAR?$AAo?$AAs?$AAh?$AAa?$AAl?$AA?5?$AA?$CG@ 10001120     TmpPanel.obj
 0001:000001a8       ??_7PluginCheckBoxBinding@@6B@ 100011a8     TmpCfg.obj
 0001:000001b0       ??_7PluginEditFieldBinding@@6B@ 100011b0     TmpCfg.obj
 0001:000001b8       ??_C@_1BO@NGDOFANC@?$AAA?$AAd?$AAd?$AAT?$AAo?$AAD?$AAi?$AAs?$AAk?$AAs?$AAM?$AAe?$AAn?$AAu@ 100011b8     TmpCfg.obj
 0001:000001d8       ??_C@_1CC@PNNAOHJC@?$AAA?$AAd?$AAd?$AAT?$AAo?$AAP?$AAl?$AAu?$AAg?$AAi?$AAn?$AAs?$AAM?$AAe?$AAn@ 100011d8     TmpCfg.obj
 0001:000001fc       ??_C@_1BI@CPJJFPIA@?$AAC?$AAo?$AAm?$AAm?$AAo?$AAn?$AAP?$AAa?$AAn?$AAe?$AAl@ 100011fc     TmpCfg.obj
 0001:00000214       ??_C@_1BM@FPOJMDKB@?$AAS?$AAa?$AAf?$AAe?$AAM?$AAo?$AAd?$AAe?$AAP?$AAa?$AAn?$AAe?$AAl@ 10001214     TmpCfg.obj
 0001:00000230       ??_C@_1BG@NHJCENND@?$AAA?$AAn?$AAy?$AAI?$AAn?$AAP?$AAa?$AAn?$AAe?$AAl@ 10001230     TmpCfg.obj
 0001:00000248       ??_C@_1BK@BNOFJDBM@?$AAC?$AAo?$AAp?$AAy?$AAC?$AAo?$AAn?$AAt?$AAe?$AAn?$AAt?$AAs@ 10001248     TmpCfg.obj
 0001:00000264       ??_C@_19OBGHODPD@?$AAM?$AAo?$AAd?$AAe@ 10001264     TmpCfg.obj
 0001:00000270       ??_C@_1CA@JNAJBENN@?$AAM?$AAe?$AAn?$AAu?$AAF?$AAo?$AAr?$AAF?$AAi?$AAl?$AAe?$AAl?$AAi?$AAs?$AAt@ 10001270     TmpCfg.obj
 0001:00000290       ??_C@_1DC@BNKDLIA@?$AAN?$AAe?$AAw?$AAP?$AAa?$AAn?$AAe?$AAl?$AAF?$AAo?$AAr?$AAS?$AAe?$AAa?$AAr@ 10001290     TmpCfg.obj
 0001:000002c4       ??_C@_1CA@GMFGCAGE@?$AAF?$AAu?$AAl?$AAl?$AAS?$AAc?$AAr?$AAe?$AAe?$AAn?$AAP?$AAa?$AAn?$AAe?$AAl@ 100012c4     TmpCfg.obj
 0001:000002e4       ??_C@_1BC@JCHBPJL@?$AAL?$AAi?$AAs?$AAt?$AAU?$AAT?$AAF?$AA8@ 100012e4     TmpCfg.obj
 0001:000002f8       ??_C@_17PBMJFEI@?$AAN?$AA?0?$AAS@ 100012f8     TmpCfg.obj
 0001:00000300       ??_C@_1BI@KCJICNAC@?$AAC?$AAo?$AAl?$AAu?$AAm?$AAn?$AAT?$AAy?$AAp?$AAe?$AAs@ 10001300     TmpCfg.obj
 0001:00000318       ??_C@_17FKOBGGOI@?$AA0?$AA?0?$AA8@ 10001318     TmpCfg.obj
 0001:00000320       ??_C@_1BK@IJFPLJEF@?$AAC?$AAo?$AAl?$AAu?$AAm?$AAn?$AAW?$AAi?$AAd?$AAt?$AAh?$AAs@ 10001320     TmpCfg.obj
 0001:0000033c       ??_C@_1BE@CNONJJPK@?$AAN?$AAR?$AA?0?$AAS?$AAC?$AA?0?$AAD?$AA?0?$AAT@ 1000133c     TmpCfg.obj
 0001:00000350       ??_C@_1CE@CFCOMBOO@?$AAS?$AAt?$AAa?$AAt?$AAu?$AAs?$AAC?$AAo?$AAl?$AAu?$AAm?$AAn?$AAT?$AAy?$AAp@ 10001350     TmpCfg.obj
 0001:00000374       ??_C@_1BA@HANPCFLL@?$AA0?$AA?0?$AA8?$AA?0?$AA0?$AA?0?$AA5@ 10001374     TmpCfg.obj
 0001:00000384       ??_C@_1CG@NCCICMEA@?$AAS?$AAt?$AAa?$AAt?$AAu?$AAs?$AAC?$AAo?$AAl?$AAu?$AAm?$AAn?$AAW?$AAi?$AAd@ 10001384     TmpCfg.obj
 0001:000003ac       ??_C@_1O@HIOLBLLI@?$AA?$CK?$AA?4?$AAt?$AAe?$AAm?$AAp@ 100013ac     TmpCfg.obj
 0001:000003bc       ??_C@_19KOBLENB@?$AAM?$AAa?$AAs?$AAk@ 100013bc     TmpCfg.obj
 0001:000003c8       ??_C@_17GNJCADOE@?$AAt?$AAm?$AAp@ 100013c8     TmpCfg.obj
 0001:000003d0       ??_C@_1O@GBAEOCCH@?$AAP?$AAr?$AAe?$AAf?$AAi?$AAx@ 100013d0     TmpCfg.obj
 0001:000003e0       ??_C@_1O@BJPKKLLM@?$AAC?$AAo?$AAn?$AAf?$AAi?$AAg@ 100013e0     TmpCfg.obj
 0001:000003f0       ??_C@_1CM@OOGBEAGB@?$AAT?$AAe?$AAm?$AAp?$AAP?$AAa?$AAn?$AAe?$AAl?$AA?4?$AAC?$AAo?$AAl?$AAu?$AAm@ 100013f0     TmpCfg.obj
 0001:0000041c       ??_C@_1CO@PEIMNADN@?$AAT?$AAe?$AAm?$AAp?$AAP?$AAa?$AAn?$AAe?$AAl?$AA?4?$AAC?$AAo?$AAl?$AAu?$AAm@ 1000141c     TmpCfg.obj
 0001:0000044c       ??_C@_1DI@DFFNPDGJ@?$AAT?$AAe?$AAm?$AAp?$AAP?$AAa?$AAn?$AAe?$AAl?$AA?4?$AAS?$AAt?$AAa?$AAt?$AAu@ 1000144c     TmpCfg.obj
 0001:00000484       ??_C@_1DK@GODNGDDP@?$AAT?$AAe?$AAm?$AAp?$AAP?$AAa?$AAn?$AAe?$AAl?$AA?4?$AAS?$AAt?$AAa?$AAt?$AAu@ 10001484     TmpCfg.obj
 0001:000004c0       ??_C@_1BO@JLKBMGBC@?$AAT?$AAe?$AAm?$AAp?$AAP?$AAa?$AAn?$AAe?$AAl?$AA?4?$AAM?$AAa?$AAs?$AAk@ 100014c0     TmpCfg.obj
 0001:000004e0       ??_C@_1CC@CFPIPDCG@?$AAT?$AAe?$AAm?$AAp?$AAP?$AAa?$AAn?$AAe?$AAl?$AA?4?$AAP?$AAr?$AAe?$AAf?$AAi@ 100014e0     TmpCfg.obj
 0001:00000504       ??_C@_15DDHGOCBH@?$AA?4?$AA?4@ 10001504     TmpClass.obj
 0001:0000050c       ??_C@_19NHGNNLNG@?$AA?$CI?$AAR?$AA?$CJ?$AA?5@ 1000150c     TmpClass.obj
 0001:00000518       ??_C@_1O@OCNONAPA@?$AA?5?$AA?$CF?$AAs?$AA?$CF?$AAs?$AA?5@ 10001518     TmpClass.obj
 0001:00000528       ??_C@_13FPGAJAPJ@?$AA?2@   10001528     TmpClass.obj
 0001:0000052c       ??_C@_13BBDEGPLJ@?$AA?$CK@ 1000152c     TmpClass.obj
 0001:00000530       ??_C@_13JOFGPIOO@?$AA?4@   10001530     TmpClass.obj
 0001:00000534       ??_C@_1M@HCONLDPB@?$AAp?$AAa?$AAn?$AAe?$AAl@ 10001534     TmpClass.obj
 0001:00000540       ??_C@_1CE@FHMHDLFC@?$AAT?$AAm?$AAp?$AAP?$AAa?$AAn?$AAe?$AAl?$AA?4?$AAS?$AAa?$AAv?$AAe?$AAL?$AAi@ 10001540     TmpClass.obj
 0001:0000056c       ??_C@_15JNBOKNOG@?$AA?$AN?$AA?6@ 1000156c     TmpClass.obj
 0001:00000574       ??_C@_02PCIJFNDE@?$AN?6@   10001574     TmpClass.obj
 0001:00000590       ??_C@_1BC@JIEGIPND@?$AA?5?$AA?5?$AA?5?$AA?$CF?$AAs?$AA?5?$AA?$CF?$AAd@ 10001590     TmpClass.obj
 0001:000005a4       ??_C@_19BKJMDJK@?$AA?2?$AA?2?$AA?4?$AA?2@ 100015a4     TmpClass.obj
 0001:000005b0       ??_C@_1CE@JKDBMIKG@?$AA?2?$AA?2?$AA?4?$AA?2?$AAP?$AAh?$AAy?$AAs?$AAi?$AAc?$AAa?$AAl?$AAD?$AAr?$AAi@ 100015b0     TmpClass.obj
 0001:000005d4       ??_C@_1BE@BNONMOPA@?$AA?2?$AA?2?$AA?4?$AA?2?$AAc?$AAd?$AAr?$AAo?$AAm@ 100015d4     TmpClass.obj
 0001:000005e8       ??_C@_1BC@NAEGMMKI@?$AA?2?$AA?2?$AA?$DP?$AA?2?$AAU?$AAN?$AAC?$AA?2@ 100015e8     TmpMix.obj
 0001:000005fc       ??_C@_19MJCDBCKE@?$AA?2?$AA?2?$AA?$DP?$AA?2@ 100015fc     TmpMix.obj
 0001:00000608       ??_C@_1CC@OPFFOEHP@?$AA?$CF?$AAF?$AAA?$AAR?$AAH?$AAO?$AAM?$AAE?$AA?$CF?$AA?$DL?$AA?$CF?$AAP?$AAA?$AAT?$AAH@ 10001608     TmpMix.obj
 0001:00000630       __imp__EncodePointer@4     10001630     vc_crt_fix.obj
 0001:00000634       __imp__DecodePointer@4     10001634     vc_crt_fix.obj
 0001:00000638       __imp__GetModuleHandleExW@12 10001638     vc_crt_fix.obj
 0001:0000063c       __imp__InitializeSListHead@4 1000163c     vc_crt_fix.obj
 0001:00000640       __imp__InterlockedFlushSList@4 10001640     vc_crt_fix.obj
 0001:00000644       __imp__InterlockedPopEntrySList@4 10001644     vc_crt_fix.obj
 0001:00000648       __imp__InterlockedPushEntrySList@8 10001648     vc_crt_fix.obj
 0001:0000064c       __imp__InterlockedPushListSListEx@16 1000164c     vc_crt_fix.obj
 0001:00000650       __imp__RtlFirstEntrySList@4 10001650     vc_crt_fix.obj
 0001:00000654       __imp__QueryDepthSList@4   10001654     vc_crt_fix.obj
 0001:00000658       __imp__GetNumaHighestNodeNumber@4 10001658     vc_crt_fix.obj
 0001:0000065c       __imp__GetLogicalProcessorInformation@8 1000165c     vc_crt_fix.obj
 0001:00000660       __imp__SetThreadStackGuarantee@4 10001660     vc_crt_fix.obj
 0001:00000684       ??_C@_0O@NLDKAIKN@EncodePointer@ 10001684     vc_crt_fix_impl.obj
 0001:00000694       ??_C@_0O@KBPMFGHI@DecodePointer@ 10001694     vc_crt_fix_impl.obj
 0001:000006a4       ??_C@_0BD@GIGEJCNH@GetModuleHandleExW@ 100016a4     vc_crt_fix_impl.obj
 0001:000006b8       ??_C@_0BE@NBEJPEJA@InitializeSListHead@ 100016b8     vc_crt_fix_impl.obj
 0001:000006cc       ??_C@_0BG@PLLPFLHB@InterlockedFlushSList@ 100016cc     vc_crt_fix_impl.obj
 0001:000006e4       ??_C@_0BJ@PNEEKDOK@InterlockedPopEntrySList@ 100016e4     vc_crt_fix_impl.obj
 0001:00000700       ??_C@_0BK@JFGGAIOA@InterlockedPushEntrySList@ 10001700     vc_crt_fix_impl.obj
 0001:0000071c       ??_C@_0BL@FOECAEGO@InterlockedPushListSListEx@ 1000171c     vc_crt_fix_impl.obj
 0001:00000738       ??_C@_0BD@FHMMIGCI@RtlFirstEntrySList@ 10001738     vc_crt_fix_impl.obj
 0001:0000074c       ??_C@_0BA@FGPHPMJB@QueryDepthSList@ 1000174c     vc_crt_fix_impl.obj
 0001:0000075c       ??_C@_0BJ@NLNFLAMA@GetNumaHighestNodeNumber@ 1000175c     vc_crt_fix_impl.obj
 0001:00000778       ??_C@_0BP@KHGALBC@GetLogicalProcessorInformation@ 10001778     vc_crt_fix_impl.obj
 0001:00000798       ??_C@_0BI@BKLFFAPO@SetThreadStackGuarantee@ 10001798     vc_crt_fix_impl.obj
 0001:000007b0       __pDefaultRawDllMain       100017b0     LIBCMT:dll_dllmain.obj
 0001:000007b0       __pRawDllMain              100017b0     LIBCMT:dll_dllmain.obj
 0001:000007b8       ??_7exception@std@@6B@     100017b8     LIBCMT:throw_bad_alloc.obj
 0001:000007c0       ??_C@_0BC@EOODALEL@Unknown?5exception@ 100017c0     LIBCMT:throw_bad_alloc.obj
 0001:000007d8       ??_7bad_alloc@std@@6B@     100017d8     LIBCMT:throw_bad_alloc.obj
 0001:000007e0       ??_C@_0P@GHFPNOJB@bad?5allocation@ 100017e0     LIBCMT:throw_bad_alloc.obj
 0001:000007f4       ??_7bad_array_new_length@std@@6B@ 100017f4     LIBCMT:throw_bad_alloc.obj
 0001:000007fc       ??_C@_0BF@KINCDENJ@bad?5array?5new?5length@ 100017fc     LIBCMT:throw_bad_alloc.obj
 0001:00000818       ??_7type_info@@6B@         10001818     LIBCMT:std_type_info_static.obj
 0001:00000824       __pDestructExceptionObject 10001824     libvcruntime:ehhelpers.obj
 0001:00000ba8       ??_C@_08EHJDFFNH@__based?$CI@ 10001ba8     libvcruntime:undname.obj
 0001:00000bb4       ??_C@_07KOLFKCDI@__cdecl@  10001bb4     libvcruntime:undname.obj
 0001:00000bbc       ??_C@_08GHMPAG@__pascal@   10001bbc     libvcruntime:undname.obj
 0001:00000bc8       ??_C@_09IFJBGAPI@__stdcall@ 10001bc8     libvcruntime:undname.obj
 0001:00000bd4       ??_C@_0L@NPHFGOKO@__thiscall@ 10001bd4     libvcruntime:undname.obj
 0001:00000be0       ??_C@_0L@JMKHOMEK@__fastcall@ 10001be0     libvcruntime:undname.obj
 0001:00000bec       ??_C@_0N@BCKKPABJ@__vectorcall@ 10001bec     libvcruntime:undname.obj
 0001:00000bfc       ??_C@_09HIJEGCPM@__clrcall@ 10001bfc     libvcruntime:undname.obj
 0001:00000c08       ??_C@_06GHPCKEAG@__eabi@   10001c08     libvcruntime:undname.obj
 0001:00000c10       ??_C@_09IOPIDJLG@__swift_1@ 10001c10     libvcruntime:undname.obj
 0001:00000c1c       ??_C@_09KFNFGKHF@__swift_2@ 10001c1c     libvcruntime:undname.obj
 0001:00000c28       ??_C@_07JOMMBBKO@__ptr64@  10001c28     libvcruntime:undname.obj
 0001:00000c30       ??_C@_0L@PILCLIHE@__restrict@ 10001c30     libvcruntime:undname.obj
 0001:00000c3c       ??_C@_0M@GFIIJFMG@__unaligned@ 10001c3c     libvcruntime:undname.obj
 0001:00000c48       ??_C@_09DHDLOLLB@restrict?$CI@ 10001c48     libvcruntime:undname.obj
 0001:00000c52       ??_C@_00CNPNBAHC@@         10001c52     libvcruntime:undname.obj
 0001:00000c54       ??_C@_04NIHEBCM@?5new@     10001c54     libvcruntime:undname.obj
 0001:00000c5c       ??_C@_07FPCDHGMM@?5delete@ 10001c5c     libvcruntime:undname.obj
 0001:00000c64       ??_C@_01NEMOKFLO@?$DN@     10001c64     libvcruntime:undname.obj
 0001:00000c68       ??_C@_02GPIOPFAK@?$DO?$DO@ 10001c68     libvcruntime:undname.obj
 0001:00000c6c       ??_C@_02FODMEDOG@?$DM?$DM@ 10001c6c     libvcruntime:undname.obj
 0001:00000c70       ??_C@_01DCLJPIOD@?$CB@     10001c70     libvcruntime:undname.obj
 0001:00000c74       ??_C@_02EGOFBIJA@?$DN?$DN@ 10001c74     libvcruntime:undname.obj
 0001:00000c78       ??_C@_02FDNJECIE@?$CB?$DN@ 10001c78     libvcruntime:undname.obj
 0001:00000c7c       ??_C@_02GPECMEKF@?$FL?$FN@ 10001c7c     libvcruntime:undname.obj
 0001:00000c80       ??_C@_08LHJFAFGD@operator@ 10001c80     libvcruntime:undname.obj
 0001:00000c8c       ??_C@_02HBOOOICD@?9?$DO@   10001c8c     libvcruntime:undname.obj
 0001:00000c90       ??_C@_01NBENCBCI@?$CK@     10001c90     libvcruntime:undname.obj
 0001:00000c94       ??_C@_02ECNGHCIF@?$CL?$CL@ 10001c94     libvcruntime:undname.obj
 0001:00000c98       ??_C@_02BAABKJLB@?9?9@     10001c98     libvcruntime:undname.obj
 0001:00000c9c       ??_C@_01JOAMLHOP@?9@       10001c9c     libvcruntime:undname.obj
 0001:00000ca0       ??_C@_01MIFGBAGJ@?$CL@     10001ca0     libvcruntime:undname.obj
 0001:00000ca4       ??_C@_01HNPIGOCE@?$CG@     10001ca4     libvcruntime:undname.obj
 0001:00000ca8       ??_C@_03MNHNFDLC@?9?$DO?$CK@ 10001ca8     libvcruntime:undname.obj
 0001:00000cac       ??_C@_01KMDKNFGN@?1@       10001cac     libvcruntime:undname.obj
 0001:00000cb0       ??_C@_01FGNFDNOH@?$CF@     10001cb0     libvcruntime:undname.obj
 0001:00000cb4       ??_C@_01MNNFJEPP@?$DM@     10001cb4     libvcruntime:undname.obj
 0001:00000cb8       ??_C@_02EHCHHCKH@?$DM?$DN@ 10001cb8     libvcruntime:undname.obj
 0001:00000cbc       ??_C@_01PPODPGHN@?$DO@     10001cbc     libvcruntime:undname.obj
 0001:00000cc0       ??_C@_02EEKDKGMJ@?$DO?$DN@ 10001cc0     libvcruntime:undname.obj
 0001:00000cc4       ??_C@_01IHBHIGKO@?0@       10001cc4     libvcruntime:undname.obj
 0001:00000cc8       ??_C@_02HCKGKOFO@?$CI?$CJ@ 10001cc8     libvcruntime:undname.obj
 0001:00000ccc       ??_C@_01PJKLJHI@?$HO@      10001ccc     libvcruntime:undname.obj
 0001:00000cd0       ??_C@_01JKBOJNNK@?$FO@     10001cd0     libvcruntime:undname.obj
 0001:00000cd4       ??_C@_01DNKMNLPK@?$HM@     10001cd4     libvcruntime:undname.obj
 0001:00000cd8       ??_C@_02PPKAJPJL@?$CG?$CG@ 10001cd8     libvcruntime:undname.obj
 0001:00000cdc       ??_C@_02NONPIBCD@?$HM?$HM@ 10001cdc     libvcruntime:undname.obj
 0001:00000ce0       ??_C@_02FPIMKNGF@?$CK?$DN@ 10001ce0     libvcruntime:undname.obj
 0001:00000ce4       ??_C@_02FOEOMHFC@?$CL?$DN@ 10001ce4     libvcruntime:undname.obj
 0001:00000ce8       ??_C@_02FKMDLLOA@?9?$DN@   10001ce8     libvcruntime:undname.obj
 0001:00000cec       ??_C@_02FJEHGPIO@?1?$DN@   10001cec     libvcruntime:undname.obj
 0001:00000cf0       ??_C@_02FENAOKFI@?$CF?$DN@ 10001cf0     libvcruntime:undname.obj
 0001:00000cf4       ??_C@_03IKFCCPFF@?$DO?$DO?$DN@ 10001cf4     libvcruntime:undname.obj
 0001:00000cf8       ??_C@_03CDNPDDLA@?$DM?$DM?$DN@ 10001cf8     libvcruntime:undname.obj
 0001:00000cfc       ??_C@_02FGJGFEAB@?$CG?$DN@ 10001cfc     libvcruntime:undname.obj
 0001:00000d00       ??_C@_02DHLNPPGH@?$HM?$DN@ 10001d00     libvcruntime:undname.obj
 0001:00000d04       ??_C@_02MHEGNOJ@?$FO?$DN@  10001d04     libvcruntime:undname.obj
 0001:00000d08       ??_C@_09IFPLHPGF@?$GAvftable?8@ 10001d08     libvcruntime:undname.obj
 0001:00000d14       ??_C@_09BLBHBJP@?$GAvbtable?8@ 10001d14     libvcruntime:undname.obj
 0001:00000d20       ??_C@_07FEEIOKP@?$GAvcall?8@ 10001d20     libvcruntime:undname.obj
 0001:00000d28       ??_C@_08LLFFHHDJ@?$GAtypeof?8@ 10001d28     libvcruntime:undname.obj
 0001:00000d34       ??_C@_0BF@KDPPACIK@?$GAlocal?5static?5guard?8@ 10001d34     libvcruntime:undname.obj
 0001:00000d4c       ??_C@_08OBABFOLI@?$GAstring?8@ 10001d4c     libvcruntime:undname.obj
 0001:00000d58       ??_C@_0BD@JDLKDPAB@?$GAvbase?5destructor?8@ 10001d58     libvcruntime:undname.obj
 0001:00000d6c       ??_C@_0BN@DEGPLNFK@?$GAvector?5deleting?5destructor?8@ 10001d6c     libvcruntime:undname.obj
 0001:00000d8c       ??_C@_0BO@OBMKPJIG@?$GAdefault?5constructor?5closure?8@ 10001d8c     libvcruntime:undname.obj
 0001:00000dac       ??_C@_0BN@IMDCHIKM@?$GAscalar?5deleting?5destructor?8@ 10001dac     libvcruntime:undname.obj
 0001:00000dcc       ??_C@_0BO@PFGOCPJJ@?$GAvector?5constructor?5iterator?8@ 10001dcc     libvcruntime:undname.obj
 0001:00000dec       ??_C@_0BN@LFPFMEDL@?$GAvector?5destructor?5iterator?8@ 10001dec     libvcruntime:undname.obj
 0001:00000e0c       ??_C@_0CE@IKBNEHA@?$GAvector?5vbase?5constructor?5itera@ 10001e0c     libvcruntime:undname.obj
 0001:00000e30       ??_C@_0BL@NILFHHPC@?$GAvirtual?5displacement?5map?8@ 10001e30     libvcruntime:undname.obj
 0001:00000e4c       ??_C@_0CB@JONCMFFK@?$GAeh?5vector?5constructor?5iterator@ 10001e4c     libvcruntime:undname.obj
 0001:00000e70       ??_C@_0CA@GCEOPDGL@?$GAeh?5vector?5destructor?5iterator?8@ 10001e70     libvcruntime:undname.obj
 0001:00000e90       ??_C@_0CH@OOJPLCPH@?$GAeh?5vector?5vbase?5constructor?5it@ 10001e90     libvcruntime:undname.obj
 0001:00000eb8       ??_C@_0BL@LLKPOHJI@?$GAcopy?5constructor?5closure?8@ 10001eb8     libvcruntime:undname.obj
 0001:00000ed4       ??_C@_0BA@KBCDOMBN@?$GAudt?5returning?8@ 10001ed4     libvcruntime:undname.obj
 0001:00000ee4       ??_C@_03KLGMFNMG@?$GAEH@   10001ee4     libvcruntime:undname.obj
 0001:00000ee8       ??_C@_05KHLCHHI@?$GARTTI@  10001ee8     libvcruntime:undname.obj
 0001:00000ef0       ??_C@_0BA@KKLDJDLB@?$GAlocal?5vftable?8@ 10001ef0     libvcruntime:undname.obj
 0001:00000f00       ??_C@_0CE@IIHCMGGL@?$GAlocal?5vftable?5constructor?5clos@ 10001f00     libvcruntime:undname.obj
 0001:00000f24       ??_C@_06FHBGPFGH@?5new?$FL?$FN@ 10001f24     libvcruntime:undname.obj
 0001:00000f2c       ??_C@_09LBNFPBCA@?5delete?$FL?$FN@ 10001f2c     libvcruntime:undname.obj
 0001:00000f38       ??_C@_0P@HJKNJFNN@?$GAomni?5callsig?8@ 10001f38     libvcruntime:undname.obj
 0001:00000f48       ??_C@_0BL@CNOONJFP@?$GAplacement?5delete?5closure?8@ 10001f48     libvcruntime:undname.obj
 0001:00000f64       ??_C@_0BN@CKNJLHMB@?$GAplacement?5delete?$FL?$FN?5closure?8@ 10001f64     libvcruntime:undname.obj
 0001:00000f84       ??_C@_0CG@CFDHKGGD@?$GAmanaged?5vector?5constructor?5ite@ 10001f84     libvcruntime:undname.obj
 0001:00000fac       ??_C@_0CF@IMGKMJNO@?$GAmanaged?5vector?5destructor?5iter@ 10001fac     libvcruntime:undname.obj
 0001:00000fd4       ??_C@_0CG@HLDDJMAG@?$GAeh?5vector?5copy?5constructor?5ite@ 10001fd4     libvcruntime:undname.obj
 0001:00000ffc       ??_C@_0CM@FCBBDIGB@?$GAeh?5vector?5vbase?5copy?5construct@ 10001ffc     libvcruntime:undname.obj
 0001:00001028       ??_C@_0BL@CLIPGLGB@?$GAdynamic?5initializer?5for?5?8@ 10002028     libvcruntime:undname.obj
 0001:00001044       ??_C@_0CB@PDBIFEP@?$GAdynamic?5atexit?5destructor?5for?5@ 10002044     libvcruntime:undname.obj
 0001:00001068       ??_C@_0CD@CGAJBKEJ@?$GAvector?5copy?5constructor?5iterat@ 10002068     libvcruntime:undname.obj
 0001:0000108c       ??_C@_0CJ@GJELGAMM@?$GAvector?5vbase?5copy?5constructor?5@ 1000208c     libvcruntime:undname.obj
 0001:000010b8       ??_C@_0CL@FGIJHLCE@?$GAmanaged?5vector?5copy?5constructo@ 100020b8     libvcruntime:undname.obj
 0001:000010e4       ??_C@_0BM@PMGGMLDN@?$GAlocal?5static?5thread?5guard?8@ 100020e4     libvcruntime:undname.obj
 0001:00001100       ??_C@_0N@BDNMDMOL@operator?5?$CC?$CC?5@ 10002100     libvcruntime:undname.obj
 0001:00001110       ??_C@_0BC@GGEBGALA@operator?5co_await@ 10002110     libvcruntime:undname.obj
 0001:00001124       ??_C@_0M@GAAIMMOH@operator?$DM?$DN?$DO@ 10002124     libvcruntime:undname.obj
 0001:00001130       ??_C@_0BC@DAFEJGAK@?5Type?5Descriptor?8@ 10002130     libvcruntime:undname.obj
 0001:00001144       ??_C@_0BM@LDKODKLH@?5Base?5Class?5Descriptor?5at?5?$CI@ 10002144     libvcruntime:undname.obj
 0001:00001160       ??_C@_0BD@LGICGFMM@?5Base?5Class?5Array?8@ 10002160     libvcruntime:undname.obj
 0001:00001174       ??_C@_0BN@MECKDCOJ@?5Class?5Hierarchy?5Descriptor?8@ 10002174     libvcruntime:undname.obj
 0001:00001194       ??_C@_0BK@CFCOFLF@?5Complete?5Object?5Locator?8@ 10002194     libvcruntime:undname.obj
 0001:000011b0       ??_C@_0BG@JNJLAMPM@?$GAanonymous?5namespace?8@ 100021b0     libvcruntime:undname.obj
 0001:000011d4       ??_C@_1DM@KHCHBNEB@?$AAa?$AAp?$AAi?$AA?9?$AAm?$AAs?$AA?9?$AAw?$AAi?$AAn?$AA?9?$AAc?$AAo?$AAr?$AAe@ 100021d4     libvcruntime:winapi_downlevel.obj
 0001:00001210       ??_C@_1DK@LPPGFMPP@?$AAa?$AAp?$AAi?$AA?9?$AAm?$AAs?$AA?9?$AAw?$AAi?$AAn?$AA?9?$AAc?$AAo?$AAr?$AAe@ 10002210     libvcruntime:winapi_downlevel.obj
 0001:0000124c       ??_C@_1BC@GDMECMAK@?$AAk?$AAe?$AAr?$AAn?$AAe?$AAl?$AA3?$AA2@ 1000224c     libvcruntime:winapi_downlevel.obj
 0001:00001260       ??_C@_1BA@PFFKHIOG@?$AAa?$AAp?$AAi?$AA?9?$AAm?$AAs?$AA?9@ 10002260     libvcruntime:winapi_downlevel.obj
 0001:00001278       ??_C@_08KNHFBNJ@FlsAlloc@  10002278     libvcruntime:winapi_downlevel.obj
 0001:0000128c       ??_C@_07PEJMOBNF@FlsFree@  1000228c     libvcruntime:winapi_downlevel.obj
 0001:0000129c       ??_C@_0M@GDNOONDI@FlsGetValue@ 1000229c     libvcruntime:winapi_downlevel.obj
 0001:000012b0       ??_C@_0M@JCPCPOEF@FlsSetValue@ 100022b0     libvcruntime:winapi_downlevel.obj
 0001:000012c4       ??_C@_0BM@HCFOFFN@InitializeCriticalSectionEx@ 100022c4     libvcruntime:winapi_downlevel.obj
 0001:000012e0       ___acrt_exception_action_table 100022e0     libucrt:exception_filter.obj
 0001:00001370       ___acrt_signal_action_table_count 10002370     libucrt:exception_filter.obj
 0001:00001374       ___acrt_signal_action_first_fpe_index 10002374     libucrt:exception_filter.obj
 0001:00001378       ___acrt_signal_action_fpe_count 10002378     libucrt:exception_filter.obj
 0001:0000137c       ??_C@_1BI@BGOHAHKC@?$AAm?$AAs?$AAc?$AAo?$AAr?$AAe?$AAe?$AA?4?$AAd?$AAl?$AAl@ 1000237c     libucrt:exit.obj
 0001:00001394       ??_C@_0P@MIGLKIOC@CorExitProcess@ 10002394     libucrt:exit.obj
 0001:000015a0       ??_C@_1M@HPNHIDJI@?$AAj?$AAa?$AA?9?$AAJ?$AAP@ 100025a0     libucrt:mbctype.obj
 0001:000015ac       ??_C@_1M@BIBDDEMK@?$AAz?$AAh?$AA?9?$AAC?$AAN@ 100025ac     libucrt:mbctype.obj
 0001:000015b8       ??_C@_1M@JLOOOEGK@?$AAk?$AAo?$AA?9?$AAK?$AAR@ 100025b8     libucrt:mbctype.obj
 0001:000015c4       ??_C@_1M@CLNBBOPM@?$AAz?$AAh?$AA?9?$AAT?$AAW@ 100025c4     libucrt:mbctype.obj
 0001:00001620       ??_C@_1EA@JGEFHKEI@?$AAa?$AAp?$AAi?$AA?9?$AAm?$AAs?$AA?9?$AAw?$AAi?$AAn?$AA?9?$AAc?$AAo?$AAr?$AAe@ 10002620     libucrt:winapi_thunks.obj
 0001:00001660       ??_C@_1DI@IJCEHOCB@?$AAa?$AAp?$AAi?$AA?9?$AAm?$AAs?$AA?9?$AAw?$AAi?$AAn?$AA?9?$AAc?$AAo?$AAr?$AAe@ 10002660     libucrt:winapi_thunks.obj
 0001:00001698       ??_C@_1EI@MPIAOHOC@?$AAa?$AAp?$AAi?$AA?9?$AAm?$AAs?$AA?9?$AAw?$AAi?$AAn?$AA?9?$AAc?$AAo?$AAr?$AAe@ 10002698     libucrt:winapi_thunks.obj
 0001:000016e0       ??_C@_1FK@FPHCKFIE@?$AAa?$AAp?$AAi?$AA?9?$AAm?$AAs?$AA?9?$AAw?$AAi?$AAn?$AA?9?$AAc?$AAo?$AAr?$AAe@ 100026e0     libucrt:winapi_thunks.obj
 0001:00001740       ??_C@_1EM@DILCGIIO@?$AAa?$AAp?$AAi?$AA?9?$AAm?$AAs?$AA?9?$AAw?$AAi?$AAn?$AA?9?$AAc?$AAo?$AAr?$AAe@ 10002740     libucrt:winapi_thunks.obj
 0001:0000178c       ??_C@_1DM@LNCGDDPN@?$AAa?$AAp?$AAi?$AA?9?$AAm?$AAs?$AA?9?$AAw?$AAi?$AAn?$AA?9?$AAc?$AAo?$AAr?$AAe@ 1000278c     libucrt:winapi_thunks.obj
 0001:000017c8       ??_C@_1DO@FPAPJEMD@?$AAa?$AAp?$AAi?$AA?9?$AAm?$AAs?$AA?9?$AAw?$AAi?$AAn?$AA?9?$AAc?$AAo?$AAr?$AAe@ 100027c8     libucrt:winapi_thunks.obj
 0001:00001808       ??_C@_1DK@NDHNAHIO@?$AAa?$AAp?$AAi?$AA?9?$AAm?$AAs?$AA?9?$AAw?$AAi?$AAn?$AA?9?$AAc?$AAo?$AAr?$AAe@ 10002808     libucrt:winapi_thunks.obj
 0001:00001844       ??_C@_1DM@KGHDGBCM@?$AAa?$AAp?$AAi?$AA?9?$AAm?$AAs?$AA?9?$AAw?$AAi?$AAn?$AA?9?$AAc?$AAo?$AAr?$AAe@ 10002844     libucrt:winapi_thunks.obj
 0001:00001880       ??_C@_1EO@IJIOEFOH@?$AAa?$AAp?$AAi?$AA?9?$AAm?$AAs?$AA?9?$AAw?$AAi?$AAn?$AA?9?$AAr?$AAt?$AAc?$AAo@ 10002880     libucrt:winapi_thunks.obj
 0001:000018d0       ??_C@_1FG@HHGEKANL@?$AAa?$AAp?$AAi?$AA?9?$AAm?$AAs?$AA?9?$AAw?$AAi?$AAn?$AA?9?$AAs?$AAe?$AAc?$AAu@ 100028d0     libucrt:winapi_thunks.obj
 0001:00001928       ??_C@_1EG@DBIOJECG@?$AAe?$AAx?$AAt?$AA?9?$AAm?$AAs?$AA?9?$AAw?$AAi?$AAn?$AA?9?$AAn?$AAt?$AAu?$AAs@ 10002928     libucrt:winapi_thunks.obj
 0001:00001970       ??_C@_1EO@FIHMJCLF@?$AAe?$AAx?$AAt?$AA?9?$AAm?$AAs?$AA?9?$AAw?$AAi?$AAn?$AA?9?$AAn?$AAt?$AAu?$AAs@ 10002970     libucrt:winapi_thunks.obj
 0001:000019c0       ??_C@_1BC@DNHGCMLG@?$AAa?$AAd?$AAv?$AAa?$AAp?$AAi?$AA3?$AA2@ 100029c0     libucrt:winapi_thunks.obj
 0001:000019d4       ??_C@_1M@OAIMIKLP@?$AAn?$AAt?$AAd?$AAl?$AAl@ 100029d4     libucrt:winapi_thunks.obj
 0001:000019e0       ??_C@_1EG@DPGNFKGC@?$AAa?$AAp?$AAi?$AA?9?$AAm?$AAs?$AA?9?$AAw?$AAi?$AAn?$AA?9?$AAa?$AAp?$AAp?$AAm@ 100029e0     libucrt:winapi_thunks.obj
 0001:00001a28       ??_C@_1O@BCCLBEOE@?$AAu?$AAs?$AAe?$AAr?$AA3?$AA2@ 10002a28     libucrt:winapi_thunks.obj
 0001:00001a38       ??_C@_1BA@IAIFMGEF@?$AAe?$AAx?$AAt?$AA?9?$AAm?$AAs?$AA?9@ 10002a38     libucrt:winapi_thunks.obj
 0001:00001a4c       ??_C@_0BA@FHFNEAED@AreFileApisANSI@ 10002a4c     libucrt:winapi_thunks.obj
 0001:00001a8c       ??_C@_0O@KKBNKAPF@LCMapStringEx@ 10002a8c     libucrt:winapi_thunks.obj
 0001:00001aa4       ??_C@_0BB@HBDEELFH@LocaleNameToLCID@ 10002aa4     libucrt:winapi_thunks.obj
 0001:00001abc       ??_C@_0CF@OJOFEIGO@AppPolicyGetProcessTerminationM@ 10002abc     libucrt:winapi_thunks.obj
 0001:00001ae8       ___lc_time_c               10002ae8     libucrt:nlsdata.obj
 0001:00001c4c       ??_C@_03KOEHGMDN@Sun@      10002c4c     libucrt:nlsdata.obj
 0001:00001c50       ??_C@_03PDAGKDH@Mon@       10002c50     libucrt:nlsdata.obj
 0001:00001c54       ??_C@_03NAGEINEP@Tue@      10002c54     libucrt:nlsdata.obj
 0001:00001c58       ??_C@_03MHOMLAJA@Wed@      10002c58     libucrt:nlsdata.obj
 0001:00001c5c       ??_C@_03IOFIKPDN@Thu@      10002c5c     libucrt:nlsdata.obj
 0001:00001c60       ??_C@_03IDIOELNC@Fri@      10002c60     libucrt:nlsdata.obj
 0001:00001c64       ??_C@_03FEFJNEK@Sat@       10002c64     libucrt:nlsdata.obj
 0001:00001c68       ??_C@_06OOPIFAJ@Sunday@    10002c68     libucrt:nlsdata.obj
 0001:00001c70       ??_C@_06JLEDEDGH@Monday@   10002c70     libucrt:nlsdata.obj
 0001:00001c78       ??_C@_07BAAGCFCM@Tuesday@  10002c78     libucrt:nlsdata.obj
 0001:00001c80       ??_C@_09DLIGFAKA@Wednesday@ 10002c80     libucrt:nlsdata.obj
 0001:00001c8c       ??_C@_08HACCIKIA@Thursday@ 10002c8c     libucrt:nlsdata.obj
 0001:00001c98       ??_C@_06JECMNKMI@Friday@   10002c98     libucrt:nlsdata.obj
 0001:00001ca0       ??_C@_08INBOOONO@Saturday@ 10002ca0     libucrt:nlsdata.obj
 0001:00001cac       ??_C@_03JIHJHPIE@Jan@      10002cac     libucrt:nlsdata.obj
 0001:00001cb0       ??_C@_03HJBDCHOM@Feb@      10002cb0     libucrt:nlsdata.obj
 0001:00001cb4       ??_C@_03ODNJBKGA@Mar@      10002cb4     libucrt:nlsdata.obj
 0001:00001cb8       ??_C@_03LEOLGMJP@Apr@      10002cb8     libucrt:nlsdata.obj
 0001:00001cbc       ??_C@_03CNMDKL@May@        10002cbc     libucrt:nlsdata.obj
 0001:00001cc0       ??_C@_03IDFGHECI@Jun@      10002cc0     libucrt:nlsdata.obj
 0001:00001cc4       ??_C@_03LBGABGKK@Jul@      10002cc4     libucrt:nlsdata.obj
 0001:00001cc8       ??_C@_03IFJFEIGA@Aug@      10002cc8     libucrt:nlsdata.obj
 0001:00001ccc       ??_C@_03GGCAPAJC@Sep@      10002ccc     libucrt:nlsdata.obj
 0001:00001cd0       ??_C@_03BMAOKBAD@Oct@      10002cd0     libucrt:nlsdata.obj
 0001:00001cd4       ??_C@_03JPJOFNIA@Nov@      10002cd4     libucrt:nlsdata.obj
 0001:00001cd8       ??_C@_03MKABNOCG@Dec@      10002cd8     libucrt:nlsdata.obj
 0001:00001cdc       ??_C@_07CGJPFGJA@January@  10002cdc     libucrt:nlsdata.obj
 0001:00001ce4       ??_C@_08GNJGEPFN@February@ 10002ce4     libucrt:nlsdata.obj
 0001:00001cf0       ??_C@_05HPCKOFNC@March@    10002cf0     libucrt:nlsdata.obj
 0001:00001cf8       ??_C@_05DMJDNLEJ@April@    10002cf8     libucrt:nlsdata.obj
 0001:00001d00       ??_C@_04CNLMGBGM@June@     10002d00     libucrt:nlsdata.obj
 0001:00001d08       ??_C@_04MIEPOIFP@July@     10002d08     libucrt:nlsdata.obj
 0001:00001d10       ??_C@_06LBBHFDDG@August@   10002d10     libucrt:nlsdata.obj
 0001:00001d18       ??_C@_09BHHEALKD@September@ 10002d18     libucrt:nlsdata.obj
 0001:00001d24       ??_C@_07JJNFCEND@October@  10002d24     libucrt:nlsdata.obj
 0001:00001d2c       ??_C@_08HCHEGEOA@November@ 10002d2c     libucrt:nlsdata.obj
 0001:00001d38       ??_C@_08EDHMEBNP@December@ 10002d38     libucrt:nlsdata.obj
 0001:00001d44       ??_C@_02DEDBPAFC@AM@       10002d44     libucrt:nlsdata.obj
 0001:00001d48       ??_C@_02CJNFDJBF@PM@       10002d48     libucrt:nlsdata.obj
 0001:00001d4c       ??_C@_08BPBNCDIB@MM?1dd?1yy@ 10002d4c     libucrt:nlsdata.obj
 0001:00001d58       ??_C@_0BE@CKGJFCPC@dddd?0?5MMMM?5dd?0?5yyyy@ 10002d58     libucrt:nlsdata.obj
 0001:00001d6c       ??_C@_08JCCMCCIL@HH?3mm?3ss@ 10002d6c     libucrt:nlsdata.obj
 0001:00001d78       ??_C@_17MBGCMIPB@?$AAS?$AAu?$AAn@ 10002d78     libucrt:nlsdata.obj
 0001:00001d80       ??_C@_17KBOMKBF@?$AAM?$AAo?$AAn@ 10002d80     libucrt:nlsdata.obj
 0001:00001d88       ??_C@_17BMKGEGOJ@?$AAT?$AAu?$AAe@ 10002d88     libucrt:nlsdata.obj
 0001:00001d90       ??_C@_17CJEDCEPE@?$AAW?$AAe?$AAd@ 10002d90     libucrt:nlsdata.obj
 0001:00001d98       ??_C@_17PDPHAADD@?$AAT?$AAh?$AAu@ 10002d98     libucrt:nlsdata.obj
 0001:00001da0       ??_C@_17HFOLPPLP@?$AAF?$AAr?$AAi@ 10002da0     libucrt:nlsdata.obj
 0001:00001da8       ??_C@_17GGIBDPIH@?$AAS?$AAa?$AAt@ 10002da8     libucrt:nlsdata.obj
 0001:00001db0       ??_C@_1O@IHNHDHPB@?$AAS?$AAu?$AAn?$AAd?$AAa?$AAy@ 10002db0     libucrt:nlsdata.obj
 0001:00001dc0       ??_C@_1O@MMNBFLIA@?$AAM?$AAo?$AAn?$AAd?$AAa?$AAy@ 10002dc0     libucrt:nlsdata.obj
 0001:00001dd0       ??_C@_1BA@ENFBFFEK@?$AAT?$AAu?$AAe?$AAs?$AAd?$AAa?$AAy@ 10002dd0     libucrt:nlsdata.obj
 0001:00001de0       ??_C@_1BE@EBOGMDOH@?$AAW?$AAe?$AAd?$AAn?$AAe?$AAs?$AAd?$AAa?$AAy@ 10002de0     libucrt:nlsdata.obj
 0001:00001df4       ??_C@_1BC@HHMNLIHE@?$AAT?$AAh?$AAu?$AAr?$AAs?$AAd?$AAa?$AAy@ 10002df4     libucrt:nlsdata.obj
 0001:00001e08       ??_C@_1O@PDICJHAG@?$AAF?$AAr?$AAi?$AAd?$AAa?$AAy@ 10002e08     libucrt:nlsdata.obj
 0001:00001e18       ??_C@_1BC@ENMNNPAJ@?$AAS?$AAa?$AAt?$AAu?$AAr?$AAd?$AAa?$AAy@ 10002e18     libucrt:nlsdata.obj
 0001:00001e2c       ??_C@_17DKNBKCHM@?$AAJ?$AAa?$AAn@ 10002e2c     libucrt:nlsdata.obj
 0001:00001e34       ??_C@_17LMDJEKJN@?$AAF?$AAe?$AAb@ 10002e34     libucrt:nlsdata.obj
 0001:00001e3c       ??_C@_17CKNLEDEC@?$AAM?$AAa?$AAr@ 10002e3c     libucrt:nlsdata.obj
 0001:00001e44       ??_C@_17LFPOIHDD@?$AAA?$AAp?$AAr@ 10002e44     libucrt:nlsdata.obj
 0001:00001e4c       ??_C@_17PNNKMEED@?$AAM?$AAa?$AAy@ 10002e4c     libucrt:nlsdata.obj
 0001:00001e54       ??_C@_17KCJGOCPB@?$AAJ?$AAu?$AAn@ 10002e54     libucrt:nlsdata.obj
 0001:00001e5c       ??_C@_17IJPCKHK@?$AAJ?$AAu?$AAl@ 10002e5c     libucrt:nlsdata.obj
 0001:00001e64       ??_C@_17ICPELBCN@?$AAA?$AAu?$AAg@ 10002e64     libucrt:nlsdata.obj
 0001:00001e6c       ??_C@_17HCHCOKMG@?$AAS?$AAe?$AAp@ 10002e6c     libucrt:nlsdata.obj
 0001:00001e74       ??_C@_17FNLKOI@?$AAO?$AAc?$AAt@ 10002e74     libucrt:nlsdata.obj
 0001:00001e7c       ??_C@_17BBDMLCIG@?$AAN?$AAo?$AAv@ 10002e7c     libucrt:nlsdata.obj
 0001:00001e84       ??_C@_17EGKACKIF@?$AAD?$AAe?$AAc@ 10002e84     libucrt:nlsdata.obj
 0001:00001e8c       ??_C@_1BA@EFMEIEBA@?$AAJ?$AAa?$AAn?$AAu?$AAa?$AAr?$AAy@ 10002e8c     libucrt:nlsdata.obj
 0001:00001e9c       ??_C@_1BC@JGDDFFAM@?$AAF?$AAe?$AAb?$AAr?$AAu?$AAa?$AAr?$AAy@ 10002e9c     libucrt:nlsdata.obj
 0001:00001eb0       ??_C@_1M@IKEENEDF@?$AAM?$AAa?$AAr?$AAc?$AAh@ 10002eb0     libucrt:nlsdata.obj
 0001:00001ebc       ??_C@_1M@GJNLMHFD@?$AAA?$AAp?$AAr?$AAi?$AAl@ 10002ebc     libucrt:nlsdata.obj
 0001:00001ec8       ??_C@_19EPFLPGAP@?$AAJ?$AAu?$AAn?$AAe@ 10002ec8     libucrt:nlsdata.obj
 0001:00001ed4       ??_C@_19BIFMLPCD@?$AAJ?$AAu?$AAl?$AAy@ 10002ed4     libucrt:nlsdata.obj
 0001:00001ee0       ??_C@_1O@PAHLKOAC@?$AAA?$AAu?$AAg?$AAu?$AAs?$AAt@ 10002ee0     libucrt:nlsdata.obj
 0001:00001ef0       ??_C@_1BE@DKAAMBJL@?$AAS?$AAe?$AAp?$AAt?$AAe?$AAm?$AAb?$AAe?$AAr@ 10002ef0     libucrt:nlsdata.obj
 0001:00001f04       ??_C@_1BA@EPANDLNG@?$AAO?$AAc?$AAt?$AAo?$AAb?$AAe?$AAr@ 10002f04     libucrt:nlsdata.obj
 0001:00001f14       ??_C@_1BC@BGLIFPF@?$AAN?$AAo?$AAv?$AAe?$AAm?$AAb?$AAe?$AAr@ 10002f14     libucrt:nlsdata.obj
 0001:00001f28       ??_C@_1BC@FEMKIFH@?$AAD?$AAe?$AAc?$AAe?$AAm?$AAb?$AAe?$AAr@ 10002f28     libucrt:nlsdata.obj
 0001:00001f3c       ??_C@_15ODEHAHHF@?$AAA?$AAM@ 10002f3c     libucrt:nlsdata.obj
 0001:00001f44       ??_C@_15CLMNNGEL@?$AAP?$AAM@ 10002f44     libucrt:nlsdata.obj
 0001:00001f4c       ??_C@_1BC@IEBCMHCM@?$AAM?$AAM?$AA?1?$AAd?$AAd?$AA?1?$AAy?$AAy@ 10002f4c     libucrt:nlsdata.obj
 0001:00001f60       ??_C@_1CI@KNAKOEBC@?$AAd?$AAd?$AAd?$AAd?$AA?0?$AA?5?$AAM?$AAM?$AAM?$AAM?$AA?5?$AAd?$AAd?$AA?0?$AA?5@ 10002f60     libucrt:nlsdata.obj
 0001:00001f88       ??_C@_1BC@GDGBMEMK@?$AAH?$AAH?$AA?3?$AAm?$AAm?$AA?3?$AAs?$AAs@ 10002f88     libucrt:nlsdata.obj
 0001:00001f9c       ??_C@_1M@BMHNFIME@?$AAe?$AAn?$AA?9?$AAU?$AAS@ 10002f9c     libucrt:nlsdata.obj
 0001:00001fa8       ___newctype                10002fa8     libucrt:ctype.obj
 0001:000022a8       ___newclmap                100032a8     libucrt:ctype.obj
 0001:00002428       ___newcumap                10003428     libucrt:ctype.obj
 0001:00002cc8       ??_C@_15EMKDOKLE@?$AAa?$AAr@ 10003cc8     libucrt:lcidtoname_downlevel.obj
 0001:00002cd0       ??_C@_15KNPADPLH@?$AAb?$AAg@ 10003cd0     libucrt:lcidtoname_downlevel.obj
 0001:00002cd8       ??_C@_15EDMHLDMO@?$AAc?$AAa@ 10003cd8     libucrt:lcidtoname_downlevel.obj
 0001:00002ce0       ??_C@_1O@BPEAJADD@?$AAz?$AAh?$AA?9?$AAC?$AAH?$AAS@ 10003ce0     libucrt:lcidtoname_downlevel.obj
 0001:00002cf0       ??_C@_15LJNHCMNK@?$AAc?$AAs@ 10003cf0     libucrt:lcidtoname_downlevel.obj
 0001:00002cf8       ??_C@_15FOMCIDHG@?$AAd?$AAa@ 10003cf8     libucrt:lcidtoname_downlevel.obj
 0001:00002d00       ??_C@_15NBKABECB@?$AAd?$AAe@ 10003d00     libucrt:lcidtoname_downlevel.obj
 0001:00002d08       ??_C@_15GHPEIIAO@?$AAe?$AAl@ 10003d08     libucrt:lcidtoname_downlevel.obj
 0001:00002d10       ??_C@_15MNPNEAIF@?$AAe?$AAn@ 10003d10     libucrt:lcidtoname_downlevel.obj
 0001:00002d18       ??_C@_15GPIOMPMH@?$AAe?$AAs@ 10003d18     libucrt:lcidtoname_downlevel.obj
 0001:00002d20       ??_C@_15NGLOAKJC@?$AAf?$AAi@ 10003d20     libucrt:lcidtoname_downlevel.obj
 0001:00002d28       ??_C@_15FBKGNKAM@?$AAf?$AAr@ 10003d28     libucrt:lcidtoname_downlevel.obj
 0001:00002d30       ??_C@_15KGGCNEFK@?$AAh?$AAe@ 10003d30     libucrt:lcidtoname_downlevel.obj
 0001:00002d38       ??_C@_15PGHLIDMF@?$AAh?$AAu@ 10003d38     libucrt:lcidtoname_downlevel.obj
 0001:00002d40       ??_C@_15BIEMAPLM@?$AAi?$AAs@ 10003d40     libucrt:lcidtoname_downlevel.obj
 0001:00002d48       ??_C@_15IFJLDHAF@?$AAi?$AAt@ 10003d48     libucrt:lcidtoname_downlevel.obj
 0001:00002d50       ??_C@_15GEMIOCAG@?$AAj?$AAa@ 10003d50     libucrt:lcidtoname_downlevel.obj
 0001:00002d58       ??_C@_15EPELEGJA@?$AAk?$AAo@ 10003d58     libucrt:lcidtoname_downlevel.obj
 0001:00002d60       ??_C@_15NDDHIMN@?$AAn?$AAl@ 10003d60     libucrt:lcidtoname_downlevel.obj
 0001:00002d68       ??_C@_15BPIGNHCD@?$AAn?$AAo@ 10003d68     libucrt:lcidtoname_downlevel.obj
 0001:00002d70       ??_C@_15DEOPBLCG@?$AAp?$AAl@ 10003d70     libucrt:lcidtoname_downlevel.obj
 0001:00002d78       ??_C@_15KBECGEFG@?$AAp?$AAt@ 10003d78     libucrt:lcidtoname_downlevel.obj
 0001:00002d80       ??_C@_15GLJCBFMD@?$AAr?$AAo@ 10003d80     libucrt:lcidtoname_downlevel.obj
 0001:00002d88       ??_C@_15FEDGKCDI@?$AAr?$AAu@ 10003d88     libucrt:lcidtoname_downlevel.obj
 0001:00002d90       ??_C@_15GLKMLLHM@?$AAh?$AAr@ 10003d90     libucrt:lcidtoname_downlevel.obj
 0001:00002d98       ??_C@_15CPKMFBDB@?$AAs?$AAk@ 10003d98     libucrt:lcidtoname_downlevel.obj
 0001:00002da0       ??_C@_15BAAIOGMK@?$AAs?$AAq@ 10003da0     libucrt:lcidtoname_downlevel.obj
 0001:00002da8       ??_C@_15INNPNOHD@?$AAs?$AAv@ 10003da8     libucrt:lcidtoname_downlevel.obj
 0001:00002db0       ??_C@_15CABMMOGH@?$AAt?$AAh@ 10003db0     libucrt:lcidtoname_downlevel.obj
 0001:00002db8       ??_C@_15BPLIHJJM@?$AAt?$AAr@ 10003db8     libucrt:lcidtoname_downlevel.obj
 0001:00002dc0       ??_C@_15NEOEKKDJ@?$AAu?$AAr@ 10003dc0     libucrt:lcidtoname_downlevel.obj
 0001:00002dc8       ??_C@_15NFICGAJK@?$AAi?$AAd@ 10003dc8     libucrt:lcidtoname_downlevel.obj
 0001:00002dd0       ??_C@_15PJPFLCCM@?$AAu?$AAk@ 10003dd0     libucrt:lcidtoname_downlevel.obj
 0001:00002dd8       ??_C@_15HPJPHDM@?$AAb?$AAe@ 10003dd8     libucrt:lcidtoname_downlevel.obj
 0001:00002de0       ??_C@_15LCHLGJII@?$AAs?$AAl@ 10003de0     libucrt:lcidtoname_downlevel.obj
 0001:00002de8       ??_C@_15PCFJPHHO@?$AAe?$AAt@ 10003de8     libucrt:lcidtoname_downlevel.obj
 0001:00002df0       ??_C@_15HPFPGODN@?$AAl?$AAv@ 10003df0     libucrt:lcidtoname_downlevel.obj
 0001:00002df8       ??_C@_15NFFGKGLG@?$AAl?$AAt@ 10003df8     libucrt:lcidtoname_downlevel.obj
 0001:00002e00       ??_C@_15BDAKCCHN@?$AAf?$AAa@ 10003e00     libucrt:lcidtoname_downlevel.obj
 0001:00002e08       ??_C@_15NFGIAIAJ@?$AAv?$AAi@ 10003e08     libucrt:lcidtoname_downlevel.obj
 0001:00002e10       ??_C@_15LMKNDMHN@?$AAh?$AAy@ 10003e10     libucrt:lcidtoname_downlevel.obj
 0001:00002e18       ??_C@_15IJBHMCFL@?$AAa?$AAz@ 10003e18     libucrt:lcidtoname_downlevel.obj
 0001:00002e20       ??_C@_15EKOFJABL@?$AAe?$AAu@ 10003e20     libucrt:lcidtoname_downlevel.obj
 0001:00002e28       ??_C@_15BGHADCNK@?$AAm?$AAk@ 10003e28     libucrt:lcidtoname_downlevel.obj
 0001:00002e30       ??_C@_15JDNICKHM@?$AAa?$AAf@ 10003e30     libucrt:lcidtoname_downlevel.obj
 0001:00002e38       ??_C@_15KPJEDBKD@?$AAk?$AAa@ 10003e38     libucrt:lcidtoname_downlevel.obj
 0001:00002e40       ??_C@_15PDNFFFEO@?$AAf?$AAo@ 10003e40     libucrt:lcidtoname_downlevel.obj
 0001:00002e48       ??_C@_15OMLEGLOC@?$AAh?$AAi@ 10003e48     libucrt:lcidtoname_downlevel.obj
 0001:00002e50       ??_C@_15IDNNENKK@?$AAm?$AAs@ 10003e50     libucrt:lcidtoname_downlevel.obj
 0001:00002e58       ??_C@_15MACJNBMH@?$AAk?$AAk@ 10003e58     libucrt:lcidtoname_downlevel.obj
 0001:00002e60       ??_C@_15DKDJEOND@?$AAk?$AAy@ 10003e60     libucrt:lcidtoname_downlevel.obj
 0001:00002e68       ??_C@_15DFGDLJBG@?$AAs?$AAw@ 10003e68     libucrt:lcidtoname_downlevel.obj
 0001:00002e70       ??_C@_15BBFAICNG@?$AAu?$AAz@ 10003e70     libucrt:lcidtoname_downlevel.obj
 0001:00002e78       ??_C@_15DKNDCGEA@?$AAt?$AAt@ 10003e78     libucrt:lcidtoname_downlevel.obj
 0001:00002e80       ??_C@_15MGIFMDPL@?$AAp?$AAa@ 10003e80     libucrt:lcidtoname_downlevel.obj
 0001:00002e88       ??_C@_15HCNDBBA@?$AAg?$AAu@ 10003e88     libucrt:lcidtoname_downlevel.obj
 0001:00002e90       ??_C@_15FNBEIBON@?$AAt?$AAa@ 10003e90     libucrt:lcidtoname_downlevel.obj
 0001:00002e98       ??_C@_15NCHGBGLK@?$AAt?$AAe@ 10003e98     libucrt:lcidtoname_downlevel.obj
 0001:00002ea0       ??_C@_15PHPHCBPF@?$AAk?$AAn@ 10003ea0     libucrt:lcidtoname_downlevel.obj
 0001:00002ea8       ??_C@_15DLGBCKMP@?$AAm?$AAr@ 10003ea8     libucrt:lcidtoname_downlevel.obj
 0001:00002eb0       ??_C@_15EABBLBFF@?$AAs?$AAa@ 10003eb0     libucrt:lcidtoname_downlevel.obj
 0001:00002eb8       ??_C@_15CBKOMCOI@?$AAm?$AAn@ 10003eb8     libucrt:lcidtoname_downlevel.obj
 0001:00002ec0       ??_C@_15CKDMCJAF@?$AAg?$AAl@ 10003ec0     libucrt:lcidtoname_downlevel.obj
 0001:00002ec8       ??_C@_17CNJFBPG@?$AAk?$AAo?$AAk@ 10003ec8     libucrt:lcidtoname_downlevel.obj
 0001:00002ed0       ??_C@_17FFBJICPL@?$AAs?$AAy?$AAr@ 10003ed0     libucrt:lcidtoname_downlevel.obj
 0001:00002ed8       ??_C@_17KPNDCPAF@?$AAd?$AAi?$AAv@ 10003ed8     libucrt:lcidtoname_downlevel.obj
 0001:00002ee0       ??_C@_1M@OKAHONE@?$AAa?$AAr?$AA?9?$AAS?$AAA@ 10003ee0     libucrt:lcidtoname_downlevel.obj
 0001:00002eec       ??_C@_1M@FFFIGIGK@?$AAb?$AAg?$AA?9?$AAB?$AAG@ 10003eec     libucrt:lcidtoname_downlevel.obj
 0001:00002ef8       ??_C@_1M@BJNKEDC@?$AAc?$AAa?$AA?9?$AAE?$AAS@ 10003ef8     libucrt:lcidtoname_downlevel.obj
 0001:00002f04       ??_C@_1M@IJJHFJHA@?$AAc?$AAs?$AA?9?$AAC?$AAZ@ 10003f04     libucrt:lcidtoname_downlevel.obj
 0001:00002f10       ??_C@_1M@CLPEOBGI@?$AAd?$AAa?$AA?9?$AAD?$AAK@ 10003f10     libucrt:lcidtoname_downlevel.obj
 0001:00002f1c       ??_C@_1M@MCMADGCB@?$AAd?$AAe?$AA?9?$AAD?$AAE@ 10003f1c     libucrt:lcidtoname_downlevel.obj
 0001:00002f28       ??_C@_1M@OOCKEMAM@?$AAe?$AAl?$AA?9?$AAG?$AAR@ 10003f28     libucrt:lcidtoname_downlevel.obj
 0001:00002f34       ??_C@_1M@DDNJFGID@?$AAf?$AAi?$AA?9?$AAF?$AAI@ 10003f34     libucrt:lcidtoname_downlevel.obj
 0001:00002f40       ??_C@_1M@GLIPPMAC@?$AAf?$AAr?$AA?9?$AAF?$AAR@ 10003f40     libucrt:lcidtoname_downlevel.obj
 0001:00002f4c       ??_C@_1M@GFMCHPE@?$AAh?$AAe?$AA?9?$AAI?$AAL@ 10003f4c     libucrt:lcidtoname_downlevel.obj
 0001:00002f58       ??_C@_1M@MHLPGNKM@?$AAh?$AAu?$AA?9?$AAH?$AAU@ 10003f58     libucrt:lcidtoname_downlevel.obj
 0001:00002f64       ??_C@_1M@LPDDNNPN@?$AAi?$AAs?$AA?9?$AAI?$AAS@ 10003f64     libucrt:lcidtoname_downlevel.obj
 0001:00002f70       ??_C@_1M@MADIPODN@?$AAi?$AAt?$AA?9?$AAI?$AAT@ 10003f70     libucrt:lcidtoname_downlevel.obj
 0001:00002f7c       ??_C@_1M@IHBJJGG@?$AAn?$AAl?$AA?9?$AAN?$AAL@ 10003f7c     libucrt:lcidtoname_downlevel.obj
 0001:00002f88       ??_C@_1M@EANAGDL@?$AAn?$AAb?$AA?9?$AAN?$AAO@ 10003f88     libucrt:lcidtoname_downlevel.obj
 0001:00002f94       ??_C@_1M@NEIEMEGP@?$AAp?$AAl?$AA?9?$AAP?$AAL@ 10003f94     libucrt:lcidtoname_downlevel.obj
 0001:00002fa0       ??_C@_1M@BOCFIGEP@?$AAp?$AAt?$AA?9?$AAB?$AAR@ 10003fa0     libucrt:lcidtoname_downlevel.obj
 0001:00002fac       ??_C@_1M@IMPFOPBG@?$AAr?$AAo?$AA?9?$AAR?$AAO@ 10003fac     libucrt:lcidtoname_downlevel.obj
 0001:00002fb8       ??_C@_1M@IDNNEJMM@?$AAr?$AAu?$AA?9?$AAR?$AAU@ 10003fb8     libucrt:lcidtoname_downlevel.obj
 0001:00002fc4       ??_C@_1M@LILEEOGM@?$AAh?$AAr?$AA?9?$AAH?$AAR@ 10003fc4     libucrt:lcidtoname_downlevel.obj
 0001:00002fd0       ??_C@_1M@FKIFEHPB@?$AAs?$AAk?$AA?9?$AAS?$AAK@ 10003fd0     libucrt:lcidtoname_downlevel.obj
 0001:00002fdc       ??_C@_1M@LJMAMNPJ@?$AAs?$AAq?$AA?9?$AAA?$AAL@ 10003fdc     libucrt:lcidtoname_downlevel.obj
 0001:00002fe8       ??_C@_1M@GIAKDKJK@?$AAs?$AAv?$AA?9?$AAS?$AAE@ 10003fe8     libucrt:lcidtoname_downlevel.obj
 0001:00002ff4       ??_C@_1M@MKJKIKCL@?$AAt?$AAh?$AA?9?$AAT?$AAH@ 10003ff4     libucrt:lcidtoname_downlevel.obj
 0001:00003000       ??_C@_1M@MFLCCMPB@?$AAt?$AAr?$AA?9?$AAT?$AAR@ 10004000     libucrt:lcidtoname_downlevel.obj
 0001:0000300c       ??_C@_1M@OIJHDKJN@?$AAu?$AAr?$AA?9?$AAP?$AAK@ 1000400c     libucrt:lcidtoname_downlevel.obj
 0001:00003018       ??_C@_1M@LHIPCIEK@?$AAi?$AAd?$AA?9?$AAI?$AAD@ 10004018     libucrt:lcidtoname_downlevel.obj
 0001:00003024       ??_C@_1M@MFMOBGI@?$AAu?$AAk?$AA?9?$AAU?$AAA@ 10004024     libucrt:lcidtoname_downlevel.obj
 0001:00003030       ??_C@_1M@OBGLJIPL@?$AAb?$AAe?$AA?9?$AAB?$AAY@ 10004030     libucrt:lcidtoname_downlevel.obj
 0001:0000303c       ??_C@_1M@BCFAJEAD@?$AAs?$AAl?$AA?9?$AAS?$AAI@ 1000403c     libucrt:lcidtoname_downlevel.obj
 0001:00003048       ??_C@_1M@FKFFEDDN@?$AAe?$AAt?$AA?9?$AAE?$AAE@ 10004048     libucrt:lcidtoname_downlevel.obj
 0001:00003054       ??_C@_1M@KGKKAACI@?$AAl?$AAv?$AA?9?$AAL?$AAV@ 10004054     libucrt:lcidtoname_downlevel.obj
 0001:00003060       ??_C@_1M@IFGBIJO@?$AAl?$AAt?$AA?9?$AAL?$AAT@ 10004060     libucrt:lcidtoname_downlevel.obj
 0001:0000306c       ??_C@_1M@FGEAHEDM@?$AAf?$AAa?$AA?9?$AAI?$AAR@ 1000406c     libucrt:lcidtoname_downlevel.obj
 0001:00003078       ??_C@_1M@KBMAIBFN@?$AAv?$AAi?$AA?9?$AAV?$AAN@ 10004078     libucrt:lcidtoname_downlevel.obj
 0001:00003084       ??_C@_1M@GPCBKDJK@?$AAh?$AAy?$AA?9?$AAA?$AAM@ 10004084     libucrt:lcidtoname_downlevel.obj
 0001:00003090       ??_C@_1BG@BECMDDJB@?$AAa?$AAz?$AA?9?$AAA?$AAZ?$AA?9?$AAL?$AAa?$AAt?$AAn@ 10004090     libucrt:lcidtoname_downlevel.obj
 0001:000030a8       ??_C@_1M@MAOFCAEA@?$AAe?$AAu?$AA?9?$AAE?$AAS@ 100040a8     libucrt:lcidtoname_downlevel.obj
 0001:000030b4       ??_C@_1M@IGHABKPI@?$AAm?$AAk?$AA?9?$AAM?$AAK@ 100040b4     libucrt:lcidtoname_downlevel.obj
 0001:000030c0       ??_C@_1M@IAIGNEJG@?$AAt?$AAn?$AA?9?$AAZ?$AAA@ 100040c0     libucrt:lcidtoname_downlevel.obj
 0001:000030cc       ??_C@_1M@IIJCOJFA@?$AAx?$AAh?$AA?9?$AAZ?$AAA@ 100040cc     libucrt:lcidtoname_downlevel.obj
 0001:000030d8       ??_C@_1M@LGPJHNJH@?$AAz?$AAu?$AA?9?$AAZ?$AAA@ 100040d8     libucrt:lcidtoname_downlevel.obj
 0001:000030e4       ??_C@_1M@HOKAOIO@?$AAa?$AAf?$AA?9?$AAZ?$AAA@ 100040e4     libucrt:lcidtoname_downlevel.obj
 0001:000030f0       ??_C@_1M@DPCLHLIE@?$AAk?$AAa?$AA?9?$AAG?$AAE@ 100040f0     libucrt:lcidtoname_downlevel.obj
 0001:000030fc       ??_C@_1M@BLKMHJBI@?$AAf?$AAo?$AA?9?$AAF?$AAO@ 100040fc     libucrt:lcidtoname_downlevel.obj
 0001:00003108       ??_C@_1M@LGGJAPPB@?$AAh?$AAi?$AA?9?$AAI?$AAN@ 10004108     libucrt:lcidtoname_downlevel.obj
 0001:00003114       ??_C@_1M@FIKPIHFE@?$AAm?$AAt?$AA?9?$AAM?$AAT@ 10004114     libucrt:lcidtoname_downlevel.obj
 0001:00003120       ??_C@_1M@HEGGPBFA@?$AAs?$AAe?$AA?9?$AAN?$AAO@ 10004120     libucrt:lcidtoname_downlevel.obj
 0001:0000312c       ??_C@_1M@EIBJEEPA@?$AAm?$AAs?$AA?9?$AAM?$AAY@ 1000412c     libucrt:lcidtoname_downlevel.obj
 0001:00003138       ??_C@_1M@FHLBGMPP@?$AAk?$AAk?$AA?9?$AAK?$AAZ@ 10004138     libucrt:lcidtoname_downlevel.obj
 0001:00003144       ??_C@_1M@NGJJLCGI@?$AAk?$AAy?$AA?9?$AAK?$AAG@ 10004144     libucrt:lcidtoname_downlevel.obj
 0001:00003150       ??_C@_1M@GIENNBFC@?$AAs?$AAw?$AA?9?$AAK?$AAE@ 10004150     libucrt:lcidtoname_downlevel.obj
 0001:0000315c       ??_C@_1BG@NDGMJIMJ@?$AAu?$AAz?$AA?9?$AAU?$AAZ?$AA?9?$AAL?$AAa?$AAt?$AAn@ 1000415c     libucrt:lcidtoname_downlevel.obj
 0001:00003174       ??_C@_1M@IDCCIHBC@?$AAt?$AAt?$AA?9?$AAR?$AAU@ 10004174     libucrt:lcidtoname_downlevel.obj
 0001:00003180       ??_C@_1M@LOICPMOJ@?$AAb?$AAn?$AA?9?$AAI?$AAN@ 10004180     libucrt:lcidtoname_downlevel.obj
 0001:0000318c       ??_C@_1M@KPKKNEAH@?$AAp?$AAa?$AA?9?$AAI?$AAN@ 1000418c     libucrt:lcidtoname_downlevel.obj
 0001:00003198       ??_C@_1M@PJGPPBOG@?$AAg?$AAu?$AA?9?$AAI?$AAN@ 10004198     libucrt:lcidtoname_downlevel.obj
 0001:000031a4       ??_C@_1M@KMKMOPHI@?$AAt?$AAa?$AA?9?$AAI?$AAN@ 100041a4     libucrt:lcidtoname_downlevel.obj
 0001:000031b0       ??_C@_1M@KFEHEPAC@?$AAt?$AAe?$AA?9?$AAI?$AAN@ 100041b0     libucrt:lcidtoname_downlevel.obj
 0001:000031bc       ??_C@_1M@CDCLMGHI@?$AAk?$AAn?$AA?9?$AAI?$AAN@ 100041bc     libucrt:lcidtoname_downlevel.obj
 0001:000031c8       ??_C@_1M@MIODLDKF@?$AAm?$AAl?$AA?9?$AAI?$AAN@ 100041c8     libucrt:lcidtoname_downlevel.obj
 0001:000031d4       ??_C@_1M@PBIEACPO@?$AAm?$AAr?$AA?9?$AAI?$AAN@ 100041d4     libucrt:lcidtoname_downlevel.obj
 0001:000031e0       ??_C@_1M@NIDEAGPH@?$AAs?$AAa?$AA?9?$AAI?$AAN@ 100041e0     libucrt:lcidtoname_downlevel.obj
 0001:000031ec       ??_C@_1M@FHIHCBIO@?$AAm?$AAn?$AA?9?$AAM?$AAN@ 100041ec     libucrt:lcidtoname_downlevel.obj
 0001:000031f8       ??_C@_1M@JAIJPENP@?$AAc?$AAy?$AA?9?$AAG?$AAB@ 100041f8     libucrt:lcidtoname_downlevel.obj
 0001:00003204       ??_C@_1M@PHGFBEPN@?$AAg?$AAl?$AA?9?$AAE?$AAS@ 10004204     libucrt:lcidtoname_downlevel.obj
 0001:00003210       ??_C@_1O@KPIPDNCP@?$AAk?$AAo?$AAk?$AA?9?$AAI?$AAN@ 10004210     libucrt:lcidtoname_downlevel.obj
 0001:00003220       ??_C@_1O@KNHJLDJA@?$AAs?$AAy?$AAr?$AA?9?$AAS?$AAY@ 10004220     libucrt:lcidtoname_downlevel.obj
 0001:00003230       ??_C@_1O@MKEKBLAH@?$AAd?$AAi?$AAv?$AA?9?$AAM?$AAV@ 10004230     libucrt:lcidtoname_downlevel.obj
 0001:00003240       ??_C@_1O@OHDCKDDF@?$AAq?$AAu?$AAz?$AA?9?$AAB?$AAO@ 10004240     libucrt:lcidtoname_downlevel.obj
 0001:00003250       ??_C@_1M@LEPJNLFD@?$AAn?$AAs?$AA?9?$AAZ?$AAA@ 10004250     libucrt:lcidtoname_downlevel.obj
 0001:0000325c       ??_C@_1M@OMLEIIJB@?$AAm?$AAi?$AA?9?$AAN?$AAZ@ 1000425c     libucrt:lcidtoname_downlevel.obj
 0001:00003268       ??_C@_1M@PMPEAILG@?$AAa?$AAr?$AA?9?$AAI?$AAQ@ 10004268     libucrt:lcidtoname_downlevel.obj
 0001:00003274       ??_C@_1M@CNKPNOEE@?$AAd?$AAe?$AA?9?$AAC?$AAH@ 10004274     libucrt:lcidtoname_downlevel.obj
 0001:00003280       ??_C@_1M@LKMGMLKO@?$AAe?$AAn?$AA?9?$AAG?$AAB@ 10004280     libucrt:lcidtoname_downlevel.obj
 0001:0000328c       ??_C@_1M@PGKJFFGL@?$AAe?$AAs?$AA?9?$AAM?$AAX@ 1000428c     libucrt:lcidtoname_downlevel.obj
 0001:00003298       ??_C@_1M@DNNANBDC@?$AAf?$AAr?$AA?9?$AAB?$AAE@ 10004298     libucrt:lcidtoname_downlevel.obj
 0001:000032a4       ??_C@_1M@HLGMDFHM@?$AAi?$AAt?$AA?9?$AAC?$AAH@ 100042a4     libucrt:lcidtoname_downlevel.obj
 0001:000032b0       ??_C@_1M@CLLBGJH@?$AAn?$AAl?$AA?9?$AAB?$AAE@ 100042b0     libucrt:lcidtoname_downlevel.obj
 0001:000032bc       ??_C@_1M@BODBOGLF@?$AAn?$AAn?$AA?9?$AAN?$AAO@ 100042bc     libucrt:lcidtoname_downlevel.obj
 0001:000032c8       ??_C@_1M@HFFAHKAD@?$AAp?$AAt?$AA?9?$AAP?$AAT@ 100042c8     libucrt:lcidtoname_downlevel.obj
 0001:000032d4       ??_C@_1BG@LNOAKHIE@?$AAs?$AAr?$AA?9?$AAS?$AAP?$AA?9?$AAL?$AAa?$AAt?$AAn@ 100042d4     libucrt:lcidtoname_downlevel.obj
 0001:000032ec       ??_C@_1M@HBMHBGAK@?$AAs?$AAv?$AA?9?$AAF?$AAI@ 100042ec     libucrt:lcidtoname_downlevel.obj
 0001:000032f8       ??_C@_1BG@DGCJGJBE@?$AAa?$AAz?$AA?9?$AAA?$AAZ?$AA?9?$AAC?$AAy?$AAr?$AAl@ 100042f8     libucrt:lcidtoname_downlevel.obj
 0001:00003310       ??_C@_1M@KEJDAAHB@?$AAs?$AAe?$AA?9?$AAS?$AAE@ 10004310     libucrt:lcidtoname_downlevel.obj
 0001:0000331c       ??_C@_1M@HEIBJJAD@?$AAm?$AAs?$AA?9?$AAB?$AAN@ 1000431c     libucrt:lcidtoname_downlevel.obj
 0001:00003328       ??_C@_1BG@PBGJMCEM@?$AAu?$AAz?$AA?9?$AAU?$AAZ?$AA?9?$AAC?$AAy?$AAr?$AAl@ 10004328     libucrt:lcidtoname_downlevel.obj
 0001:00003340       ??_C@_1O@LAOBCMDF@?$AAq?$AAu?$AAz?$AA?9?$AAE?$AAC@ 10004340     libucrt:lcidtoname_downlevel.obj
 0001:00003350       ??_C@_1M@POEEMAIO@?$AAa?$AAr?$AA?9?$AAE?$AAG@ 10004350     libucrt:lcidtoname_downlevel.obj
 0001:0000335c       ??_C@_1M@EFAKDEDL@?$AAz?$AAh?$AA?9?$AAH?$AAK@ 1000435c     libucrt:lcidtoname_downlevel.obj
 0001:00003368       ??_C@_1M@HKKIJHGI@?$AAd?$AAe?$AA?9?$AAA?$AAT@ 10004368     libucrt:lcidtoname_downlevel.obj
 0001:00003374       ??_C@_1M@KBFBEHJF@?$AAe?$AAn?$AA?9?$AAA?$AAU@ 10004374     libucrt:lcidtoname_downlevel.obj
 0001:00003380       ??_C@_1M@MNPLFAAH@?$AAe?$AAs?$AA?9?$AAE?$AAS@ 10004380     libucrt:lcidtoname_downlevel.obj
 0001:0000338c       ??_C@_1M@HJOOJFMA@?$AAf?$AAr?$AA?9?$AAC?$AAA@ 1000438c     libucrt:lcidtoname_downlevel.obj
 0001:00003398       ??_C@_1BG@JPOFPNAB@?$AAs?$AAr?$AA?9?$AAS?$AAP?$AA?9?$AAC?$AAy?$AAr?$AAl@ 10004398     libucrt:lcidtoname_downlevel.obj
 0001:000033b0       ??_C@_1M@LNFOCMOB@?$AAs?$AAe?$AA?9?$AAF?$AAI@ 100043b0     libucrt:lcidtoname_downlevel.obj
 0001:000033bc       ??_C@_1O@MGJBOAMB@?$AAq?$AAu?$AAz?$AA?9?$AAP?$AAE@ 100043bc     libucrt:lcidtoname_downlevel.obj
 0001:000033cc       ??_C@_1M@GJINLBOK@?$AAa?$AAr?$AA?9?$AAL?$AAY@ 100043cc     libucrt:lcidtoname_downlevel.obj
 0001:000033d8       ??_C@_1M@GGMNHJNL@?$AAz?$AAh?$AA?9?$AAS?$AAG@ 100043d8     libucrt:lcidtoname_downlevel.obj
 0001:000033e4       ??_C@_1M@HOIKODND@?$AAd?$AAe?$AA?9?$AAL?$AAU@ 100043e4     libucrt:lcidtoname_downlevel.obj
 0001:000033f0       ??_C@_1M@DDOCCGFG@?$AAe?$AAn?$AA?9?$AAC?$AAA@ 100043f0     libucrt:lcidtoname_downlevel.obj
 0001:000033fc       ??_C@_1M@BNOEMJLF@?$AAe?$AAs?$AA?9?$AAG?$AAT@ 100043fc     libucrt:lcidtoname_downlevel.obj
 0001:00003408       ??_C@_1M@EOGNKEK@?$AAf?$AAr?$AA?9?$AAC?$AAH@ 10004408     libucrt:lcidtoname_downlevel.obj
 0001:00003414       ??_C@_1M@FLIDJFHL@?$AAh?$AAr?$AA?9?$AAB?$AAA@ 10004414     libucrt:lcidtoname_downlevel.obj
 0001:00003420       ??_C@_1O@FMCELNAJ@?$AAs?$AAm?$AAj?$AA?9?$AAN?$AAO@ 10004420     libucrt:lcidtoname_downlevel.obj
 0001:00003430       ??_C@_1M@JHGLJMGJ@?$AAa?$AAr?$AA?9?$AAD?$AAZ@ 10004430     libucrt:lcidtoname_downlevel.obj
 0001:0000343c       ??_C@_1M@JKKFDCNP@?$AAz?$AAh?$AA?9?$AAM?$AAO@ 1000443c     libucrt:lcidtoname_downlevel.obj
 0001:00003448       ??_C@_1M@GEEFALPE@?$AAd?$AAe?$AA?9?$AAL?$AAI@ 10004448     libucrt:lcidtoname_downlevel.obj
 0001:00003454       ??_C@_1M@IGEOFBG@?$AAe?$AAn?$AA?9?$AAN?$AAZ@ 10004454     libucrt:lcidtoname_downlevel.obj
 0001:00003460       ??_C@_1M@KDBONEHP@?$AAe?$AAs?$AA?9?$AAC?$AAR@ 10004460     libucrt:lcidtoname_downlevel.obj
 0001:0000346c       ??_C@_1M@FHMDOHNN@?$AAf?$AAr?$AA?9?$AAL?$AAU@ 1000446c     libucrt:lcidtoname_downlevel.obj
 0001:00003478       ??_C@_1BG@NFKKMAFG@?$AAb?$AAs?$AA?9?$AAB?$AAA?$AA?9?$AAL?$AAa?$AAt?$AAn@ 10004478     libucrt:lcidtoname_downlevel.obj
 0001:00003490       ??_C@_1O@IMNBEMCI@?$AAs?$AAm?$AAj?$AA?9?$AAS?$AAE@ 10004490     libucrt:lcidtoname_downlevel.obj
 0001:000034a0       ??_C@_1M@DHHMBNDP@?$AAa?$AAr?$AA?9?$AAM?$AAA@ 100044a0     libucrt:lcidtoname_downlevel.obj
 0001:000034ac       ??_C@_1M@BNBLJCGH@?$AAe?$AAn?$AA?9?$AAI?$AAE@ 100044ac     libucrt:lcidtoname_downlevel.obj
 0001:000034b8       ??_C@_1M@GEPAFMDL@?$AAe?$AAs?$AA?9?$AAP?$AAA@ 100044b8     libucrt:lcidtoname_downlevel.obj
 0001:000034c4       ??_C@_1M@OJONDMDL@?$AAf?$AAr?$AA?9?$AAM?$AAC@ 100044c4     libucrt:lcidtoname_downlevel.obj
 0001:000034d0       ??_C@_1BG@OBCNFJB@?$AAs?$AAr?$AA?9?$AAB?$AAA?$AA?9?$AAL?$AAa?$AAt?$AAn@ 100044d0     libucrt:lcidtoname_downlevel.obj
 0001:000034e8       ??_C@_1O@KEMEEGPO@?$AAs?$AAm?$AAa?$AA?9?$AAN?$AAO@ 100044e8     libucrt:lcidtoname_downlevel.obj
 0001:000034f8       ??_C@_1M@ELMGFODK@?$AAa?$AAr?$AA?9?$AAT?$AAN@ 100044f8     libucrt:lcidtoname_downlevel.obj
 0001:00003504       ??_C@_1M@BHDLHFAF@?$AAe?$AAn?$AA?9?$AAZ?$AAA@ 10004504     libucrt:lcidtoname_downlevel.obj
 0001:00003510       ??_C@_1M@BMGIGLIF@?$AAe?$AAs?$AA?9?$AAD?$AAO@ 10004510     libucrt:lcidtoname_downlevel.obj
 0001:0000351c       ??_C@_1BG@CMBHIPBE@?$AAs?$AAr?$AA?9?$AAB?$AAA?$AA?9?$AAC?$AAy?$AAr?$AAl@ 1000451c     libucrt:lcidtoname_downlevel.obj
 0001:00003534       ??_C@_1O@HEDBLHNP@?$AAs?$AAm?$AAa?$AA?9?$AAS?$AAE@ 10004534     libucrt:lcidtoname_downlevel.obj
 0001:00003544       ??_C@_1M@DAGCADIM@?$AAa?$AAr?$AA?9?$AAO?$AAM@ 10004544     libucrt:lcidtoname_downlevel.obj
 0001:00003550       ??_C@_1M@FODLMICG@?$AAe?$AAn?$AA?9?$AAJ?$AAM@ 10004550     libucrt:lcidtoname_downlevel.obj
 0001:0000355c       ??_C@_1M@DNMLCIHB@?$AAe?$AAs?$AA?9?$AAV?$AAE@ 1000455c     libucrt:lcidtoname_downlevel.obj
 0001:00003568       ??_C@_1O@EOKHMKJK@?$AAs?$AAm?$AAs?$AA?9?$AAF?$AAI@ 10004568     libucrt:lcidtoname_downlevel.obj
 0001:00003578       ??_C@_1M@CAFJMKOF@?$AAa?$AAr?$AA?9?$AAY?$AAE@ 10004578     libucrt:lcidtoname_downlevel.obj
 0001:00003584       ??_C@_1M@CBFHIJLI@?$AAe?$AAn?$AA?9?$AAC?$AAB@ 10004584     libucrt:lcidtoname_downlevel.obj
 0001:00003590       ??_C@_1M@BGNFLDN@?$AAe?$AAs?$AA?9?$AAC?$AAO@ 10004590     libucrt:lcidtoname_downlevel.obj
 0001:0000359c       ??_C@_1O@JMPHMAMC@?$AAs?$AAm?$AAn?$AA?9?$AAF?$AAI@ 1000459c     libucrt:lcidtoname_downlevel.obj
 0001:000035ac       ??_C@_1M@JLANABKE@?$AAa?$AAr?$AA?9?$AAS?$AAY@ 100045ac     libucrt:lcidtoname_downlevel.obj
 0001:000035b8       ??_C@_1M@HPKGCFGN@?$AAe?$AAn?$AA?9?$AAB?$AAZ@ 100045b8     libucrt:lcidtoname_downlevel.obj
 0001:000035c4       ??_C@_1M@OLJCMLGM@?$AAe?$AAs?$AA?9?$AAP?$AAE@ 100045c4     libucrt:lcidtoname_downlevel.obj
 0001:000035d0       ??_C@_1M@MKKGFKLE@?$AAa?$AAr?$AA?9?$AAJ?$AAO@ 100045d0     libucrt:lcidtoname_downlevel.obj
 0001:000035dc       ??_C@_1M@EKPGLDNI@?$AAe?$AAn?$AA?9?$AAT?$AAT@ 100045dc     libucrt:lcidtoname_downlevel.obj
 0001:000035e8       ??_C@_1M@OONGHFHE@?$AAe?$AAs?$AA?9?$AAA?$AAR@ 100045e8     libucrt:lcidtoname_downlevel.obj
 0001:000035f4       ??_C@_1M@OOJFGBHE@?$AAa?$AAr?$AA?9?$AAL?$AAB@ 100045f4     libucrt:lcidtoname_downlevel.obj
 0001:00003600       ??_C@_1M@GCEJHNEG@?$AAe?$AAn?$AA?9?$AAZ?$AAW@ 10004600     libucrt:lcidtoname_downlevel.obj
 0001:0000360c       ??_C@_1M@JNOCAHJI@?$AAe?$AAs?$AA?9?$AAE?$AAC@ 1000460c     libucrt:lcidtoname_downlevel.obj
 0001:00003618       ??_C@_1M@JEFHPGGB@?$AAa?$AAr?$AA?9?$AAK?$AAW@ 10004618     libucrt:lcidtoname_downlevel.obj
 0001:00003624       ??_C@_1M@MLKIBJOJ@?$AAe?$AAn?$AA?9?$AAP?$AAH@ 10004624     libucrt:lcidtoname_downlevel.obj
 0001:00003630       ??_C@_1M@BDNIPEND@?$AAe?$AAs?$AA?9?$AAC?$AAL@ 10004630     libucrt:lcidtoname_downlevel.obj
 0001:0000363c       ??_C@_1M@MPNMEKBD@?$AAa?$AAr?$AA?9?$AAA?$AAE@ 1000463c     libucrt:lcidtoname_downlevel.obj
 0001:00003648       ??_C@_1M@KBJALCPI@?$AAe?$AAs?$AA?9?$AAU?$AAY@ 10004648     libucrt:lcidtoname_downlevel.obj
 0001:00003654       ??_C@_1M@LLCCOAGA@?$AAa?$AAr?$AA?9?$AAB?$AAH@ 10004654     libucrt:lcidtoname_downlevel.obj
 0001:00003660       ??_C@_1M@PBFNCDEL@?$AAe?$AAs?$AA?9?$AAP?$AAY@ 10004660     libucrt:lcidtoname_downlevel.obj
 0001:0000366c       ??_C@_1M@EDGINPNP@?$AAa?$AAr?$AA?9?$AAQ?$AAA@ 1000466c     libucrt:lcidtoname_downlevel.obj
 0001:00003678       ??_C@_1M@MKDBIIJI@?$AAe?$AAs?$AA?9?$AAB?$AAO@ 10004678     libucrt:lcidtoname_downlevel.obj
 0001:00003684       ??_C@_1M@CPKKEBLD@?$AAe?$AAs?$AA?9?$AAS?$AAV@ 10004684     libucrt:lcidtoname_downlevel.obj
 0001:00003690       ??_C@_1M@NDBGMMJL@?$AAe?$AAs?$AA?9?$AAH?$AAN@ 10004690     libucrt:lcidtoname_downlevel.obj
 0001:0000369c       ??_C@_1M@JIJIBHDP@?$AAe?$AAs?$AA?9?$AAN?$AAI@ 1000469c     libucrt:lcidtoname_downlevel.obj
 0001:000036a8       ??_C@_1M@CGFMKEEK@?$AAe?$AAs?$AA?9?$AAP?$AAR@ 100046a8     libucrt:lcidtoname_downlevel.obj
 0001:000036b4       ??_C@_1O@ICJHKIIK@?$AAz?$AAh?$AA?9?$AAC?$AAH?$AAT@ 100046b4     libucrt:lcidtoname_downlevel.obj
 0001:000036c4       ??_C@_15CLNEJCE@?$AAs?$AAr@ 100046c4     libucrt:lcidtoname_downlevel.obj
 0001:00003df0       ??_C@_1M@KAHEKEIG@?$AAa?$AAf?$AA?9?$AAz?$AAa@ 10004df0     libucrt:lcidtoname_downlevel.obj
 0001:00003dfc       ??_C@_1M@GIECOABL@?$AAa?$AAr?$AA?9?$AAa?$AAe@ 10004dfc     libucrt:lcidtoname_downlevel.obj
 0001:00003e08       ??_C@_1M@BMLMEKGI@?$AAa?$AAr?$AA?9?$AAb?$AAh@ 10004e08     libucrt:lcidtoname_downlevel.obj
 0001:00003e14       ??_C@_1M@DAPFDGGB@?$AAa?$AAr?$AA?9?$AAd?$AAz@ 10004e14     libucrt:lcidtoname_downlevel.obj
 0001:00003e20       ??_C@_1M@FJNKGKIG@?$AAa?$AAr?$AA?9?$AAe?$AAg@ 10004e20     libucrt:lcidtoname_downlevel.obj
 0001:00003e2c       ??_C@_1M@FLGKKCLO@?$AAa?$AAr?$AA?9?$AAi?$AAq@ 10004e2c     libucrt:lcidtoname_downlevel.obj
 0001:00003e38       ??_C@_1M@GNDIPALM@?$AAa?$AAr?$AA?9?$AAj?$AAo@ 10004e38     libucrt:lcidtoname_downlevel.obj
 0001:00003e44       ??_C@_1M@DDMJFMGJ@?$AAa?$AAr?$AA?9?$AAk?$AAw@ 10004e44     libucrt:lcidtoname_downlevel.obj
 0001:00003e50       ??_C@_1M@EJALMLHM@?$AAa?$AAr?$AA?9?$AAl?$AAb@ 10004e50     libucrt:lcidtoname_downlevel.obj
 0001:00003e5c       ??_C@_1M@MOBDBLOC@?$AAa?$AAr?$AA?9?$AAl?$AAy@ 10004e5c     libucrt:lcidtoname_downlevel.obj
 0001:00003e68       ??_C@_1M@JAOCLHDH@?$AAa?$AAr?$AA?9?$AAm?$AAa@ 10004e68     libucrt:lcidtoname_downlevel.obj
 0001:00003e74       ??_C@_1M@JHPMKJIE@?$AAa?$AAr?$AA?9?$AAo?$AAm@ 10004e74     libucrt:lcidtoname_downlevel.obj
 0001:00003e80       ??_C@_1M@OEPGHFNH@?$AAa?$AAr?$AA?9?$AAq?$AAa@ 10004e80     libucrt:lcidtoname_downlevel.obj
 0001:00003e8c       ??_C@_1M@KJDONENM@?$AAa?$AAr?$AA?9?$AAs?$AAa@ 10004e8c     libucrt:lcidtoname_downlevel.obj
 0001:00003e98       ??_C@_1M@DMJDKLKM@?$AAa?$AAr?$AA?9?$AAs?$AAy@ 10004e98     libucrt:lcidtoname_downlevel.obj
 0001:00003ea4       ??_C@_1M@OMFIPEDC@?$AAa?$AAr?$AA?9?$AAt?$AAn@ 10004ea4     libucrt:lcidtoname_downlevel.obj
 0001:00003eb0       ??_C@_1M@IHMHGAON@?$AAa?$AAr?$AA?9?$AAy?$AAe@ 10004eb0     libucrt:lcidtoname_downlevel.obj
 0001:00003ebc       ??_C@_1BG@KDCPGJGB@?$AAa?$AAz?$AA?9?$AAa?$AAz?$AA?9?$AAc?$AAy?$AAr?$AAl@ 10004ebc     libucrt:lcidtoname_downlevel.obj
 0001:00003ed4       ??_C@_1BG@IBCKDDOE@?$AAa?$AAz?$AA?9?$AAa?$AAz?$AA?9?$AAl?$AAa?$AAt?$AAn@ 10004ed4     libucrt:lcidtoname_downlevel.obj
 0001:00003eec       ??_C@_1M@EGPFDCPD@?$AAb?$AAe?$AA?9?$AAb?$AAy@ 10004eec     libucrt:lcidtoname_downlevel.obj
 0001:00003ef8       ??_C@_1M@PCMGMCGC@?$AAb?$AAg?$AA?9?$AAb?$AAg@ 10004ef8     libucrt:lcidtoname_downlevel.obj
 0001:00003f04       ??_C@_1M@BJBMFGOB@?$AAb?$AAn?$AA?9?$AAi?$AAn@ 10004f04     libucrt:lcidtoname_downlevel.obj
 0001:00003f10       ??_C@_1BG@EAKMMACD@?$AAb?$AAs?$AA?9?$AAb?$AAa?$AA?9?$AAl?$AAa?$AAt?$AAn@ 10004f10     libucrt:lcidtoname_downlevel.obj
 0001:00003f28       ??_C@_1M@KGADAODK@?$AAc?$AAa?$AA?9?$AAe?$AAs@ 10004f28     libucrt:lcidtoname_downlevel.obj
 0001:00003f34       ??_C@_1M@COAJPDHI@?$AAc?$AAs?$AA?9?$AAc?$AAz@ 10004f34     libucrt:lcidtoname_downlevel.obj
 0001:00003f40       ??_C@_1M@DHBHFONH@?$AAc?$AAy?$AA?9?$AAg?$AAb@ 10004f40     libucrt:lcidtoname_downlevel.obj
 0001:00003f4c       ??_C@_1M@IMGKELGA@?$AAd?$AAa?$AA?9?$AAd?$AAk@ 10004f4c     libucrt:lcidtoname_downlevel.obj
 0001:00003f58       ??_C@_1M@NNDGDNGA@?$AAd?$AAe?$AA?9?$AAa?$AAt@ 10004f58     libucrt:lcidtoname_downlevel.obj
 0001:00003f64       ??_C@_1M@IKDBHEEM@?$AAd?$AAe?$AA?9?$AAc?$AAh@ 10004f64     libucrt:lcidtoname_downlevel.obj
 0001:00003f70       ??_C@_1M@GFFOJMCJ@?$AAd?$AAe?$AA?9?$AAd?$AAe@ 10004f70     libucrt:lcidtoname_downlevel.obj
 0001:00003f7c       ??_C@_1M@MDNLKBPM@?$AAd?$AAe?$AA?9?$AAl?$AAi@ 10004f7c     libucrt:lcidtoname_downlevel.obj
 0001:00003f88       ??_C@_1M@NJBEEJNL@?$AAd?$AAe?$AA?9?$AAl?$AAu@ 10004f88     libucrt:lcidtoname_downlevel.obj
 0001:00003f94       ??_C@_1O@GNNELBAP@?$AAd?$AAi?$AAv?$AA?9?$AAm?$AAv@ 10004f94     libucrt:lcidtoname_downlevel.obj
 0001:00003fa4       ??_C@_1M@EJLEOGAE@?$AAe?$AAl?$AA?9?$AAg?$AAr@ 10004fa4     libucrt:lcidtoname_downlevel.obj
 0001:00003fb0       ??_C@_1M@GMPONJN@?$AAe?$AAn?$AA?9?$AAa?$AAu@ 10004fb0     libucrt:lcidtoname_downlevel.obj
 0001:00003fbc       ??_C@_1M@NIDIIPGF@?$AAe?$AAn?$AA?9?$AAb?$AAz@ 10004fbc     libucrt:lcidtoname_downlevel.obj
 0001:00003fc8       ??_C@_1M@JEHMIMFO@?$AAe?$AAn?$AA?9?$AAc?$AAa@ 10004fc8     libucrt:lcidtoname_downlevel.obj
 0001:00003fd4       ??_C@_1M@IGMJCDLA@?$AAe?$AAn?$AA?9?$AAc?$AAb@ 10004fd4     libucrt:lcidtoname_downlevel.obj
 0001:00003fe0       ??_C@_1M@BNFIGBKG@?$AAe?$AAn?$AA?9?$AAg?$AAb@ 10004fe0     libucrt:lcidtoname_downlevel.obj
 0001:00003fec       ??_C@_1M@LKIFDIGP@?$AAe?$AAn?$AA?9?$AAi?$AAe@ 10004fec     libucrt:lcidtoname_downlevel.obj
 0001:00003ff8       ??_C@_1M@PJKFGCCO@?$AAe?$AAn?$AA?9?$AAj?$AAm@ 10004ff8     libucrt:lcidtoname_downlevel.obj
 0001:00004004       ??_C@_1M@KPPKEPBO@?$AAe?$AAn?$AA?9?$AAn?$AAz@ 10005004     libucrt:lcidtoname_downlevel.obj
 0001:00004010       ??_C@_1M@GMDGLDOB@?$AAe?$AAn?$AA?9?$AAp?$AAh@ 10005010     libucrt:lcidtoname_downlevel.obj
 0001:0000401c       ??_C@_1M@ONGIBJNA@?$AAe?$AAn?$AA?9?$AAt?$AAt@ 1000501c     libucrt:lcidtoname_downlevel.obj
 0001:00004028       ??_C@_1M@LLODPCMM@?$AAe?$AAn?$AA?9?$AAu?$AAs@ 10005028     libucrt:lcidtoname_downlevel.obj
 0001:00004034       ??_C@_1M@LAKFNPAN@?$AAe?$AAn?$AA?9?$AAz?$AAa@ 10005034     libucrt:lcidtoname_downlevel.obj
 0001:00004040       ??_C@_1M@MFNHNHEO@?$AAe?$AAn?$AA?9?$AAz?$AAw@ 10005040     libucrt:lcidtoname_downlevel.obj
 0001:0000404c       ??_C@_1M@EJEINPHM@?$AAe?$AAs?$AA?9?$AAa?$AAr@ 1000504c     libucrt:lcidtoname_downlevel.obj
 0001:00004058       ??_C@_1M@GNKPCCJA@?$AAe?$AAs?$AA?9?$AAb?$AAo@ 10005058     libucrt:lcidtoname_downlevel.obj
 0001:00004064       ??_C@_1M@LEEGFONL@?$AAe?$AAs?$AA?9?$AAc?$AAl@ 10005064     libucrt:lcidtoname_downlevel.obj
 0001:00004070       ??_C@_1M@KGPDPBDF@?$AAe?$AAs?$AA?9?$AAc?$AAo@ 10005070     libucrt:lcidtoname_downlevel.obj
 0001:0000407c       ??_C@_1M@EIAHOHH@?$AAe?$AAs?$AA?9?$AAc?$AAr@ 1000507c     libucrt:lcidtoname_downlevel.obj
 0001:00004088       ??_C@_1M@LLPGMBIN@?$AAe?$AAs?$AA?9?$AAd?$AAo@ 10005088     libucrt:lcidtoname_downlevel.obj
 0001:00004094       ??_C@_1M@DKHMKNJA@?$AAe?$AAs?$AA?9?$AAe?$AAc@ 10005094     libucrt:lcidtoname_downlevel.obj
 0001:000040a0       ??_C@_1M@GKGFPKAP@?$AAe?$AAs?$AA?9?$AAe?$AAs@ 100050a0     libucrt:lcidtoname_downlevel.obj
 0001:000040ac       ??_C@_1M@LKHKGDLN@?$AAe?$AAs?$AA?9?$AAg?$AAt@ 100050ac     libucrt:lcidtoname_downlevel.obj
 0001:000040b8       ??_C@_1M@HEIIGGJD@?$AAe?$AAs?$AA?9?$AAh?$AAn@ 100050b8     libucrt:lcidtoname_downlevel.obj
 0001:000040c4       ??_C@_1M@FBDHPPGD@?$AAe?$AAs?$AA?9?$AAm?$AAx@ 100050c4     libucrt:lcidtoname_downlevel.obj
 0001:000040d0       ??_C@_1M@DPAGLNDH@?$AAe?$AAs?$AA?9?$AAn?$AAi@ 100050d0     libucrt:lcidtoname_downlevel.obj
 0001:000040dc       ??_C@_1M@MDGOPGDD@?$AAe?$AAs?$AA?9?$AAp?$AAa@ 100050dc     libucrt:lcidtoname_downlevel.obj
 0001:000040e8       ??_C@_1M@EMAMGBGE@?$AAe?$AAs?$AA?9?$AAp?$AAe@ 100050e8     libucrt:lcidtoname_downlevel.obj
 0001:000040f4       ??_C@_1M@IBMCAOEC@?$AAe?$AAs?$AA?9?$AAp?$AAr@ 100050f4     libucrt:lcidtoname_downlevel.obj
 0001:00004100       ??_C@_1M@FGMDIJED@?$AAe?$AAs?$AA?9?$AAp?$AAy@ 10005100     libucrt:lcidtoname_downlevel.obj
 0001:0000410c       ??_C@_1M@IIDEOLLL@?$AAe?$AAs?$AA?9?$AAs?$AAv@ 1000510c     libucrt:lcidtoname_downlevel.obj
 0001:00004118       ??_C@_1M@GAOBIPA@?$AAe?$AAs?$AA?9?$AAu?$AAy@ 10005118     libucrt:lcidtoname_downlevel.obj
 0001:00004124       ??_C@_1M@JKFFICHJ@?$AAe?$AAs?$AA?9?$AAv?$AAe@ 10005124     libucrt:lcidtoname_downlevel.obj
 0001:00004130       ??_C@_1M@PNMLOJDF@?$AAe?$AAt?$AA?9?$AAe?$AAe@ 10005130     libucrt:lcidtoname_downlevel.obj
 0001:0000413c       ??_C@_1M@GHHLIKEI@?$AAe?$AAu?$AA?9?$AAe?$AAs@ 1000513c     libucrt:lcidtoname_downlevel.obj
 0001:00004148       ??_C@_1M@PBNONODE@?$AAf?$AAa?$AA?9?$AAi?$AAr@ 10005148     libucrt:lcidtoname_downlevel.obj
 0001:00004154       ??_C@_1M@JEEHPMIL@?$AAf?$AAi?$AA?9?$AAf?$AAi@ 10005154     libucrt:lcidtoname_downlevel.obj
 0001:00004160       ??_C@_1M@LMDCNDBA@?$AAf?$AAo?$AA?9?$AAf?$AAo@ 10005160     libucrt:lcidtoname_downlevel.obj
 0001:0000416c       ??_C@_1M@JKEOHLDK@?$AAf?$AAr?$AA?9?$AAb?$AAe@ 1000516c     libucrt:lcidtoname_downlevel.obj
 0001:00004178       ??_C@_1M@NOHADPMI@?$AAf?$AAr?$AA?9?$AAc?$AAa@ 10005178     libucrt:lcidtoname_downlevel.obj
 0001:00004184       ??_C@_1M@KDHIHAEC@?$AAf?$AAr?$AA?9?$AAc?$AAh@ 10005184     libucrt:lcidtoname_downlevel.obj
 0001:00004190       ??_C@_1M@MMBBFGAK@?$AAf?$AAr?$AA?9?$AAf?$AAr@ 10005190     libucrt:lcidtoname_downlevel.obj
 0001:0000419c       ??_C@_1M@PAFNENNF@?$AAf?$AAr?$AA?9?$AAl?$AAu@ 1000519c     libucrt:lcidtoname_downlevel.obj
 0001:000041a8       ??_C@_1M@EOHDJGDD@?$AAf?$AAr?$AA?9?$AAm?$AAc@ 100051a8     libucrt:lcidtoname_downlevel.obj
 0001:000041b4       ??_C@_1M@FAPLLOPF@?$AAg?$AAl?$AA?9?$AAe?$AAs@ 100051b4     libucrt:lcidtoname_downlevel.obj
 0001:000041c0       ??_C@_1M@FOPBFLOO@?$AAg?$AAu?$AA?9?$AAi?$AAn@ 100051c0     libucrt:lcidtoname_downlevel.obj
 0001:000041cc       ??_C@_1M@KBMCINPM@?$AAh?$AAe?$AA?9?$AAi?$AAl@ 100051cc     libucrt:lcidtoname_downlevel.obj
 0001:000041d8       ??_C@_1M@BBPHKFPJ@?$AAh?$AAi?$AA?9?$AAi?$AAn@ 100051d8     libucrt:lcidtoname_downlevel.obj
 0001:000041e4       ??_C@_1M@PMBNDPHD@?$AAh?$AAr?$AA?9?$AAb?$AAa@ 100051e4     libucrt:lcidtoname_downlevel.obj
 0001:000041f0       ??_C@_1M@BPCKOEGE@?$AAh?$AAr?$AA?9?$AAh?$AAr@ 100051f0     libucrt:lcidtoname_downlevel.obj
 0001:000041fc       ??_C@_1M@GACBMHKE@?$AAh?$AAu?$AA?9?$AAh?$AAu@ 100051fc     libucrt:lcidtoname_downlevel.obj
 0001:00004208       ??_C@_1M@MILPAJJC@?$AAh?$AAy?$AA?9?$AAa?$AAm@ 10005208     libucrt:lcidtoname_downlevel.obj
 0001:00004214       ??_C@_1M@BABBICEC@?$AAi?$AAd?$AA?9?$AAi?$AAd@ 10005214     libucrt:lcidtoname_downlevel.obj
 0001:00004220       ??_C@_1M@BIKNHHPF@?$AAi?$AAs?$AA?9?$AAi?$AAs@ 10005220     libucrt:lcidtoname_downlevel.obj
 0001:0000422c       ??_C@_1M@NMPCJPHE@?$AAi?$AAt?$AA?9?$AAc?$AAh@ 1000522c     libucrt:lcidtoname_downlevel.obj
 0001:00004238       ??_C@_1M@GHKGFEDF@?$AAi?$AAt?$AA?9?$AAi?$AAt@ 10005238     libucrt:lcidtoname_downlevel.obj
 0001:00004244       ??_C@_1M@NIEJCJJA@?$AAj?$AAa?$AA?9?$AAj?$AAp@ 10005244     libucrt:lcidtoname_downlevel.obj
 0001:00004250       ??_C@_1M@JILFNBIM@?$AAk?$AAa?$AA?9?$AAg?$AAe@ 10005250     libucrt:lcidtoname_downlevel.obj
 0001:0000425c       ??_C@_1M@PACPMGPH@?$AAk?$AAk?$AA?9?$AAk?$AAz@ 1000525c     libucrt:lcidtoname_downlevel.obj
 0001:00004268       ??_C@_1M@IELFGMHA@?$AAk?$AAn?$AA?9?$AAi?$AAn@ 10005268     libucrt:lcidtoname_downlevel.obj
 0001:00004274       ??_C@_1O@IBBJHCH@?$AAk?$AAo?$AAk?$AA?9?$AAi?$AAn@ 10005274     libucrt:lcidtoname_downlevel.obj
 0001:00004284       ??_C@_1M@DMHAEOGC@?$AAk?$AAo?$AA?9?$AAk?$AAr@ 10005284     libucrt:lcidtoname_downlevel.obj
 0001:00004290       ??_C@_1M@HBAHBIGA@?$AAk?$AAy?$AA?9?$AAk?$AAg@ 10005290     libucrt:lcidtoname_downlevel.obj
 0001:0000429c       ??_C@_1M@KPMILCJG@?$AAl?$AAt?$AA?9?$AAl?$AAt@ 1000529c     libucrt:lcidtoname_downlevel.obj
 0001:000042a8       ??_C@_1M@BDEKKCA@?$AAl?$AAv?$AA?9?$AAl?$AAv@ 100052a8     libucrt:lcidtoname_downlevel.obj
 0001:000042b4       ??_C@_1M@ELCKCCJJ@?$AAm?$AAi?$AA?9?$AAn?$AAz@ 100052b4     libucrt:lcidtoname_downlevel.obj
 0001:000042c0       ??_C@_1M@CBOOLAPA@?$AAm?$AAk?$AA?9?$AAm?$AAk@ 100052c0     libucrt:lcidtoname_downlevel.obj
 0001:000042cc       ??_C@_1M@GPHNBJKN@?$AAm?$AAl?$AA?9?$AAi?$AAn@ 100052cc     libucrt:lcidtoname_downlevel.obj
 0001:000042d8       ??_C@_1M@PABJILIG@?$AAm?$AAn?$AA?9?$AAm?$AAn@ 100052d8     libucrt:lcidtoname_downlevel.obj
 0001:000042e4       ??_C@_1M@FGBKKIPG@?$AAm?$AAr?$AA?9?$AAi?$AAn@ 100052e4     libucrt:lcidtoname_downlevel.obj
 0001:000042f0       ??_C@_1M@NDBPDDAL@?$AAm?$AAs?$AA?9?$AAb?$AAn@ 100052f0     libucrt:lcidtoname_downlevel.obj
 0001:000042fc       ??_C@_1M@OPIHOOPI@?$AAm?$AAs?$AA?9?$AAm?$AAy@ 100052fc     libucrt:lcidtoname_downlevel.obj
 0001:00004308       ??_C@_1M@PPDBCNFM@?$AAm?$AAt?$AA?9?$AAm?$AAt@ 10005308     libucrt:lcidtoname_downlevel.obj
 0001:00004314       ??_C@_1M@KDJDKMDD@?$AAn?$AAb?$AA?9?$AAn?$AAo@ 10005314     libucrt:lcidtoname_downlevel.obj
 0001:00004320       ??_C@_1M@KFCFLMJP@?$AAn?$AAl?$AA?9?$AAb?$AAe@ 10005320     libucrt:lcidtoname_downlevel.obj
 0001:0000432c       ??_C@_1M@KPOPDDGO@?$AAn?$AAl?$AA?9?$AAn?$AAl@ 1000532c     libucrt:lcidtoname_downlevel.obj
 0001:00004338       ??_C@_1M@LJKPEMLN@?$AAn?$AAn?$AA?9?$AAn?$AAo@ 10005338     libucrt:lcidtoname_downlevel.obj
 0001:00004344       ??_C@_1M@BDGHHBFL@?$AAn?$AAs?$AA?9?$AAz?$AAa@ 10005344     libucrt:lcidtoname_downlevel.obj
 0001:00004350       ??_C@_1M@IDEHOAP@?$AAp?$AAa?$AA?9?$AAi?$AAn@ 10005350     libucrt:lcidtoname_downlevel.obj
 0001:0000435c       ??_C@_1M@HDBKGOGH@?$AAp?$AAl?$AA?9?$AAp?$AAl@ 1000535c     libucrt:lcidtoname_downlevel.obj
 0001:00004368       ??_C@_1M@LJLLCMEH@?$AAp?$AAt?$AA?9?$AAb?$AAr@ 10005368     libucrt:lcidtoname_downlevel.obj
 0001:00004374       ??_C@_1M@NCMONAAL@?$AAp?$AAt?$AA?9?$AAp?$AAt@ 10005374     libucrt:lcidtoname_downlevel.obj
 0001:00004380       ??_C@_1O@EAKMAJDN@?$AAq?$AAu?$AAz?$AA?9?$AAb?$AAo@ 10005380     libucrt:lcidtoname_downlevel.obj
 0001:00004390       ??_C@_1O@BHHPIGDN@?$AAq?$AAu?$AAz?$AA?9?$AAe?$AAc@ 10005390     libucrt:lcidtoname_downlevel.obj
 0001:000043a0       ??_C@_1O@GBAPEKMJ@?$AAq?$AAu?$AAz?$AA?9?$AAp?$AAe@ 100053a0     libucrt:lcidtoname_downlevel.obj
 0001:000043b0       ??_C@_1M@CLGLEFBO@?$AAr?$AAo?$AA?9?$AAr?$AAo@ 100053b0     libucrt:lcidtoname_downlevel.obj
 0001:000043bc       ??_C@_1M@CEEDODME@?$AAr?$AAu?$AA?9?$AAr?$AAu@ 100053bc     libucrt:lcidtoname_downlevel.obj
 0001:000043c8       ??_C@_1M@HPKKKMPP@?$AAs?$AAa?$AA?9?$AAi?$AAn@ 100053c8     libucrt:lcidtoname_downlevel.obj
 0001:000043d4       ??_C@_1M@BKMAIGOJ@?$AAs?$AAe?$AA?9?$AAf?$AAi@ 100053d4     libucrt:lcidtoname_downlevel.obj
 0001:000043e0       ??_C@_1M@NDPIFLFI@?$AAs?$AAe?$AA?9?$AAn?$AAo@ 100053e0     libucrt:lcidtoname_downlevel.obj
 0001:000043ec       ??_C@_1M@DANKKHJ@?$AAs?$AAe?$AA?9?$AAs?$AAe@ 100053ec     libucrt:lcidtoname_downlevel.obj
 0001:000043f8       ??_C@_1M@PNBLONPJ@?$AAs?$AAk?$AA?9?$AAs?$AAk@ 100053f8     libucrt:lcidtoname_downlevel.obj
 0001:00004404       ??_C@_1M@LFMODOAL@?$AAs?$AAl?$AA?9?$AAs?$AAi@ 10005404     libucrt:lcidtoname_downlevel.obj
 0001:00004410       ??_C@_1O@DFKOMPG@?$AAs?$AAm?$AAa?$AA?9?$AAn?$AAo@ 10005410     libucrt:lcidtoname_downlevel.obj
 0001:00004420       ??_C@_1O@NDKPBNNH@?$AAs?$AAm?$AAa?$AA?9?$AAs?$AAe@ 10005420     libucrt:lcidtoname_downlevel.obj
 0001:00004430       ??_C@_1O@PLLKBHAB@?$AAs?$AAm?$AAj?$AA?9?$AAn?$AAo@ 10005430     libucrt:lcidtoname_downlevel.obj
 0001:00004440       ??_C@_1O@CLEPOGCA@?$AAs?$AAm?$AAj?$AA?9?$AAs?$AAe@ 10005440     libucrt:lcidtoname_downlevel.obj
 0001:00004450       ??_C@_1O@DLGJGKMK@?$AAs?$AAm?$AAn?$AA?9?$AAf?$AAi@ 10005450     libucrt:lcidtoname_downlevel.obj
 0001:00004460       ??_C@_1O@OJDJGAJC@?$AAs?$AAm?$AAs?$AA?9?$AAf?$AAi@ 10005460     libucrt:lcidtoname_downlevel.obj
 0001:00004470       ??_C@_1M@BOFOGHPB@?$AAs?$AAq?$AA?9?$AAa?$AAl@ 10005470     libucrt:lcidtoname_downlevel.obj
 0001:0000447c       ??_C@_1BG@LJBBIPGB@?$AAs?$AAr?$AA?9?$AAb?$AAa?$AA?9?$AAc?$AAy?$AAr?$AAl@ 1000547c     libucrt:lcidtoname_downlevel.obj
 0001:00004494       ??_C@_1BG@JLBENFOE@?$AAs?$AAr?$AA?9?$AAb?$AAa?$AA?9?$AAl?$AAa?$AAt?$AAn@ 10005494     libucrt:lcidtoname_downlevel.obj
 0001:000044ac       ??_C@_1BG@KODPNHE@?$AAs?$AAr?$AA?9?$AAs?$AAp?$AA?9?$AAc?$AAy?$AAr?$AAl@ 100054ac     libucrt:lcidtoname_downlevel.obj
 0001:000044c4       ??_C@_1BG@CIOGKHPB@?$AAs?$AAr?$AA?9?$AAs?$AAp?$AA?9?$AAl?$AAa?$AAt?$AAn@ 100054c4     libucrt:lcidtoname_downlevel.obj
 0001:000044dc       ??_C@_1M@NGFJLMAC@?$AAs?$AAv?$AA?9?$AAf?$AAi@ 100054dc     libucrt:lcidtoname_downlevel.obj
 0001:000044e8       ??_C@_1M@MPJEJAJC@?$AAs?$AAv?$AA?9?$AAs?$AAe@ 100054e8     libucrt:lcidtoname_downlevel.obj
 0001:000044f4       ??_C@_1M@MPNDHLFK@?$AAs?$AAw?$AA?9?$AAk?$AAe@ 100054f4     libucrt:lcidtoname_downlevel.obj
 0001:00004500       ??_C@_1O@KOHBJJI@?$AAs?$AAy?$AAr?$AA?9?$AAs?$AAy@ 10005500     libucrt:lcidtoname_downlevel.obj
 0001:00004510       ??_C@_1M@LDCEFHA@?$AAt?$AAa?$AA?9?$AAi?$AAn@ 10005510     libucrt:lcidtoname_downlevel.obj
 0001:0000451c       ??_C@_1M@CNJOFAK@?$AAt?$AAe?$AA?9?$AAi?$AAn@ 1000551c     libucrt:lcidtoname_downlevel.obj
 0001:00004528       ??_C@_1M@GNAECACD@?$AAt?$AAh?$AA?9?$AAt?$AAh@ 10005528     libucrt:lcidtoname_downlevel.obj
 0001:00004534       ??_C@_1M@CHBIHOJO@?$AAt?$AAn?$AA?9?$AAz?$AAa@ 10005534     libucrt:lcidtoname_downlevel.obj
 0001:00004540       ??_C@_1M@GCCMIGPJ@?$AAt?$AAr?$AA?9?$AAt?$AAr@ 10005540     libucrt:lcidtoname_downlevel.obj
 0001:0000454c       ??_C@_1M@CELMCNBK@?$AAt?$AAt?$AA?9?$AAr?$AAu@ 1000554c     libucrt:lcidtoname_downlevel.obj
 0001:00004558       ??_C@_1M@KLMCELGA@?$AAu?$AAk?$AA?9?$AAu?$AAa@ 10005558     libucrt:lcidtoname_downlevel.obj
 0001:00004564       ??_C@_1M@EPAJJAJF@?$AAu?$AAr?$AA?9?$AAp?$AAk@ 10005564     libucrt:lcidtoname_downlevel.obj
 0001:00004570       ??_C@_1BG@GEGPMCDJ@?$AAu?$AAz?$AA?9?$AAu?$AAz?$AA?9?$AAc?$AAy?$AAr?$AAl@ 10005570     libucrt:lcidtoname_downlevel.obj
 0001:00004588       ??_C@_1BG@EGGKJILM@?$AAu?$AAz?$AA?9?$AAu?$AAz?$AA?9?$AAl?$AAa?$AAt?$AAn@ 10005588     libucrt:lcidtoname_downlevel.obj
 0001:000045a0       ??_C@_1M@GFOCLFF@?$AAv?$AAi?$AA?9?$AAv?$AAn@ 100055a0     libucrt:lcidtoname_downlevel.obj
 0001:000045ac       ??_C@_1M@CPAMEDFI@?$AAx?$AAh?$AA?9?$AAz?$AAa@ 100055ac     libucrt:lcidtoname_downlevel.obj
 0001:000045b8       ??_C@_1O@EBKIFIGN@?$AAz?$AAh?$AA?9?$AAc?$AAh?$AAs@ 100055b8     libucrt:lcidtoname_downlevel.obj
 0001:000045c8       ??_C@_1O@NMHPGANE@?$AAz?$AAh?$AA?9?$AAc?$AAh?$AAt@ 100055c8     libucrt:lcidtoname_downlevel.obj
 0001:000045d8       ??_C@_1M@LPINJOMC@?$AAz?$AAh?$AA?9?$AAc?$AAn@ 100055d8     libucrt:lcidtoname_downlevel.obj
[...]
 0001:000146d0       $$000000                   100156d0     libucrt:log10_impl.obj
 0001:000147e0       $$000000                   100157e0     libucrt:ceil_pentium4.obj
 0001:00014900       $$000000                   10015900     libucrt:_strnicm.obj
 0001:00014961       ?__dcrt_lowio_initialize_console_output@@YAXXZ 10015961 f   libucrt:initcon.obj
 0001:00014a0b       ??$?RV<lambda_218ce3db14220d0be481dae8ef3383b6>@@AAV<lambda_628dfdc04ba53c8bfc02c9951375f3f5>@@V<lambda_57dc472bd5c9d5f3b2cbca59b8a843ae>@@@?$__crt_seh_guarded_call@H@@QAEH$$QAV<lambda_218ce3db14220d0be481dae8ef3383b6>@@AAV<lambda_628dfdc04ba53c8bfc02c9951375f3f5>@@$$QAV<lambda_57dc472bd5c9d5f3b2cbca59b8a843ae>@@@Z 10015a0b f   libucrt:close.obj
 0001:00014c10       $$000000                   10015c10     libucrt:log10_pentium4.obj
 0001:00014ea0       $$000000                   10015ea0     libucrt:87tran.obj
 0001:000150b0       $$000000                   100160b0     libucrt:87disp.obj
 0001:00015310       $$000000                   10016310     libucrt:common.obj
 0001:000154a0       $$000000                   100164a0     libucrt:genexcep.obj
 0001:00016520       $$000000                   10017520     LIBCMT:ulldvrm.obj
 0001:000165c0       $$000000                   100175c0     LIBCMT:llmul.obj
 0001:00016600       $$000000                   10017600     LIBCMT:lldvrm.obj
 0001:000166e0       $$000000                   100176e0     LIBCMT:ullshr.obj
 0001:00016700       $$000000                   10017700     LIBCMT:alloca16.obj
 0001:00016730       $$000000                   10017730     LIBCMT:llshl.obj
 0001:00016750       $$000000                   10017750     LIBCMT:ftol2.obj
 0001:000169f0       $$000000                   100179f0     libvcruntime:strchr.obj
 0001:00016b20       $$000000                   10017b20     libvcruntime:strrchr.obj
 0001:00016cd0       ??__FDeleter@?1??InitializeSListHead@implementation@slist@@YGXPAT_SLIST_HEADER@@@Z@YAXXZ 10017cd0 f   vc_crt_fix_impl.obj
 0001:00016d10       __sehtable$___scrt_is_nonwritable_in_current_image 10017d10     LIBCMT:utility.obj
 0001:00016d30       __sehtable$?dllmain_crt_process_attach@@YAHQAUHINSTANCE__@@QAX@Z 10017d30     LIBCMT:dll_dllmain.obj
 0001:00016d50       __sehtable$?dllmain_crt_process_detach@@YAH_N@Z 10017d50     LIBCMT:dll_dllmain.obj
 0001:00016d78       __sehtable$?dllmain_dispatch@@YAHQAUHINSTANCE__@@KQAX@Z 10017d78     LIBCMT:dll_dllmain.obj
 0001:00016e28       __sehtable$___DestructExceptionObject 10017e28     libvcruntime:ehhelpers.obj
 0001:00016e48       __sehtable$__query_new_handler 10017e48     libucrt:new_handler.obj
 0001:00016e68       __sehtable$??R<lambda_6e4b09c48022b2350581041d5f6b0c4c>@@QBE@XZ 10017e68     libucrt:exit.obj
 0001:00016e88       __sehtable$??$?RV<lambda_03b1d95aef87969028cfba75ccab2455>@@AAV<lambda_6e4b09c48022b2350581041d5f6b0c4c>@@V<lambda_22bdf7517842c4b3e53723af5aa32b9e>@@@?$__crt_seh_guarded_call@X@@QAEX$$QAV<lambda_03b1d95aef87969028cfba75ccab2455>@@AAV<lambda_6e4b09c48022b2350581041d5f6b0c4c>@@$$QAV<lambda_22bdf7517842c4b3e53723af5aa32b9e>@@@Z 10017e88     libucrt:exit.obj
 0001:00016ea8       __sehtable$??$?RV<lambda_8e746cf0007f6ed984d6f78af1fec997>@@AAV<lambda_22ebabd17bc4fa466a2aca6d8deb888d>@@V<lambda_18ed0c0b38a6dc0daf1e7ac6d6adf05e>@@@?$__crt_seh_guarded_call@H@@QAEH$$QAV<lambda_8e746cf0007f6ed984d6f78af1fec997>@@AAV<lambda_22ebabd17bc4fa466a2aca6d8deb888d>@@$$QAV<lambda_18ed0c0b38a6dc0daf1e7ac6d6adf05e>@@@Z 10017ea8     libucrt:onexit.obj
 0001:00016ec8       __sehtable$??$?RV<lambda_69a2805e680e0e292e8ba93315fe43a8>@@AAV<lambda_f03950bc5685219e0bcd2087efbe011e>@@V<lambda_03fcd07e894ec930e3f35da366ca99d6>@@@?$__crt_seh_guarded_call@H@@QAEH$$QAV<lambda_69a2805e680e0e292e8ba93315fe43a8>@@AAV<lambda_f03950bc5685219e0bcd2087efbe011e>@@$$QAV<lambda_03fcd07e894ec930e3f35da366ca99d6>@@@Z 10017ec8     libucrt:onexit.obj
 0001:00016ee8       __sehtable$_terminate      10017ee8     libucrt:terminate.obj
 0001:00016f08       __sehtable$??$?RV<lambda_15ade71b0218206bbe3333a0c9b79046>@@AAV<lambda_da44e0f8b0f19ba52fefafb335991732>@@V<lambda_207f2d024fc103971653565357d6cd41>@@@?$__crt_seh_guarded_call@X@@QAEX$$QAV<lambda_15ade71b0218206bbe3333a0c9b79046>@@AAV<lambda_da44e0f8b0f19ba52fefafb335991732>@@$$QAV<lambda_207f2d024fc103971653565357d6cd41>@@@Z 10017f08     libucrt:per_thread_data.obj
 0001:00016f28       __sehtable$??$?RV<lambda_a7e850c220f1c8d1e6efeecdedd162c6>@@AAV<lambda_46720907175c18b6c9d2717bc0d2d362>@@V<lambda_9048902d66e8d99359bc9897bbb930a8>@@@?$__crt_seh_guarded_call@X@@QAEX$$QAV<lambda_a7e850c220f1c8d1e6efeecdedd162c6>@@AAV<lambda_46720907175c18b6c9d2717bc0d2d362>@@$$QAV<lambda_9048902d66e8d99359bc9897bbb930a8>@@@Z 10017f28     libucrt:per_thread_data.obj
 0001:00016f48       __sehtable$??$?RV<lambda_38edbb1296d33220d7e4dd0ed76b244a>@@AAV<lambda_5ce1d447e08cb34b2473517608e21441>@@V<lambda_fb385d3da700c9147fc39e65dd577a8c>@@@?$__crt_seh_guarded_call@X@@QAEX$$QAV<lambda_38edbb1296d33220d7e4dd0ed76b244a>@@AAV<lambda_5ce1d447e08cb34b2473517608e21441>@@$$QAV<lambda_fb385d3da700c9147fc39e65dd577a8c>@@@Z 10017f48     libucrt:per_thread_data.obj
 0001:00016f68       __sehtable$??$?RV<lambda_6affb1475c98b40b75cdec977db92e3c>@@AAV<lambda_b8d4b9c228a6ecc3f80208dbb4b4a104>@@V<lambda_608742c3c92a14382c1684fc64f96c88>@@@?$__crt_seh_guarded_call@X@@QAEX$$QAV<lambda_6affb1475c98b40b75cdec977db92e3c>@@AAV<lambda_b8d4b9c228a6ecc3f80208dbb4b4a104>@@$$QAV<lambda_608742c3c92a14382c1684fc64f96c88>@@@Z 10017f68     libucrt:per_thread_data.obj
 0001:00016f88       __sehtable$?update_thread_multibyte_data_internal@@YAPAU__crt_multibyte_data@@QAU__acrt_ptd@@QAPAU1@@Z 10017f88     libucrt:mbctype.obj
 0001:00016fa8       __sehtable$??$?RV<lambda_ceb1ee4838e85a9d631eb091e2fbe199>@@AAV<lambda_ae742caa10f662c28703da3d2ea5e57e>@@V<lambda_cd08b5d6af4937fe54fc07d0c9bf6b37>@@@?$__crt_seh_guarded_call@X@@QAEX$$QAV<lambda_ceb1ee4838e85a9d631eb091e2fbe199>@@AAV<lambda_ae742caa10f662c28703da3d2ea5e57e>@@$$QAV<lambda_cd08b5d6af4937fe54fc07d0c9bf6b37>@@@Z 10017fa8     libucrt:mbctype.obj
 0001:00016fc8       __sehtable$___acrt_initialize_lowio 10017fc8     libucrt:ioinit.obj
 0001:00016fe8       __sehtable$_raise          10017fe8     libucrt:signal.obj
 0001:00017008       __sehtable$??$?RV<lambda_cbab9ec6f41b0180b23cc171c22676b0>@@AAV<lambda_44731a7d0e6d81c3e6aa82d741081786>@@V<lambda_4b292cb8dd18144e164572427af410ab>@@@?$__crt_seh_guarded_call@P6AXH@Z@@QAEP6AXH@Z$$QAV<lambda_cbab9ec6f41b0180b23cc171c22676b0>@@AAV<lambda_44731a7d0e6d81c3e6aa82d741081786>@@$$QAV<lambda_4b292cb8dd18144e164572427af410ab>@@@Z 10018008     libucrt:signal.obj
 0001:00017028       __sehtable$??$?RV<lambda_2866be3712abc81a800a822484c830d8>@@AAV<lambda_39ca0ed439415581b5b15c265174cece>@@V<lambda_2b24c74d71094a6cd0cb82e44167d71b>@@@?$__crt_seh_guarded_call@X@@QAEX$$QAV<lambda_2866be3712abc81a800a822484c830d8>@@AAV<lambda_39ca0ed439415581b5b15c265174cece>@@$$QAV<lambda_2b24c74d71094a6cd0cb82e44167d71b>@@@Z 10018028     libucrt:fflush.obj
 0001:00017048       __sehtable$??$?RV<lambda_2cc53f568c5a2bb6f192f930a45d44ea>@@AAV<lambda_ab61a845afdef5b7c387490eaf3616ee>@@V<lambda_c2ffc0b7726aa6be21d5f0026187e748>@@@?$__crt_seh_guarded_call@X@@QAEX$$QAV<lambda_2cc53f568c5a2bb6f192f930a45d44ea>@@AAV<lambda_ab61a845afdef5b7c387490eaf3616ee>@@$$QAV<lambda_c2ffc0b7726aa6be21d5f0026187e748>@@@Z 10018048     libucrt:fflush.obj
 0001:00017068       __sehtable$??$?RV<lambda_e5124f882df8998aaf41531e079ba474>@@AAV<lambda_3e16ef9562a7dcce91392c22ab16ea36>@@V<lambda_e25ca0880e6ef98be67edffd8c599615>@@@?$__crt_seh_guarded_call@X@@QAEX$$QAV<lambda_e5124f882df8998aaf41531e079ba474>@@AAV<lambda_3e16ef9562a7dcce91392c22ab16ea36>@@$$QAV<lambda_e25ca0880e6ef98be67edffd8c599615>@@@Z 10018068     libucrt:wsetlocale.obj
 0001:00017088       __sehtable$___acrt_update_thread_locale_data 10018088     libucrt:locale_refcounting.obj
 0001:000170a8       __sehtable$___acrt_lowio_ensure_fh_exists 100180a8     libucrt:osfinfo.obj
 0001:000170c8       __sehtable$??$?RV<lambda_9e9de3de5fa147e2223d7db92bc10aa6>@@AAV<lambda_38ce7e780aa69e748d6df282ebc68efe>@@V<lambda_8ca6da459f0f6780f1cff60fdc3d00e5>@@@?$__crt_seh_guarded_call@H@@QAEH$$QAV<lambda_9e9de3de5fa147e2223d7db92bc10aa6>@@AAV<lambda_38ce7e780aa69e748d6df282ebc68efe>@@$$QAV<lambda_8ca6da459f0f6780f1cff60fdc3d00e5>@@@Z 100180c8     libucrt:commit.obj
 0001:000170e8       __sehtable$__write         100180e8     libucrt:write.obj
 0001:00017108       __sehtable$__fcloseall     10018108     libucrt:closeall.obj
 0001:00017128       __sehtable$_fclose         10018128     libucrt:fclose.obj
 0001:00017148       __sehtable$??$?RV<lambda_218ce3db14220d0be481dae8ef3383b6>@@AAV<lambda_628dfdc04ba53c8bfc02c9951375f3f5>@@V<lambda_57dc472bd5c9d5f3b2cbca59b8a843ae>@@@?$__crt_seh_guarded_call@H@@QAEH$$QAV<lambda_218ce3db14220d0be481dae8ef3383b6>@@AAV<lambda_628dfdc04ba53c8bfc02c9951375f3f5>@@$$QAV<lambda_57dc472bd5c9d5f3b2cbca59b8a843ae>@@@Z 10018148     libucrt:close.obj
 0001:00017168       __sehtable$__IsNonwritableInCurrentImage 10018168     LIBCMT:pesect.obj
 0001:00017190       .edata                     10018190     TmpPanel.exp
 0001:000171b8       rgpv                       100181b8     TmpPanel.exp
 0001:000171f4       rgszName                   100181f4     TmpPanel.exp
 0001:00017230       rgwOrd                     10018230     TmpPanel.exp
 0001:0001724e       szName                     1001824e     TmpPanel.exp
 0001:0001725b       $N00001                    1001825b     TmpPanel.exp
 0001:00017264       $N00002                    10018264     TmpPanel.exp
 0001:00017270       $N00003                    10018270     TmpPanel.exp
 0001:0001727b       $N00004                    1001827b     TmpPanel.exp
 0001:00017284       $N00005                    10018284     TmpPanel.exp
 0001:00017291       $N00006                    10018291     TmpPanel.exp
 0001:000172a0       $N00007                    100182a0     TmpPanel.exp
 0001:000172b2       $N00008                    100182b2     TmpPanel.exp
 0001:000172c1       $N00009                    100182c1     TmpPanel.exp
 0001:000172c7       $N00010                    100182c7     TmpPanel.exp
 0001:000172da       $N00011                    100182da     TmpPanel.exp
 0001:000172ed       $N00012                    100182ed     TmpPanel.exp
 0001:000172f7       $N00013                    100182f7     TmpPanel.exp
 0001:00017305       $N00014                    10018305     TmpPanel.exp
 0001:00017312       $N00015                    10018312     TmpPanel.exp
 0002:00000000       ?FKeys@?1??GetOpenPanelInfo@TmpPanel@@QAEXPAUOpenPanelInfo@@@Z@4PAGA 10019000     TmpClass.obj
 0002:00000018       ?kbt@?1??GetOpenPanelInfo@TmpPanel@@QAEXPAUOpenPanelInfo@@@Z@4UKeyBarTitles@@A 10019018     TmpClass.obj
 0002:00000020       ?CRLF@?BB@??SaveListFile@TmpPanel@@AAEXPB_W@Z@4PB_WB 10019020     TmpClass.obj
 0002:00000024       ?CRLF@?BD@??SaveListFile@TmpPanel@@AAEXPB_W@Z@4PBDB 10019024     TmpClass.obj
 0002:00000050       ?__vcrt_flsindex@@3KA      10019050     libvcruntime:per_thread_data.obj
 0002:00000080       ?__acrt_flsindex@@3KA      10019080     libucrt:per_thread_data.obj
 0002:00000084       ?errno_no_memory@@3HA      10019084     libucrt:errno.obj
 0002:00000088       ?doserrno_no_memory@@3KA   10019088     libucrt:errno.obj
 0002:000002b0       __mbctypes                 100192b0     libucrt:mbctype.obj
 0002:000003b8       __mbcasemaps               100193b8     libucrt:mbctype.obj
 0002:000004b8       ?__rgctypeflag@@3PADA      100194b8     libucrt:mbctype.obj
 0002:000004c0       ?__rgcode_page_info@@3PAUcode_page_info@@A 100194c0     libucrt:mbctype.obj
 0002:00000880       ?__dcrt_lowio_console_output_handle@@3PAXA 10019880     libucrt:initcon.obj
 0002:00000aec       ?DiskMenuStrings@?4??GetPluginInfoW@@9@4@4PAPB_WA 10019aec     TmpPanel.obj
 0002:00000af0       ?PluginMenuStrings@?7??GetPluginInfoW@@9@4@4PAPB_WA 10019af0     TmpPanel.obj
 0002:00000af4       ?PluginCfgStrings@?1??GetPluginInfoW@@9@4@4PAPB_WA 10019af4     TmpPanel.obj
 0002:00001158       ?Title@?1??GetOpenPanelInfo@TmpPanel@@QAEXPAUOpenPanelInfo@@@Z@4PA_WA 1001a158     TmpClass.obj
 0002:00001220       ?PanelModesArray@?1??GetOpenPanelInfo@TmpPanel@@QAEXPAUOpenPanelInfo@@@Z@4PAUPanelMode@@A 1001a220     TmpClass.obj
 0002:00001360       ?kbl@?1??GetOpenPanelInfo@TmpPanel@@QAEXPAUOpenPanelInfo@@@Z@4PAUKeyBarLabel@@A 1001a360     TmpClass.obj
 0002:000013a4       ?Cookie@?1??XorPointer@@YAPAXPAX@Z@4IB 1001a3a4     vc_crt_fix_impl.obj
 0002:000013a8       ?$S1@?1??XorPointer@@YAPAXPAX@Z@4IA 1001a3a8     vc_crt_fix_impl.obj
 0002:000013ac       ?Function@?1??EncodePointerWrapper@@9@4@4Q6GPAXPAX@ZA 1001a3ac     vc_crt_fix_impl.obj
 0002:000013b0       ?$S2@?1??EncodePointerWrapper@@9@4@4IA 1001a3b0     vc_crt_fix_impl.obj
 0002:000013b4       ?Function@?1??DecodePointerWrapper@@9@4@4Q6GPAXPAX@ZA 1001a3b4     vc_crt_fix_impl.obj
 0002:000013b8       ?$S3@?1??DecodePointerWrapper@@9@4@4IA 1001a3b8     vc_crt_fix_impl.obj
 0002:000013bc       ?Function@?1??GetModuleHandleExWWrapper@@9@12@4Q6GHKPB_WPAPAUHINSTANCE__@@@ZA 1001a3bc     vc_crt_fix_impl.obj
 0002:000013c0       ?$S4@?1??GetModuleHandleExWWrapper@@9@12@4IA 1001a3c0     vc_crt_fix_impl.obj
 0002:000013c4       ?Deleter@?1??InitializeSListHead@implementation@slist@@YGXPAT_SLIST_HEADER@@@Z@4Vservice_deleter@23@A 1001a3c4     vc_crt_fix_impl.obj
 0002:000013e4       ?$S5@?1??InitializeSListHead@implementation@slist@@YGXPAT_SLIST_HEADER@@@Z@4IA 1001a3e4     vc_crt_fix_impl.obj
 0002:000013e8       ?Function@?1??InitializeSListHeadWrapper@@9@4@4Q6GXPAT_SLIST_HEADER@@@ZA 1001a3e8     vc_crt_fix_impl.obj
 0002:000013ec       ?$S6@?1??InitializeSListHeadWrapper@@9@4@4IA 1001a3ec     vc_crt_fix_impl.obj
 0002:000013f0       ?Function@?1??InterlockedFlushSListWrapper@@9@4@4Q6GPAU_SINGLE_LIST_ENTRY@@PAT_SLIST_HEADER@@@ZA 1001a3f0     vc_crt_fix_impl.obj
 0002:000013f4       ?$S7@?1??InterlockedFlushSListWrapper@@9@4@4IA 1001a3f4     vc_crt_fix_impl.obj
 0002:000013f8       ?Function@?1??InterlockedPopEntrySListWrapper@@9@4@4Q6GPAU_SINGLE_LIST_ENTRY@@PAT_SLIST_HEADER@@@ZA 1001a3f8     vc_crt_fix_impl.obj
 0002:000013fc       ?$S8@?1??InterlockedPopEntrySListWrapper@@9@4@4IA 1001a3fc     vc_crt_fix_impl.obj
 0002:00001400       ?Function@?1??InterlockedPushEntrySListWrapper@@9@8@4Q6GPAU_SINGLE_LIST_ENTRY@@PAT_SLIST_HEADER@@PAU2@@ZA 1001a400     vc_crt_fix_impl.obj
 0002:00001404       ?$S9@?1??InterlockedPushEntrySListWrapper@@9@8@4IA 1001a404     vc_crt_fix_impl.obj
 0002:00001408       ?Function@?1??InterlockedPushListSListExWrapper@@9@16@4Q6GPAU_SINGLE_LIST_ENTRY@@PAT_SLIST_HEADER@@PAU2@1K@ZA 1001a408     vc_crt_fix_impl.obj
 0002:0000140c       ?$S10@?1??InterlockedPushListSListExWrapper@@9@16@4IA 1001a40c     vc_crt_fix_impl.obj
 0002:00001410       ?Function@?1??RtlFirstEntrySListWrapper@@9@4@4Q6GPAU_SINGLE_LIST_ENTRY@@PAT_SLIST_HEADER@@@ZA 1001a410     vc_crt_fix_impl.obj
 0002:00001414       ?$S11@?1??RtlFirstEntrySListWrapper@@9@4@4IA 1001a414     vc_crt_fix_impl.obj
 0002:00001418       ?Function@?1??QueryDepthSListWrapper@@9@4@4Q6GGPAT_SLIST_HEADER@@@ZA 1001a418     vc_crt_fix_impl.obj
 0002:0000141c       ?$S12@?1??QueryDepthSListWrapper@@9@4@4IA 1001a41c     vc_crt_fix_impl.obj
 0002:00001420       ?Function@?1??GetNumaHighestNodeNumberWrapper@@9@4@4Q6GHPAK@ZA 1001a420     vc_crt_fix_impl.obj
 0002:00001424       ?$S13@?1??GetNumaHighestNodeNumberWrapper@@9@4@4IA 1001a424     vc_crt_fix_impl.obj
 0002:00001428       ?Function@?1??GetLogicalProcessorInformationWrapper@@9@8@4Q6GHPAU_SYSTEM_LOGICAL_PROCESSOR_INFORMATION@@PAK@ZA 1001a428     vc_crt_fix_impl.obj
 0002:0000142c       ?$S14@?1??GetLogicalProcessorInformationWrapper@@9@8@4IA 1001a42c     vc_crt_fix_impl.obj
 0002:00001430       ?Function@?1??SetThreadStackGuaranteeWrapper@@9@4@4Q6GHPAK@ZA 1001a430     vc_crt_fix_impl.obj
 0002:00001434       ?$S15@?1??SetThreadStackGuaranteeWrapper@@9@4@4IA 1001a434     vc_crt_fix_impl.obj
 0002:00001440       ?is_initialized_as_dll@@3_NA 1001a440     LIBCMT:utility.obj
 0002:00001441       ?module_local_atexit_table_initialized@@3_NA 1001a441     LIBCMT:utility.obj
 0002:00001444       ?module_local_atexit_table@@3U_onexit_table_t@@A 1001a444     LIBCMT:utility.obj
 0002:00001450       ?module_local_at_quick_exit_table@@3U_onexit_table_t@@A 1001a450     LIBCMT:utility.obj
 0002:0000145c       ?__proc_attached@@3HA      1001a45c     LIBCMT:dll_dllmain.obj
 0002:00001488       _GS_ExceptionRecord        1001a488     LIBCMT:gs_report.obj
 0002:000014d8       _GS_ContextRecord          1001a4d8     LIBCMT:gs_report.obj
 0002:000017ac       ?__vcrt_startup_thread_ptd@@3U__vcrt_ptd@@A 1001a7ac     libvcruntime:per_thread_data.obj
 0002:000017d4       ___vcrt_lock_table         1001a7d4     libvcruntime:locks.obj
 0002:000017ec       ___vcrt_locks_initialized  1001a7ec     libvcruntime:locks.obj
 0002:00001818       ?heap@@3V_HeapManager@@A   1001a818     libvcruntime:undname.obj
 0002:0000182c       ?module_handles@@3PAPAUHINSTANCE__@@A 1001a82c     libvcruntime:winapi_downlevel.obj
 0002:00001838       ?function_pointers@@3PAPAXA 1001a838     libvcruntime:winapi_downlevel.obj
 0002:0000184c       ?__acrt_new_handler@@3V?$dual_state_global@P6AHI@Z@__crt_state_management@@A 1001a84c     libucrt:new_handler.obj
 0002:00001850       ?c_termination_complete@@3JA 1001a850     libucrt:exit.obj
 0002:00001854       ?thread_local_exit_callback_func@@3P6GXPAXK0@ZA 1001a854     libucrt:exit.obj
 0002:00001860       ?program_name@?1???$common_configure_argv@D@@YAHW4_crt_argv_mode@@@Z@4PADA 1001a860     libucrt:argv_parsing.obj
 0002:00001990       ?__acrt_lock_table@@3PAU_RTL_CRITICAL_SECTION@@A 1001a990     libucrt:locks.obj
 0002:00001ae0       ?__acrt_locks_initialized@@3IA 1001aae0     libucrt:locks.obj
 0002:00001ae4       ?__acrt_invalid_parameter_handler@@3V?$dual_state_global@P6AXPB_W00II@Z@__crt_state_management@@A 1001aae4     libucrt:invalid_parameter.obj
 0002:00001af4       ?fSystemSet@@3HA           1001aaf4     libucrt:mbctype.obj
 0002:00001af8       ?initialized@?1??__acrt_initialize_multibyte@@9@4_NA 1001aaf8     libucrt:mbctype.obj
 0002:00001b18       ?module_handles@@3PAPAUHINSTANCE__@@A 1001ab18     libucrt:winapi_thunks.obj
 0002:00001b68       ?encoded_function_pointers@@3PAPAXA 1001ab68     libucrt:winapi_thunks.obj
 0002:00001dfc       ?ctrlc_action@@3V?$dual_state_global@P6AXH@Z@__crt_state_management@@A 1001adfc     libucrt:signal.obj
 0002:00001e00       ?ctrlbreak_action@@3V?$dual_state_global@P6AXH@Z@__crt_state_management@@A 1001ae00     libucrt:signal.obj
 0002:00001e04       ?abort_action@@3V?$dual_state_global@P6AXH@Z@__crt_state_management@@A 1001ae04     libucrt:signal.obj
 0002:00001e08       ?term_action@@3V?$dual_state_global@P6AXH@Z@__crt_state_management@@A 1001ae08     libucrt:signal.obj
 0002:00001e0c       ?user_matherr@@3V?$dual_state_global@P6AHPAU_exception@@@Z@__crt_state_management@@A 1001ae0c     libucrt:matherr.obj
 0002:00001e24       ?internal_state@?1??_mbtowc_l@@9@4U_Mbstatet@@A 1001ae24     libucrt:mbtowc.obj
 0002:00001e30       ?__acrt_global_new_mode@@3V?$dual_state_global@J@__crt_state_management@@A 1001ae30     libucrt:new_mode.obj
 0002:00001e3c       ?__acrt_app_type@@3W4_crt_app_type@@A 1001ae3c     libucrt:report_runtime_error.obj
 0002:00001e40       ?internal_pst@?1??__mbrtoc32_utf8@__crt_mbstring@@YAIPA_UPBDIPAU_Mbstatet@@@Z@4U3@A 1001ae40     libucrt:mbrtoc32.obj
 0002:00001e4c       __pmatherr_set             1001ae4c     libucrt:libm_error.obj
 0003:000005e6       .idata$6                   1001b5e6     kernel32:KERNEL32.dll
 0003:00000604       .idata$6                   1001b604     advapi32:ADVAPI32.dll
 0003:00000622       .idata$6                   1001b622     shell32:SHELL32.dll
 0004:00000060       $R000000                   1001c060     TmpPanel.res
