 Brackets

 Timestamp is 5f5c3ce3 (Sat Sep 12 04:13:39 2020)

 Preferred load address is 10000000

 Start         Length     Name                   Class
 0001:00000000 00000004H .CRT$XCA                CODE
 0001:00000004 00000004H .CRT$XCZ                CODE
 0001:00000008 00000004H .CRT$XIA                CODE
 0001:0000000c 0000000cH .CRT$XIC                CODE
 0001:00000018 00000004H .CRT$XIZ                CODE
 0001:0000001c 00000004H .CRT$XPA                CODE
 0001:00000020 00000008H .CRT$XPX                CODE
 0001:00000028 00000004H .CRT$XPXA               CODE
 0001:0000002c 00000004H .CRT$XPZ                CODE
 0001:00000030 00000004H .CRT$XTA                CODE
 0001:00000034 0000000cH .CRT$XTZ                CODE
 0001:00000038 00000000H .gfids$y                CODE
 0001:00000040 00004f94H .rdata                  CODE
 0001:00004fd4 0000012cH .rdata$r                CODE
 0001:00005100 0000000cH .rdata$sxdata           CODE
 0001:0000510c 0000029cH .rdata$zzzdbg           CODE
 0001:000053a8 00000004H .rtc$IAA                CODE
 0001:000053ac 00000004H .rtc$IZZ                CODE
 0001:000053b0 00000004H .rtc$TAA                CODE
 0001:000053b4 0000000cH .rtc$TZZ                CODE
 0001:000053c0 0000d8e0H .text$mn                CODE
 0001:00012c9f 00000000H .text$x                 CODE
 0001:00012ca0 00000040H .text$yd                CODE
 0001:00012ce0 00000480H .xdata$x                CODE
 0001:00013160 000000a6H .edata                  CODE
 0002:00000000 000008b0H .data                   DATA
 0002:000008b0 00000078H .data$r                 DATA
 0002:00000928 00000c10H .bss                    DATA
 0003:00000000 0000011cH .idata$5                DATA
 0003:0000011c 00000004H .00cfg                  DATA
 0003:00000120 00000028H .idata$2                DATA
 0003:00000148 00000014H .idata$3                DATA
 0003:0000015c 0000011cH .idata$4                DATA
 0003:00000278 000004faH .idata$6                DATA
 0004:00000000 00000060H .rsrc$01                DATA
 0004:00000060 00000380H .rsrc$02                DATA

  Address         Publics by Value              Rva+Base       Lib:Object

 0000:00000000       ___dynamic_value_reloc_table 00000000     <absolute>
 0000:00000000       ___guard_iat_count         00000000     <absolute>
 0000:00000000       __except_list              00000000     <absolute>
 0000:00000000       ___guard_fids_count        00000000     <absolute>
 0000:00000000       ___guard_longjmp_table     00000000     <absolute>
 0000:00000000       ___hybrid_code_map_count   00000000     <absolute>
 0000:00000000       ___hybrid_auxiliary_iat    00000000     <absolute>
 0000:00000000       ___guard_longjmp_count     00000000     <absolute>
 0000:00000000       ___guard_fids_table        00000000     <absolute>
 0000:00000000       ___volatile_metadata       00000000     <absolute>
 0000:00000000       ___guard_iat_table         00000000     <absolute>
 0000:00000000       ___AbsoluteZero            00000000     <absolute>
 0000:00000000       ___enclave_config          00000000     <absolute>
 0000:00000000       ___hybrid_code_map         00000000     <absolute>
 0000:00000003       ___safe_se_handler_count   00000003     <absolute>
 0000:00000100       ___guard_flags             00000100     <absolute>
 0000:00000000       ___ImageBase               10000000     <linker-defined>
 0001:00000000       ___xc_a                    10001000     LIBCMT:initializers.obj
 0001:00000004       ___xc_z                    10001004     LIBCMT:initializers.obj
 0001:00000008       ___xi_a                    10001008     LIBCMT:initializers.obj
 0001:0000000c       ___acrt_multibyte_initializer 1000100c     libucrt:multibyte_initializer.obj
 0001:00000010       ___acrt_stdio_initializer  10001010     libucrt:stdio_initializer.obj
 0001:00000014       ___acrt_tran_sse2_initializer 10001014     libucrt:sse2_initializer.obj
 0001:00000018       ___xi_z                    10001018     LIBCMT:initializers.obj
 0001:0000001c       ___xp_a                    1000101c     LIBCMT:initializers.obj
 0001:00000020       ___acrt_locale_terminator  10001020     libucrt:locale_initializer.obj
 0001:00000024       ___dcrt_console_output_terminator 10001024     libucrt:console_output_initializer.obj
 0001:00000028       ___acrt_stdio_terminator   10001028     libucrt:stdio_initializer.obj
 0001:0000002c       ___xp_z                    1000102c     LIBCMT:initializers.obj
 0001:00000030       ___xt_a                    10001030     LIBCMT:initializers.obj
 0001:00000034       ___xt_z                    10001034     LIBCMT:initializers.obj
 0001:00000040       _MainGuid                  10001040     Brackets.obj
 0001:00000050       _MenuGuid                  10001050     Brackets.obj
 0001:00000060       _DialogGuid                10001060     Brackets.obj
 0001:00000070       ??_7PluginCheckBoxBinding@@6B@ 10001070     Brackets.obj
 0001:00000078       ??_7PluginEditFieldBinding@@6B@ 10001078     Brackets.obj
 0001:00000080       ??_C@_11LOCGONAA@@         10001080     Brackets.obj
 0001:00000084       ??_C@_1BC@GJFAHMHB@?$AAB?$AAr?$AAa?$AAc?$AAk?$AAe?$AAt?$AAs@ 10001084     Brackets.obj
 0001:00000098       ??_C@_1EE@CJLEEDHO@?$AAB?$AAr?$AAa?$AAc?$AAk?$AAe?$AAt?$AAs?$AA?5?$AAm?$AAa?$AAt?$AAc?$AAh?$AAi@ 10001098     Brackets.obj
 0001:000000dc       ??_C@_1DE@BGKMIKPD@?$AAE?$AAu?$AAg?$AAe?$AAn?$AAe?$AA?5?$AAR?$AAo?$AAs?$AAh?$AAa?$AAl?$AA?5?$AA?$CG@ 100010dc     Brackets.obj
 0001:00000110       ??_C@_1BK@LFBLPBJM@?$AAI?$AAg?$AAn?$AAo?$AAr?$AAe?$AAQ?$AAu?$AAo?$AAt?$AAe?$AAs@ 10001110     Brackets.obj
 0001:0000012c       ??_C@_1BI@LPBIFPPH@?$AAI?$AAg?$AAn?$AAo?$AAr?$AAe?$AAA?$AAf?$AAt?$AAe?$AAr@ 1000112c     Brackets.obj
 0001:00000144       ??_C@_1BK@LJLNAEDP@?$AAB?$AAr?$AAa?$AAc?$AAk?$AAe?$AAt?$AAP?$AAr?$AAi?$AAo?$AAr@ 10001144     Brackets.obj
 0001:00000160       ??_C@_1BG@KDMBKMK@?$AAJ?$AAu?$AAm?$AAp?$AAT?$AAo?$AAP?$AAa?$AAi?$AAr@ 10001160     Brackets.obj
 0001:00000178       ??_C@_19CNDHNALO@?$AAB?$AAe?$AAe?$AAp@ 10001178     Brackets.obj
 0001:00000184       ??_C@_1BG@KHOAFHB@?$AA?8?$AA?8?$AA?$CC?$AA?$CC?$AA?$GA?$AA?8?$AA?$GA?$AA?$GA?$AA?$BO?$AA?$BN@ 10001184     Brackets.obj
 0001:0000019c       ??_C@_1BG@ICHMEPOB@?$AAQ?$AAu?$AAo?$AAt?$AAe?$AAs?$AAT?$AAy?$AAp?$AAe@ 1000119c     Brackets.obj
 0001:000001b4       ??_C@_1CC@FLEKOJBB@?$AA?$DM?$AA?$DO?$AA?$HL?$AA?$HN?$AA?$FL?$AA?$FN?$AA?$CI?$AA?$CJ?$AA?$CC?$AA?$CC?$AA?8?$AA?8?$AA?$CF?$AA?$CF?$PP?$KL@ 100011b4     Brackets.obj
 0001:000001d8       ??_C@_1BE@CHAAIDDE@?$AAB?$AAr?$AAa?$AAc?$AAk?$AAe?$AAt?$AAs?$AA1@ 100011d8     Brackets.obj
 0001:000001ec       ??_C@_1BK@EKFLELHE@?$AA?1?$AA?$CK?$AA?$CK?$AA?1?$AA?$DM?$AA?$DP?$AA?$DP?$AA?$DO?$AA?$DM?$AA?$CF?$AA?$CF?$AA?$DO@ 100011ec     Brackets.obj
 0001:00000208       ??_C@_1BE@DFLFCMNK@?$AAB?$AAr?$AAa?$AAc?$AAk?$AAe?$AAt?$AAs?$AA2@ 10001208     Brackets.obj
 0001:0000021c       ??_C@_19MGMPFFIA@?$AAF?$AAi?$AAn?$AAd@ 1000121c     Brackets.obj
 0001:00000228       ??_C@_1O@MDCABJAO@?$AAD?$AAi?$AAr?$AAe?$AAc?$AAt@ 10001228     Brackets.obj
 0001:00000238       ??_C@_1BE@LCCGEFEM@?$AAS?$AAE?$AAA?$AAR?$AAC?$AAH?$AAF?$AAW?$AAD@ 10001238     Brackets.obj
 0001:0000024c       ??_C@_1BG@LIFFHAGC@?$AAS?$AAE?$AAA?$AAR?$AAC?$AAH?$AAB?$AAA?$AAC?$AAK@ 1000124c     Brackets.obj
 0001:00000264       ??_C@_1BE@IFIBPANP@?$AAS?$AAE?$AAL?$AAE?$AAC?$AAT?$AAF?$AAW?$AAD@ 10001264     Brackets.obj
 0001:00000278       ??_C@_1BG@FJDCNJBP@?$AAS?$AAE?$AAL?$AAE?$AAC?$AAT?$AAB?$AAA?$AAC?$AAK@ 10001278     Brackets.obj
 0001:00000290       ??_C@_1O@BAHOLLMK@?$AAC?$AAO?$AAN?$AAF?$AAI?$AAG@ 10001290     Brackets.obj
 0001:000002a0       __imp__EncodePointer@4     100012a0     vc_crt_fix.obj
 0001:000002a4       __imp__DecodePointer@4     100012a4     vc_crt_fix.obj
 0001:000002a8       __imp__GetModuleHandleExW@12 100012a8     vc_crt_fix.obj
 0001:000002ac       __imp__InitializeSListHead@4 100012ac     vc_crt_fix.obj
 0001:000002b0       __imp__InterlockedFlushSList@4 100012b0     vc_crt_fix.obj
 0001:000002b4       __imp__InterlockedPopEntrySList@4 100012b4     vc_crt_fix.obj
 0001:000002b8       __imp__InterlockedPushEntrySList@8 100012b8     vc_crt_fix.obj
 0001:000002bc       __imp__InterlockedPushListSListEx@16 100012bc     vc_crt_fix.obj
 0001:000002c0       __imp__RtlFirstEntrySList@4 100012c0     vc_crt_fix.obj
 0001:000002c4       __imp__QueryDepthSList@4   100012c4     vc_crt_fix.obj
 0001:000002c8       __imp__GetNumaHighestNodeNumber@4 100012c8     vc_crt_fix.obj
 0001:000002cc       __imp__GetLogicalProcessorInformation@8 100012cc     vc_crt_fix.obj
 0001:000002d0       __imp__SetThreadStackGuarantee@4 100012d0     vc_crt_fix.obj
 0001:000002f4       ??_C@_0O@NLDKAIKN@EncodePointer@ 100012f4     vc_crt_fix_impl.obj
 0001:00000304       ??_C@_0O@KBPMFGHI@DecodePointer@ 10001304     vc_crt_fix_impl.obj
 0001:00000314       ??_C@_0BD@GIGEJCNH@GetModuleHandleExW@ 10001314     vc_crt_fix_impl.obj
 0001:00000328       ??_C@_0BE@NBEJPEJA@InitializeSListHead@ 10001328     vc_crt_fix_impl.obj
 0001:0000033c       ??_C@_0BG@PLLPFLHB@InterlockedFlushSList@ 1000133c     vc_crt_fix_impl.obj
 0001:00000354       ??_C@_0BJ@PNEEKDOK@InterlockedPopEntrySList@ 10001354     vc_crt_fix_impl.obj
 0001:00000370       ??_C@_0BK@JFGGAIOA@InterlockedPushEntrySList@ 10001370     vc_crt_fix_impl.obj
 0001:0000038c       ??_C@_0BL@FOECAEGO@InterlockedPushListSListEx@ 1000138c     vc_crt_fix_impl.obj
 0001:000003a8       ??_C@_0BD@FHMMIGCI@RtlFirstEntrySList@ 100013a8     vc_crt_fix_impl.obj
 0001:000003bc       ??_C@_0BA@FGPHPMJB@QueryDepthSList@ 100013bc     vc_crt_fix_impl.obj
 0001:000003cc       ??_C@_0BJ@NLNFLAMA@GetNumaHighestNodeNumber@ 100013cc     vc_crt_fix_impl.obj
 0001:000003e8       ??_C@_0BP@KHGALBC@GetLogicalProcessorInformation@ 100013e8     vc_crt_fix_impl.obj
 0001:00000408       ??_C@_0BI@BKLFFAPO@SetThreadStackGuarantee@ 10001408     vc_crt_fix_impl.obj
 0001:0000042c       __pDefaultRawDllMain       1000142c     LIBCMT:dll_dllmain.obj
 0001:0000042c       __pRawDllMain              1000142c     LIBCMT:dll_dllmain.obj
 0001:00000434       ??_7exception@std@@6B@     10001434     LIBCMT:throw_bad_alloc.obj
 0001:0000043c       ??_C@_0BC@EOODALEL@Unknown?5exception@ 1000143c     LIBCMT:throw_bad_alloc.obj
 0001:00000454       ??_7bad_alloc@std@@6B@     10001454     LIBCMT:throw_bad_alloc.obj
 0001:0000045c       ??_C@_0P@GHFPNOJB@bad?5allocation@ 1000145c     LIBCMT:throw_bad_alloc.obj
 0001:00000470       ??_7bad_array_new_length@std@@6B@ 10001470     LIBCMT:throw_bad_alloc.obj
 0001:00000478       ??_C@_0BF@KINCDENJ@bad?5array?5new?5length@ 10001478     LIBCMT:throw_bad_alloc.obj
 0001:00000494       ??_7type_info@@6B@         10001494     LIBCMT:std_type_info_static.obj
 0001:000004a0       __pDestructExceptionObject 100014a0     libvcruntime:ehhelpers.obj
 0001:00000828       ??_C@_08EHJDFFNH@__based?$CI@ 10001828     libvcruntime:undname.obj
 0001:00000834       ??_C@_07KOLFKCDI@__cdecl@  10001834     libvcruntime:undname.obj
 0001:0000083c       ??_C@_08GHMPAG@__pascal@   1000183c     libvcruntime:undname.obj
 0001:00000848       ??_C@_09IFJBGAPI@__stdcall@ 10001848     libvcruntime:undname.obj
 0001:00000854       ??_C@_0L@NPHFGOKO@__thiscall@ 10001854     libvcruntime:undname.obj
 0001:00000860       ??_C@_0L@JMKHOMEK@__fastcall@ 10001860     libvcruntime:undname.obj
 0001:0000086c       ??_C@_0N@BCKKPABJ@__vectorcall@ 1000186c     libvcruntime:undname.obj
 0001:0000087c       ??_C@_09HIJEGCPM@__clrcall@ 1000187c     libvcruntime:undname.obj
 0001:00000888       ??_C@_06GHPCKEAG@__eabi@   10001888     libvcruntime:undname.obj
 0001:00000890       ??_C@_09IOPIDJLG@__swift_1@ 10001890     libvcruntime:undname.obj
 0001:0000089c       ??_C@_09KFNFGKHF@__swift_2@ 1000189c     libvcruntime:undname.obj
 0001:000008a8       ??_C@_07JOMMBBKO@__ptr64@  100018a8     libvcruntime:undname.obj
 0001:000008b0       ??_C@_0L@PILCLIHE@__restrict@ 100018b0     libvcruntime:undname.obj
 0001:000008bc       ??_C@_0M@GFIIJFMG@__unaligned@ 100018bc     libvcruntime:undname.obj
 0001:000008c8       ??_C@_09DHDLOLLB@restrict?$CI@ 100018c8     libvcruntime:undname.obj
 0001:000008d2       ??_C@_00CNPNBAHC@@         100018d2     libvcruntime:undname.obj
 0001:000008d4       ??_C@_04NIHEBCM@?5new@     100018d4     libvcruntime:undname.obj
 0001:000008dc       ??_C@_07FPCDHGMM@?5delete@ 100018dc     libvcruntime:undname.obj
 0001:000008e4       ??_C@_01NEMOKFLO@?$DN@     100018e4     libvcruntime:undname.obj
 0001:000008e8       ??_C@_02GPIOPFAK@?$DO?$DO@ 100018e8     libvcruntime:undname.obj
 0001:000008ec       ??_C@_02FODMEDOG@?$DM?$DM@ 100018ec     libvcruntime:undname.obj
 0001:000008f0       ??_C@_01DCLJPIOD@?$CB@     100018f0     libvcruntime:undname.obj
 0001:000008f4       ??_C@_02EGOFBIJA@?$DN?$DN@ 100018f4     libvcruntime:undname.obj
 0001:000008f8       ??_C@_02FDNJECIE@?$CB?$DN@ 100018f8     libvcruntime:undname.obj
 0001:000008fc       ??_C@_02GPECMEKF@?$FL?$FN@ 100018fc     libvcruntime:undname.obj
 0001:00000900       ??_C@_08LHJFAFGD@operator@ 10001900     libvcruntime:undname.obj
 0001:0000090c       ??_C@_02HBOOOICD@?9?$DO@   1000190c     libvcruntime:undname.obj
 0001:00000910       ??_C@_01NBENCBCI@?$CK@     10001910     libvcruntime:undname.obj
 0001:00000914       ??_C@_02ECNGHCIF@?$CL?$CL@ 10001914     libvcruntime:undname.obj
 0001:00000918       ??_C@_02BAABKJLB@?9?9@     10001918     libvcruntime:undname.obj
 0001:0000091c       ??_C@_01JOAMLHOP@?9@       1000191c     libvcruntime:undname.obj
 0001:00000920       ??_C@_01MIFGBAGJ@?$CL@     10001920     libvcruntime:undname.obj
 0001:00000924       ??_C@_01HNPIGOCE@?$CG@     10001924     libvcruntime:undname.obj
 0001:00000928       ??_C@_03MNHNFDLC@?9?$DO?$CK@ 10001928     libvcruntime:undname.obj
 0001:0000092c       ??_C@_01KMDKNFGN@?1@       1000192c     libvcruntime:undname.obj
 0001:00000930       ??_C@_01FGNFDNOH@?$CF@     10001930     libvcruntime:undname.obj
 0001:00000934       ??_C@_01MNNFJEPP@?$DM@     10001934     libvcruntime:undname.obj
 0001:00000938       ??_C@_02EHCHHCKH@?$DM?$DN@ 10001938     libvcruntime:undname.obj
 0001:0000093c       ??_C@_01PPODPGHN@?$DO@     1000193c     libvcruntime:undname.obj
 0001:00000940       ??_C@_02EEKDKGMJ@?$DO?$DN@ 10001940     libvcruntime:undname.obj
 0001:00000944       ??_C@_01IHBHIGKO@?0@       10001944     libvcruntime:undname.obj
 0001:00000948       ??_C@_02HCKGKOFO@?$CI?$CJ@ 10001948     libvcruntime:undname.obj
 0001:0000094c       ??_C@_01PJKLJHI@?$HO@      1000194c     libvcruntime:undname.obj
 0001:00000950       ??_C@_01JKBOJNNK@?$FO@     10001950     libvcruntime:undname.obj
 0001:00000954       ??_C@_01DNKMNLPK@?$HM@     10001954     libvcruntime:undname.obj
 0001:00000958       ??_C@_02PPKAJPJL@?$CG?$CG@ 10001958     libvcruntime:undname.obj
 0001:0000095c       ??_C@_02NONPIBCD@?$HM?$HM@ 1000195c     libvcruntime:undname.obj
 0001:00000960       ??_C@_02FPIMKNGF@?$CK?$DN@ 10001960     libvcruntime:undname.obj
 0001:00000964       ??_C@_02FOEOMHFC@?$CL?$DN@ 10001964     libvcruntime:undname.obj
 0001:00000968       ??_C@_02FKMDLLOA@?9?$DN@   10001968     libvcruntime:undname.obj
 0001:0000096c       ??_C@_02FJEHGPIO@?1?$DN@   1000196c     libvcruntime:undname.obj
 0001:00000970       ??_C@_02FENAOKFI@?$CF?$DN@ 10001970     libvcruntime:undname.obj
 0001:00000974       ??_C@_03IKFCCPFF@?$DO?$DO?$DN@ 10001974     libvcruntime:undname.obj
 0001:00000978       ??_C@_03CDNPDDLA@?$DM?$DM?$DN@ 10001978     libvcruntime:undname.obj
 0001:0000097c       ??_C@_02FGJGFEAB@?$CG?$DN@ 1000197c     libvcruntime:undname.obj
 0001:00000980       ??_C@_02DHLNPPGH@?$HM?$DN@ 10001980     libvcruntime:undname.obj
 0001:00000984       ??_C@_02MHEGNOJ@?$FO?$DN@  10001984     libvcruntime:undname.obj
 0001:00000988       ??_C@_09IFPLHPGF@?$GAvftable?8@ 10001988     libvcruntime:undname.obj
 0001:00000994       ??_C@_09BLBHBJP@?$GAvbtable?8@ 10001994     libvcruntime:undname.obj
 0001:000009a0       ??_C@_07FEEIOKP@?$GAvcall?8@ 100019a0     libvcruntime:undname.obj
 0001:000009a8       ??_C@_08LLFFHHDJ@?$GAtypeof?8@ 100019a8     libvcruntime:undname.obj
 0001:000009b4       ??_C@_0BF@KDPPACIK@?$GAlocal?5static?5guard?8@ 100019b4     libvcruntime:undname.obj
 0001:000009cc       ??_C@_08OBABFOLI@?$GAstring?8@ 100019cc     libvcruntime:undname.obj
 0001:000009d8       ??_C@_0BD@JDLKDPAB@?$GAvbase?5destructor?8@ 100019d8     libvcruntime:undname.obj
 0001:000009ec       ??_C@_0BN@DEGPLNFK@?$GAvector?5deleting?5destructor?8@ 100019ec     libvcruntime:undname.obj
 0001:00000a0c       ??_C@_0BO@OBMKPJIG@?$GAdefault?5constructor?5closure?8@ 10001a0c     libvcruntime:undname.obj
 0001:00000a2c       ??_C@_0BN@IMDCHIKM@?$GAscalar?5deleting?5destructor?8@ 10001a2c     libvcruntime:undname.obj
 0001:00000a4c       ??_C@_0BO@PFGOCPJJ@?$GAvector?5constructor?5iterator?8@ 10001a4c     libvcruntime:undname.obj
 0001:00000a6c       ??_C@_0BN@LFPFMEDL@?$GAvector?5destructor?5iterator?8@ 10001a6c     libvcruntime:undname.obj
 0001:00000a8c       ??_C@_0CE@IKBNEHA@?$GAvector?5vbase?5constructor?5itera@ 10001a8c     libvcruntime:undname.obj
 0001:00000ab0       ??_C@_0BL@NILFHHPC@?$GAvirtual?5displacement?5map?8@ 10001ab0     libvcruntime:undname.obj
 0001:00000acc       ??_C@_0CB@JONCMFFK@?$GAeh?5vector?5constructor?5iterator@ 10001acc     libvcruntime:undname.obj
 0001:00000af0       ??_C@_0CA@GCEOPDGL@?$GAeh?5vector?5destructor?5iterator?8@ 10001af0     libvcruntime:undname.obj
 0001:00000b10       ??_C@_0CH@OOJPLCPH@?$GAeh?5vector?5vbase?5constructor?5it@ 10001b10     libvcruntime:undname.obj
 0001:00000b38       ??_C@_0BL@LLKPOHJI@?$GAcopy?5constructor?5closure?8@ 10001b38     libvcruntime:undname.obj
 0001:00000b54       ??_C@_0BA@KBCDOMBN@?$GAudt?5returning?8@ 10001b54     libvcruntime:undname.obj
 0001:00000b64       ??_C@_03KLGMFNMG@?$GAEH@   10001b64     libvcruntime:undname.obj
 0001:00000b68       ??_C@_05KHLCHHI@?$GARTTI@  10001b68     libvcruntime:undname.obj
 0001:00000b70       ??_C@_0BA@KKLDJDLB@?$GAlocal?5vftable?8@ 10001b70     libvcruntime:undname.obj
 0001:00000b80       ??_C@_0CE@IIHCMGGL@?$GAlocal?5vftable?5constructor?5clos@ 10001b80     libvcruntime:undname.obj
 0001:00000ba4       ??_C@_06FHBGPFGH@?5new?$FL?$FN@ 10001ba4     libvcruntime:undname.obj
 0001:00000bac       ??_C@_09LBNFPBCA@?5delete?$FL?$FN@ 10001bac     libvcruntime:undname.obj
 0001:00000bb8       ??_C@_0P@HJKNJFNN@?$GAomni?5callsig?8@ 10001bb8     libvcruntime:undname.obj
 0001:00000bc8       ??_C@_0BL@CNOONJFP@?$GAplacement?5delete?5closure?8@ 10001bc8     libvcruntime:undname.obj
 0001:00000be4       ??_C@_0BN@CKNJLHMB@?$GAplacement?5delete?$FL?$FN?5closure?8@ 10001be4     libvcruntime:undname.obj
 0001:00000c04       ??_C@_0CG@CFDHKGGD@?$GAmanaged?5vector?5constructor?5ite@ 10001c04     libvcruntime:undname.obj
 0001:00000c2c       ??_C@_0CF@IMGKMJNO@?$GAmanaged?5vector?5destructor?5iter@ 10001c2c     libvcruntime:undname.obj
 0001:00000c54       ??_C@_0CG@HLDDJMAG@?$GAeh?5vector?5copy?5constructor?5ite@ 10001c54     libvcruntime:undname.obj
 0001:00000c7c       ??_C@_0CM@FCBBDIGB@?$GAeh?5vector?5vbase?5copy?5construct@ 10001c7c     libvcruntime:undname.obj
 0001:00000ca8       ??_C@_0BL@CLIPGLGB@?$GAdynamic?5initializer?5for?5?8@ 10001ca8     libvcruntime:undname.obj
 0001:00000cc4       ??_C@_0CB@PDBIFEP@?$GAdynamic?5atexit?5destructor?5for?5@ 10001cc4     libvcruntime:undname.obj
 0001:00000ce8       ??_C@_0CD@CGAJBKEJ@?$GAvector?5copy?5constructor?5iterat@ 10001ce8     libvcruntime:undname.obj
 0001:00000d0c       ??_C@_0CJ@GJELGAMM@?$GAvector?5vbase?5copy?5constructor?5@ 10001d0c     libvcruntime:undname.obj
 0001:00000d38       ??_C@_0CL@FGIJHLCE@?$GAmanaged?5vector?5copy?5constructo@ 10001d38     libvcruntime:undname.obj
 0001:00000d64       ??_C@_0BM@PMGGMLDN@?$GAlocal?5static?5thread?5guard?8@ 10001d64     libvcruntime:undname.obj
 0001:00000d80       ??_C@_0N@BDNMDMOL@operator?5?$CC?$CC?5@ 10001d80     libvcruntime:undname.obj
 0001:00000d90       ??_C@_0BC@GGEBGALA@operator?5co_await@ 10001d90     libvcruntime:undname.obj
 0001:00000da4       ??_C@_0M@GAAIMMOH@operator?$DM?$DN?$DO@ 10001da4     libvcruntime:undname.obj
 0001:00000db0       ??_C@_0BC@DAFEJGAK@?5Type?5Descriptor?8@ 10001db0     libvcruntime:undname.obj
 0001:00000dc4       ??_C@_0BM@LDKODKLH@?5Base?5Class?5Descriptor?5at?5?$CI@ 10001dc4     libvcruntime:undname.obj
 0001:00000de0       ??_C@_0BD@LGICGFMM@?5Base?5Class?5Array?8@ 10001de0     libvcruntime:undname.obj
 0001:00000df4       ??_C@_0BN@MECKDCOJ@?5Class?5Hierarchy?5Descriptor?8@ 10001df4     libvcruntime:undname.obj
 0001:00000e14       ??_C@_0BK@CFCOFLF@?5Complete?5Object?5Locator?8@ 10001e14     libvcruntime:undname.obj
 0001:00000e30       ??_C@_0BG@JNJLAMPM@?$GAanonymous?5namespace?8@ 10001e30     libvcruntime:undname.obj
 0001:00000e54       ??_C@_1DM@KHCHBNEB@?$AAa?$AAp?$AAi?$AA?9?$AAm?$AAs?$AA?9?$AAw?$AAi?$AAn?$AA?9?$AAc?$AAo?$AAr?$AAe@ 10001e54     libvcruntime:winapi_downlevel.obj
 0001:00000e90       ??_C@_1DK@LPPGFMPP@?$AAa?$AAp?$AAi?$AA?9?$AAm?$AAs?$AA?9?$AAw?$AAi?$AAn?$AA?9?$AAc?$AAo?$AAr?$AAe@ 10001e90     libvcruntime:winapi_downlevel.obj
 0001:00000ecc       ??_C@_1BC@GDMECMAK@?$AAk?$AAe?$AAr?$AAn?$AAe?$AAl?$AA3?$AA2@ 10001ecc     libvcruntime:winapi_downlevel.obj
 0001:00000ee0       ??_C@_1BA@PFFKHIOG@?$AAa?$AAp?$AAi?$AA?9?$AAm?$AAs?$AA?9@ 10001ee0     libvcruntime:winapi_downlevel.obj
 0001:00000ef8       ??_C@_08KNHFBNJ@FlsAlloc@  10001ef8     libvcruntime:winapi_downlevel.obj
 0001:00000f0c       ??_C@_07PEJMOBNF@FlsFree@  10001f0c     libvcruntime:winapi_downlevel.obj
 0001:00000f1c       ??_C@_0M@GDNOONDI@FlsGetValue@ 10001f1c     libvcruntime:winapi_downlevel.obj
 0001:00000f30       ??_C@_0M@JCPCPOEF@FlsSetValue@ 10001f30     libvcruntime:winapi_downlevel.obj
 0001:00000f44       ??_C@_0BM@HCFOFFN@InitializeCriticalSectionEx@ 10001f44     libvcruntime:winapi_downlevel.obj
 0001:00000f60       ___acrt_exception_action_table 10001f60     libucrt:exception_filter.obj
 0001:00000ff0       ___acrt_signal_action_table_count 10001ff0     libucrt:exception_filter.obj
 0001:00000ff4       ___acrt_signal_action_first_fpe_index 10001ff4     libucrt:exception_filter.obj
 0001:00000ff8       ___acrt_signal_action_fpe_count 10001ff8     libucrt:exception_filter.obj
 0001:00000ffc       ??_C@_1BI@BGOHAHKC@?$AAm?$AAs?$AAc?$AAo?$AAr?$AAe?$AAe?$AA?4?$AAd?$AAl?$AAl@ 10001ffc     libucrt:exit.obj
 0001:00001014       ??_C@_0P@MIGLKIOC@CorExitProcess@ 10002014     libucrt:exit.obj
 0001:00001220       ??_C@_1M@HPNHIDJI@?$AAj?$AAa?$AA?9?$AAJ?$AAP@ 10002220     libucrt:mbctype.obj
 0001:0000122c       ??_C@_1M@BIBDDEMK@?$AAz?$AAh?$AA?9?$AAC?$AAN@ 1000222c     libucrt:mbctype.obj
 0001:00001238       ??_C@_1M@JLOOOEGK@?$AAk?$AAo?$AA?9?$AAK?$AAR@ 10002238     libucrt:mbctype.obj
 0001:00001244       ??_C@_1M@CLNBBOPM@?$AAz?$AAh?$AA?9?$AAT?$AAW@ 10002244     libucrt:mbctype.obj
 0001:000012a0       ??_C@_1EA@JGEFHKEI@?$AAa?$AAp?$AAi?$AA?9?$AAm?$AAs?$AA?9?$AAw?$AAi?$AAn?$AA?9?$AAc?$AAo?$AAr?$AAe@ 100022a0     libucrt:winapi_thunks.obj
 0001:000012e0       ??_C@_1DI@IJCEHOCB@?$AAa?$AAp?$AAi?$AA?9?$AAm?$AAs?$AA?9?$AAw?$AAi?$AAn?$AA?9?$AAc?$AAo?$AAr?$AAe@ 100022e0     libucrt:winapi_thunks.obj
 0001:00001318       ??_C@_1EI@MPIAOHOC@?$AAa?$AAp?$AAi?$AA?9?$AAm?$AAs?$AA?9?$AAw?$AAi?$AAn?$AA?9?$AAc?$AAo?$AAr?$AAe@ 10002318     libucrt:winapi_thunks.obj
 0001:00001360       ??_C@_1FK@FPHCKFIE@?$AAa?$AAp?$AAi?$AA?9?$AAm?$AAs?$AA?9?$AAw?$AAi?$AAn?$AA?9?$AAc?$AAo?$AAr?$AAe@ 10002360     libucrt:winapi_thunks.obj
 0001:000013c0       ??_C@_1EM@DILCGIIO@?$AAa?$AAp?$AAi?$AA?9?$AAm?$AAs?$AA?9?$AAw?$AAi?$AAn?$AA?9?$AAc?$AAo?$AAr?$AAe@ 100023c0     libucrt:winapi_thunks.obj
 0001:0000140c       ??_C@_1DM@LNCGDDPN@?$AAa?$AAp?$AAi?$AA?9?$AAm?$AAs?$AA?9?$AAw?$AAi?$AAn?$AA?9?$AAc?$AAo?$AAr?$AAe@ 1000240c     libucrt:winapi_thunks.obj
 0001:00001448       ??_C@_1DO@FPAPJEMD@?$AAa?$AAp?$AAi?$AA?9?$AAm?$AAs?$AA?9?$AAw?$AAi?$AAn?$AA?9?$AAc?$AAo?$AAr?$AAe@ 10002448     libucrt:winapi_thunks.obj
 0001:00001488       ??_C@_1DK@NDHNAHIO@?$AAa?$AAp?$AAi?$AA?9?$AAm?$AAs?$AA?9?$AAw?$AAi?$AAn?$AA?9?$AAc?$AAo?$AAr?$AAe@ 10002488     libucrt:winapi_thunks.obj
 0001:000014c4       ??_C@_1DM@KGHDGBCM@?$AAa?$AAp?$AAi?$AA?9?$AAm?$AAs?$AA?9?$AAw?$AAi?$AAn?$AA?9?$AAc?$AAo?$AAr?$AAe@ 100024c4     libucrt:winapi_thunks.obj
 0001:00001500       ??_C@_1EO@IJIOEFOH@?$AAa?$AAp?$AAi?$AA?9?$AAm?$AAs?$AA?9?$AAw?$AAi?$AAn?$AA?9?$AAr?$AAt?$AAc?$AAo@ 10002500     libucrt:winapi_thunks.obj
 0001:00001550       ??_C@_1FG@HHGEKANL@?$AAa?$AAp?$AAi?$AA?9?$AAm?$AAs?$AA?9?$AAw?$AAi?$AAn?$AA?9?$AAs?$AAe?$AAc?$AAu@ 10002550     libucrt:winapi_thunks.obj
 0001:000015a8       ??_C@_1EG@DBIOJECG@?$AAe?$AAx?$AAt?$AA?9?$AAm?$AAs?$AA?9?$AAw?$AAi?$AAn?$AA?9?$AAn?$AAt?$AAu?$AAs@ 100025a8     libucrt:winapi_thunks.obj
 0001:000015f0       ??_C@_1EO@FIHMJCLF@?$AAe?$AAx?$AAt?$AA?9?$AAm?$AAs?$AA?9?$AAw?$AAi?$AAn?$AA?9?$AAn?$AAt?$AAu?$AAs@ 100025f0     libucrt:winapi_thunks.obj
 0001:00001640       ??_C@_1BC@DNHGCMLG@?$AAa?$AAd?$AAv?$AAa?$AAp?$AAi?$AA3?$AA2@ 10002640     libucrt:winapi_thunks.obj
 0001:00001654       ??_C@_1M@OAIMIKLP@?$AAn?$AAt?$AAd?$AAl?$AAl@ 10002654     libucrt:winapi_thunks.obj
 0001:00001660       ??_C@_1EG@DPGNFKGC@?$AAa?$AAp?$AAi?$AA?9?$AAm?$AAs?$AA?9?$AAw?$AAi?$AAn?$AA?9?$AAa?$AAp?$AAp?$AAm@ 10002660     libucrt:winapi_thunks.obj
 0001:000016a8       ??_C@_1O@BCCLBEOE@?$AAu?$AAs?$AAe?$AAr?$AA3?$AA2@ 100026a8     libucrt:winapi_thunks.obj
 0001:000016b8       ??_C@_1BA@IAIFMGEF@?$AAe?$AAx?$AAt?$AA?9?$AAm?$AAs?$AA?9@ 100026b8     libucrt:winapi_thunks.obj
 0001:000016cc       ??_C@_0BA@FHFNEAED@AreFileApisANSI@ 100026cc     libucrt:winapi_thunks.obj
 0001:0000170c       ??_C@_0O@KKBNKAPF@LCMapStringEx@ 1000270c     libucrt:winapi_thunks.obj
 0001:00001724       ??_C@_0BB@HBDEELFH@LocaleNameToLCID@ 10002724     libucrt:winapi_thunks.obj
 0001:0000173c       ??_C@_0CF@OJOFEIGO@AppPolicyGetProcessTerminationM@ 1000273c     libucrt:winapi_thunks.obj
 0001:00001768       ___lc_time_c               10002768     libucrt:nlsdata.obj
 0001:000018cc       ??_C@_03KOEHGMDN@Sun@      100028cc     libucrt:nlsdata.obj
 0001:000018d0       ??_C@_03PDAGKDH@Mon@       100028d0     libucrt:nlsdata.obj
 0001:000018d4       ??_C@_03NAGEINEP@Tue@      100028d4     libucrt:nlsdata.obj
 0001:000018d8       ??_C@_03MHOMLAJA@Wed@      100028d8     libucrt:nlsdata.obj
 0001:000018dc       ??_C@_03IOFIKPDN@Thu@      100028dc     libucrt:nlsdata.obj
 0001:000018e0       ??_C@_03IDIOELNC@Fri@      100028e0     libucrt:nlsdata.obj
 0001:000018e4       ??_C@_03FEFJNEK@Sat@       100028e4     libucrt:nlsdata.obj
 0001:000018e8       ??_C@_06OOPIFAJ@Sunday@    100028e8     libucrt:nlsdata.obj
 0001:000018f0       ??_C@_06JLEDEDGH@Monday@   100028f0     libucrt:nlsdata.obj
 0001:000018f8       ??_C@_07BAAGCFCM@Tuesday@  100028f8     libucrt:nlsdata.obj
 0001:00001900       ??_C@_09DLIGFAKA@Wednesday@ 10002900     libucrt:nlsdata.obj
 0001:0000190c       ??_C@_08HACCIKIA@Thursday@ 1000290c     libucrt:nlsdata.obj
 0001:00001918       ??_C@_06JECMNKMI@Friday@   10002918     libucrt:nlsdata.obj
 0001:00001920       ??_C@_08INBOOONO@Saturday@ 10002920     libucrt:nlsdata.obj
 0001:0000192c       ??_C@_03JIHJHPIE@Jan@      1000292c     libucrt:nlsdata.obj
 0001:00001930       ??_C@_03HJBDCHOM@Feb@      10002930     libucrt:nlsdata.obj
 0001:00001934       ??_C@_03ODNJBKGA@Mar@      10002934     libucrt:nlsdata.obj
 0001:00001938       ??_C@_03LEOLGMJP@Apr@      10002938     libucrt:nlsdata.obj
 0001:0000193c       ??_C@_03CNMDKL@May@        1000293c     libucrt:nlsdata.obj
 0001:00001940       ??_C@_03IDFGHECI@Jun@      10002940     libucrt:nlsdata.obj
 0001:00001944       ??_C@_03LBGABGKK@Jul@      10002944     libucrt:nlsdata.obj
 0001:00001948       ??_C@_03IFJFEIGA@Aug@      10002948     libucrt:nlsdata.obj
 0001:0000194c       ??_C@_03GGCAPAJC@Sep@      1000294c     libucrt:nlsdata.obj
 0001:00001950       ??_C@_03BMAOKBAD@Oct@      10002950     libucrt:nlsdata.obj
 0001:00001954       ??_C@_03JPJOFNIA@Nov@      10002954     libucrt:nlsdata.obj
 0001:00001958       ??_C@_03MKABNOCG@Dec@      10002958     libucrt:nlsdata.obj
 0001:0000195c       ??_C@_07CGJPFGJA@January@  1000295c     libucrt:nlsdata.obj
 0001:00001964       ??_C@_08GNJGEPFN@February@ 10002964     libucrt:nlsdata.obj
 0001:00001970       ??_C@_05HPCKOFNC@March@    10002970     libucrt:nlsdata.obj
 0001:00001978       ??_C@_05DMJDNLEJ@April@    10002978     libucrt:nlsdata.obj
 0001:00001980       ??_C@_04CNLMGBGM@June@     10002980     libucrt:nlsdata.obj
 0001:00001988       ??_C@_04MIEPOIFP@July@     10002988     libucrt:nlsdata.obj
 0001:00001990       ??_C@_06LBBHFDDG@August@   10002990     libucrt:nlsdata.obj
 0001:00001998       ??_C@_09BHHEALKD@September@ 10002998     libucrt:nlsdata.obj
 0001:000019a4       ??_C@_07JJNFCEND@October@  100029a4     libucrt:nlsdata.obj
 0001:000019ac       ??_C@_08HCHEGEOA@November@ 100029ac     libucrt:nlsdata.obj
 0001:000019b8       ??_C@_08EDHMEBNP@December@ 100029b8     libucrt:nlsdata.obj
 0001:000019c4       ??_C@_02DEDBPAFC@AM@       100029c4     libucrt:nlsdata.obj
 0001:000019c8       ??_C@_02CJNFDJBF@PM@       100029c8     libucrt:nlsdata.obj
 0001:000019cc       ??_C@_08BPBNCDIB@MM?1dd?1yy@ 100029cc     libucrt:nlsdata.obj
 0001:000019d8       ??_C@_0BE@CKGJFCPC@dddd?0?5MMMM?5dd?0?5yyyy@ 100029d8     libucrt:nlsdata.obj
 0001:000019ec       ??_C@_08JCCMCCIL@HH?3mm?3ss@ 100029ec     libucrt:nlsdata.obj
 0001:000019f8       ??_C@_17MBGCMIPB@?$AAS?$AAu?$AAn@ 100029f8     libucrt:nlsdata.obj
 0001:00001a00       ??_C@_17KBOMKBF@?$AAM?$AAo?$AAn@ 10002a00     libucrt:nlsdata.obj
 0001:00001a08       ??_C@_17BMKGEGOJ@?$AAT?$AAu?$AAe@ 10002a08     libucrt:nlsdata.obj
 0001:00001a10       ??_C@_17CJEDCEPE@?$AAW?$AAe?$AAd@ 10002a10     libucrt:nlsdata.obj
 0001:00001a18       ??_C@_17PDPHAADD@?$AAT?$AAh?$AAu@ 10002a18     libucrt:nlsdata.obj
 0001:00001a20       ??_C@_17HFOLPPLP@?$AAF?$AAr?$AAi@ 10002a20     libucrt:nlsdata.obj
 0001:00001a28       ??_C@_17GGIBDPIH@?$AAS?$AAa?$AAt@ 10002a28     libucrt:nlsdata.obj
 0001:00001a30       ??_C@_1O@IHNHDHPB@?$AAS?$AAu?$AAn?$AAd?$AAa?$AAy@ 10002a30     libucrt:nlsdata.obj
 0001:00001a40       ??_C@_1O@MMNBFLIA@?$AAM?$AAo?$AAn?$AAd?$AAa?$AAy@ 10002a40     libucrt:nlsdata.obj
 0001:00001a50       ??_C@_1BA@ENFBFFEK@?$AAT?$AAu?$AAe?$AAs?$AAd?$AAa?$AAy@ 10002a50     libucrt:nlsdata.obj
 0001:00001a60       ??_C@_1BE@EBOGMDOH@?$AAW?$AAe?$AAd?$AAn?$AAe?$AAs?$AAd?$AAa?$AAy@ 10002a60     libucrt:nlsdata.obj
 0001:00001a74       ??_C@_1BC@HHMNLIHE@?$AAT?$AAh?$AAu?$AAr?$AAs?$AAd?$AAa?$AAy@ 10002a74     libucrt:nlsdata.obj
 0001:00001a88       ??_C@_1O@PDICJHAG@?$AAF?$AAr?$AAi?$AAd?$AAa?$AAy@ 10002a88     libucrt:nlsdata.obj
 0001:00001a98       ??_C@_1BC@ENMNNPAJ@?$AAS?$AAa?$AAt?$AAu?$AAr?$AAd?$AAa?$AAy@ 10002a98     libucrt:nlsdata.obj
 0001:00001aac       ??_C@_17DKNBKCHM@?$AAJ?$AAa?$AAn@ 10002aac     libucrt:nlsdata.obj
 0001:00001ab4       ??_C@_17LMDJEKJN@?$AAF?$AAe?$AAb@ 10002ab4     libucrt:nlsdata.obj
 0001:00001abc       ??_C@_17CKNLEDEC@?$AAM?$AAa?$AAr@ 10002abc     libucrt:nlsdata.obj
 0001:00001ac4       ??_C@_17LFPOIHDD@?$AAA?$AAp?$AAr@ 10002ac4     libucrt:nlsdata.obj
 0001:00001acc       ??_C@_17PNNKMEED@?$AAM?$AAa?$AAy@ 10002acc     libucrt:nlsdata.obj
 0001:00001ad4       ??_C@_17KCJGOCPB@?$AAJ?$AAu?$AAn@ 10002ad4     libucrt:nlsdata.obj
 0001:00001adc       ??_C@_17IJPCKHK@?$AAJ?$AAu?$AAl@ 10002adc     libucrt:nlsdata.obj
 0001:00001ae4       ??_C@_17ICPELBCN@?$AAA?$AAu?$AAg@ 10002ae4     libucrt:nlsdata.obj
 0001:00001aec       ??_C@_17HCHCOKMG@?$AAS?$AAe?$AAp@ 10002aec     libucrt:nlsdata.obj
 0001:00001af4       ??_C@_17FNLKOI@?$AAO?$AAc?$AAt@ 10002af4     libucrt:nlsdata.obj
 0001:00001afc       ??_C@_17BBDMLCIG@?$AAN?$AAo?$AAv@ 10002afc     libucrt:nlsdata.obj
 0001:00001b04       ??_C@_17EGKACKIF@?$AAD?$AAe?$AAc@ 10002b04     libucrt:nlsdata.obj
 0001:00001b0c       ??_C@_1BA@EFMEIEBA@?$AAJ?$AAa?$AAn?$AAu?$AAa?$AAr?$AAy@ 10002b0c     libucrt:nlsdata.obj
 0001:00001b1c       ??_C@_1BC@JGDDFFAM@?$AAF?$AAe?$AAb?$AAr?$AAu?$AAa?$AAr?$AAy@ 10002b1c     libucrt:nlsdata.obj
 0001:00001b30       ??_C@_1M@IKEENEDF@?$AAM?$AAa?$AAr?$AAc?$AAh@ 10002b30     libucrt:nlsdata.obj
 0001:00001b3c       ??_C@_1M@GJNLMHFD@?$AAA?$AAp?$AAr?$AAi?$AAl@ 10002b3c     libucrt:nlsdata.obj
 0001:00001b48       ??_C@_19EPFLPGAP@?$AAJ?$AAu?$AAn?$AAe@ 10002b48     libucrt:nlsdata.obj
 0001:00001b54       ??_C@_19BIFMLPCD@?$AAJ?$AAu?$AAl?$AAy@ 10002b54     libucrt:nlsdata.obj
 0001:00001b60       ??_C@_1O@PAHLKOAC@?$AAA?$AAu?$AAg?$AAu?$AAs?$AAt@ 10002b60     libucrt:nlsdata.obj
 0001:00001b70       ??_C@_1BE@DKAAMBJL@?$AAS?$AAe?$AAp?$AAt?$AAe?$AAm?$AAb?$AAe?$AAr@ 10002b70     libucrt:nlsdata.obj
 0001:00001b84       ??_C@_1BA@EPANDLNG@?$AAO?$AAc?$AAt?$AAo?$AAb?$AAe?$AAr@ 10002b84     libucrt:nlsdata.obj
 0001:00001b94       ??_C@_1BC@BGLIFPF@?$AAN?$AAo?$AAv?$AAe?$AAm?$AAb?$AAe?$AAr@ 10002b94     libucrt:nlsdata.obj
 0001:00001ba8       ??_C@_1BC@FEMKIFH@?$AAD?$AAe?$AAc?$AAe?$AAm?$AAb?$AAe?$AAr@ 10002ba8     libucrt:nlsdata.obj
 0001:00001bbc       ??_C@_15ODEHAHHF@?$AAA?$AAM@ 10002bbc     libucrt:nlsdata.obj
 0001:00001bc4       ??_C@_15CLMNNGEL@?$AAP?$AAM@ 10002bc4     libucrt:nlsdata.obj
 0001:00001bcc       ??_C@_1BC@IEBCMHCM@?$AAM?$AAM?$AA?1?$AAd?$AAd?$AA?1?$AAy?$AAy@ 10002bcc     libucrt:nlsdata.obj
 0001:00001be0       ??_C@_1CI@KNAKOEBC@?$AAd?$AAd?$AAd?$AAd?$AA?0?$AA?5?$AAM?$AAM?$AAM?$AAM?$AA?5?$AAd?$AAd?$AA?0?$AA?5@ 10002be0     libucrt:nlsdata.obj
 0001:00001c08       ??_C@_1BC@GDGBMEMK@?$AAH?$AAH?$AA?3?$AAm?$AAm?$AA?3?$AAs?$AAs@ 10002c08     libucrt:nlsdata.obj
 0001:00001c1c       ??_C@_1M@BMHNFIME@?$AAe?$AAn?$AA?9?$AAU?$AAS@ 10002c1c     libucrt:nlsdata.obj
 0001:00001c28       ___newctype                10002c28     libucrt:ctype.obj
 0001:00001f28       ___newclmap                10002f28     libucrt:ctype.obj
 0001:000020a8       ___newcumap                100030a8     libucrt:ctype.obj
 0001:00002948       ??_C@_15EMKDOKLE@?$AAa?$AAr@ 10003948     libucrt:lcidtoname_downlevel.obj
 0001:00002950       ??_C@_15KNPADPLH@?$AAb?$AAg@ 10003950     libucrt:lcidtoname_downlevel.obj
 0001:00002958       ??_C@_15EDMHLDMO@?$AAc?$AAa@ 10003958     libucrt:lcidtoname_downlevel.obj
 0001:00002960       ??_C@_1O@BPEAJADD@?$AAz?$AAh?$AA?9?$AAC?$AAH?$AAS@ 10003960     libucrt:lcidtoname_downlevel.obj
 0001:00002970       ??_C@_15LJNHCMNK@?$AAc?$AAs@ 10003970     libucrt:lcidtoname_downlevel.obj
 0001:00002978       ??_C@_15FOMCIDHG@?$AAd?$AAa@ 10003978     libucrt:lcidtoname_downlevel.obj
 0001:00002980       ??_C@_15NBKABECB@?$AAd?$AAe@ 10003980     libucrt:lcidtoname_downlevel.obj
 0001:00002988       ??_C@_15GHPEIIAO@?$AAe?$AAl@ 10003988     libucrt:lcidtoname_downlevel.obj
 0001:00002990       ??_C@_15MNPNEAIF@?$AAe?$AAn@ 10003990     libucrt:lcidtoname_downlevel.obj
 0001:00002998       ??_C@_15GPIOMPMH@?$AAe?$AAs@ 10003998     libucrt:lcidtoname_downlevel.obj
 0001:000029a0       ??_C@_15NGLOAKJC@?$AAf?$AAi@ 100039a0     libucrt:lcidtoname_downlevel.obj
 0001:000029a8       ??_C@_15FBKGNKAM@?$AAf?$AAr@ 100039a8     libucrt:lcidtoname_downlevel.obj
 0001:000029b0       ??_C@_15KGGCNEFK@?$AAh?$AAe@ 100039b0     libucrt:lcidtoname_downlevel.obj
 0001:000029b8       ??_C@_15PGHLIDMF@?$AAh?$AAu@ 100039b8     libucrt:lcidtoname_downlevel.obj
 0001:000029c0       ??_C@_15BIEMAPLM@?$AAi?$AAs@ 100039c0     libucrt:lcidtoname_downlevel.obj
 0001:000029c8       ??_C@_15IFJLDHAF@?$AAi?$AAt@ 100039c8     libucrt:lcidtoname_downlevel.obj
 0001:000029d0       ??_C@_15GEMIOCAG@?$AAj?$AAa@ 100039d0     libucrt:lcidtoname_downlevel.obj
 0001:000029d8       ??_C@_15EPELEGJA@?$AAk?$AAo@ 100039d8     libucrt:lcidtoname_downlevel.obj
 0001:000029e0       ??_C@_15NDDHIMN@?$AAn?$AAl@ 100039e0     libucrt:lcidtoname_downlevel.obj
 0001:000029e8       ??_C@_15BPIGNHCD@?$AAn?$AAo@ 100039e8     libucrt:lcidtoname_downlevel.obj
 0001:000029f0       ??_C@_15DEOPBLCG@?$AAp?$AAl@ 100039f0     libucrt:lcidtoname_downlevel.obj
 0001:000029f8       ??_C@_15KBECGEFG@?$AAp?$AAt@ 100039f8     libucrt:lcidtoname_downlevel.obj
 0001:00002a00       ??_C@_15GLJCBFMD@?$AAr?$AAo@ 10003a00     libucrt:lcidtoname_downlevel.obj
 0001:00002a08       ??_C@_15FEDGKCDI@?$AAr?$AAu@ 10003a08     libucrt:lcidtoname_downlevel.obj
 0001:00002a10       ??_C@_15GLKMLLHM@?$AAh?$AAr@ 10003a10     libucrt:lcidtoname_downlevel.obj
 0001:00002a18       ??_C@_15CPKMFBDB@?$AAs?$AAk@ 10003a18     libucrt:lcidtoname_downlevel.obj
 0001:00002a20       ??_C@_15BAAIOGMK@?$AAs?$AAq@ 10003a20     libucrt:lcidtoname_downlevel.obj
 0001:00002a28       ??_C@_15INNPNOHD@?$AAs?$AAv@ 10003a28     libucrt:lcidtoname_downlevel.obj
 0001:00002a30       ??_C@_15CABMMOGH@?$AAt?$AAh@ 10003a30     libucrt:lcidtoname_downlevel.obj
 0001:00002a38       ??_C@_15BPLIHJJM@?$AAt?$AAr@ 10003a38     libucrt:lcidtoname_downlevel.obj
 0001:00002a40       ??_C@_15NEOEKKDJ@?$AAu?$AAr@ 10003a40     libucrt:lcidtoname_downlevel.obj
 0001:00002a48       ??_C@_15NFICGAJK@?$AAi?$AAd@ 10003a48     libucrt:lcidtoname_downlevel.obj
 0001:00002a50       ??_C@_15PJPFLCCM@?$AAu?$AAk@ 10003a50     libucrt:lcidtoname_downlevel.obj
 0001:00002a58       ??_C@_15HPJPHDM@?$AAb?$AAe@ 10003a58     libucrt:lcidtoname_downlevel.obj
 0001:00002a60       ??_C@_15LCHLGJII@?$AAs?$AAl@ 10003a60     libucrt:lcidtoname_downlevel.obj
 0001:00002a68       ??_C@_15PCFJPHHO@?$AAe?$AAt@ 10003a68     libucrt:lcidtoname_downlevel.obj
 0001:00002a70       ??_C@_15HPFPGODN@?$AAl?$AAv@ 10003a70     libucrt:lcidtoname_downlevel.obj
 0001:00002a78       ??_C@_15NFFGKGLG@?$AAl?$AAt@ 10003a78     libucrt:lcidtoname_downlevel.obj
 0001:00002a80       ??_C@_15BDAKCCHN@?$AAf?$AAa@ 10003a80     libucrt:lcidtoname_downlevel.obj
 0001:00002a88       ??_C@_15NFGIAIAJ@?$AAv?$AAi@ 10003a88     libucrt:lcidtoname_downlevel.obj
 0001:00002a90       ??_C@_15LMKNDMHN@?$AAh?$AAy@ 10003a90     libucrt:lcidtoname_downlevel.obj
 0001:00002a98       ??_C@_15IJBHMCFL@?$AAa?$AAz@ 10003a98     libucrt:lcidtoname_downlevel.obj
 0001:00002aa0       ??_C@_15EKOFJABL@?$AAe?$AAu@ 10003aa0     libucrt:lcidtoname_downlevel.obj
 0001:00002aa8       ??_C@_15BGHADCNK@?$AAm?$AAk@ 10003aa8     libucrt:lcidtoname_downlevel.obj
 0001:00002ab0       ??_C@_15JDNICKHM@?$AAa?$AAf@ 10003ab0     libucrt:lcidtoname_downlevel.obj
 0001:00002ab8       ??_C@_15KPJEDBKD@?$AAk?$AAa@ 10003ab8     libucrt:lcidtoname_downlevel.obj
 0001:00002ac0       ??_C@_15PDNFFFEO@?$AAf?$AAo@ 10003ac0     libucrt:lcidtoname_downlevel.obj
 0001:00002ac8       ??_C@_15OMLEGLOC@?$AAh?$AAi@ 10003ac8     libucrt:lcidtoname_downlevel.obj
 0001:00002ad0       ??_C@_15IDNNENKK@?$AAm?$AAs@ 10003ad0     libucrt:lcidtoname_downlevel.obj
 0001:00002ad8       ??_C@_15MACJNBMH@?$AAk?$AAk@ 10003ad8     libucrt:lcidtoname_downlevel.obj
 0001:00002ae0       ??_C@_15DKDJEOND@?$AAk?$AAy@ 10003ae0     libucrt:lcidtoname_downlevel.obj
 0001:00002ae8       ??_C@_15DFGDLJBG@?$AAs?$AAw@ 10003ae8     libucrt:lcidtoname_downlevel.obj
 0001:00002af0       ??_C@_15BBFAICNG@?$AAu?$AAz@ 10003af0     libucrt:lcidtoname_downlevel.obj
 0001:00002af8       ??_C@_15DKNDCGEA@?$AAt?$AAt@ 10003af8     libucrt:lcidtoname_downlevel.obj
 0001:00002b00       ??_C@_15MGIFMDPL@?$AAp?$AAa@ 10003b00     libucrt:lcidtoname_downlevel.obj
 0001:00002b08       ??_C@_15HCNDBBA@?$AAg?$AAu@ 10003b08     libucrt:lcidtoname_downlevel.obj
 0001:00002b10       ??_C@_15FNBEIBON@?$AAt?$AAa@ 10003b10     libucrt:lcidtoname_downlevel.obj
 0001:00002b18       ??_C@_15NCHGBGLK@?$AAt?$AAe@ 10003b18     libucrt:lcidtoname_downlevel.obj
 0001:00002b20       ??_C@_15PHPHCBPF@?$AAk?$AAn@ 10003b20     libucrt:lcidtoname_downlevel.obj
 0001:00002b28       ??_C@_15DLGBCKMP@?$AAm?$AAr@ 10003b28     libucrt:lcidtoname_downlevel.obj
 0001:00002b30       ??_C@_15EABBLBFF@?$AAs?$AAa@ 10003b30     libucrt:lcidtoname_downlevel.obj
 0001:00002b38       ??_C@_15CBKOMCOI@?$AAm?$AAn@ 10003b38     libucrt:lcidtoname_downlevel.obj
 0001:00002b40       ??_C@_15CKDMCJAF@?$AAg?$AAl@ 10003b40     libucrt:lcidtoname_downlevel.obj
 0001:00002b48       ??_C@_17CNJFBPG@?$AAk?$AAo?$AAk@ 10003b48     libucrt:lcidtoname_downlevel.obj
 0001:00002b50       ??_C@_17FFBJICPL@?$AAs?$AAy?$AAr@ 10003b50     libucrt:lcidtoname_downlevel.obj
 0001:00002b58       ??_C@_17KPNDCPAF@?$AAd?$AAi?$AAv@ 10003b58     libucrt:lcidtoname_downlevel.obj
 0001:00002b60       ??_C@_1M@OKAHONE@?$AAa?$AAr?$AA?9?$AAS?$AAA@ 10003b60     libucrt:lcidtoname_downlevel.obj
 0001:00002b6c       ??_C@_1M@FFFIGIGK@?$AAb?$AAg?$AA?9?$AAB?$AAG@ 10003b6c     libucrt:lcidtoname_downlevel.obj
 0001:00002b78       ??_C@_1M@BJNKEDC@?$AAc?$AAa?$AA?9?$AAE?$AAS@ 10003b78     libucrt:lcidtoname_downlevel.obj
 0001:00002b84       ??_C@_1M@IJJHFJHA@?$AAc?$AAs?$AA?9?$AAC?$AAZ@ 10003b84     libucrt:lcidtoname_downlevel.obj
 0001:00002b90       ??_C@_1M@CLPEOBGI@?$AAd?$AAa?$AA?9?$AAD?$AAK@ 10003b90     libucrt:lcidtoname_downlevel.obj
 0001:00002b9c       ??_C@_1M@MCMADGCB@?$AAd?$AAe?$AA?9?$AAD?$AAE@ 10003b9c     libucrt:lcidtoname_downlevel.obj
 0001:00002ba8       ??_C@_1M@OOCKEMAM@?$AAe?$AAl?$AA?9?$AAG?$AAR@ 10003ba8     libucrt:lcidtoname_downlevel.obj
 0001:00002bb4       ??_C@_1M@DDNJFGID@?$AAf?$AAi?$AA?9?$AAF?$AAI@ 10003bb4     libucrt:lcidtoname_downlevel.obj
 0001:00002bc0       ??_C@_1M@GLIPPMAC@?$AAf?$AAr?$AA?9?$AAF?$AAR@ 10003bc0     libucrt:lcidtoname_downlevel.obj
 0001:00002bcc       ??_C@_1M@GFMCHPE@?$AAh?$AAe?$AA?9?$AAI?$AAL@ 10003bcc     libucrt:lcidtoname_downlevel.obj
 0001:00002bd8       ??_C@_1M@MHLPGNKM@?$AAh?$AAu?$AA?9?$AAH?$AAU@ 10003bd8     libucrt:lcidtoname_downlevel.obj
 0001:00002be4       ??_C@_1M@LPDDNNPN@?$AAi?$AAs?$AA?9?$AAI?$AAS@ 10003be4     libucrt:lcidtoname_downlevel.obj
 0001:00002bf0       ??_C@_1M@MADIPODN@?$AAi?$AAt?$AA?9?$AAI?$AAT@ 10003bf0     libucrt:lcidtoname_downlevel.obj
 0001:00002bfc       ??_C@_1M@IHBJJGG@?$AAn?$AAl?$AA?9?$AAN?$AAL@ 10003bfc     libucrt:lcidtoname_downlevel.obj
 0001:00002c08       ??_C@_1M@EANAGDL@?$AAn?$AAb?$AA?9?$AAN?$AAO@ 10003c08     libucrt:lcidtoname_downlevel.obj
 0001:00002c14       ??_C@_1M@NEIEMEGP@?$AAp?$AAl?$AA?9?$AAP?$AAL@ 10003c14     libucrt:lcidtoname_downlevel.obj
 0001:00002c20       ??_C@_1M@BOCFIGEP@?$AAp?$AAt?$AA?9?$AAB?$AAR@ 10003c20     libucrt:lcidtoname_downlevel.obj
 0001:00002c2c       ??_C@_1M@IMPFOPBG@?$AAr?$AAo?$AA?9?$AAR?$AAO@ 10003c2c     libucrt:lcidtoname_downlevel.obj
 0001:00002c38       ??_C@_1M@IDNNEJMM@?$AAr?$AAu?$AA?9?$AAR?$AAU@ 10003c38     libucrt:lcidtoname_downlevel.obj
 0001:00002c44       ??_C@_1M@LILEEOGM@?$AAh?$AAr?$AA?9?$AAH?$AAR@ 10003c44     libucrt:lcidtoname_downlevel.obj
 0001:00002c50       ??_C@_1M@FKIFEHPB@?$AAs?$AAk?$AA?9?$AAS?$AAK@ 10003c50     libucrt:lcidtoname_downlevel.obj
 0001:00002c5c       ??_C@_1M@LJMAMNPJ@?$AAs?$AAq?$AA?9?$AAA?$AAL@ 10003c5c     libucrt:lcidtoname_downlevel.obj
 0001:00002c68       ??_C@_1M@GIAKDKJK@?$AAs?$AAv?$AA?9?$AAS?$AAE@ 10003c68     libucrt:lcidtoname_downlevel.obj
 0001:00002c74       ??_C@_1M@MKJKIKCL@?$AAt?$AAh?$AA?9?$AAT?$AAH@ 10003c74     libucrt:lcidtoname_downlevel.obj
 0001:00002c80       ??_C@_1M@MFLCCMPB@?$AAt?$AAr?$AA?9?$AAT?$AAR@ 10003c80     libucrt:lcidtoname_downlevel.obj
 0001:00002c8c       ??_C@_1M@OIJHDKJN@?$AAu?$AAr?$AA?9?$AAP?$AAK@ 10003c8c     libucrt:lcidtoname_downlevel.obj
 0001:00002c98       ??_C@_1M@LHIPCIEK@?$AAi?$AAd?$AA?9?$AAI?$AAD@ 10003c98     libucrt:lcidtoname_downlevel.obj
 0001:00002ca4       ??_C@_1M@MFMOBGI@?$AAu?$AAk?$AA?9?$AAU?$AAA@ 10003ca4     libucrt:lcidtoname_downlevel.obj
 0001:00002cb0       ??_C@_1M@OBGLJIPL@?$AAb?$AAe?$AA?9?$AAB?$AAY@ 10003cb0     libucrt:lcidtoname_downlevel.obj
 0001:00002cbc       ??_C@_1M@BCFAJEAD@?$AAs?$AAl?$AA?9?$AAS?$AAI@ 10003cbc     libucrt:lcidtoname_downlevel.obj
 0001:00002cc8       ??_C@_1M@FKFFEDDN@?$AAe?$AAt?$AA?9?$AAE?$AAE@ 10003cc8     libucrt:lcidtoname_downlevel.obj
 0001:00002cd4       ??_C@_1M@KGKKAACI@?$AAl?$AAv?$AA?9?$AAL?$AAV@ 10003cd4     libucrt:lcidtoname_downlevel.obj
 0001:00002ce0       ??_C@_1M@IFGBIJO@?$AAl?$AAt?$AA?9?$AAL?$AAT@ 10003ce0     libucrt:lcidtoname_downlevel.obj
 0001:00002cec       ??_C@_1M@FGEAHEDM@?$AAf?$AAa?$AA?9?$AAI?$AAR@ 10003cec     libucrt:lcidtoname_downlevel.obj
 0001:00002cf8       ??_C@_1M@KBMAIBFN@?$AAv?$AAi?$AA?9?$AAV?$AAN@ 10003cf8     libucrt:lcidtoname_downlevel.obj
 0001:00002d04       ??_C@_1M@GPCBKDJK@?$AAh?$AAy?$AA?9?$AAA?$AAM@ 10003d04     libucrt:lcidtoname_downlevel.obj
 0001:00002d10       ??_C@_1BG@BECMDDJB@?$AAa?$AAz?$AA?9?$AAA?$AAZ?$AA?9?$AAL?$AAa?$AAt?$AAn@ 10003d10     libucrt:lcidtoname_downlevel.obj
 0001:00002d28       ??_C@_1M@MAOFCAEA@?$AAe?$AAu?$AA?9?$AAE?$AAS@ 10003d28     libucrt:lcidtoname_downlevel.obj
 0001:00002d34       ??_C@_1M@IGHABKPI@?$AAm?$AAk?$AA?9?$AAM?$AAK@ 10003d34     libucrt:lcidtoname_downlevel.obj
 0001:00002d40       ??_C@_1M@IAIGNEJG@?$AAt?$AAn?$AA?9?$AAZ?$AAA@ 10003d40     libucrt:lcidtoname_downlevel.obj
 0001:00002d4c       ??_C@_1M@IIJCOJFA@?$AAx?$AAh?$AA?9?$AAZ?$AAA@ 10003d4c     libucrt:lcidtoname_downlevel.obj
 0001:00002d58       ??_C@_1M@LGPJHNJH@?$AAz?$AAu?$AA?9?$AAZ?$AAA@ 10003d58     libucrt:lcidtoname_downlevel.obj
 0001:00002d64       ??_C@_1M@HOKAOIO@?$AAa?$AAf?$AA?9?$AAZ?$AAA@ 10003d64     libucrt:lcidtoname_downlevel.obj
 0001:00002d70       ??_C@_1M@DPCLHLIE@?$AAk?$AAa?$AA?9?$AAG?$AAE@ 10003d70     libucrt:lcidtoname_downlevel.obj
 0001:00002d7c       ??_C@_1M@BLKMHJBI@?$AAf?$AAo?$AA?9?$AAF?$AAO@ 10003d7c     libucrt:lcidtoname_downlevel.obj
 0001:00002d88       ??_C@_1M@LGGJAPPB@?$AAh?$AAi?$AA?9?$AAI?$AAN@ 10003d88     libucrt:lcidtoname_downlevel.obj
 0001:00002d94       ??_C@_1M@FIKPIHFE@?$AAm?$AAt?$AA?9?$AAM?$AAT@ 10003d94     libucrt:lcidtoname_downlevel.obj
 0001:00002da0       ??_C@_1M@HEGGPBFA@?$AAs?$AAe?$AA?9?$AAN?$AAO@ 10003da0     libucrt:lcidtoname_downlevel.obj
 0001:00002dac       ??_C@_1M@EIBJEEPA@?$AAm?$AAs?$AA?9?$AAM?$AAY@ 10003dac     libucrt:lcidtoname_downlevel.obj
 0001:00002db8       ??_C@_1M@FHLBGMPP@?$AAk?$AAk?$AA?9?$AAK?$AAZ@ 10003db8     libucrt:lcidtoname_downlevel.obj
 0001:00002dc4       ??_C@_1M@NGJJLCGI@?$AAk?$AAy?$AA?9?$AAK?$AAG@ 10003dc4     libucrt:lcidtoname_downlevel.obj
 0001:00002dd0       ??_C@_1M@GIENNBFC@?$AAs?$AAw?$AA?9?$AAK?$AAE@ 10003dd0     libucrt:lcidtoname_downlevel.obj
 0001:00002ddc       ??_C@_1BG@NDGMJIMJ@?$AAu?$AAz?$AA?9?$AAU?$AAZ?$AA?9?$AAL?$AAa?$AAt?$AAn@ 10003ddc     libucrt:lcidtoname_downlevel.obj
 0001:00002df4       ??_C@_1M@IDCCIHBC@?$AAt?$AAt?$AA?9?$AAR?$AAU@ 10003df4     libucrt:lcidtoname_downlevel.obj
 0001:00002e00       ??_C@_1M@LOICPMOJ@?$AAb?$AAn?$AA?9?$AAI?$AAN@ 10003e00     libucrt:lcidtoname_downlevel.obj
 0001:00002e0c       ??_C@_1M@KPKKNEAH@?$AAp?$AAa?$AA?9?$AAI?$AAN@ 10003e0c     libucrt:lcidtoname_downlevel.obj
 0001:00002e18       ??_C@_1M@PJGPPBOG@?$AAg?$AAu?$AA?9?$AAI?$AAN@ 10003e18     libucrt:lcidtoname_downlevel.obj
 0001:00002e24       ??_C@_1M@KMKMOPHI@?$AAt?$AAa?$AA?9?$AAI?$AAN@ 10003e24     libucrt:lcidtoname_downlevel.obj
 0001:00002e30       ??_C@_1M@KFEHEPAC@?$AAt?$AAe?$AA?9?$AAI?$AAN@ 10003e30     libucrt:lcidtoname_downlevel.obj
 0001:00002e3c       ??_C@_1M@CDCLMGHI@?$AAk?$AAn?$AA?9?$AAI?$AAN@ 10003e3c     libucrt:lcidtoname_downlevel.obj
 0001:00002e48       ??_C@_1M@MIODLDKF@?$AAm?$AAl?$AA?9?$AAI?$AAN@ 10003e48     libucrt:lcidtoname_downlevel.obj
 0001:00002e54       ??_C@_1M@PBIEACPO@?$AAm?$AAr?$AA?9?$AAI?$AAN@ 10003e54     libucrt:lcidtoname_downlevel.obj
 0001:00002e60       ??_C@_1M@NIDEAGPH@?$AAs?$AAa?$AA?9?$AAI?$AAN@ 10003e60     libucrt:lcidtoname_downlevel.obj
 0001:00002e6c       ??_C@_1M@FHIHCBIO@?$AAm?$AAn?$AA?9?$AAM?$AAN@ 10003e6c     libucrt:lcidtoname_downlevel.obj
 0001:00002e78       ??_C@_1M@JAIJPENP@?$AAc?$AAy?$AA?9?$AAG?$AAB@ 10003e78     libucrt:lcidtoname_downlevel.obj
 0001:00002e84       ??_C@_1M@PHGFBEPN@?$AAg?$AAl?$AA?9?$AAE?$AAS@ 10003e84     libucrt:lcidtoname_downlevel.obj
 0001:00002e90       ??_C@_1O@KPIPDNCP@?$AAk?$AAo?$AAk?$AA?9?$AAI?$AAN@ 10003e90     libucrt:lcidtoname_downlevel.obj
 0001:00002ea0       ??_C@_1O@KNHJLDJA@?$AAs?$AAy?$AAr?$AA?9?$AAS?$AAY@ 10003ea0     libucrt:lcidtoname_downlevel.obj
 0001:00002eb0       ??_C@_1O@MKEKBLAH@?$AAd?$AAi?$AAv?$AA?9?$AAM?$AAV@ 10003eb0     libucrt:lcidtoname_downlevel.obj
 0001:00002ec0       ??_C@_1O@OHDCKDDF@?$AAq?$AAu?$AAz?$AA?9?$AAB?$AAO@ 10003ec0     libucrt:lcidtoname_downlevel.obj
 0001:00002ed0       ??_C@_1M@LEPJNLFD@?$AAn?$AAs?$AA?9?$AAZ?$AAA@ 10003ed0     libucrt:lcidtoname_downlevel.obj
 0001:00002edc       ??_C@_1M@OMLEIIJB@?$AAm?$AAi?$AA?9?$AAN?$AAZ@ 10003edc     libucrt:lcidtoname_downlevel.obj
 0001:00002ee8       ??_C@_1M@PMPEAILG@?$AAa?$AAr?$AA?9?$AAI?$AAQ@ 10003ee8     libucrt:lcidtoname_downlevel.obj
 0001:00002ef4       ??_C@_1M@CNKPNOEE@?$AAd?$AAe?$AA?9?$AAC?$AAH@ 10003ef4     libucrt:lcidtoname_downlevel.obj
 0001:00002f00       ??_C@_1M@LKMGMLKO@?$AAe?$AAn?$AA?9?$AAG?$AAB@ 10003f00     libucrt:lcidtoname_downlevel.obj
 0001:00002f0c       ??_C@_1M@PGKJFFGL@?$AAe?$AAs?$AA?9?$AAM?$AAX@ 10003f0c     libucrt:lcidtoname_downlevel.obj
 0001:00002f18       ??_C@_1M@DNNANBDC@?$AAf?$AAr?$AA?9?$AAB?$AAE@ 10003f18     libucrt:lcidtoname_downlevel.obj
 0001:00002f24       ??_C@_1M@HLGMDFHM@?$AAi?$AAt?$AA?9?$AAC?$AAH@ 10003f24     libucrt:lcidtoname_downlevel.obj
 0001:00002f30       ??_C@_1M@CLLBGJH@?$AAn?$AAl?$AA?9?$AAB?$AAE@ 10003f30     libucrt:lcidtoname_downlevel.obj
 0001:00002f3c       ??_C@_1M@BODBOGLF@?$AAn?$AAn?$AA?9?$AAN?$AAO@ 10003f3c     libucrt:lcidtoname_downlevel.obj
 0001:00002f48       ??_C@_1M@HFFAHKAD@?$AAp?$AAt?$AA?9?$AAP?$AAT@ 10003f48     libucrt:lcidtoname_downlevel.obj
 0001:00002f54       ??_C@_1BG@LNOAKHIE@?$AAs?$AAr?$AA?9?$AAS?$AAP?$AA?9?$AAL?$AAa?$AAt?$AAn@ 10003f54     libucrt:lcidtoname_downlevel.obj
 0001:00002f6c       ??_C@_1M@HBMHBGAK@?$AAs?$AAv?$AA?9?$AAF?$AAI@ 10003f6c     libucrt:lcidtoname_downlevel.obj
 0001:00002f78       ??_C@_1BG@DGCJGJBE@?$AAa?$AAz?$AA?9?$AAA?$AAZ?$AA?9?$AAC?$AAy?$AAr?$AAl@ 10003f78     libucrt:lcidtoname_downlevel.obj
 0001:00002f90       ??_C@_1M@KEJDAAHB@?$AAs?$AAe?$AA?9?$AAS?$AAE@ 10003f90     libucrt:lcidtoname_downlevel.obj
 0001:00002f9c       ??_C@_1M@HEIBJJAD@?$AAm?$AAs?$AA?9?$AAB?$AAN@ 10003f9c     libucrt:lcidtoname_downlevel.obj
 0001:00002fa8       ??_C@_1BG@PBGJMCEM@?$AAu?$AAz?$AA?9?$AAU?$AAZ?$AA?9?$AAC?$AAy?$AAr?$AAl@ 10003fa8     libucrt:lcidtoname_downlevel.obj
 0001:00002fc0       ??_C@_1O@LAOBCMDF@?$AAq?$AAu?$AAz?$AA?9?$AAE?$AAC@ 10003fc0     libucrt:lcidtoname_downlevel.obj
 0001:00002fd0       ??_C@_1M@POEEMAIO@?$AAa?$AAr?$AA?9?$AAE?$AAG@ 10003fd0     libucrt:lcidtoname_downlevel.obj
 0001:00002fdc       ??_C@_1M@EFAKDEDL@?$AAz?$AAh?$AA?9?$AAH?$AAK@ 10003fdc     libucrt:lcidtoname_downlevel.obj
 0001:00002fe8       ??_C@_1M@HKKIJHGI@?$AAd?$AAe?$AA?9?$AAA?$AAT@ 10003fe8     libucrt:lcidtoname_downlevel.obj
 0001:00002ff4       ??_C@_1M@KBFBEHJF@?$AAe?$AAn?$AA?9?$AAA?$AAU@ 10003ff4     libucrt:lcidtoname_downlevel.obj
 0001:00003000       ??_C@_1M@MNPLFAAH@?$AAe?$AAs?$AA?9?$AAE?$AAS@ 10004000     libucrt:lcidtoname_downlevel.obj
 0001:0000300c       ??_C@_1M@HJOOJFMA@?$AAf?$AAr?$AA?9?$AAC?$AAA@ 1000400c     libucrt:lcidtoname_downlevel.obj
 0001:00003018       ??_C@_1BG@JPOFPNAB@?$AAs?$AAr?$AA?9?$AAS?$AAP?$AA?9?$AAC?$AAy?$AAr?$AAl@ 10004018     libucrt:lcidtoname_downlevel.obj
 0001:00003030       ??_C@_1M@LNFOCMOB@?$AAs?$AAe?$AA?9?$AAF?$AAI@ 10004030     libucrt:lcidtoname_downlevel.obj
 0001:0000303c       ??_C@_1O@MGJBOAMB@?$AAq?$AAu?$AAz?$AA?9?$AAP?$AAE@ 1000403c     libucrt:lcidtoname_downlevel.obj
 0001:0000304c       ??_C@_1M@GJINLBOK@?$AAa?$AAr?$AA?9?$AAL?$AAY@ 1000404c     libucrt:lcidtoname_downlevel.obj
 0001:00003058       ??_C@_1M@GGMNHJNL@?$AAz?$AAh?$AA?9?$AAS?$AAG@ 10004058     libucrt:lcidtoname_downlevel.obj
 0001:00003064       ??_C@_1M@HOIKODND@?$AAd?$AAe?$AA?9?$AAL?$AAU@ 10004064     libucrt:lcidtoname_downlevel.obj
 0001:00003070       ??_C@_1M@DDOCCGFG@?$AAe?$AAn?$AA?9?$AAC?$AAA@ 10004070     libucrt:lcidtoname_downlevel.obj
 0001:0000307c       ??_C@_1M@BNOEMJLF@?$AAe?$AAs?$AA?9?$AAG?$AAT@ 1000407c     libucrt:lcidtoname_downlevel.obj
 0001:00003088       ??_C@_1M@EOGNKEK@?$AAf?$AAr?$AA?9?$AAC?$AAH@ 10004088     libucrt:lcidtoname_downlevel.obj
 0001:00003094       ??_C@_1M@FLIDJFHL@?$AAh?$AAr?$AA?9?$AAB?$AAA@ 10004094     libucrt:lcidtoname_downlevel.obj
 0001:000030a0       ??_C@_1O@FMCELNAJ@?$AAs?$AAm?$AAj?$AA?9?$AAN?$AAO@ 100040a0     libucrt:lcidtoname_downlevel.obj
 0001:000030b0       ??_C@_1M@JHGLJMGJ@?$AAa?$AAr?$AA?9?$AAD?$AAZ@ 100040b0     libucrt:lcidtoname_downlevel.obj
 0001:000030bc       ??_C@_1M@JKKFDCNP@?$AAz?$AAh?$AA?9?$AAM?$AAO@ 100040bc     libucrt:lcidtoname_downlevel.obj
 0001:000030c8       ??_C@_1M@GEEFALPE@?$AAd?$AAe?$AA?9?$AAL?$AAI@ 100040c8     libucrt:lcidtoname_downlevel.obj
 0001:000030d4       ??_C@_1M@IGEOFBG@?$AAe?$AAn?$AA?9?$AAN?$AAZ@ 100040d4     libucrt:lcidtoname_downlevel.obj
 0001:000030e0       ??_C@_1M@KDBONEHP@?$AAe?$AAs?$AA?9?$AAC?$AAR@ 100040e0     libucrt:lcidtoname_downlevel.obj
 0001:000030ec       ??_C@_1M@FHMDOHNN@?$AAf?$AAr?$AA?9?$AAL?$AAU@ 100040ec     libucrt:lcidtoname_downlevel.obj
 0001:000030f8       ??_C@_1BG@NFKKMAFG@?$AAb?$AAs?$AA?9?$AAB?$AAA?$AA?9?$AAL?$AAa?$AAt?$AAn@ 100040f8     libucrt:lcidtoname_downlevel.obj
 0001:00003110       ??_C@_1O@IMNBEMCI@?$AAs?$AAm?$AAj?$AA?9?$AAS?$AAE@ 10004110     libucrt:lcidtoname_downlevel.obj
 0001:00003120       ??_C@_1M@DHHMBNDP@?$AAa?$AAr?$AA?9?$AAM?$AAA@ 10004120     libucrt:lcidtoname_downlevel.obj
 0001:0000312c       ??_C@_1M@BNBLJCGH@?$AAe?$AAn?$AA?9?$AAI?$AAE@ 1000412c     libucrt:lcidtoname_downlevel.obj
 0001:00003138       ??_C@_1M@GEPAFMDL@?$AAe?$AAs?$AA?9?$AAP?$AAA@ 10004138     libucrt:lcidtoname_downlevel.obj
 0001:00003144       ??_C@_1M@OJONDMDL@?$AAf?$AAr?$AA?9?$AAM?$AAC@ 10004144     libucrt:lcidtoname_downlevel.obj
 0001:00003150       ??_C@_1BG@OBCNFJB@?$AAs?$AAr?$AA?9?$AAB?$AAA?$AA?9?$AAL?$AAa?$AAt?$AAn@ 10004150     libucrt:lcidtoname_downlevel.obj
 0001:00003168       ??_C@_1O@KEMEEGPO@?$AAs?$AAm?$AAa?$AA?9?$AAN?$AAO@ 10004168     libucrt:lcidtoname_downlevel.obj
 0001:00003178       ??_C@_1M@ELMGFODK@?$AAa?$AAr?$AA?9?$AAT?$AAN@ 10004178     libucrt:lcidtoname_downlevel.obj
 0001:00003184       ??_C@_1M@BHDLHFAF@?$AAe?$AAn?$AA?9?$AAZ?$AAA@ 10004184     libucrt:lcidtoname_downlevel.obj
 0001:00003190       ??_C@_1M@BMGIGLIF@?$AAe?$AAs?$AA?9?$AAD?$AAO@ 10004190     libucrt:lcidtoname_downlevel.obj
 0001:0000319c       ??_C@_1BG@CMBHIPBE@?$AAs?$AAr?$AA?9?$AAB?$AAA?$AA?9?$AAC?$AAy?$AAr?$AAl@ 1000419c     libucrt:lcidtoname_downlevel.obj
 0001:000031b4       ??_C@_1O@HEDBLHNP@?$AAs?$AAm?$AAa?$AA?9?$AAS?$AAE@ 100041b4     libucrt:lcidtoname_downlevel.obj
 0001:000031c4       ??_C@_1M@DAGCADIM@?$AAa?$AAr?$AA?9?$AAO?$AAM@ 100041c4     libucrt:lcidtoname_downlevel.obj
 0001:000031d0       ??_C@_1M@FODLMICG@?$AAe?$AAn?$AA?9?$AAJ?$AAM@ 100041d0     libucrt:lcidtoname_downlevel.obj
 0001:000031dc       ??_C@_1M@DNMLCIHB@?$AAe?$AAs?$AA?9?$AAV?$AAE@ 100041dc     libucrt:lcidtoname_downlevel.obj
 0001:000031e8       ??_C@_1O@EOKHMKJK@?$AAs?$AAm?$AAs?$AA?9?$AAF?$AAI@ 100041e8     libucrt:lcidtoname_downlevel.obj
 0001:000031f8       ??_C@_1M@CAFJMKOF@?$AAa?$AAr?$AA?9?$AAY?$AAE@ 100041f8     libucrt:lcidtoname_downlevel.obj
 0001:00003204       ??_C@_1M@CBFHIJLI@?$AAe?$AAn?$AA?9?$AAC?$AAB@ 10004204     libucrt:lcidtoname_downlevel.obj
 0001:00003210       ??_C@_1M@BGNFLDN@?$AAe?$AAs?$AA?9?$AAC?$AAO@ 10004210     libucrt:lcidtoname_downlevel.obj
 0001:0000321c       ??_C@_1O@JMPHMAMC@?$AAs?$AAm?$AAn?$AA?9?$AAF?$AAI@ 1000421c     libucrt:lcidtoname_downlevel.obj
 0001:0000322c       ??_C@_1M@JLANABKE@?$AAa?$AAr?$AA?9?$AAS?$AAY@ 1000422c     libucrt:lcidtoname_downlevel.obj
 0001:00003238       ??_C@_1M@HPKGCFGN@?$AAe?$AAn?$AA?9?$AAB?$AAZ@ 10004238     libucrt:lcidtoname_downlevel.obj
 0001:00003244       ??_C@_1M@OLJCMLGM@?$AAe?$AAs?$AA?9?$AAP?$AAE@ 10004244     libucrt:lcidtoname_downlevel.obj
 0001:00003250       ??_C@_1M@MKKGFKLE@?$AAa?$AAr?$AA?9?$AAJ?$AAO@ 10004250     libucrt:lcidtoname_downlevel.obj
 0001:0000325c       ??_C@_1M@EKPGLDNI@?$AAe?$AAn?$AA?9?$AAT?$AAT@ 1000425c     libucrt:lcidtoname_downlevel.obj
 0001:00003268       ??_C@_1M@OONGHFHE@?$AAe?$AAs?$AA?9?$AAA?$AAR@ 10004268     libucrt:lcidtoname_downlevel.obj
 0001:00003274       ??_C@_1M@OOJFGBHE@?$AAa?$AAr?$AA?9?$AAL?$AAB@ 10004274     libucrt:lcidtoname_downlevel.obj
 0001:00003280       ??_C@_1M@GCEJHNEG@?$AAe?$AAn?$AA?9?$AAZ?$AAW@ 10004280     libucrt:lcidtoname_downlevel.obj
 0001:0000328c       ??_C@_1M@JNOCAHJI@?$AAe?$AAs?$AA?9?$AAE?$AAC@ 1000428c     libucrt:lcidtoname_downlevel.obj
 0001:00003298       ??_C@_1M@JEFHPGGB@?$AAa?$AAr?$AA?9?$AAK?$AAW@ 10004298     libucrt:lcidtoname_downlevel.obj
 0001:000032a4       ??_C@_1M@MLKIBJOJ@?$AAe?$AAn?$AA?9?$AAP?$AAH@ 100042a4     libucrt:lcidtoname_downlevel.obj
 0001:000032b0       ??_C@_1M@BDNIPEND@?$AAe?$AAs?$AA?9?$AAC?$AAL@ 100042b0     libucrt:lcidtoname_downlevel.obj
 0001:000032bc       ??_C@_1M@MPNMEKBD@?$AAa?$AAr?$AA?9?$AAA?$AAE@ 100042bc     libucrt:lcidtoname_downlevel.obj
 0001:000032c8       ??_C@_1M@KBJALCPI@?$AAe?$AAs?$AA?9?$AAU?$AAY@ 100042c8     libucrt:lcidtoname_downlevel.obj
 0001:000032d4       ??_C@_1M@LLCCOAGA@?$AAa?$AAr?$AA?9?$AAB?$AAH@ 100042d4     libucrt:lcidtoname_downlevel.obj
 0001:000032e0       ??_C@_1M@PBFNCDEL@?$AAe?$AAs?$AA?9?$AAP?$AAY@ 100042e0     libucrt:lcidtoname_downlevel.obj
 0001:000032ec       ??_C@_1M@EDGINPNP@?$AAa?$AAr?$AA?9?$AAQ?$AAA@ 100042ec     libucrt:lcidtoname_downlevel.obj
 0001:000032f8       ??_C@_1M@MKDBIIJI@?$AAe?$AAs?$AA?9?$AAB?$AAO@ 100042f8     libucrt:lcidtoname_downlevel.obj
 0001:00003304       ??_C@_1M@CPKKEBLD@?$AAe?$AAs?$AA?9?$AAS?$AAV@ 10004304     libucrt:lcidtoname_downlevel.obj
 0001:00003310       ??_C@_1M@NDBGMMJL@?$AAe?$AAs?$AA?9?$AAH?$AAN@ 10004310     libucrt:lcidtoname_downlevel.obj
 0001:0000331c       ??_C@_1M@JIJIBHDP@?$AAe?$AAs?$AA?9?$AAN?$AAI@ 1000431c     libucrt:lcidtoname_downlevel.obj
 0001:00003328       ??_C@_1M@CGFMKEEK@?$AAe?$AAs?$AA?9?$AAP?$AAR@ 10004328     libucrt:lcidtoname_downlevel.obj
 0001:00003334       ??_C@_1O@ICJHKIIK@?$AAz?$AAh?$AA?9?$AAC?$AAH?$AAT@ 10004334     libucrt:lcidtoname_downlevel.obj
 0001:00003344       ??_C@_15CLNEJCE@?$AAs?$AAr@ 10004344     libucrt:lcidtoname_downlevel.obj
 0001:00003a70       ??_C@_1M@KAHEKEIG@?$AAa?$AAf?$AA?9?$AAz?$AAa@ 10004a70     libucrt:lcidtoname_downlevel.obj
 0001:00003a7c       ??_C@_1M@GIECOABL@?$AAa?$AAr?$AA?9?$AAa?$AAe@ 10004a7c     libucrt:lcidtoname_downlevel.obj
 0001:00003a88       ??_C@_1M@BMLMEKGI@?$AAa?$AAr?$AA?9?$AAb?$AAh@ 10004a88     libucrt:lcidtoname_downlevel.obj
 0001:00003a94       ??_C@_1M@DAPFDGGB@?$AAa?$AAr?$AA?9?$AAd?$AAz@ 10004a94     libucrt:lcidtoname_downlevel.obj
 0001:00003aa0       ??_C@_1M@FJNKGKIG@?$AAa?$AAr?$AA?9?$AAe?$AAg@ 10004aa0     libucrt:lcidtoname_downlevel.obj
 0001:00003aac       ??_C@_1M@FLGKKCLO@?$AAa?$AAr?$AA?9?$AAi?$AAq@ 10004aac     libucrt:lcidtoname_downlevel.obj
 0001:00003ab8       ??_C@_1M@GNDIPALM@?$AAa?$AAr?$AA?9?$AAj?$AAo@ 10004ab8     libucrt:lcidtoname_downlevel.obj
 0001:00003ac4       ??_C@_1M@DDMJFMGJ@?$AAa?$AAr?$AA?9?$AAk?$AAw@ 10004ac4     libucrt:lcidtoname_downlevel.obj
 0001:00003ad0       ??_C@_1M@EJALMLHM@?$AAa?$AAr?$AA?9?$AAl?$AAb@ 10004ad0     libucrt:lcidtoname_downlevel.obj
 0001:00003adc       ??_C@_1M@MOBDBLOC@?$AAa?$AAr?$AA?9?$AAl?$AAy@ 10004adc     libucrt:lcidtoname_downlevel.obj
 0001:00003ae8       ??_C@_1M@JAOCLHDH@?$AAa?$AAr?$AA?9?$AAm?$AAa@ 10004ae8     libucrt:lcidtoname_downlevel.obj
 0001:00003af4       ??_C@_1M@JHPMKJIE@?$AAa?$AAr?$AA?9?$AAo?$AAm@ 10004af4     libucrt:lcidtoname_downlevel.obj
 0001:00003b00       ??_C@_1M@OEPGHFNH@?$AAa?$AAr?$AA?9?$AAq?$AAa@ 10004b00     libucrt:lcidtoname_downlevel.obj
 0001:00003b0c       ??_C@_1M@KJDONENM@?$AAa?$AAr?$AA?9?$AAs?$AAa@ 10004b0c     libucrt:lcidtoname_downlevel.obj
 0001:00003b18       ??_C@_1M@DMJDKLKM@?$AAa?$AAr?$AA?9?$AAs?$AAy@ 10004b18     libucrt:lcidtoname_downlevel.obj
 0001:00003b24       ??_C@_1M@OMFIPEDC@?$AAa?$AAr?$AA?9?$AAt?$AAn@ 10004b24     libucrt:lcidtoname_downlevel.obj
 0001:00003b30       ??_C@_1M@IHMHGAON@?$AAa?$AAr?$AA?9?$AAy?$AAe@ 10004b30     libucrt:lcidtoname_downlevel.obj
 0001:00003b3c       ??_C@_1BG@KDCPGJGB@?$AAa?$AAz?$AA?9?$AAa?$AAz?$AA?9?$AAc?$AAy?$AAr?$AAl@ 10004b3c     libucrt:lcidtoname_downlevel.obj
 0001:00003b54       ??_C@_1BG@IBCKDDOE@?$AAa?$AAz?$AA?9?$AAa?$AAz?$AA?9?$AAl?$AAa?$AAt?$AAn@ 10004b54     libucrt:lcidtoname_downlevel.obj
 0001:00003b6c       ??_C@_1M@EGPFDCPD@?$AAb?$AAe?$AA?9?$AAb?$AAy@ 10004b6c     libucrt:lcidtoname_downlevel.obj
 0001:00003b78       ??_C@_1M@PCMGMCGC@?$AAb?$AAg?$AA?9?$AAb?$AAg@ 10004b78     libucrt:lcidtoname_downlevel.obj
 0001:00003b84       ??_C@_1M@BJBMFGOB@?$AAb?$AAn?$AA?9?$AAi?$AAn@ 10004b84     libucrt:lcidtoname_downlevel.obj
 0001:00003b90       ??_C@_1BG@EAKMMACD@?$AAb?$AAs?$AA?9?$AAb?$AAa?$AA?9?$AAl?$AAa?$AAt?$AAn@ 10004b90     libucrt:lcidtoname_downlevel.obj
 0001:00003ba8       ??_C@_1M@KGADAODK@?$AAc?$AAa?$AA?9?$AAe?$AAs@ 10004ba8     libucrt:lcidtoname_downlevel.obj
 0001:00003bb4       ??_C@_1M@COAJPDHI@?$AAc?$AAs?$AA?9?$AAc?$AAz@ 10004bb4     libucrt:lcidtoname_downlevel.obj
 0001:00003bc0       ??_C@_1M@DHBHFONH@?$AAc?$AAy?$AA?9?$AAg?$AAb@ 10004bc0     libucrt:lcidtoname_downlevel.obj
 0001:00003bcc       ??_C@_1M@IMGKELGA@?$AAd?$AAa?$AA?9?$AAd?$AAk@ 10004bcc     libucrt:lcidtoname_downlevel.obj
 0001:00003bd8       ??_C@_1M@NNDGDNGA@?$AAd?$AAe?$AA?9?$AAa?$AAt@ 10004bd8     libucrt:lcidtoname_downlevel.obj
 0001:00003be4       ??_C@_1M@IKDBHEEM@?$AAd?$AAe?$AA?9?$AAc?$AAh@ 10004be4     libucrt:lcidtoname_downlevel.obj
 0001:00003bf0       ??_C@_1M@GFFOJMCJ@?$AAd?$AAe?$AA?9?$AAd?$AAe@ 10004bf0     libucrt:lcidtoname_downlevel.obj
 0001:00003bfc       ??_C@_1M@MDNLKBPM@?$AAd?$AAe?$AA?9?$AAl?$AAi@ 10004bfc     libucrt:lcidtoname_downlevel.obj
 0001:00003c08       ??_C@_1M@NJBEEJNL@?$AAd?$AAe?$AA?9?$AAl?$AAu@ 10004c08     libucrt:lcidtoname_downlevel.obj
 0001:00003c14       ??_C@_1O@GNNELBAP@?$AAd?$AAi?$AAv?$AA?9?$AAm?$AAv@ 10004c14     libucrt:lcidtoname_downlevel.obj
 0001:00003c24       ??_C@_1M@EJLEOGAE@?$AAe?$AAl?$AA?9?$AAg?$AAr@ 10004c24     libucrt:lcidtoname_downlevel.obj
 0001:00003c30       ??_C@_1M@GMPONJN@?$AAe?$AAn?$AA?9?$AAa?$AAu@ 10004c30     libucrt:lcidtoname_downlevel.obj
 0001:00003c3c       ??_C@_1M@NIDIIPGF@?$AAe?$AAn?$AA?9?$AAb?$AAz@ 10004c3c     libucrt:lcidtoname_downlevel.obj
 0001:00003c48       ??_C@_1M@JEHMIMFO@?$AAe?$AAn?$AA?9?$AAc?$AAa@ 10004c48     libucrt:lcidtoname_downlevel.obj
 0001:00003c54       ??_C@_1M@IGMJCDLA@?$AAe?$AAn?$AA?9?$AAc?$AAb@ 10004c54     libucrt:lcidtoname_downlevel.obj
 0001:00003c60       ??_C@_1M@BNFIGBKG@?$AAe?$AAn?$AA?9?$AAg?$AAb@ 10004c60     libucrt:lcidtoname_downlevel.obj
 0001:00003c6c       ??_C@_1M@LKIFDIGP@?$AAe?$AAn?$AA?9?$AAi?$AAe@ 10004c6c     libucrt:lcidtoname_downlevel.obj
 0001:00003c78       ??_C@_1M@PJKFGCCO@?$AAe?$AAn?$AA?9?$AAj?$AAm@ 10004c78     libucrt:lcidtoname_downlevel.obj
 0001:00003c84       ??_C@_1M@KPPKEPBO@?$AAe?$AAn?$AA?9?$AAn?$AAz@ 10004c84     libucrt:lcidtoname_downlevel.obj
 0001:00003c90       ??_C@_1M@GMDGLDOB@?$AAe?$AAn?$AA?9?$AAp?$AAh@ 10004c90     libucrt:lcidtoname_downlevel.obj
 0001:00003c9c       ??_C@_1M@ONGIBJNA@?$AAe?$AAn?$AA?9?$AAt?$AAt@ 10004c9c     libucrt:lcidtoname_downlevel.obj
 0001:00003ca8       ??_C@_1M@LLODPCMM@?$AAe?$AAn?$AA?9?$AAu?$AAs@ 10004ca8     libucrt:lcidtoname_downlevel.obj
 0001:00003cb4       ??_C@_1M@LAKFNPAN@?$AAe?$AAn?$AA?9?$AAz?$AAa@ 10004cb4     libucrt:lcidtoname_downlevel.obj
 0001:00003cc0       ??_C@_1M@MFNHNHEO@?$AAe?$AAn?$AA?9?$AAz?$AAw@ 10004cc0     libucrt:lcidtoname_downlevel.obj
 0001:00003ccc       ??_C@_1M@EJEINPHM@?$AAe?$AAs?$AA?9?$AAa?$AAr@ 10004ccc     libucrt:lcidtoname_downlevel.obj
 0001:00003cd8       ??_C@_1M@GNKPCCJA@?$AAe?$AAs?$AA?9?$AAb?$AAo@ 10004cd8     libucrt:lcidtoname_downlevel.obj
 0001:00003ce4       ??_C@_1M@LEEGFONL@?$AAe?$AAs?$AA?9?$AAc?$AAl@ 10004ce4     libucrt:lcidtoname_downlevel.obj
 0001:00003cf0       ??_C@_1M@KGPDPBDF@?$AAe?$AAs?$AA?9?$AAc?$AAo@ 10004cf0     libucrt:lcidtoname_downlevel.obj
 0001:00003cfc       ??_C@_1M@EIAHOHH@?$AAe?$AAs?$AA?9?$AAc?$AAr@ 10004cfc     libucrt:lcidtoname_downlevel.obj
 0001:00003d08       ??_C@_1M@LLPGMBIN@?$AAe?$AAs?$AA?9?$AAd?$AAo@ 10004d08     libucrt:lcidtoname_downlevel.obj
 0001:00003d14       ??_C@_1M@DKHMKNJA@?$AAe?$AAs?$AA?9?$AAe?$AAc@ 10004d14     libucrt:lcidtoname_downlevel.obj
 0001:00003d20       ??_C@_1M@GKGFPKAP@?$AAe?$AAs?$AA?9?$AAe?$AAs@ 10004d20     libucrt:lcidtoname_downlevel.obj
 0001:00003d2c       ??_C@_1M@LKHKGDLN@?$AAe?$AAs?$AA?9?$AAg?$AAt@ 10004d2c     libucrt:lcidtoname_downlevel.obj
 0001:00003d38       ??_C@_1M@HEIIGGJD@?$AAe?$AAs?$AA?9?$AAh?$AAn@ 10004d38     libucrt:lcidtoname_downlevel.obj
 0001:00003d44       ??_C@_1M@FBDHPPGD@?$AAe?$AAs?$AA?9?$AAm?$AAx@ 10004d44     libucrt:lcidtoname_downlevel.obj
 0001:00003d50       ??_C@_1M@DPAGLNDH@?$AAe?$AAs?$AA?9?$AAn?$AAi@ 10004d50     libucrt:lcidtoname_downlevel.obj
 0001:00003d5c       ??_C@_1M@MDGOPGDD@?$AAe?$AAs?$AA?9?$AAp?$AAa@ 10004d5c     libucrt:lcidtoname_downlevel.obj
 0001:00003d68       ??_C@_1M@EMAMGBGE@?$AAe?$AAs?$AA?9?$AAp?$AAe@ 10004d68     libucrt:lcidtoname_downlevel.obj
 0001:00003d74       ??_C@_1M@IBMCAOEC@?$AAe?$AAs?$AA?9?$AAp?$AAr@ 10004d74     libucrt:lcidtoname_downlevel.obj
 0001:00003d80       ??_C@_1M@FGMDIJED@?$AAe?$AAs?$AA?9?$AAp?$AAy@ 10004d80     libucrt:lcidtoname_downlevel.obj
 0001:00003d8c       ??_C@_1M@IIDEOLLL@?$AAe?$AAs?$AA?9?$AAs?$AAv@ 10004d8c     libucrt:lcidtoname_downlevel.obj
 0001:00003d98       ??_C@_1M@GAOBIPA@?$AAe?$AAs?$AA?9?$AAu?$AAy@ 10004d98     libucrt:lcidtoname_downlevel.obj
 0001:00003da4       ??_C@_1M@JKFFICHJ@?$AAe?$AAs?$AA?9?$AAv?$AAe@ 10004da4     libucrt:lcidtoname_downlevel.obj
 0001:00003db0       ??_C@_1M@PNMLOJDF@?$AAe?$AAt?$AA?9?$AAe?$AAe@ 10004db0     libucrt:lcidtoname_downlevel.obj
 0001:00003dbc       ??_C@_1M@GHHLIKEI@?$AAe?$AAu?$AA?9?$AAe?$AAs@ 10004dbc     libucrt:lcidtoname_downlevel.obj
 0001:00003dc8       ??_C@_1M@PBNONODE@?$AAf?$AAa?$AA?9?$AAi?$AAr@ 10004dc8     libucrt:lcidtoname_downlevel.obj
 0001:00003dd4       ??_C@_1M@JEEHPMIL@?$AAf?$AAi?$AA?9?$AAf?$AAi@ 10004dd4     libucrt:lcidtoname_downlevel.obj
 0001:00003de0       ??_C@_1M@LMDCNDBA@?$AAf?$AAo?$AA?9?$AAf?$AAo@ 10004de0     libucrt:lcidtoname_downlevel.obj
 0001:00003dec       ??_C@_1M@JKEOHLDK@?$AAf?$AAr?$AA?9?$AAb?$AAe@ 10004dec     libucrt:lcidtoname_downlevel.obj
 0001:00003df8       ??_C@_1M@NOHADPMI@?$AAf?$AAr?$AA?9?$AAc?$AAa@ 10004df8     libucrt:lcidtoname_downlevel.obj
 0001:00003e04       ??_C@_1M@KDHIHAEC@?$AAf?$AAr?$AA?9?$AAc?$AAh@ 10004e04     libucrt:lcidtoname_downlevel.obj
 0001:00003e10       ??_C@_1M@MMBBFGAK@?$AAf?$AAr?$AA?9?$AAf?$AAr@ 10004e10     libucrt:lcidtoname_downlevel.obj
 0001:00003e1c       ??_C@_1M@PAFNENNF@?$AAf?$AAr?$AA?9?$AAl?$AAu@ 10004e1c     libucrt:lcidtoname_downlevel.obj
 0001:00003e28       ??_C@_1M@EOHDJGDD@?$AAf?$AAr?$AA?9?$AAm?$AAc@ 10004e28     libucrt:lcidtoname_downlevel.obj
 0001:00003e34       ??_C@_1M@FAPLLOPF@?$AAg?$AAl?$AA?9?$AAe?$AAs@ 10004e34     libucrt:lcidtoname_downlevel.obj
 0001:00003e40       ??_C@_1M@FOPBFLOO@?$AAg?$AAu?$AA?9?$AAi?$AAn@ 10004e40     libucrt:lcidtoname_downlevel.obj
 0001:00003e4c       ??_C@_1M@KBMCINPM@?$AAh?$AAe?$AA?9?$AAi?$AAl@ 10004e4c     libucrt:lcidtoname_downlevel.obj
 0001:00003e58       ??_C@_1M@BBPHKFPJ@?$AAh?$AAi?$AA?9?$AAi?$AAn@ 10004e58     libucrt:lcidtoname_downlevel.obj
 0001:00003e64       ??_C@_1M@PMBNDPHD@?$AAh?$AAr?$AA?9?$AAb?$AAa@ 10004e64     libucrt:lcidtoname_downlevel.obj
 0001:00003e70       ??_C@_1M@BPCKOEGE@?$AAh?$AAr?$AA?9?$AAh?$AAr@ 10004e70     libucrt:lcidtoname_downlevel.obj
 0001:00003e7c       ??_C@_1M@GACBMHKE@?$AAh?$AAu?$AA?9?$AAh?$AAu@ 10004e7c     libucrt:lcidtoname_downlevel.obj
 0001:00003e88       ??_C@_1M@MILPAJJC@?$AAh?$AAy?$AA?9?$AAa?$AAm@ 10004e88     libucrt:lcidtoname_downlevel.obj
 0001:00003e94       ??_C@_1M@BABBICEC@?$AAi?$AAd?$AA?9?$AAi?$AAd@ 10004e94     libucrt:lcidtoname_downlevel.obj
 0001:00003ea0       ??_C@_1M@BIKNHHPF@?$AAi?$AAs?$AA?9?$AAi?$AAs@ 10004ea0     libucrt:lcidtoname_downlevel.obj
 0001:00003eac       ??_C@_1M@NMPCJPHE@?$AAi?$AAt?$AA?9?$AAc?$AAh@ 10004eac     libucrt:lcidtoname_downlevel.obj
 0001:00003eb8       ??_C@_1M@GHKGFEDF@?$AAi?$AAt?$AA?9?$AAi?$AAt@ 10004eb8     libucrt:lcidtoname_downlevel.obj
 0001:00003ec4       ??_C@_1M@NIEJCJJA@?$AAj?$AAa?$AA?9?$AAj?$AAp@ 10004ec4     libucrt:lcidtoname_downlevel.obj
 0001:00003ed0       ??_C@_1M@JILFNBIM@?$AAk?$AAa?$AA?9?$AAg?$AAe@ 10004ed0     libucrt:lcidtoname_downlevel.obj
 0001:00003edc       ??_C@_1M@PACPMGPH@?$AAk?$AAk?$AA?9?$AAk?$AAz@ 10004edc     libucrt:lcidtoname_downlevel.obj
 0001:00003ee8       ??_C@_1M@IELFGMHA@?$AAk?$AAn?$AA?9?$AAi?$AAn@ 10004ee8     libucrt:lcidtoname_downlevel.obj
 0001:00003ef4       ??_C@_1O@IBBJHCH@?$AAk?$AAo?$AAk?$AA?9?$AAi?$AAn@ 10004ef4     libucrt:lcidtoname_downlevel.obj
 0001:00003f04       ??_C@_1M@DMHAEOGC@?$AAk?$AAo?$AA?9?$AAk?$AAr@ 10004f04     libucrt:lcidtoname_downlevel.obj
 0001:00003f10       ??_C@_1M@HBAHBIGA@?$AAk?$AAy?$AA?9?$AAk?$AAg@ 10004f10     libucrt:lcidtoname_downlevel.obj
 0001:00003f1c       ??_C@_1M@KPMILCJG@?$AAl?$AAt?$AA?9?$AAl?$AAt@ 10004f1c     libucrt:lcidtoname_downlevel.obj
 0001:00003f28       ??_C@_1M@BDEKKCA@?$AAl?$AAv?$AA?9?$AAl?$AAv@ 10004f28     libucrt:lcidtoname_downlevel.obj
 0001:00003f34       ??_C@_1M@ELCKCCJJ@?$AAm?$AAi?$AA?9?$AAn?$AAz@ 10004f34     libucrt:lcidtoname_downlevel.obj
 0001:00003f40       ??_C@_1M@CBOOLAPA@?$AAm?$AAk?$AA?9?$AAm?$AAk@ 10004f40     libucrt:lcidtoname_downlevel.obj
 0001:00003f4c       ??_C@_1M@GPHNBJKN@?$AAm?$AAl?$AA?9?$AAi?$AAn@ 10004f4c     libucrt:lcidtoname_downlevel.obj
 0001:00003f58       ??_C@_1M@PABJILIG@?$AAm?$AAn?$AA?9?$AAm?$AAn@ 10004f58     libucrt:lcidtoname_downlevel.obj
 0001:00003f64       ??_C@_1M@FGBKKIPG@?$AAm?$AAr?$AA?9?$AAi?$AAn@ 10004f64     libucrt:lcidtoname_downlevel.obj
 0001:00003f70       ??_C@_1M@NDBPDDAL@?$AAm?$AAs?$AA?9?$AAb?$AAn@ 10004f70     libucrt:lcidtoname_downlevel.obj
 0001:00003f7c       ??_C@_1M@OPIHOOPI@?$AAm?$AAs?$AA?9?$AAm?$AAy@ 10004f7c     libucrt:lcidtoname_downlevel.obj
 0001:00003f88       ??_C@_1M@PPDBCNFM@?$AAm?$AAt?$AA?9?$AAm?$AAt@ 10004f88     libucrt:lcidtoname_downlevel.obj
 0001:00003f94       ??_C@_1M@KDJDKMDD@?$AAn?$AAb?$AA?9?$AAn?$AAo@ 10004f94     libucrt:lcidtoname_downlevel.obj
 0001:00003fa0       ??_C@_1M@KFCFLMJP@?$AAn?$AAl?$AA?9?$AAb?$AAe@ 10004fa0     libucrt:lcidtoname_downlevel.obj
 0001:00003fac       ??_C@_1M@KPOPDDGO@?$AAn?$AAl?$AA?9?$AAn?$AAl@ 10004fac     libucrt:lcidtoname_downlevel.obj
 0001:00003fb8       ??_C@_1M@LJKPEMLN@?$AAn?$AAn?$AA?9?$AAn?$AAo@ 10004fb8     libucrt:lcidtoname_downlevel.obj
 0001:00003fc4       ??_C@_1M@BDGHHBFL@?$AAn?$AAs?$AA?9?$AAz?$AAa@ 10004fc4     libucrt:lcidtoname_downlevel.obj
 0001:00003fd0       ??_C@_1M@IDEHOAP@?$AAp?$AAa?$AA?9?$AAi?$AAn@ 10004fd0     libucrt:lcidtoname_downlevel.obj
 0001:00003fdc       ??_C@_1M@HDBKGOGH@?$AAp?$AAl?$AA?9?$AAp?$AAl@ 10004fdc     libucrt:lcidtoname_downlevel.obj
 0001:00003fe8       ??_C@_1M@LJLLCMEH@?$AAp?$AAt?$AA?9?$AAb?$AAr@ 10004fe8     libucrt:lcidtoname_downlevel.obj
 0001:00003ff4       ??_C@_1M@NCMONAAL@?$AAp?$AAt?$AA?9?$AAp?$AAt@ 10004ff4     libucrt:lcidtoname_downlevel.obj
 0001:00004000       ??_C@_1O@EAKMAJDN@?$AAq?$AAu?$AAz?$AA?9?$AAb?$AAo@ 10005000     libucrt:lcidtoname_downlevel.obj
 0001:00004010       ??_C@_1O@BHHPIGDN@?$AAq?$AAu?$AAz?$AA?9?$AAe?$AAc@ 10005010     libucrt:lcidtoname_downlevel.obj
 0001:00004020       ??_C@_1O@GBAPEKMJ@?$AAq?$AAu?$AAz?$AA?9?$AAp?$AAe@ 10005020     libucrt:lcidtoname_downlevel.obj
 0001:00004030       ??_C@_1M@CLGLEFBO@?$AAr?$AAo?$AA?9?$AAr?$AAo@ 10005030     libucrt:lcidtoname_downlevel.obj
 0001:0000403c       ??_C@_1M@CEEDODME@?$AAr?$AAu?$AA?9?$AAr?$AAu@ 1000503c     libucrt:lcidtoname_downlevel.obj
 0001:00004048       ??_C@_1M@HPKKKMPP@?$AAs?$AAa?$AA?9?$AAi?$AAn@ 10005048     libucrt:lcidtoname_downlevel.obj
 0001:00004054       ??_C@_1M@BKMAIGOJ@?$AAs?$AAe?$AA?9?$AAf?$AAi@ 10005054     libucrt:lcidtoname_downlevel.obj
 0001:00004060       ??_C@_1M@NDPIFLFI@?$AAs?$AAe?$AA?9?$AAn?$AAo@ 10005060     libucrt:lcidtoname_downlevel.obj
 0001:0000406c       ??_C@_1M@DANKKHJ@?$AAs?$AAe?$AA?9?$AAs?$AAe@ 1000506c     libucrt:lcidtoname_downlevel.obj
 0001:00004078       ??_C@_1M@PNBLONPJ@?$AAs?$AAk?$AA?9?$AAs?$AAk@ 10005078     libucrt:lcidtoname_downlevel.obj
 0001:00004084       ??_C@_1M@LFMODOAL@?$AAs?$AAl?$AA?9?$AAs?$AAi@ 10005084     libucrt:lcidtoname_downlevel.obj
 0001:00004090       ??_C@_1O@DFKOMPG@?$AAs?$AAm?$AAa?$AA?9?$AAn?$AAo@ 10005090     libucrt:lcidtoname_downlevel.obj
 0001:000040a0       ??_C@_1O@NDKPBNNH@?$AAs?$AAm?$AAa?$AA?9?$AAs?$AAe@ 100050a0     libucrt:lcidtoname_downlevel.obj
 0001:000040b0       ??_C@_1O@PLLKBHAB@?$AAs?$AAm?$AAj?$AA?9?$AAn?$AAo@ 100050b0     libucrt:lcidtoname_downlevel.obj
 0001:000040c0       ??_C@_1O@CLEPOGCA@?$AAs?$AAm?$AAj?$AA?9?$AAs?$AAe@ 100050c0     libucrt:lcidtoname_downlevel.obj
 0001:000040d0       ??_C@_1O@DLGJGKMK@?$AAs?$AAm?$AAn?$AA?9?$AAf?$AAi@ 100050d0     libucrt:lcidtoname_downlevel.obj
 0001:000040e0       ??_C@_1O@OJDJGAJC@?$AAs?$AAm?$AAs?$AA?9?$AAf?$AAi@ 100050e0     libucrt:lcidtoname_downlevel.obj
 0001:000040f0       ??_C@_1M@BOFOGHPB@?$AAs?$AAq?$AA?9?$AAa?$AAl@ 100050f0     libucrt:lcidtoname_downlevel.obj
 0001:000040fc       ??_C@_1BG@LJBBIPGB@?$AAs?$AAr?$AA?9?$AAb?$AAa?$AA?9?$AAc?$AAy?$AAr?$AAl@ 100050fc     libucrt:lcidtoname_downlevel.obj
 0001:00004114       ??_C@_1BG@JLBENFOE@?$AAs?$AAr?$AA?9?$AAb?$AAa?$AA?9?$AAl?$AAa?$AAt?$AAn@ 10005114     libucrt:lcidtoname_downlevel.obj
 0001:0000412c       ??_C@_1BG@KODPNHE@?$AAs?$AAr?$AA?9?$AAs?$AAp?$AA?9?$AAc?$AAy?$AAr?$AAl@ 1000512c     libucrt:lcidtoname_downlevel.obj
 0001:00004144       ??_C@_1BG@CIOGKHPB@?$AAs?$AAr?$AA?9?$AAs?$AAp?$AA?9?$AAl?$AAa?$AAt?$AAn@ 10005144     libucrt:lcidtoname_downlevel.obj
 0001:0000415c       ??_C@_1M@NGFJLMAC@?$AAs?$AAv?$AA?9?$AAf?$AAi@ 1000515c     libucrt:lcidtoname_downlevel.obj
 0001:00004168       ??_C@_1M@MPJEJAJC@?$AAs?$AAv?$AA?9?$AAs?$AAe@ 10005168     libucrt:lcidtoname_downlevel.obj
 0001:00004174       ??_C@_1M@MPNDHLFK@?$AAs?$AAw?$AA?9?$AAk?$AAe@ 10005174     libucrt:lcidtoname_downlevel.obj
 0001:00004180       ??_C@_1O@KOHBJJI@?$AAs?$AAy?$AAr?$AA?9?$AAs?$AAy@ 10005180     libucrt:lcidtoname_downlevel.obj
 0001:00004190       ??_C@_1M@LDCEFHA@?$AAt?$AAa?$AA?9?$AAi?$AAn@ 10005190     libucrt:lcidtoname_downlevel.obj
 0001:0000419c       ??_C@_1M@CNJOFAK@?$AAt?$AAe?$AA?9?$AAi?$AAn@ 1000519c     libucrt:lcidtoname_downlevel.obj
 0001:000041a8       ??_C@_1M@GNAECACD@?$AAt?$AAh?$AA?9?$AAt?$AAh@ 100051a8     libucrt:lcidtoname_downlevel.obj
 0001:000041b4       ??_C@_1M@CHBIHOJO@?$AAt?$AAn?$AA?9?$AAz?$AAa@ 100051b4     libucrt:lcidtoname_downlevel.obj
 0001:000041c0       ??_C@_1M@GCCMIGPJ@?$AAt?$AAr?$AA?9?$AAt?$AAr@ 100051c0     libucrt:lcidtoname_downlevel.obj
 0001:000041cc       ??_C@_1M@CELMCNBK@?$AAt?$AAt?$AA?9?$AAr?$AAu@ 100051cc     libucrt:lcidtoname_downlevel.obj
 0001:000041d8       ??_C@_1M@KLMCELGA@?$AAu?$AAk?$AA?9?$AAu?$AAa@ 100051d8     libucrt:lcidtoname_downlevel.obj
 0001:000041e4       ??_C@_1M@EPAJJAJF@?$AAu?$AAr?$AA?9?$AAp?$AAk@ 100051e4     libucrt:lcidtoname_downlevel.obj
 0001:000041f0       ??_C@_1BG@GEGPMCDJ@?$AAu?$AAz?$AA?9?$AAu?$AAz?$AA?9?$AAc?$AAy?$AAr?$AAl@ 100051f0     libucrt:lcidtoname_downlevel.obj
 0001:00004208       ??_C@_1BG@EGGKJILM@?$AAu?$AAz?$AA?9?$AAu?$AAz?$AA?9?$AAl?$AAa?$AAt?$AAn@ 10005208     libucrt:lcidtoname_downlevel.obj
 0001:00004220       ??_C@_1M@GFOCLFF@?$AAv?$AAi?$AA?9?$AAv?$AAn@ 10005220     libucrt:lcidtoname_downlevel.obj
 0001:0000422c       ??_C@_1M@CPAMEDFI@?$AAx?$AAh?$AA?9?$AAz?$AAa@ 1000522c     libucrt:lcidtoname_downlevel.obj
 0001:00004238       ??_C@_1O@EBKIFIGN@?$AAz?$AAh?$AA?9?$AAc?$AAh?$AAs@ 10005238     libucrt:lcidtoname_downlevel.obj
 0001:00004248       ??_C@_1O@NMHPGANE@?$AAz?$AAh?$AA?9?$AAc?$AAh?$AAt@ 10005248     libucrt:lcidtoname_downlevel.obj
 0001:00004258       ??_C@_1M@LPINJOMC@?$AAz?$AAh?$AA?9?$AAc?$AAn@ 10005258     libucrt:lcidtoname_downlevel.obj
 0001:00004264       ??_C@_1M@OCJEJODD@?$AAz?$AAh?$AA?9?$AAh?$AAk@ 10005264     libucrt:lcidtoname_downlevel.obj
 0001:00004270       ??_C@_1M@DNDLJINH@?$AAz?$AAh?$AA?9?$AAm?$AAo@ 10005270     libucrt:lcidtoname_downlevel.obj
 0001:0000427c       ??_C@_1M@MBFDNDND@?$AAz?$AAh?$AA?9?$AAs?$AAg@ 1000527c     libucrt:lcidtoname_downlevel.obj
 0001:00004288       ??_C@_1M@IMEPLEPE@?$AAz?$AAh?$AA?9?$AAt?$AAw@ 10005288     libucrt:lcidtoname_downlevel.obj
 0001:00004294       ??_C@_1M@BBGHNHJP@?$AAz?$AAu?$AA?9?$AAz?$AAa@ 10005294     libucrt:lcidtoname_downlevel.obj
 0001:000042f8       ??_C@_1BA@BALFACEM@?$AAC?$AAO?$AAN?$AAO?$AAU?$AAT?$AA$@ 100052f8     libucrt:initcon.obj
 0001:00004410       __infinity                 10005410     libucrt:87tran.obj
 0001:0000441a       __minfinity                1000541a     libucrt:87tran.obj
 0001:00004424       __logemax                  10005424     libucrt:87tran.obj
 0001:0000444a       __OP_EXPjmptab             1000544a     libucrt:87tran.obj
 0001:00004470       __indefinite               10005470     libucrt:87disp.obj
 0001:0000447a       __piby2                    1000547a     libucrt:87disp.obj
 0001:00004484       __piby4                    10005484     libucrt:87disp.obj
 0001:000044b8       __DEFAULT_CW_in_mem        100054b8     libucrt:common.obj
 0001:000044ba       __pi_by_2_to_61            100054ba     libucrt:common.obj
 0001:000044f4       ??_C@_03MGHMBJCF@log@      100054f4     libucrt:libm_error.obj
 0001:000044f8       ??_C@_05HGHHAHAP@log10@    100054f8     libucrt:libm_error.obj
 0001:00004500       ??_C@_03KHJOGHMM@exp@      10005500     libucrt:libm_error.obj
 0001:00004504       ??_C@_03JGHBODFD@pow@      10005504     libucrt:libm_error.obj
 0001:00004508       ??_C@_04FIHNOPOL@asin@     10005508     libucrt:libm_error.obj
 0001:00004510       ??_C@_04PDIFKINK@acos@     10005510     libucrt:libm_error.obj
 0001:00004518       ??_C@_04EIAKFFMI@sqrt@     10005518     libucrt:libm_error.obj
 0001:00004520       __real@3ff0000000000000    10005520     libucrt:libm_error.obj
 0001:00004540       ___acrt_log10_table_t      10005540     libucrt:log10_tables.obj
 0001:00004950       ___acrt_log10_table_cb     10005950     libucrt:log10_tables.obj
 0001:00004d60       __real@3fe0000000000000    10005d60     libucrt:powhlp.obj
 0001:00004e50       ??_C@_04COOMCNPB@sinh@     10005e50     libucrt:fpexcept.obj
 0001:00004e58       ??_C@_04HPJJNFIM@cosh@     10005e58     libucrt:fpexcept.obj
 0001:00004e60       ??_C@_04FJHINJAO@tanh@     10005e60     libucrt:fpexcept.obj
 0001:00004e68       ??_C@_04MLLJIGOK@atan@     10005e68     libucrt:fpexcept.obj
 0001:00004e70       ??_C@_05KNGEOGJB@atan2@    10005e70     libucrt:fpexcept.obj
 0001:00004e78       ??_C@_03BLEJJJBH@sin@      10005e78     libucrt:fpexcept.obj
 0001:00004e7c       ??_C@_03LALBNOCG@cos@      10005e7c     libucrt:fpexcept.obj
 0001:00004e80       ??_C@_03IIINPABG@tan@      10005e80     libucrt:fpexcept.obj
 0001:00004e84       ??_C@_04GFPJNGEK@ceil@     10005e84     libucrt:fpexcept.obj
 0001:00004e8c       ??_C@_05PBJFFIGL@floor@    10005e8c     libucrt:fpexcept.obj
 0001:00004e94       ??_C@_04ODHECPBC@fabs@     10005e94     libucrt:fpexcept.obj
 0001:00004e9c       ??_C@_04EHEDPDJG@modf@     10005e9c     libucrt:fpexcept.obj
 0001:00004ea4       ??_C@_05CEJMAHNP@ldexp@    10005ea4     libucrt:fpexcept.obj
 0001:00004eac       ??_C@_05KBKMEMPO@_cabs@    10005eac     libucrt:fpexcept.obj
 0001:00004eb4       ??_C@_06MEIMCGCF@_hypot@   10005eb4     libucrt:fpexcept.obj
 0001:00004ebc       ??_C@_04KEPJIHGP@fmod@     10005ebc     libucrt:fpexcept.obj
 0001:00004ec4       ??_C@_05GKKHEGJL@frexp@    10005ec4     libucrt:fpexcept.obj
[...]
 0001:0000f0ba       ?initialize_multibyte@@YAHXZ 100100ba f   libucrt:multibyte_initializer.obj
 0001:0000f165       ?GetTableIndexFromLocaleName@@YAHPB_W@Z 10010165 f   libucrt:lcidtoname_downlevel.obj
 0001:0000f470       ??$?RV<lambda_9e9de3de5fa147e2223d7db92bc10aa6>@@AAV<lambda_38ce7e780aa69e748d6df282ebc68efe>@@V<lambda_8ca6da459f0f6780f1cff60fdc3d00e5>@@@?$__crt_seh_guarded_call@H@@QAEH$$QAV<lambda_9e9de3de5fa147e2223d7db92bc10aa6>@@AAV<lambda_38ce7e780aa69e748d6df282ebc68efe>@@$$QAV<lambda_8ca6da459f0f6780f1cff60fdc3d00e5>@@@Z 10010470 f   libucrt:commit.obj
 0001:0000f58f       ?write_double_translated_ansi_nolock@@YA?AUwrite_result@?A0x17268360@@HQBDI@Z 1001058f f   libucrt:write.obj
 0001:0000f939       ?write_double_translated_unicode_nolock@@YA?AUwrite_result@?A0x17268360@@QBDI@Z 10010939 f   libucrt:write.obj
 0001:0000f9a1       ?write_requires_double_translation_nolock@@YA_NH@Z 100109a1 f   libucrt:write.obj
 0001:0000fa12       ?write_text_ansi_nolock@@YA?AUwrite_result@?A0x17268360@@HQBDI@Z 10010a12 f   libucrt:write.obj
 0001:0000faed       ?write_text_utf16le_nolock@@YA?AUwrite_result@?A0x17268360@@HQBDI@Z 10010aed f   libucrt:write.obj
 0001:0000fbd6       ?write_text_utf8_nolock@@YA?AUwrite_result@?A0x17268360@@HQBDI@Z 10010bd6 f   libucrt:write.obj
 0001:00010157       ??R<lambda_3d301b9e52f5099be73030e1f0bf487e>@@QBEIPBD@Z 10011157 f   libucrt:mbrtowc.obj
 0001:00010444       ?free_crt_array_internal@@YAXQAPBXI@Z 10011444 f   libucrt:inittime.obj
 0001:000105d1       ??$common_lseek_nolock@_J@@YA_JH_JH@Z 100115d1 f   libucrt:lseek.obj
 0001:00010940       $$000000                   10011940     libucrt:log10_impl.obj
 0001:00010a50       $$000000                   10011a50     libucrt:ceil_pentium4.obj
 0001:00010b70       $$000000                   10011b70     libucrt:_strnicm.obj
 0001:00010bd1       ?__dcrt_lowio_initialize_console_output@@YAXXZ 10011bd1 f   libucrt:initcon.obj
 0001:00010c7b       ??$?RV<lambda_218ce3db14220d0be481dae8ef3383b6>@@AAV<lambda_628dfdc04ba53c8bfc02c9951375f3f5>@@V<lambda_57dc472bd5c9d5f3b2cbca59b8a843ae>@@@?$__crt_seh_guarded_call@H@@QAEH$$QAV<lambda_218ce3db14220d0be481dae8ef3383b6>@@AAV<lambda_628dfdc04ba53c8bfc02c9951375f3f5>@@$$QAV<lambda_57dc472bd5c9d5f3b2cbca59b8a843ae>@@@Z 10011c7b f   libucrt:close.obj
 0001:00010e80       $$000000                   10011e80     libucrt:log10_pentium4.obj
 0001:00011110       $$000000                   10012110     libucrt:87tran.obj
 0001:00011320       $$000000                   10012320     libucrt:87disp.obj
 0001:00011580       $$000000                   10012580     libucrt:common.obj
 0001:00011710       $$000000                   10012710     libucrt:genexcep.obj
 0001:00012790       $$000000                   10013790     LIBCMT:ulldvrm.obj
 0001:00012830       $$000000                   10013830     LIBCMT:llmul.obj
 0001:00012870       $$000000                   10013870     LIBCMT:lldvrm.obj
 0001:00012950       $$000000                   10013950     LIBCMT:ullshr.obj
 0001:00012970       $$000000                   10013970     LIBCMT:alloca16.obj
 0001:000129a0       $$000000                   100139a0     LIBCMT:llshl.obj
 0001:000129c0       $$000000                   100139c0     libvcruntime:strchr.obj
 0001:00012af0       $$000000                   10013af0     libvcruntime:strrchr.obj
 0001:00012ca0       ??__FDeleter@?1??InitializeSListHead@implementation@slist@@YGXPAT_SLIST_HEADER@@@Z@YAXXZ 10013ca0 f   vc_crt_fix_impl.obj
 0001:00012ce0       __sehtable$___scrt_is_nonwritable_in_current_image 10013ce0     LIBCMT:utility.obj
 0001:00012d00       __sehtable$?dllmain_crt_process_attach@@YAHQAUHINSTANCE__@@QAX@Z 10013d00     LIBCMT:dll_dllmain.obj
 0001:00012d20       __sehtable$?dllmain_crt_process_detach@@YAH_N@Z 10013d20     LIBCMT:dll_dllmain.obj
 0001:00012d48       __sehtable$?dllmain_dispatch@@YAHQAUHINSTANCE__@@KQAX@Z 10013d48     LIBCMT:dll_dllmain.obj
 0001:00012df8       __sehtable$___DestructExceptionObject 10013df8     libvcruntime:ehhelpers.obj
 0001:00012e18       __sehtable$__query_new_handler 10013e18     libucrt:new_handler.obj
 0001:00012e38       __sehtable$??R<lambda_6e4b09c48022b2350581041d5f6b0c4c>@@QBE@XZ 10013e38     libucrt:exit.obj
 0001:00012e58       __sehtable$??$?RV<lambda_03b1d95aef87969028cfba75ccab2455>@@AAV<lambda_6e4b09c48022b2350581041d5f6b0c4c>@@V<lambda_22bdf7517842c4b3e53723af5aa32b9e>@@@?$__crt_seh_guarded_call@X@@QAEX$$QAV<lambda_03b1d95aef87969028cfba75ccab2455>@@AAV<lambda_6e4b09c48022b2350581041d5f6b0c4c>@@$$QAV<lambda_22bdf7517842c4b3e53723af5aa32b9e>@@@Z 10013e58     libucrt:exit.obj
 0001:00012e78       __sehtable$??$?RV<lambda_8e746cf0007f6ed984d6f78af1fec997>@@AAV<lambda_22ebabd17bc4fa466a2aca6d8deb888d>@@V<lambda_18ed0c0b38a6dc0daf1e7ac6d6adf05e>@@@?$__crt_seh_guarded_call@H@@QAEH$$QAV<lambda_8e746cf0007f6ed984d6f78af1fec997>@@AAV<lambda_22ebabd17bc4fa466a2aca6d8deb888d>@@$$QAV<lambda_18ed0c0b38a6dc0daf1e7ac6d6adf05e>@@@Z 10013e78     libucrt:onexit.obj
 0001:00012e98       __sehtable$??$?RV<lambda_69a2805e680e0e292e8ba93315fe43a8>@@AAV<lambda_f03950bc5685219e0bcd2087efbe011e>@@V<lambda_03fcd07e894ec930e3f35da366ca99d6>@@@?$__crt_seh_guarded_call@H@@QAEH$$QAV<lambda_69a2805e680e0e292e8ba93315fe43a8>@@AAV<lambda_f03950bc5685219e0bcd2087efbe011e>@@$$QAV<lambda_03fcd07e894ec930e3f35da366ca99d6>@@@Z 10013e98     libucrt:onexit.obj
 0001:00012eb8       __sehtable$_terminate      10013eb8     libucrt:terminate.obj
 0001:00012ed8       __sehtable$??$?RV<lambda_15ade71b0218206bbe3333a0c9b79046>@@AAV<lambda_da44e0f8b0f19ba52fefafb335991732>@@V<lambda_207f2d024fc103971653565357d6cd41>@@@?$__crt_seh_guarded_call@X@@QAEX$$QAV<lambda_15ade71b0218206bbe3333a0c9b79046>@@AAV<lambda_da44e0f8b0f19ba52fefafb335991732>@@$$QAV<lambda_207f2d024fc103971653565357d6cd41>@@@Z 10013ed8     libucrt:per_thread_data.obj
 0001:00012ef8       __sehtable$??$?RV<lambda_a7e850c220f1c8d1e6efeecdedd162c6>@@AAV<lambda_46720907175c18b6c9d2717bc0d2d362>@@V<lambda_9048902d66e8d99359bc9897bbb930a8>@@@?$__crt_seh_guarded_call@X@@QAEX$$QAV<lambda_a7e850c220f1c8d1e6efeecdedd162c6>@@AAV<lambda_46720907175c18b6c9d2717bc0d2d362>@@$$QAV<lambda_9048902d66e8d99359bc9897bbb930a8>@@@Z 10013ef8     libucrt:per_thread_data.obj
 0001:00012f18       __sehtable$??$?RV<lambda_38edbb1296d33220d7e4dd0ed76b244a>@@AAV<lambda_5ce1d447e08cb34b2473517608e21441>@@V<lambda_fb385d3da700c9147fc39e65dd577a8c>@@@?$__crt_seh_guarded_call@X@@QAEX$$QAV<lambda_38edbb1296d33220d7e4dd0ed76b244a>@@AAV<lambda_5ce1d447e08cb34b2473517608e21441>@@$$QAV<lambda_fb385d3da700c9147fc39e65dd577a8c>@@@Z 10013f18     libucrt:per_thread_data.obj
 0001:00012f38       __sehtable$??$?RV<lambda_6affb1475c98b40b75cdec977db92e3c>@@AAV<lambda_b8d4b9c228a6ecc3f80208dbb4b4a104>@@V<lambda_608742c3c92a14382c1684fc64f96c88>@@@?$__crt_seh_guarded_call@X@@QAEX$$QAV<lambda_6affb1475c98b40b75cdec977db92e3c>@@AAV<lambda_b8d4b9c228a6ecc3f80208dbb4b4a104>@@$$QAV<lambda_608742c3c92a14382c1684fc64f96c88>@@@Z 10013f38     libucrt:per_thread_data.obj
 0001:00012f58       __sehtable$?update_thread_multibyte_data_internal@@YAPAU__crt_multibyte_data@@QAU__acrt_ptd@@QAPAU1@@Z 10013f58     libucrt:mbctype.obj
 0001:00012f78       __sehtable$??$?RV<lambda_ceb1ee4838e85a9d631eb091e2fbe199>@@AAV<lambda_ae742caa10f662c28703da3d2ea5e57e>@@V<lambda_cd08b5d6af4937fe54fc07d0c9bf6b37>@@@?$__crt_seh_guarded_call@X@@QAEX$$QAV<lambda_ceb1ee4838e85a9d631eb091e2fbe199>@@AAV<lambda_ae742caa10f662c28703da3d2ea5e57e>@@$$QAV<lambda_cd08b5d6af4937fe54fc07d0c9bf6b37>@@@Z 10013f78     libucrt:mbctype.obj
 0001:00012f98       __sehtable$___acrt_initialize_lowio 10013f98     libucrt:ioinit.obj
 0001:00012fb8       __sehtable$_raise          10013fb8     libucrt:signal.obj
 0001:00012fd8       __sehtable$??$?RV<lambda_cbab9ec6f41b0180b23cc171c22676b0>@@AAV<lambda_44731a7d0e6d81c3e6aa82d741081786>@@V<lambda_4b292cb8dd18144e164572427af410ab>@@@?$__crt_seh_guarded_call@P6AXH@Z@@QAEP6AXH@Z$$QAV<lambda_cbab9ec6f41b0180b23cc171c22676b0>@@AAV<lambda_44731a7d0e6d81c3e6aa82d741081786>@@$$QAV<lambda_4b292cb8dd18144e164572427af410ab>@@@Z 10013fd8     libucrt:signal.obj
 0001:00012ff8       __sehtable$??$?RV<lambda_2866be3712abc81a800a822484c830d8>@@AAV<lambda_39ca0ed439415581b5b15c265174cece>@@V<lambda_2b24c74d71094a6cd0cb82e44167d71b>@@@?$__crt_seh_guarded_call@X@@QAEX$$QAV<lambda_2866be3712abc81a800a822484c830d8>@@AAV<lambda_39ca0ed439415581b5b15c265174cece>@@$$QAV<lambda_2b24c74d71094a6cd0cb82e44167d71b>@@@Z 10013ff8     libucrt:fflush.obj
 0001:00013018       __sehtable$??$?RV<lambda_2cc53f568c5a2bb6f192f930a45d44ea>@@AAV<lambda_ab61a845afdef5b7c387490eaf3616ee>@@V<lambda_c2ffc0b7726aa6be21d5f0026187e748>@@@?$__crt_seh_guarded_call@X@@QAEX$$QAV<lambda_2cc53f568c5a2bb6f192f930a45d44ea>@@AAV<lambda_ab61a845afdef5b7c387490eaf3616ee>@@$$QAV<lambda_c2ffc0b7726aa6be21d5f0026187e748>@@@Z 10014018     libucrt:fflush.obj
 0001:00013038       __sehtable$??$?RV<lambda_e5124f882df8998aaf41531e079ba474>@@AAV<lambda_3e16ef9562a7dcce91392c22ab16ea36>@@V<lambda_e25ca0880e6ef98be67edffd8c599615>@@@?$__crt_seh_guarded_call@X@@QAEX$$QAV<lambda_e5124f882df8998aaf41531e079ba474>@@AAV<lambda_3e16ef9562a7dcce91392c22ab16ea36>@@$$QAV<lambda_e25ca0880e6ef98be67edffd8c599615>@@@Z 10014038     libucrt:wsetlocale.obj
 0001:00013058       __sehtable$___acrt_update_thread_locale_data 10014058     libucrt:locale_refcounting.obj
 0001:00013078       __sehtable$___acrt_lowio_ensure_fh_exists 10014078     libucrt:osfinfo.obj
 0001:00013098       __sehtable$??$?RV<lambda_9e9de3de5fa147e2223d7db92bc10aa6>@@AAV<lambda_38ce7e780aa69e748d6df282ebc68efe>@@V<lambda_8ca6da459f0f6780f1cff60fdc3d00e5>@@@?$__crt_seh_guarded_call@H@@QAEH$$QAV<lambda_9e9de3de5fa147e2223d7db92bc10aa6>@@AAV<lambda_38ce7e780aa69e748d6df282ebc68efe>@@$$QAV<lambda_8ca6da459f0f6780f1cff60fdc3d00e5>@@@Z 10014098     libucrt:commit.obj
 0001:000130b8       __sehtable$__write         100140b8     libucrt:write.obj
 0001:000130d8       __sehtable$__fcloseall     100140d8     libucrt:closeall.obj
 0001:000130f8       __sehtable$_fclose         100140f8     libucrt:fclose.obj
 0001:00013118       __sehtable$??$?RV<lambda_218ce3db14220d0be481dae8ef3383b6>@@AAV<lambda_628dfdc04ba53c8bfc02c9951375f3f5>@@V<lambda_57dc472bd5c9d5f3b2cbca59b8a843ae>@@@?$__crt_seh_guarded_call@H@@QAEH$$QAV<lambda_218ce3db14220d0be481dae8ef3383b6>@@AAV<lambda_628dfdc04ba53c8bfc02c9951375f3f5>@@$$QAV<lambda_57dc472bd5c9d5f3b2cbca59b8a843ae>@@@Z 10014118     libucrt:close.obj
 0001:00013138       __sehtable$__IsNonwritableInCurrentImage 10014138     LIBCMT:pesect.obj
 0001:00013160       .edata                     10014160     Brackets.exp
 0001:00013188       rgpv                       10014188     Brackets.exp
 0001:0001319c       rgszName                   1001419c     Brackets.exp
 0001:000131b0       rgwOrd                     100141b0     Brackets.exp
 0001:000131ba       szName                     100141ba     Brackets.exp
 0001:000131c7       $N00001                    100141c7     Brackets.exp
 0001:000131d2       $N00002                    100141d2     Brackets.exp
 0001:000131e1       $N00003                    100141e1     Brackets.exp
 0001:000131f0       $N00004                    100141f0     Brackets.exp
 0001:000131f6       $N00005                    100141f6     Brackets.exp
 0002:00000000       ?HelpTopic@?1??ShowMenu@@YAHH@Z@4PAPB_WA 10015000     Brackets.obj
 0002:00000008       ?CmdName@?BB@??OpenW@@9@4@4PAU<unnamed-type-CmdName>@?BB@??1@YGPAXPBUOpenInfo@@@Z@A 10015008     Brackets.obj
 0002:00000060       ?__vcrt_flsindex@@3KA      10015060     libvcruntime:per_thread_data.obj
 0002:00000090       ?__acrt_flsindex@@3KA      10015090     libucrt:per_thread_data.obj
 0002:00000094       ?errno_no_memory@@3HA      10015094     libucrt:errno.obj
 0002:00000098       ?doserrno_no_memory@@3KA   10015098     libucrt:errno.obj
 0002:000002c0       __mbctypes                 100152c0     libucrt:mbctype.obj
 0002:000003c8       __mbcasemaps               100153c8     libucrt:mbctype.obj
 0002:000004c8       ?__rgctypeflag@@3PADA      100154c8     libucrt:mbctype.obj
 0002:000004d0       ?__rgcode_page_info@@3PAUcode_page_info@@A 100154d0     libucrt:mbctype.obj
 0002:00000890       ?__dcrt_lowio_console_output_handle@@3PAXA 10015890     libucrt:initcon.obj
 0002:00000928       ?Opt@@3UOptions@@A         10015928     Brackets.obj
 0002:000009e8       ?Info@@3UPluginStartupInfo@@A 100159e8     Brackets.obj
 0002:00000a74       ?PluginMenuStrings@?1??GetPluginInfoW@@9@4@4PAPB_WA 10015a74     Brackets.obj
 0002:00000a7c       ?Cookie@?1??XorPointer@@YAPAXPAX@Z@4IB 10015a7c     vc_crt_fix_impl.obj
 0002:00000a80       ?$S1@?1??XorPointer@@YAPAXPAX@Z@4IA 10015a80     vc_crt_fix_impl.obj
 0002:00000a84       ?Function@?1??EncodePointerWrapper@@9@4@4Q6GPAXPAX@ZA 10015a84     vc_crt_fix_impl.obj
 0002:00000a88       ?$S2@?1??EncodePointerWrapper@@9@4@4IA 10015a88     vc_crt_fix_impl.obj
 0002:00000a8c       ?Function@?1??DecodePointerWrapper@@9@4@4Q6GPAXPAX@ZA 10015a8c     vc_crt_fix_impl.obj
 0002:00000a90       ?$S3@?1??DecodePointerWrapper@@9@4@4IA 10015a90     vc_crt_fix_impl.obj
 0002:00000a94       ?Function@?1??GetModuleHandleExWWrapper@@9@12@4Q6GHKPB_WPAPAUHINSTANCE__@@@ZA 10015a94     vc_crt_fix_impl.obj
 0002:00000a98       ?$S4@?1??GetModuleHandleExWWrapper@@9@12@4IA 10015a98     vc_crt_fix_impl.obj
 0002:00000a9c       ?Deleter@?1??InitializeSListHead@implementation@slist@@YGXPAT_SLIST_HEADER@@@Z@4Vservice_deleter@23@A 10015a9c     vc_crt_fix_impl.obj
 0002:00000abc       ?$S5@?1??InitializeSListHead@implementation@slist@@YGXPAT_SLIST_HEADER@@@Z@4IA 10015abc     vc_crt_fix_impl.obj
 0002:00000ac0       ?Function@?1??InitializeSListHeadWrapper@@9@4@4Q6GXPAT_SLIST_HEADER@@@ZA 10015ac0     vc_crt_fix_impl.obj
 0002:00000ac4       ?$S6@?1??InitializeSListHeadWrapper@@9@4@4IA 10015ac4     vc_crt_fix_impl.obj
 0002:00000ac8       ?Function@?1??InterlockedFlushSListWrapper@@9@4@4Q6GPAU_SINGLE_LIST_ENTRY@@PAT_SLIST_HEADER@@@ZA 10015ac8     vc_crt_fix_impl.obj
 0002:00000acc       ?$S7@?1??InterlockedFlushSListWrapper@@9@4@4IA 10015acc     vc_crt_fix_impl.obj
 0002:00000ad0       ?Function@?1??InterlockedPopEntrySListWrapper@@9@4@4Q6GPAU_SINGLE_LIST_ENTRY@@PAT_SLIST_HEADER@@@ZA 10015ad0     vc_crt_fix_impl.obj
 0002:00000ad4       ?$S8@?1??InterlockedPopEntrySListWrapper@@9@4@4IA 10015ad4     vc_crt_fix_impl.obj
 0002:00000ad8       ?Function@?1??InterlockedPushEntrySListWrapper@@9@8@4Q6GPAU_SINGLE_LIST_ENTRY@@PAT_SLIST_HEADER@@PAU2@@ZA 10015ad8     vc_crt_fix_impl.obj
 0002:00000adc       ?$S9@?1??InterlockedPushEntrySListWrapper@@9@8@4IA 10015adc     vc_crt_fix_impl.obj
 0002:00000ae0       ?Function@?1??InterlockedPushListSListExWrapper@@9@16@4Q6GPAU_SINGLE_LIST_ENTRY@@PAT_SLIST_HEADER@@PAU2@1K@ZA 10015ae0     vc_crt_fix_impl.obj
 0002:00000ae4       ?$S10@?1??InterlockedPushListSListExWrapper@@9@16@4IA 10015ae4     vc_crt_fix_impl.obj
 0002:00000ae8       ?Function@?1??RtlFirstEntrySListWrapper@@9@4@4Q6GPAU_SINGLE_LIST_ENTRY@@PAT_SLIST_HEADER@@@ZA 10015ae8     vc_crt_fix_impl.obj
 0002:00000aec       ?$S11@?1??RtlFirstEntrySListWrapper@@9@4@4IA 10015aec     vc_crt_fix_impl.obj
 0002:00000af0       ?Function@?1??QueryDepthSListWrapper@@9@4@4Q6GGPAT_SLIST_HEADER@@@ZA 10015af0     vc_crt_fix_impl.obj
 0002:00000af4       ?$S12@?1??QueryDepthSListWrapper@@9@4@4IA 10015af4     vc_crt_fix_impl.obj
 0002:00000af8       ?Function@?1??GetNumaHighestNodeNumberWrapper@@9@4@4Q6GHPAK@ZA 10015af8     vc_crt_fix_impl.obj
 0002:00000afc       ?$S13@?1??GetNumaHighestNodeNumberWrapper@@9@4@4IA 10015afc     vc_crt_fix_impl.obj
 0002:00000b00       ?Function@?1??GetLogicalProcessorInformationWrapper@@9@8@4Q6GHPAU_SYSTEM_LOGICAL_PROCESSOR_INFORMATION@@PAK@ZA 10015b00     vc_crt_fix_impl.obj
 0002:00000b04       ?$S14@?1??GetLogicalProcessorInformationWrapper@@9@8@4IA 10015b04     vc_crt_fix_impl.obj
 0002:00000b08       ?Function@?1??SetThreadStackGuaranteeWrapper@@9@4@4Q6GHPAK@ZA 10015b08     vc_crt_fix_impl.obj
 0002:00000b0c       ?$S15@?1??SetThreadStackGuaranteeWrapper@@9@4@4IA 10015b0c     vc_crt_fix_impl.obj
 0002:00000b18       ?is_initialized_as_dll@@3_NA 10015b18     LIBCMT:utility.obj
 0002:00000b19       ?module_local_atexit_table_initialized@@3_NA 10015b19     LIBCMT:utility.obj
 0002:00000b1c       ?module_local_atexit_table@@3U_onexit_table_t@@A 10015b1c     LIBCMT:utility.obj
 0002:00000b28       ?module_local_at_quick_exit_table@@3U_onexit_table_t@@A 10015b28     LIBCMT:utility.obj
 0002:00000b34       ?__proc_attached@@3HA      10015b34     LIBCMT:dll_dllmain.obj
 0002:00000b60       _GS_ExceptionRecord        10015b60     LIBCMT:gs_report.obj
 0002:00000bb0       _GS_ContextRecord          10015bb0     LIBCMT:gs_report.obj
 0002:00000e84       ?__vcrt_startup_thread_ptd@@3U__vcrt_ptd@@A 10015e84     libvcruntime:per_thread_data.obj
 0002:00000eac       ___vcrt_lock_table         10015eac     libvcruntime:locks.obj
 0002:00000ec4       ___vcrt_locks_initialized  10015ec4     libvcruntime:locks.obj
 0002:00000ef0       ?heap@@3V_HeapManager@@A   10015ef0     libvcruntime:undname.obj
 0002:00000f04       ?module_handles@@3PAPAUHINSTANCE__@@A 10015f04     libvcruntime:winapi_downlevel.obj
 0002:00000f10       ?function_pointers@@3PAPAXA 10015f10     libvcruntime:winapi_downlevel.obj
 0002:00000f24       ?__acrt_new_handler@@3V?$dual_state_global@P6AHI@Z@__crt_state_management@@A 10015f24     libucrt:new_handler.obj
 0002:00000f28       ?c_termination_complete@@3JA 10015f28     libucrt:exit.obj
 0002:00000f2c       ?thread_local_exit_callback_func@@3P6GXPAXK0@ZA 10015f2c     libucrt:exit.obj
 0002:00000f38       ?program_name@?1???$common_configure_argv@D@@YAHW4_crt_argv_mode@@@Z@4PADA 10015f38     libucrt:argv_parsing.obj
 0002:00001068       ?__acrt_lock_table@@3PAU_RTL_CRITICAL_SECTION@@A 10016068     libucrt:locks.obj
 0002:000011b8       ?__acrt_locks_initialized@@3IA 100161b8     libucrt:locks.obj
 0002:000011bc       ?__acrt_invalid_parameter_handler@@3V?$dual_state_global@P6AXPB_W00II@Z@__crt_state_management@@A 100161bc     libucrt:invalid_parameter.obj
 0002:000011cc       ?fSystemSet@@3HA           100161cc     libucrt:mbctype.obj
 0002:000011d0       ?initialized@?1??__acrt_initialize_multibyte@@9@4_NA 100161d0     libucrt:mbctype.obj
 0002:000011f0       ?module_handles@@3PAPAUHINSTANCE__@@A 100161f0     libucrt:winapi_thunks.obj
 0002:00001240       ?encoded_function_pointers@@3PAPAXA 10016240     libucrt:winapi_thunks.obj
 0002:000014d4       ?ctrlc_action@@3V?$dual_state_global@P6AXH@Z@__crt_state_management@@A 100164d4     libucrt:signal.obj
 0002:000014d8       ?ctrlbreak_action@@3V?$dual_state_global@P6AXH@Z@__crt_state_management@@A 100164d8     libucrt:signal.obj
 0002:000014dc       ?abort_action@@3V?$dual_state_global@P6AXH@Z@__crt_state_management@@A 100164dc     libucrt:signal.obj
 0002:000014e0       ?term_action@@3V?$dual_state_global@P6AXH@Z@__crt_state_management@@A 100164e0     libucrt:signal.obj
 0002:000014e4       ?user_matherr@@3V?$dual_state_global@P6AHPAU_exception@@@Z@__crt_state_management@@A 100164e4     libucrt:matherr.obj
 0002:000014fc       ?internal_state@?1??_mbtowc_l@@9@4U_Mbstatet@@A 100164fc     libucrt:mbtowc.obj
 0002:00001508       ?__acrt_global_new_mode@@3V?$dual_state_global@J@__crt_state_management@@A 10016508     libucrt:new_mode.obj
 0002:00001514       ?__acrt_app_type@@3W4_crt_app_type@@A 10016514     libucrt:report_runtime_error.obj
 0002:00001518       ?internal_pst@?1??__mbrtoc32_utf8@__crt_mbstring@@YAIPA_UPBDIPAU_Mbstatet@@@Z@4U3@A 10016518     libucrt:mbrtoc32.obj
 0002:00001524       __pmatherr_set             10016524     libucrt:libm_error.obj
 0003:00000392       .idata$6                   10017392     kernel32:KERNEL32.dll
 0003:000003ae       .idata$6                   100173ae     user32:USER32.dll
 0004:00000060       $R000000                   10018060     Brackets.res
