 EMenu

 Timestamp is 5f5c3d13 (Sat Sep 12 04:14:27 2020)

 Preferred load address is 10000000

 Start         Length     Name                   Class
 0001:00000000 00000004H .CRT$XCA                CODE
 0001:00000004 00000004H .CRT$XCZ                CODE
 0001:00000008 00000004H .CRT$XIA                CODE
 0001:0000000c 0000000cH .CRT$XIC                CODE
 0001:00000018 00000004H .CRT$XIZ                CODE
 0001:0000001c 00000004H .CRT$XPA                CODE
 0001:00000020 00000008H .CRT$XPX                CODE
 0001:00000028 00000004H .CRT$XPXA               CODE
 0001:0000002c 00000004H .CRT$XPZ                CODE
 0001:00000030 00000004H .CRT$XTA                CODE
 0001:00000034 0000000cH .CRT$XTZ                CODE
 0001:00000038 00000000H .gfids$y                CODE
 0001:00000040 00005154H .rdata                  CODE
 0001:00005194 0000012cH .rdata$r                CODE
 0001:000052c0 00000010H .rdata$sxdata           CODE
 0001:000052d0 0000029cH .rdata$zzzdbg           CODE
 0001:0000556c 00000004H .rtc$IAA                CODE
 0001:00005570 00000004H .rtc$IZZ                CODE
 0001:00005574 00000004H .rtc$TAA                CODE
 0001:00005578 00000008H .rtc$TZZ                CODE
 0001:00005580 00011750H .text$mn                CODE
 0001:00016ccf 00000000H .text$x                 CODE
 0001:00016cd0 00000040H .text$yd                CODE
 0001:00016d10 000004e0H .xdata$x                CODE
 0001:000171f0 000000b6H .edata                  CODE
 0002:00000000 000008a0H .data                   DATA
 0002:000008a0 00000098H .data$r                 DATA
 0002:00000938 00001390H .bss                    DATA
 0003:00000000 000001d0H .idata$5                DATA
 0003:000001d0 00000004H .00cfg                  DATA
 0003:000001d4 00000050H .idata$2                DATA
 0003:00000224 00000014H .idata$3                DATA
 0003:00000238 000001d0H .idata$4                DATA
 0003:00000408 0000080aH .idata$6                DATA
 0004:00000000 000000a0H .rsrc$01                DATA
 0004:000000a0 000003a0H .rsrc$02                DATA

  Address         Publics by Value              Rva+Base       Lib:Object

 0000:00000000       ___guard_longjmp_count     00000000     <absolute>
 0000:00000000       __except_list              00000000     <absolute>
 0000:00000000       ___guard_iat_count         00000000     <absolute>
 0000:00000000       ___guard_fids_count        00000000     <absolute>
 0000:00000000       ___guard_longjmp_table     00000000     <absolute>
 0000:00000000       ___hybrid_code_map_count   00000000     <absolute>
 0000:00000000       ___hybrid_auxiliary_iat    00000000     <absolute>
 0000:00000000       ___dynamic_value_reloc_table 00000000     <absolute>
 0000:00000000       ___guard_fids_table        00000000     <absolute>
 0000:00000000       ___volatile_metadata       00000000     <absolute>
 0000:00000000       ___guard_iat_table         00000000     <absolute>
 0000:00000000       ___AbsoluteZero            00000000     <absolute>
 0000:00000000       ___enclave_config          00000000     <absolute>
 0000:00000000       ___hybrid_code_map         00000000     <absolute>
 0000:00000004       ___safe_se_handler_count   00000004     <absolute>
 0000:00000100       ___guard_flags             00000100     <absolute>
 0000:00000000       ___ImageBase               10000000     <linker-defined>
 0001:00000000       ___xc_a                    10001000     LIBCMT:initializers.obj
 0001:00000004       ___xc_z                    10001004     LIBCMT:initializers.obj
 0001:00000008       ___xi_a                    10001008     LIBCMT:initializers.obj
 0001:0000000c       ___acrt_multibyte_initializer 1000100c     libucrt:multibyte_initializer.obj
 0001:00000010       ___acrt_stdio_initializer  10001010     libucrt:stdio_initializer.obj
 0001:00000014       ___acrt_tran_sse2_initializer 10001014     libucrt:sse2_initializer.obj
 0001:00000018       ___xi_z                    10001018     LIBCMT:initializers.obj
 0001:0000001c       ___xp_a                    1000101c     LIBCMT:initializers.obj
 0001:00000020       ___acrt_locale_terminator  10001020     libucrt:locale_initializer.obj
 0001:00000024       ___dcrt_console_output_terminator 10001024     libucrt:console_output_initializer.obj
 0001:00000028       ___acrt_stdio_terminator   10001028     libucrt:stdio_initializer.obj
 0001:0000002c       ___xp_z                    1000102c     LIBCMT:initializers.obj
 0001:00000030       ___xt_a                    10001030     LIBCMT:initializers.obj
 0001:00000034       ___xt_z                    10001034     LIBCMT:initializers.obj
 0001:00000040       _MainGuid                  10001040     EMenu.obj
 0001:00000050       _MenuGuid                  10001050     EMenu.obj
 0001:00000060       _DialogGuid                10001060     EMenu.obj
 0001:00000070       _GuiTextMenuGuid           10001070     EMenu.obj
 0001:00000080       ??_C@_1M@LBLKOFDL@?$AAE?$AAM?$AAe?$AAn?$AAu@ 10001080     EMenu.obj
 0001:0000008c       ??_C@_1DK@JMMNGKID@?$AAE?$AAM?$AAe?$AAn?$AAu?$AA?5?$AAP?$AAl?$AAu?$AAg?$AAi?$AAn?$AA?5?$AAf?$AAo@ 1000108c     EMenu.obj
 0001:000000c8       ??_C@_1DE@BGKMIKPD@?$AAE?$AAu?$AAg?$AAe?$AAn?$AAe?$AA?5?$AAR?$AAo?$AAs?$AAh?$AAa?$AAl?$AA?5?$AA?$CG@ 100010c8     EMenu.obj
 0001:00000100       ??_C@_17CIEOGNAD@?$AA?5?$AA?5?$PP?$LK@ 10001100     FarMenu.obj
 0001:00000108       ??_C@_13HOIJIPNN@?$AA?5@   10001108     FarMenu.obj
 0001:0000010c       ??_C@_19JPHCGFBO@?$AAM?$AAa?$AAi?$AAn@ 1000110c     Plugin.obj
 0001:00000118       ??_C@_1O@BJPKKLLM@?$AAC?$AAo?$AAn?$AAf?$AAi?$AAg@ 10001118     Plugin.obj
 0001:00000128       ??_C@_1BO@CLHFIDDE@?$AAC?$AAh?$AAo?$AAo?$AAs?$AAe?$AAM?$AAe?$AAn?$AAu?$AAT?$AAy?$AAp?$AAe@ 10001128     Plugin.obj
 0001:00000148       ??_C@_1BI@GILJGMBA@?$AAC?$AAo?$AAn?$AAt?$AAe?$AAx?$AAt?$AAM?$AAe?$AAn?$AAu@ 10001148     Plugin.obj
 0001:00000160       ??_C@_1O@MCPHAIFL@?$AAM?$AAy?$AAC?$AAo?$AAm?$AAp@ 10001160     Plugin.obj
 0001:00000170       ??_C@_1O@GOJJLDBG@?$AAE?$AAr?$AAr?$AAo?$AAr?$AA0@ 10001170     Plugin.obj
 0001:00000180       ??_C@_1O@NGCFNEHD@?$AAE?$AAr?$AAr?$AAo?$AAr?$AA1@ 10001180     Plugin.obj
 0001:00000190       ??_C@_1O@MEJAHLJN@?$AAE?$AAr?$AAr?$AAo?$AAr?$AA2@ 10001190     Plugin.obj
 0001:000001a0       ??_C@_1M@IAIJHCCH@?$AAC?$AAl?$AAo?$AAs?$AAe@ 100011a0     Plugin.obj
 0001:000001ac       ??_7PluginCheckBoxBinding@@6B@ 100011ac     Plugin.obj
 0001:000001b4       ??_7PluginRadioButtonBinding@@6B@ 100011b4     Plugin.obj
 0001:000001bc       ??_C@_11LOCGONAA@@         100011bc     Plugin.obj
 0001:000001c0       __GUID_000214f4_0000_0000_c000_000000000046 100011c0     Plugin.obj
 0001:000001d0       __GUID_bcfce0a0_ec17_11d0_8d10_00a0c90f2719 100011d0     Plugin.obj
 0001:000001e0       ??_C@_1BO@BLHAFJIH@?$AAW?$AAa?$AAi?$AAt?$AAT?$AAo?$AAC?$AAo?$AAn?$AAt?$AAi?$AAn?$AAu?$AAe@ 100011e0     Plugin.obj
 0001:00000200       ??_C@_1O@HAPBPKPP@?$AAU?$AAs?$AAe?$AAG?$AAU?$AAI@ 10001200     Plugin.obj
 0001:00000210       ??_C@_1BI@FNELDPIH@?$AAD?$AAe?$AAl?$AAU?$AAs?$AAi?$AAn?$AAg?$AAF?$AAa?$AAr@ 10001210     Plugin.obj
 0001:00000228       ??_C@_1BO@ELNGBDOB@?$AAC?$AAl?$AAe?$AAa?$AAr?$AAS?$AAe?$AAl?$AAe?$AAc?$AAt?$AAi?$AAo?$AAn@ 10001228     Plugin.obj
 0001:00000248       ??_C@_1O@EFKGCNCH@?$AAS?$AAi?$AAl?$AAe?$AAn?$AAt@ 10001248     Plugin.obj
 0001:00000258       ??_C@_1BC@JAMHBCOF@?$AAH?$AAe?$AAl?$AAp?$AAt?$AAe?$AAx?$AAt@ 10001258     Plugin.obj
 0001:0000026c       ??_C@_1BM@JNPKPLGJ@?$AAD?$AAi?$AAf?$AAf?$AAe?$AAr?$AAe?$AAn?$AAt?$AAO?$AAn?$AAl?$AAy@ 1000126c     Plugin.obj
 0001:00000288       ??_C@_1O@EOCFEDGM@?$AAG?$AAu?$AAi?$AAP?$AAo?$AAs@ 10001288     Plugin.obj
 0001:00000298       ??_C@_1FE@DFGJMLLI@?$AAr?$AAc?$AAl?$AAk?$AA?3?$AAr?$AAc?$AAl?$AAk?$AA_?$AAt?$AAx?$AAt?$AA?3?$AAr@ 10001298     Plugin.obj
 0001:000002ec       ??_C@_1M@MGKMLCA@?$AAr?$AAc?$AAl?$AAk?$AA?3@ 100012ec     Plugin.obj
 0001:000002f8       ??_C@_1BE@GEDAILNH@?$AAr?$AAc?$AAl?$AAk?$AA_?$AAt?$AAx?$AAt?$AA?3@ 100012f8     Plugin.obj
 0001:0000030c       ??_C@_1BE@IMOELFKI@?$AAr?$AAc?$AAl?$AAk?$AA_?$AAg?$AAu?$AAi?$AA?3@ 1000130c     Plugin.obj
 0001:00000320       ??_C@_1BE@JGMPCMJC@?$AAr?$AAc?$AAl?$AAk?$AA_?$AAc?$AAm?$AAd?$AA?3@ 10001320     Plugin.obj
 0001:00000334       ??_C@_1BG@CJEHAOD@?$AAr?$AAc?$AAl?$AAk?$AA_?$AAi?$AAt?$AAe?$AAm?$AA?3@ 10001334     Plugin.obj
 0001:0000034c       ??_C@_13FPGAJAPJ@?$AA?2@   1000134c     Plugin.obj
 0001:00000350       ??_C@_15DDHGOCBH@?$AA?4?$AA?4@ 10001350     Plugin.obj
 0001:00000358       ??_C@_1M@MDEFCCAF@?$AA?$CF?$AAu?$AA?5?$AA?$CF?$AAs@ 10001358     Plugin.obj
 0001:00000364       ??_C@_15JOGBDECP@?$AA?0?$AA?5@ 10001364     Plugin.obj
 0001:0000036c       ??_C@_06LMEAOBLB@rename@   1000136c     Plugin.obj
 0001:00000374       ??_C@_1BC@CGPONMNI@?$AAK?$AAe?$AAy?$AAs?$AA?8?$AAF?$AA6?$AA?8@ 10001374     Plugin.obj
 0001:00000388       ??_C@_06FOBLBEIN@delete@   10001388     Plugin.obj
 0001:00000390       ??_C@_1BC@BMPELNKI@?$AAK?$AAe?$AAy?$AAs?$AA?8?$AAF?$AA8?$AA?8@ 10001390     Plugin.obj
 0001:000003a4       ??_C@_1BO@PGPCBEEA@?$AAK?$AAe?$AAy?$AAs?$AA?8?$AAS?$AAh?$AAi?$AAf?$AAt?$AAD?$AAe?$AAl?$AA?8@ 100013a4     Plugin.obj
 0001:000003c4       ??_C@_1BK@NGCLJGHJ@?$AAK?$AAe?$AAy?$AAs?$AA?8?$AAA?$AAl?$AAt?$AAD?$AAe?$AAl?$AA?8@ 100013c4     Plugin.obj
 0001:000003e0       ??_C@_13GCIFAHHO@?$AA?$HL@ 100013e0     Plugin.obj
 0001:000003e4       ??_C@_1BI@BNFKGMFK@?$AAs?$AAh?$AAe?$AAl?$AAl?$AA3?$AA2?$AA?4?$AAd?$AAl?$AAl@ 100013e4     Plugin.obj
 0001:000003fc       ??_C@_13EHOOFIKC@?$AA?$HN@ 100013fc     Plugin.obj
 0001:00000400       ??_C@_15CMBHNMLL@?$AA?5?$AA?$CI@ 10001400     Plugin.obj
 0001:00000408       ??_C@_13DIBMAFH@?$AA?$CJ@  10001408     Plugin.obj
 0001:00000410       __imp__EncodePointer@4     10001410     vc_crt_fix.obj
 0001:00000414       __imp__DecodePointer@4     10001414     vc_crt_fix.obj
 0001:00000418       __imp__GetModuleHandleExW@12 10001418     vc_crt_fix.obj
 0001:0000041c       __imp__InitializeSListHead@4 1000141c     vc_crt_fix.obj
 0001:00000420       __imp__InterlockedFlushSList@4 10001420     vc_crt_fix.obj
 0001:00000424       __imp__InterlockedPopEntrySList@4 10001424     vc_crt_fix.obj
 0001:00000428       __imp__InterlockedPushEntrySList@8 10001428     vc_crt_fix.obj
 0001:0000042c       __imp__InterlockedPushListSListEx@16 1000142c     vc_crt_fix.obj
 0001:00000430       __imp__RtlFirstEntrySList@4 10001430     vc_crt_fix.obj
 0001:00000434       __imp__QueryDepthSList@4   10001434     vc_crt_fix.obj
 0001:00000438       __imp__GetNumaHighestNodeNumber@4 10001438     vc_crt_fix.obj
 0001:0000043c       __imp__GetLogicalProcessorInformation@8 1000143c     vc_crt_fix.obj
 0001:00000440       __imp__SetThreadStackGuarantee@4 10001440     vc_crt_fix.obj
 0001:00000464       ??_C@_0O@NLDKAIKN@EncodePointer@ 10001464     vc_crt_fix_impl.obj
 0001:00000474       ??_C@_0O@KBPMFGHI@DecodePointer@ 10001474     vc_crt_fix_impl.obj
 0001:00000484       ??_C@_0BD@GIGEJCNH@GetModuleHandleExW@ 10001484     vc_crt_fix_impl.obj
 0001:00000498       ??_C@_0BE@NBEJPEJA@InitializeSListHead@ 10001498     vc_crt_fix_impl.obj
 0001:000004ac       ??_C@_0BG@PLLPFLHB@InterlockedFlushSList@ 100014ac     vc_crt_fix_impl.obj
 0001:000004c4       ??_C@_0BJ@PNEEKDOK@InterlockedPopEntrySList@ 100014c4     vc_crt_fix_impl.obj
 0001:000004e0       ??_C@_0BK@JFGGAIOA@InterlockedPushEntrySList@ 100014e0     vc_crt_fix_impl.obj
 0001:000004fc       ??_C@_0BL@FOECAEGO@InterlockedPushListSListEx@ 100014fc     vc_crt_fix_impl.obj
 0001:00000518       ??_C@_0BD@FHMMIGCI@RtlFirstEntrySList@ 10001518     vc_crt_fix_impl.obj
 0001:0000052c       ??_C@_0BA@FGPHPMJB@QueryDepthSList@ 1000152c     vc_crt_fix_impl.obj
 0001:0000053c       ??_C@_0BJ@NLNFLAMA@GetNumaHighestNodeNumber@ 1000153c     vc_crt_fix_impl.obj
 0001:00000558       ??_C@_0BP@KHGALBC@GetLogicalProcessorInformation@ 10001558     vc_crt_fix_impl.obj
 0001:00000578       ??_C@_0BI@BKLFFAPO@SetThreadStackGuarantee@ 10001578     vc_crt_fix_impl.obj
 0001:00000590       _IID_IContextMenu          10001590     shell32:shguid.obj
 0001:000005a0       _IID_IShellFolder          100015a0     shell32:shguid.obj
 0001:000005b0       _IID_IDataObject           100015b0     uuid:objidl_i.obj
 0001:000005c0       _IID_IDropTarget           100015c0     uuid:oleidl_i.obj
 0001:000005d0       __pDefaultRawDllMain       100015d0     LIBCMT:dll_dllmain.obj
 0001:000005d0       __pRawDllMain              100015d0     LIBCMT:dll_dllmain.obj
 0001:000005d8       ??_7exception@std@@6B@     100015d8     LIBCMT:throw_bad_alloc.obj
 0001:000005e0       ??_C@_0BC@EOODALEL@Unknown?5exception@ 100015e0     LIBCMT:throw_bad_alloc.obj
 0001:000005f8       ??_7bad_alloc@std@@6B@     100015f8     LIBCMT:throw_bad_alloc.obj
 0001:00000600       ??_C@_0P@GHFPNOJB@bad?5allocation@ 10001600     LIBCMT:throw_bad_alloc.obj
 0001:00000614       ??_7bad_array_new_length@std@@6B@ 10001614     LIBCMT:throw_bad_alloc.obj
 0001:0000061c       ??_C@_0BF@KINCDENJ@bad?5array?5new?5length@ 1000161c     LIBCMT:throw_bad_alloc.obj
 0001:00000638       ??_7type_info@@6B@         10001638     LIBCMT:std_type_info_static.obj
 0001:00000644       ??_7_com_error@@6B@        10001644     comsuppw:comraise.obj
 0001:00000648       __pDestructExceptionObject 10001648     libvcruntime:ehhelpers.obj
 0001:000009d0       ??_C@_08EHJDFFNH@__based?$CI@ 100019d0     libvcruntime:undname.obj
 0001:000009dc       ??_C@_07KOLFKCDI@__cdecl@  100019dc     libvcruntime:undname.obj
 0001:000009e4       ??_C@_08GHMPAG@__pascal@   100019e4     libvcruntime:undname.obj
 0001:000009f0       ??_C@_09IFJBGAPI@__stdcall@ 100019f0     libvcruntime:undname.obj
 0001:000009fc       ??_C@_0L@NPHFGOKO@__thiscall@ 100019fc     libvcruntime:undname.obj
 0001:00000a08       ??_C@_0L@JMKHOMEK@__fastcall@ 10001a08     libvcruntime:undname.obj
 0001:00000a14       ??_C@_0N@BCKKPABJ@__vectorcall@ 10001a14     libvcruntime:undname.obj
 0001:00000a24       ??_C@_09HIJEGCPM@__clrcall@ 10001a24     libvcruntime:undname.obj
 0001:00000a30       ??_C@_06GHPCKEAG@__eabi@   10001a30     libvcruntime:undname.obj
 0001:00000a38       ??_C@_09IOPIDJLG@__swift_1@ 10001a38     libvcruntime:undname.obj
 0001:00000a44       ??_C@_09KFNFGKHF@__swift_2@ 10001a44     libvcruntime:undname.obj
 0001:00000a50       ??_C@_07JOMMBBKO@__ptr64@  10001a50     libvcruntime:undname.obj
 0001:00000a58       ??_C@_0L@PILCLIHE@__restrict@ 10001a58     libvcruntime:undname.obj
 0001:00000a64       ??_C@_0M@GFIIJFMG@__unaligned@ 10001a64     libvcruntime:undname.obj
 0001:00000a70       ??_C@_09DHDLOLLB@restrict?$CI@ 10001a70     libvcruntime:undname.obj
 0001:00000a7a       ??_C@_00CNPNBAHC@@         10001a7a     libvcruntime:undname.obj
 0001:00000a7c       ??_C@_04NIHEBCM@?5new@     10001a7c     libvcruntime:undname.obj
 0001:00000a84       ??_C@_07FPCDHGMM@?5delete@ 10001a84     libvcruntime:undname.obj
 0001:00000a8c       ??_C@_01NEMOKFLO@?$DN@     10001a8c     libvcruntime:undname.obj
 0001:00000a90       ??_C@_02GPIOPFAK@?$DO?$DO@ 10001a90     libvcruntime:undname.obj
 0001:00000a94       ??_C@_02FODMEDOG@?$DM?$DM@ 10001a94     libvcruntime:undname.obj
 0001:00000a98       ??_C@_01DCLJPIOD@?$CB@     10001a98     libvcruntime:undname.obj
 0001:00000a9c       ??_C@_02EGOFBIJA@?$DN?$DN@ 10001a9c     libvcruntime:undname.obj
 0001:00000aa0       ??_C@_02FDNJECIE@?$CB?$DN@ 10001aa0     libvcruntime:undname.obj
 0001:00000aa4       ??_C@_02GPECMEKF@?$FL?$FN@ 10001aa4     libvcruntime:undname.obj
 0001:00000aa8       ??_C@_08LHJFAFGD@operator@ 10001aa8     libvcruntime:undname.obj
 0001:00000ab4       ??_C@_02HBOOOICD@?9?$DO@   10001ab4     libvcruntime:undname.obj
 0001:00000ab8       ??_C@_01NBENCBCI@?$CK@     10001ab8     libvcruntime:undname.obj
 0001:00000abc       ??_C@_02ECNGHCIF@?$CL?$CL@ 10001abc     libvcruntime:undname.obj
 0001:00000ac0       ??_C@_02BAABKJLB@?9?9@     10001ac0     libvcruntime:undname.obj
 0001:00000ac4       ??_C@_01JOAMLHOP@?9@       10001ac4     libvcruntime:undname.obj
 0001:00000ac8       ??_C@_01MIFGBAGJ@?$CL@     10001ac8     libvcruntime:undname.obj
 0001:00000acc       ??_C@_01HNPIGOCE@?$CG@     10001acc     libvcruntime:undname.obj
 0001:00000ad0       ??_C@_03MNHNFDLC@?9?$DO?$CK@ 10001ad0     libvcruntime:undname.obj
 0001:00000ad4       ??_C@_01KMDKNFGN@?1@       10001ad4     libvcruntime:undname.obj
 0001:00000ad8       ??_C@_01FGNFDNOH@?$CF@     10001ad8     libvcruntime:undname.obj
 0001:00000adc       ??_C@_01MNNFJEPP@?$DM@     10001adc     libvcruntime:undname.obj
 0001:00000ae0       ??_C@_02EHCHHCKH@?$DM?$DN@ 10001ae0     libvcruntime:undname.obj
 0001:00000ae4       ??_C@_01PPODPGHN@?$DO@     10001ae4     libvcruntime:undname.obj
 0001:00000ae8       ??_C@_02EEKDKGMJ@?$DO?$DN@ 10001ae8     libvcruntime:undname.obj
 0001:00000aec       ??_C@_01IHBHIGKO@?0@       10001aec     libvcruntime:undname.obj
 0001:00000af0       ??_C@_02HCKGKOFO@?$CI?$CJ@ 10001af0     libvcruntime:undname.obj
 0001:00000af4       ??_C@_01PJKLJHI@?$HO@      10001af4     libvcruntime:undname.obj
 0001:00000af8       ??_C@_01JKBOJNNK@?$FO@     10001af8     libvcruntime:undname.obj
 0001:00000afc       ??_C@_01DNKMNLPK@?$HM@     10001afc     libvcruntime:undname.obj
 0001:00000b00       ??_C@_02PPKAJPJL@?$CG?$CG@ 10001b00     libvcruntime:undname.obj
 0001:00000b04       ??_C@_02NONPIBCD@?$HM?$HM@ 10001b04     libvcruntime:undname.obj
 0001:00000b08       ??_C@_02FPIMKNGF@?$CK?$DN@ 10001b08     libvcruntime:undname.obj
 0001:00000b0c       ??_C@_02FOEOMHFC@?$CL?$DN@ 10001b0c     libvcruntime:undname.obj
 0001:00000b10       ??_C@_02FKMDLLOA@?9?$DN@   10001b10     libvcruntime:undname.obj
 0001:00000b14       ??_C@_02FJEHGPIO@?1?$DN@   10001b14     libvcruntime:undname.obj
 0001:00000b18       ??_C@_02FENAOKFI@?$CF?$DN@ 10001b18     libvcruntime:undname.obj
 0001:00000b1c       ??_C@_03IKFCCPFF@?$DO?$DO?$DN@ 10001b1c     libvcruntime:undname.obj
 0001:00000b20       ??_C@_03CDNPDDLA@?$DM?$DM?$DN@ 10001b20     libvcruntime:undname.obj
 0001:00000b24       ??_C@_02FGJGFEAB@?$CG?$DN@ 10001b24     libvcruntime:undname.obj
 0001:00000b28       ??_C@_02DHLNPPGH@?$HM?$DN@ 10001b28     libvcruntime:undname.obj
 0001:00000b2c       ??_C@_02MHEGNOJ@?$FO?$DN@  10001b2c     libvcruntime:undname.obj
 0001:00000b30       ??_C@_09IFPLHPGF@?$GAvftable?8@ 10001b30     libvcruntime:undname.obj
 0001:00000b3c       ??_C@_09BLBHBJP@?$GAvbtable?8@ 10001b3c     libvcruntime:undname.obj
 0001:00000b48       ??_C@_07FEEIOKP@?$GAvcall?8@ 10001b48     libvcruntime:undname.obj
 0001:00000b50       ??_C@_08LLFFHHDJ@?$GAtypeof?8@ 10001b50     libvcruntime:undname.obj
 0001:00000b5c       ??_C@_0BF@KDPPACIK@?$GAlocal?5static?5guard?8@ 10001b5c     libvcruntime:undname.obj
 0001:00000b74       ??_C@_08OBABFOLI@?$GAstring?8@ 10001b74     libvcruntime:undname.obj
 0001:00000b80       ??_C@_0BD@JDLKDPAB@?$GAvbase?5destructor?8@ 10001b80     libvcruntime:undname.obj
 0001:00000b94       ??_C@_0BN@DEGPLNFK@?$GAvector?5deleting?5destructor?8@ 10001b94     libvcruntime:undname.obj
 0001:00000bb4       ??_C@_0BO@OBMKPJIG@?$GAdefault?5constructor?5closure?8@ 10001bb4     libvcruntime:undname.obj
 0001:00000bd4       ??_C@_0BN@IMDCHIKM@?$GAscalar?5deleting?5destructor?8@ 10001bd4     libvcruntime:undname.obj
 0001:00000bf4       ??_C@_0BO@PFGOCPJJ@?$GAvector?5constructor?5iterator?8@ 10001bf4     libvcruntime:undname.obj
 0001:00000c14       ??_C@_0BN@LFPFMEDL@?$GAvector?5destructor?5iterator?8@ 10001c14     libvcruntime:undname.obj
 0001:00000c34       ??_C@_0CE@IKBNEHA@?$GAvector?5vbase?5constructor?5itera@ 10001c34     libvcruntime:undname.obj
 0001:00000c58       ??_C@_0BL@NILFHHPC@?$GAvirtual?5displacement?5map?8@ 10001c58     libvcruntime:undname.obj
 0001:00000c74       ??_C@_0CB@JONCMFFK@?$GAeh?5vector?5constructor?5iterator@ 10001c74     libvcruntime:undname.obj
 0001:00000c98       ??_C@_0CA@GCEOPDGL@?$GAeh?5vector?5destructor?5iterator?8@ 10001c98     libvcruntime:undname.obj
 0001:00000cb8       ??_C@_0CH@OOJPLCPH@?$GAeh?5vector?5vbase?5constructor?5it@ 10001cb8     libvcruntime:undname.obj
 0001:00000ce0       ??_C@_0BL@LLKPOHJI@?$GAcopy?5constructor?5closure?8@ 10001ce0     libvcruntime:undname.obj
 0001:00000cfc       ??_C@_0BA@KBCDOMBN@?$GAudt?5returning?8@ 10001cfc     libvcruntime:undname.obj
 0001:00000d0c       ??_C@_03KLGMFNMG@?$GAEH@   10001d0c     libvcruntime:undname.obj
 0001:00000d10       ??_C@_05KHLCHHI@?$GARTTI@  10001d10     libvcruntime:undname.obj
 0001:00000d18       ??_C@_0BA@KKLDJDLB@?$GAlocal?5vftable?8@ 10001d18     libvcruntime:undname.obj
 0001:00000d28       ??_C@_0CE@IIHCMGGL@?$GAlocal?5vftable?5constructor?5clos@ 10001d28     libvcruntime:undname.obj
 0001:00000d4c       ??_C@_06FHBGPFGH@?5new?$FL?$FN@ 10001d4c     libvcruntime:undname.obj
 0001:00000d54       ??_C@_09LBNFPBCA@?5delete?$FL?$FN@ 10001d54     libvcruntime:undname.obj
 0001:00000d60       ??_C@_0P@HJKNJFNN@?$GAomni?5callsig?8@ 10001d60     libvcruntime:undname.obj
 0001:00000d70       ??_C@_0BL@CNOONJFP@?$GAplacement?5delete?5closure?8@ 10001d70     libvcruntime:undname.obj
 0001:00000d8c       ??_C@_0BN@CKNJLHMB@?$GAplacement?5delete?$FL?$FN?5closure?8@ 10001d8c     libvcruntime:undname.obj
 0001:00000dac       ??_C@_0CG@CFDHKGGD@?$GAmanaged?5vector?5constructor?5ite@ 10001dac     libvcruntime:undname.obj
 0001:00000dd4       ??_C@_0CF@IMGKMJNO@?$GAmanaged?5vector?5destructor?5iter@ 10001dd4     libvcruntime:undname.obj
 0001:00000dfc       ??_C@_0CG@HLDDJMAG@?$GAeh?5vector?5copy?5constructor?5ite@ 10001dfc     libvcruntime:undname.obj
 0001:00000e24       ??_C@_0CM@FCBBDIGB@?$GAeh?5vector?5vbase?5copy?5construct@ 10001e24     libvcruntime:undname.obj
 0001:00000e50       ??_C@_0BL@CLIPGLGB@?$GAdynamic?5initializer?5for?5?8@ 10001e50     libvcruntime:undname.obj
 0001:00000e6c       ??_C@_0CB@PDBIFEP@?$GAdynamic?5atexit?5destructor?5for?5@ 10001e6c     libvcruntime:undname.obj
 0001:00000e90       ??_C@_0CD@CGAJBKEJ@?$GAvector?5copy?5constructor?5iterat@ 10001e90     libvcruntime:undname.obj
 0001:00000eb4       ??_C@_0CJ@GJELGAMM@?$GAvector?5vbase?5copy?5constructor?5@ 10001eb4     libvcruntime:undname.obj
 0001:00000ee0       ??_C@_0CL@FGIJHLCE@?$GAmanaged?5vector?5copy?5constructo@ 10001ee0     libvcruntime:undname.obj
 0001:00000f0c       ??_C@_0BM@PMGGMLDN@?$GAlocal?5static?5thread?5guard?8@ 10001f0c     libvcruntime:undname.obj
 0001:00000f28       ??_C@_0N@BDNMDMOL@operator?5?$CC?$CC?5@ 10001f28     libvcruntime:undname.obj
 0001:00000f38       ??_C@_0BC@GGEBGALA@operator?5co_await@ 10001f38     libvcruntime:undname.obj
 0001:00000f4c       ??_C@_0M@GAAIMMOH@operator?$DM?$DN?$DO@ 10001f4c     libvcruntime:undname.obj
 0001:00000f58       ??_C@_0BC@DAFEJGAK@?5Type?5Descriptor?8@ 10001f58     libvcruntime:undname.obj
 0001:00000f6c       ??_C@_0BM@LDKODKLH@?5Base?5Class?5Descriptor?5at?5?$CI@ 10001f6c     libvcruntime:undname.obj
 0001:00000f88       ??_C@_0BD@LGICGFMM@?5Base?5Class?5Array?8@ 10001f88     libvcruntime:undname.obj
 0001:00000f9c       ??_C@_0BN@MECKDCOJ@?5Class?5Hierarchy?5Descriptor?8@ 10001f9c     libvcruntime:undname.obj
 0001:00000fbc       ??_C@_0BK@CFCOFLF@?5Complete?5Object?5Locator?8@ 10001fbc     libvcruntime:undname.obj
 0001:00000fd8       ??_C@_0BG@JNJLAMPM@?$GAanonymous?5namespace?8@ 10001fd8     libvcruntime:undname.obj
 0001:00000ffc       ??_C@_1DM@KHCHBNEB@?$AAa?$AAp?$AAi?$AA?9?$AAm?$AAs?$AA?9?$AAw?$AAi?$AAn?$AA?9?$AAc?$AAo?$AAr?$AAe@ 10001ffc     libvcruntime:winapi_downlevel.obj
 0001:00001038       ??_C@_1DK@LPPGFMPP@?$AAa?$AAp?$AAi?$AA?9?$AAm?$AAs?$AA?9?$AAw?$AAi?$AAn?$AA?9?$AAc?$AAo?$AAr?$AAe@ 10002038     libvcruntime:winapi_downlevel.obj
 0001:00001074       ??_C@_1BC@GDMECMAK@?$AAk?$AAe?$AAr?$AAn?$AAe?$AAl?$AA3?$AA2@ 10002074     libvcruntime:winapi_downlevel.obj
 0001:00001088       ??_C@_1BA@PFFKHIOG@?$AAa?$AAp?$AAi?$AA?9?$AAm?$AAs?$AA?9@ 10002088     libvcruntime:winapi_downlevel.obj
 0001:000010a0       ??_C@_08KNHFBNJ@FlsAlloc@  100020a0     libvcruntime:winapi_downlevel.obj
 0001:000010b4       ??_C@_07PEJMOBNF@FlsFree@  100020b4     libvcruntime:winapi_downlevel.obj
 0001:000010c4       ??_C@_0M@GDNOONDI@FlsGetValue@ 100020c4     libvcruntime:winapi_downlevel.obj
 0001:000010d8       ??_C@_0M@JCPCPOEF@FlsSetValue@ 100020d8     libvcruntime:winapi_downlevel.obj
 0001:000010ec       ??_C@_0BM@HCFOFFN@InitializeCriticalSectionEx@ 100020ec     libvcruntime:winapi_downlevel.obj
 0001:00001108       ___acrt_exception_action_table 10002108     libucrt:exception_filter.obj
 0001:00001198       ___acrt_signal_action_table_count 10002198     libucrt:exception_filter.obj
 0001:0000119c       ___acrt_signal_action_first_fpe_index 1000219c     libucrt:exception_filter.obj
 0001:000011a0       ___acrt_signal_action_fpe_count 100021a0     libucrt:exception_filter.obj
 0001:000011a4       ??_C@_1BI@BGOHAHKC@?$AAm?$AAs?$AAc?$AAo?$AAr?$AAe?$AAe?$AA?4?$AAd?$AAl?$AAl@ 100021a4     libucrt:exit.obj
 0001:000011bc       ??_C@_0P@MIGLKIOC@CorExitProcess@ 100021bc     libucrt:exit.obj
 0001:000013c8       ??_C@_1M@HPNHIDJI@?$AAj?$AAa?$AA?9?$AAJ?$AAP@ 100023c8     libucrt:mbctype.obj
 0001:000013d4       ??_C@_1M@BIBDDEMK@?$AAz?$AAh?$AA?9?$AAC?$AAN@ 100023d4     libucrt:mbctype.obj
 0001:000013e0       ??_C@_1M@JLOOOEGK@?$AAk?$AAo?$AA?9?$AAK?$AAR@ 100023e0     libucrt:mbctype.obj
 0001:000013ec       ??_C@_1M@CLNBBOPM@?$AAz?$AAh?$AA?9?$AAT?$AAW@ 100023ec     libucrt:mbctype.obj
 0001:00001448       ??_C@_1EA@JGEFHKEI@?$AAa?$AAp?$AAi?$AA?9?$AAm?$AAs?$AA?9?$AAw?$AAi?$AAn?$AA?9?$AAc?$AAo?$AAr?$AAe@ 10002448     libucrt:winapi_thunks.obj
 0001:00001488       ??_C@_1DI@IJCEHOCB@?$AAa?$AAp?$AAi?$AA?9?$AAm?$AAs?$AA?9?$AAw?$AAi?$AAn?$AA?9?$AAc?$AAo?$AAr?$AAe@ 10002488     libucrt:winapi_thunks.obj
 0001:000014c0       ??_C@_1EI@MPIAOHOC@?$AAa?$AAp?$AAi?$AA?9?$AAm?$AAs?$AA?9?$AAw?$AAi?$AAn?$AA?9?$AAc?$AAo?$AAr?$AAe@ 100024c0     libucrt:winapi_thunks.obj
 0001:00001508       ??_C@_1FK@FPHCKFIE@?$AAa?$AAp?$AAi?$AA?9?$AAm?$AAs?$AA?9?$AAw?$AAi?$AAn?$AA?9?$AAc?$AAo?$AAr?$AAe@ 10002508     libucrt:winapi_thunks.obj
 0001:00001568       ??_C@_1EM@DILCGIIO@?$AAa?$AAp?$AAi?$AA?9?$AAm?$AAs?$AA?9?$AAw?$AAi?$AAn?$AA?9?$AAc?$AAo?$AAr?$AAe@ 10002568     libucrt:winapi_thunks.obj
 0001:000015b4       ??_C@_1DM@LNCGDDPN@?$AAa?$AAp?$AAi?$AA?9?$AAm?$AAs?$AA?9?$AAw?$AAi?$AAn?$AA?9?$AAc?$AAo?$AAr?$AAe@ 100025b4     libucrt:winapi_thunks.obj
 0001:000015f0       ??_C@_1DO@FPAPJEMD@?$AAa?$AAp?$AAi?$AA?9?$AAm?$AAs?$AA?9?$AAw?$AAi?$AAn?$AA?9?$AAc?$AAo?$AAr?$AAe@ 100025f0     libucrt:winapi_thunks.obj
 0001:00001630       ??_C@_1DK@NDHNAHIO@?$AAa?$AAp?$AAi?$AA?9?$AAm?$AAs?$AA?9?$AAw?$AAi?$AAn?$AA?9?$AAc?$AAo?$AAr?$AAe@ 10002630     libucrt:winapi_thunks.obj
 0001:0000166c       ??_C@_1DM@KGHDGBCM@?$AAa?$AAp?$AAi?$AA?9?$AAm?$AAs?$AA?9?$AAw?$AAi?$AAn?$AA?9?$AAc?$AAo?$AAr?$AAe@ 1000266c     libucrt:winapi_thunks.obj
 0001:000016a8       ??_C@_1EO@IJIOEFOH@?$AAa?$AAp?$AAi?$AA?9?$AAm?$AAs?$AA?9?$AAw?$AAi?$AAn?$AA?9?$AAr?$AAt?$AAc?$AAo@ 100026a8     libucrt:winapi_thunks.obj
 0001:000016f8       ??_C@_1FG@HHGEKANL@?$AAa?$AAp?$AAi?$AA?9?$AAm?$AAs?$AA?9?$AAw?$AAi?$AAn?$AA?9?$AAs?$AAe?$AAc?$AAu@ 100026f8     libucrt:winapi_thunks.obj
 0001:00001750       ??_C@_1EG@DBIOJECG@?$AAe?$AAx?$AAt?$AA?9?$AAm?$AAs?$AA?9?$AAw?$AAi?$AAn?$AA?9?$AAn?$AAt?$AAu?$AAs@ 10002750     libucrt:winapi_thunks.obj
 0001:00001798       ??_C@_1EO@FIHMJCLF@?$AAe?$AAx?$AAt?$AA?9?$AAm?$AAs?$AA?9?$AAw?$AAi?$AAn?$AA?9?$AAn?$AAt?$AAu?$AAs@ 10002798     libucrt:winapi_thunks.obj
 0001:000017e8       ??_C@_1BC@DNHGCMLG@?$AAa?$AAd?$AAv?$AAa?$AAp?$AAi?$AA3?$AA2@ 100027e8     libucrt:winapi_thunks.obj
 0001:000017fc       ??_C@_1M@OAIMIKLP@?$AAn?$AAt?$AAd?$AAl?$AAl@ 100027fc     libucrt:winapi_thunks.obj
 0001:00001808       ??_C@_1EG@DPGNFKGC@?$AAa?$AAp?$AAi?$AA?9?$AAm?$AAs?$AA?9?$AAw?$AAi?$AAn?$AA?9?$AAa?$AAp?$AAp?$AAm@ 10002808     libucrt:winapi_thunks.obj
 0001:00001850       ??_C@_1O@BCCLBEOE@?$AAu?$AAs?$AAe?$AAr?$AA3?$AA2@ 10002850     libucrt:winapi_thunks.obj
 0001:00001860       ??_C@_1BA@IAIFMGEF@?$AAe?$AAx?$AAt?$AA?9?$AAm?$AAs?$AA?9@ 10002860     libucrt:winapi_thunks.obj
 0001:00001874       ??_C@_0BA@FHFNEAED@AreFileApisANSI@ 10002874     libucrt:winapi_thunks.obj
 0001:000018b4       ??_C@_0O@KKBNKAPF@LCMapStringEx@ 100028b4     libucrt:winapi_thunks.obj
 0001:000018cc       ??_C@_0BB@HBDEELFH@LocaleNameToLCID@ 100028cc     libucrt:winapi_thunks.obj
 0001:000018e4       ??_C@_0CF@OJOFEIGO@AppPolicyGetProcessTerminationM@ 100028e4     libucrt:winapi_thunks.obj
 0001:00001910       ___lc_time_c               10002910     libucrt:nlsdata.obj
 0001:00001a74       ??_C@_03KOEHGMDN@Sun@      10002a74     libucrt:nlsdata.obj
 0001:00001a78       ??_C@_03PDAGKDH@Mon@       10002a78     libucrt:nlsdata.obj
 0001:00001a7c       ??_C@_03NAGEINEP@Tue@      10002a7c     libucrt:nlsdata.obj
 0001:00001a80       ??_C@_03MHOMLAJA@Wed@      10002a80     libucrt:nlsdata.obj
 0001:00001a84       ??_C@_03IOFIKPDN@Thu@      10002a84     libucrt:nlsdata.obj
 0001:00001a88       ??_C@_03IDIOELNC@Fri@      10002a88     libucrt:nlsdata.obj
 0001:00001a8c       ??_C@_03FEFJNEK@Sat@       10002a8c     libucrt:nlsdata.obj
 0001:00001a90       ??_C@_06OOPIFAJ@Sunday@    10002a90     libucrt:nlsdata.obj
 0001:00001a98       ??_C@_06JLEDEDGH@Monday@   10002a98     libucrt:nlsdata.obj
 0001:00001aa0       ??_C@_07BAAGCFCM@Tuesday@  10002aa0     libucrt:nlsdata.obj
 0001:00001aa8       ??_C@_09DLIGFAKA@Wednesday@ 10002aa8     libucrt:nlsdata.obj
 0001:00001ab4       ??_C@_08HACCIKIA@Thursday@ 10002ab4     libucrt:nlsdata.obj
 0001:00001ac0       ??_C@_06JECMNKMI@Friday@   10002ac0     libucrt:nlsdata.obj
 0001:00001ac8       ??_C@_08INBOOONO@Saturday@ 10002ac8     libucrt:nlsdata.obj
 0001:00001ad4       ??_C@_03JIHJHPIE@Jan@      10002ad4     libucrt:nlsdata.obj
 0001:00001ad8       ??_C@_03HJBDCHOM@Feb@      10002ad8     libucrt:nlsdata.obj
 0001:00001adc       ??_C@_03ODNJBKGA@Mar@      10002adc     libucrt:nlsdata.obj
 0001:00001ae0       ??_C@_03LEOLGMJP@Apr@      10002ae0     libucrt:nlsdata.obj
 0001:00001ae4       ??_C@_03CNMDKL@May@        10002ae4     libucrt:nlsdata.obj
 0001:00001ae8       ??_C@_03IDFGHECI@Jun@      10002ae8     libucrt:nlsdata.obj
 0001:00001aec       ??_C@_03LBGABGKK@Jul@      10002aec     libucrt:nlsdata.obj
 0001:00001af0       ??_C@_03IFJFEIGA@Aug@      10002af0     libucrt:nlsdata.obj
 0001:00001af4       ??_C@_03GGCAPAJC@Sep@      10002af4     libucrt:nlsdata.obj
 0001:00001af8       ??_C@_03BMAOKBAD@Oct@      10002af8     libucrt:nlsdata.obj
 0001:00001afc       ??_C@_03JPJOFNIA@Nov@      10002afc     libucrt:nlsdata.obj
 0001:00001b00       ??_C@_03MKABNOCG@Dec@      10002b00     libucrt:nlsdata.obj
 0001:00001b04       ??_C@_07CGJPFGJA@January@  10002b04     libucrt:nlsdata.obj
 0001:00001b0c       ??_C@_08GNJGEPFN@February@ 10002b0c     libucrt:nlsdata.obj
 0001:00001b18       ??_C@_05HPCKOFNC@March@    10002b18     libucrt:nlsdata.obj
 0001:00001b20       ??_C@_05DMJDNLEJ@April@    10002b20     libucrt:nlsdata.obj
 0001:00001b28       ??_C@_04CNLMGBGM@June@     10002b28     libucrt:nlsdata.obj
 0001:00001b30       ??_C@_04MIEPOIFP@July@     10002b30     libucrt:nlsdata.obj
 0001:00001b38       ??_C@_06LBBHFDDG@August@   10002b38     libucrt:nlsdata.obj
 0001:00001b40       ??_C@_09BHHEALKD@September@ 10002b40     libucrt:nlsdata.obj
 0001:00001b4c       ??_C@_07JJNFCEND@October@  10002b4c     libucrt:nlsdata.obj
 0001:00001b54       ??_C@_08HCHEGEOA@November@ 10002b54     libucrt:nlsdata.obj
 0001:00001b60       ??_C@_08EDHMEBNP@December@ 10002b60     libucrt:nlsdata.obj
 0001:00001b6c       ??_C@_02DEDBPAFC@AM@       10002b6c     libucrt:nlsdata.obj
 0001:00001b70       ??_C@_02CJNFDJBF@PM@       10002b70     libucrt:nlsdata.obj
 0001:00001b74       ??_C@_08BPBNCDIB@MM?1dd?1yy@ 10002b74     libucrt:nlsdata.obj
 0001:00001b80       ??_C@_0BE@CKGJFCPC@dddd?0?5MMMM?5dd?0?5yyyy@ 10002b80     libucrt:nlsdata.obj
 0001:00001b94       ??_C@_08JCCMCCIL@HH?3mm?3ss@ 10002b94     libucrt:nlsdata.obj
 0001:00001ba0       ??_C@_17MBGCMIPB@?$AAS?$AAu?$AAn@ 10002ba0     libucrt:nlsdata.obj
 0001:00001ba8       ??_C@_17KBOMKBF@?$AAM?$AAo?$AAn@ 10002ba8     libucrt:nlsdata.obj
 0001:00001bb0       ??_C@_17BMKGEGOJ@?$AAT?$AAu?$AAe@ 10002bb0     libucrt:nlsdata.obj
 0001:00001bb8       ??_C@_17CJEDCEPE@?$AAW?$AAe?$AAd@ 10002bb8     libucrt:nlsdata.obj
 0001:00001bc0       ??_C@_17PDPHAADD@?$AAT?$AAh?$AAu@ 10002bc0     libucrt:nlsdata.obj
 0001:00001bc8       ??_C@_17HFOLPPLP@?$AAF?$AAr?$AAi@ 10002bc8     libucrt:nlsdata.obj
 0001:00001bd0       ??_C@_17GGIBDPIH@?$AAS?$AAa?$AAt@ 10002bd0     libucrt:nlsdata.obj
 0001:00001bd8       ??_C@_1O@IHNHDHPB@?$AAS?$AAu?$AAn?$AAd?$AAa?$AAy@ 10002bd8     libucrt:nlsdata.obj
 0001:00001be8       ??_C@_1O@MMNBFLIA@?$AAM?$AAo?$AAn?$AAd?$AAa?$AAy@ 10002be8     libucrt:nlsdata.obj
 0001:00001bf8       ??_C@_1BA@ENFBFFEK@?$AAT?$AAu?$AAe?$AAs?$AAd?$AAa?$AAy@ 10002bf8     libucrt:nlsdata.obj
 0001:00001c08       ??_C@_1BE@EBOGMDOH@?$AAW?$AAe?$AAd?$AAn?$AAe?$AAs?$AAd?$AAa?$AAy@ 10002c08     libucrt:nlsdata.obj
 0001:00001c1c       ??_C@_1BC@HHMNLIHE@?$AAT?$AAh?$AAu?$AAr?$AAs?$AAd?$AAa?$AAy@ 10002c1c     libucrt:nlsdata.obj
 0001:00001c30       ??_C@_1O@PDICJHAG@?$AAF?$AAr?$AAi?$AAd?$AAa?$AAy@ 10002c30     libucrt:nlsdata.obj
 0001:00001c40       ??_C@_1BC@ENMNNPAJ@?$AAS?$AAa?$AAt?$AAu?$AAr?$AAd?$AAa?$AAy@ 10002c40     libucrt:nlsdata.obj
 0001:00001c54       ??_C@_17DKNBKCHM@?$AAJ?$AAa?$AAn@ 10002c54     libucrt:nlsdata.obj
 0001:00001c5c       ??_C@_17LMDJEKJN@?$AAF?$AAe?$AAb@ 10002c5c     libucrt:nlsdata.obj
 0001:00001c64       ??_C@_17CKNLEDEC@?$AAM?$AAa?$AAr@ 10002c64     libucrt:nlsdata.obj
 0001:00001c6c       ??_C@_17LFPOIHDD@?$AAA?$AAp?$AAr@ 10002c6c     libucrt:nlsdata.obj
 0001:00001c74       ??_C@_17PNNKMEED@?$AAM?$AAa?$AAy@ 10002c74     libucrt:nlsdata.obj
 0001:00001c7c       ??_C@_17KCJGOCPB@?$AAJ?$AAu?$AAn@ 10002c7c     libucrt:nlsdata.obj
 0001:00001c84       ??_C@_17IJPCKHK@?$AAJ?$AAu?$AAl@ 10002c84     libucrt:nlsdata.obj
 0001:00001c8c       ??_C@_17ICPELBCN@?$AAA?$AAu?$AAg@ 10002c8c     libucrt:nlsdata.obj
 0001:00001c94       ??_C@_17HCHCOKMG@?$AAS?$AAe?$AAp@ 10002c94     libucrt:nlsdata.obj
 0001:00001c9c       ??_C@_17FNLKOI@?$AAO?$AAc?$AAt@ 10002c9c     libucrt:nlsdata.obj
 0001:00001ca4       ??_C@_17BBDMLCIG@?$AAN?$AAo?$AAv@ 10002ca4     libucrt:nlsdata.obj
 0001:00001cac       ??_C@_17EGKACKIF@?$AAD?$AAe?$AAc@ 10002cac     libucrt:nlsdata.obj
 0001:00001cb4       ??_C@_1BA@EFMEIEBA@?$AAJ?$AAa?$AAn?$AAu?$AAa?$AAr?$AAy@ 10002cb4     libucrt:nlsdata.obj
 0001:00001cc4       ??_C@_1BC@JGDDFFAM@?$AAF?$AAe?$AAb?$AAr?$AAu?$AAa?$AAr?$AAy@ 10002cc4     libucrt:nlsdata.obj
 0001:00001cd8       ??_C@_1M@IKEENEDF@?$AAM?$AAa?$AAr?$AAc?$AAh@ 10002cd8     libucrt:nlsdata.obj
 0001:00001ce4       ??_C@_1M@GJNLMHFD@?$AAA?$AAp?$AAr?$AAi?$AAl@ 10002ce4     libucrt:nlsdata.obj
 0001:00001cf0       ??_C@_19EPFLPGAP@?$AAJ?$AAu?$AAn?$AAe@ 10002cf0     libucrt:nlsdata.obj
 0001:00001cfc       ??_C@_19BIFMLPCD@?$AAJ?$AAu?$AAl?$AAy@ 10002cfc     libucrt:nlsdata.obj
 0001:00001d08       ??_C@_1O@PAHLKOAC@?$AAA?$AAu?$AAg?$AAu?$AAs?$AAt@ 10002d08     libucrt:nlsdata.obj
 0001:00001d18       ??_C@_1BE@DKAAMBJL@?$AAS?$AAe?$AAp?$AAt?$AAe?$AAm?$AAb?$AAe?$AAr@ 10002d18     libucrt:nlsdata.obj
 0001:00001d2c       ??_C@_1BA@EPANDLNG@?$AAO?$AAc?$AAt?$AAo?$AAb?$AAe?$AAr@ 10002d2c     libucrt:nlsdata.obj
 0001:00001d3c       ??_C@_1BC@BGLIFPF@?$AAN?$AAo?$AAv?$AAe?$AAm?$AAb?$AAe?$AAr@ 10002d3c     libucrt:nlsdata.obj
 0001:00001d50       ??_C@_1BC@FEMKIFH@?$AAD?$AAe?$AAc?$AAe?$AAm?$AAb?$AAe?$AAr@ 10002d50     libucrt:nlsdata.obj
 0001:00001d64       ??_C@_15ODEHAHHF@?$AAA?$AAM@ 10002d64     libucrt:nlsdata.obj
 0001:00001d6c       ??_C@_15CLMNNGEL@?$AAP?$AAM@ 10002d6c     libucrt:nlsdata.obj
 0001:00001d74       ??_C@_1BC@IEBCMHCM@?$AAM?$AAM?$AA?1?$AAd?$AAd?$AA?1?$AAy?$AAy@ 10002d74     libucrt:nlsdata.obj
 0001:00001d88       ??_C@_1CI@KNAKOEBC@?$AAd?$AAd?$AAd?$AAd?$AA?0?$AA?5?$AAM?$AAM?$AAM?$AAM?$AA?5?$AAd?$AAd?$AA?0?$AA?5@ 10002d88     libucrt:nlsdata.obj
 0001:00001db0       ??_C@_1BC@GDGBMEMK@?$AAH?$AAH?$AA?3?$AAm?$AAm?$AA?3?$AAs?$AAs@ 10002db0     libucrt:nlsdata.obj
 0001:00001dc4       ??_C@_1M@BMHNFIME@?$AAe?$AAn?$AA?9?$AAU?$AAS@ 10002dc4     libucrt:nlsdata.obj
 0001:00001dd0       ___newctype                10002dd0     libucrt:ctype.obj
 0001:000020d0       ___newclmap                100030d0     libucrt:ctype.obj
 0001:00002250       ___newcumap                10003250     libucrt:ctype.obj
 0001:00002af0       ??_C@_15EMKDOKLE@?$AAa?$AAr@ 10003af0     libucrt:lcidtoname_downlevel.obj
 0001:00002af8       ??_C@_15KNPADPLH@?$AAb?$AAg@ 10003af8     libucrt:lcidtoname_downlevel.obj
 0001:00002b00       ??_C@_15EDMHLDMO@?$AAc?$AAa@ 10003b00     libucrt:lcidtoname_downlevel.obj
 0001:00002b08       ??_C@_1O@BPEAJADD@?$AAz?$AAh?$AA?9?$AAC?$AAH?$AAS@ 10003b08     libucrt:lcidtoname_downlevel.obj
 0001:00002b18       ??_C@_15LJNHCMNK@?$AAc?$AAs@ 10003b18     libucrt:lcidtoname_downlevel.obj
 0001:00002b20       ??_C@_15FOMCIDHG@?$AAd?$AAa@ 10003b20     libucrt:lcidtoname_downlevel.obj
 0001:00002b28       ??_C@_15NBKABECB@?$AAd?$AAe@ 10003b28     libucrt:lcidtoname_downlevel.obj
 0001:00002b30       ??_C@_15GHPEIIAO@?$AAe?$AAl@ 10003b30     libucrt:lcidtoname_downlevel.obj
 0001:00002b38       ??_C@_15MNPNEAIF@?$AAe?$AAn@ 10003b38     libucrt:lcidtoname_downlevel.obj
 0001:00002b40       ??_C@_15GPIOMPMH@?$AAe?$AAs@ 10003b40     libucrt:lcidtoname_downlevel.obj
 0001:00002b48       ??_C@_15NGLOAKJC@?$AAf?$AAi@ 10003b48     libucrt:lcidtoname_downlevel.obj
 0001:00002b50       ??_C@_15FBKGNKAM@?$AAf?$AAr@ 10003b50     libucrt:lcidtoname_downlevel.obj
 0001:00002b58       ??_C@_15KGGCNEFK@?$AAh?$AAe@ 10003b58     libucrt:lcidtoname_downlevel.obj
 0001:00002b60       ??_C@_15PGHLIDMF@?$AAh?$AAu@ 10003b60     libucrt:lcidtoname_downlevel.obj
 0001:00002b68       ??_C@_15BIEMAPLM@?$AAi?$AAs@ 10003b68     libucrt:lcidtoname_downlevel.obj
 0001:00002b70       ??_C@_15IFJLDHAF@?$AAi?$AAt@ 10003b70     libucrt:lcidtoname_downlevel.obj
 0001:00002b78       ??_C@_15GEMIOCAG@?$AAj?$AAa@ 10003b78     libucrt:lcidtoname_downlevel.obj
 0001:00002b80       ??_C@_15EPELEGJA@?$AAk?$AAo@ 10003b80     libucrt:lcidtoname_downlevel.obj
 0001:00002b88       ??_C@_15NDDHIMN@?$AAn?$AAl@ 10003b88     libucrt:lcidtoname_downlevel.obj
 0001:00002b90       ??_C@_15BPIGNHCD@?$AAn?$AAo@ 10003b90     libucrt:lcidtoname_downlevel.obj
 0001:00002b98       ??_C@_15DEOPBLCG@?$AAp?$AAl@ 10003b98     libucrt:lcidtoname_downlevel.obj
 0001:00002ba0       ??_C@_15KBECGEFG@?$AAp?$AAt@ 10003ba0     libucrt:lcidtoname_downlevel.obj
 0001:00002ba8       ??_C@_15GLJCBFMD@?$AAr?$AAo@ 10003ba8     libucrt:lcidtoname_downlevel.obj
 0001:00002bb0       ??_C@_15FEDGKCDI@?$AAr?$AAu@ 10003bb0     libucrt:lcidtoname_downlevel.obj
 0001:00002bb8       ??_C@_15GLKMLLHM@?$AAh?$AAr@ 10003bb8     libucrt:lcidtoname_downlevel.obj
 0001:00002bc0       ??_C@_15CPKMFBDB@?$AAs?$AAk@ 10003bc0     libucrt:lcidtoname_downlevel.obj
 0001:00002bc8       ??_C@_15BAAIOGMK@?$AAs?$AAq@ 10003bc8     libucrt:lcidtoname_downlevel.obj
 0001:00002bd0       ??_C@_15INNPNOHD@?$AAs?$AAv@ 10003bd0     libucrt:lcidtoname_downlevel.obj
 0001:00002bd8       ??_C@_15CABMMOGH@?$AAt?$AAh@ 10003bd8     libucrt:lcidtoname_downlevel.obj
 0001:00002be0       ??_C@_15BPLIHJJM@?$AAt?$AAr@ 10003be0     libucrt:lcidtoname_downlevel.obj
 0001:00002be8       ??_C@_15NEOEKKDJ@?$AAu?$AAr@ 10003be8     libucrt:lcidtoname_downlevel.obj
 0001:00002bf0       ??_C@_15NFICGAJK@?$AAi?$AAd@ 10003bf0     libucrt:lcidtoname_downlevel.obj
 0001:00002bf8       ??_C@_15PJPFLCCM@?$AAu?$AAk@ 10003bf8     libucrt:lcidtoname_downlevel.obj
 0001:00002c00       ??_C@_15HPJPHDM@?$AAb?$AAe@ 10003c00     libucrt:lcidtoname_downlevel.obj
 0001:00002c08       ??_C@_15LCHLGJII@?$AAs?$AAl@ 10003c08     libucrt:lcidtoname_downlevel.obj
 0001:00002c10       ??_C@_15PCFJPHHO@?$AAe?$AAt@ 10003c10     libucrt:lcidtoname_downlevel.obj
 0001:00002c18       ??_C@_15HPFPGODN@?$AAl?$AAv@ 10003c18     libucrt:lcidtoname_downlevel.obj
 0001:00002c20       ??_C@_15NFFGKGLG@?$AAl?$AAt@ 10003c20     libucrt:lcidtoname_downlevel.obj
 0001:00002c28       ??_C@_15BDAKCCHN@?$AAf?$AAa@ 10003c28     libucrt:lcidtoname_downlevel.obj
 0001:00002c30       ??_C@_15NFGIAIAJ@?$AAv?$AAi@ 10003c30     libucrt:lcidtoname_downlevel.obj
 0001:00002c38       ??_C@_15LMKNDMHN@?$AAh?$AAy@ 10003c38     libucrt:lcidtoname_downlevel.obj
 0001:00002c40       ??_C@_15IJBHMCFL@?$AAa?$AAz@ 10003c40     libucrt:lcidtoname_downlevel.obj
 0001:00002c48       ??_C@_15EKOFJABL@?$AAe?$AAu@ 10003c48     libucrt:lcidtoname_downlevel.obj
 0001:00002c50       ??_C@_15BGHADCNK@?$AAm?$AAk@ 10003c50     libucrt:lcidtoname_downlevel.obj
 0001:00002c58       ??_C@_15JDNICKHM@?$AAa?$AAf@ 10003c58     libucrt:lcidtoname_downlevel.obj
 0001:00002c60       ??_C@_15KPJEDBKD@?$AAk?$AAa@ 10003c60     libucrt:lcidtoname_downlevel.obj
 0001:00002c68       ??_C@_15PDNFFFEO@?$AAf?$AAo@ 10003c68     libucrt:lcidtoname_downlevel.obj
 0001:00002c70       ??_C@_15OMLEGLOC@?$AAh?$AAi@ 10003c70     libucrt:lcidtoname_downlevel.obj
 0001:00002c78       ??_C@_15IDNNENKK@?$AAm?$AAs@ 10003c78     libucrt:lcidtoname_downlevel.obj
 0001:00002c80       ??_C@_15MACJNBMH@?$AAk?$AAk@ 10003c80     libucrt:lcidtoname_downlevel.obj
 0001:00002c88       ??_C@_15DKDJEOND@?$AAk?$AAy@ 10003c88     libucrt:lcidtoname_downlevel.obj
 0001:00002c90       ??_C@_15DFGDLJBG@?$AAs?$AAw@ 10003c90     libucrt:lcidtoname_downlevel.obj
 0001:00002c98       ??_C@_15BBFAICNG@?$AAu?$AAz@ 10003c98     libucrt:lcidtoname_downlevel.obj
 0001:00002ca0       ??_C@_15DKNDCGEA@?$AAt?$AAt@ 10003ca0     libucrt:lcidtoname_downlevel.obj
 0001:00002ca8       ??_C@_15MGIFMDPL@?$AAp?$AAa@ 10003ca8     libucrt:lcidtoname_downlevel.obj
 0001:00002cb0       ??_C@_15HCNDBBA@?$AAg?$AAu@ 10003cb0     libucrt:lcidtoname_downlevel.obj
 0001:00002cb8       ??_C@_15FNBEIBON@?$AAt?$AAa@ 10003cb8     libucrt:lcidtoname_downlevel.obj
 0001:00002cc0       ??_C@_15NCHGBGLK@?$AAt?$AAe@ 10003cc0     libucrt:lcidtoname_downlevel.obj
 0001:00002cc8       ??_C@_15PHPHCBPF@?$AAk?$AAn@ 10003cc8     libucrt:lcidtoname_downlevel.obj
 0001:00002cd0       ??_C@_15DLGBCKMP@?$AAm?$AAr@ 10003cd0     libucrt:lcidtoname_downlevel.obj
 0001:00002cd8       ??_C@_15EABBLBFF@?$AAs?$AAa@ 10003cd8     libucrt:lcidtoname_downlevel.obj
 0001:00002ce0       ??_C@_15CBKOMCOI@?$AAm?$AAn@ 10003ce0     libucrt:lcidtoname_downlevel.obj
 0001:00002ce8       ??_C@_15CKDMCJAF@?$AAg?$AAl@ 10003ce8     libucrt:lcidtoname_downlevel.obj
 0001:00002cf0       ??_C@_17CNJFBPG@?$AAk?$AAo?$AAk@ 10003cf0     libucrt:lcidtoname_downlevel.obj
 0001:00002cf8       ??_C@_17FFBJICPL@?$AAs?$AAy?$AAr@ 10003cf8     libucrt:lcidtoname_downlevel.obj
 0001:00002d00       ??_C@_17KPNDCPAF@?$AAd?$AAi?$AAv@ 10003d00     libucrt:lcidtoname_downlevel.obj
 0001:00002d08       ??_C@_1M@OKAHONE@?$AAa?$AAr?$AA?9?$AAS?$AAA@ 10003d08     libucrt:lcidtoname_downlevel.obj
 0001:00002d14       ??_C@_1M@FFFIGIGK@?$AAb?$AAg?$AA?9?$AAB?$AAG@ 10003d14     libucrt:lcidtoname_downlevel.obj
 0001:00002d20       ??_C@_1M@BJNKEDC@?$AAc?$AAa?$AA?9?$AAE?$AAS@ 10003d20     libucrt:lcidtoname_downlevel.obj
 0001:00002d2c       ??_C@_1M@IJJHFJHA@?$AAc?$AAs?$AA?9?$AAC?$AAZ@ 10003d2c     libucrt:lcidtoname_downlevel.obj
 0001:00002d38       ??_C@_1M@CLPEOBGI@?$AAd?$AAa?$AA?9?$AAD?$AAK@ 10003d38     libucrt:lcidtoname_downlevel.obj
 0001:00002d44       ??_C@_1M@MCMADGCB@?$AAd?$AAe?$AA?9?$AAD?$AAE@ 10003d44     libucrt:lcidtoname_downlevel.obj
 0001:00002d50       ??_C@_1M@OOCKEMAM@?$AAe?$AAl?$AA?9?$AAG?$AAR@ 10003d50     libucrt:lcidtoname_downlevel.obj
 0001:00002d5c       ??_C@_1M@DDNJFGID@?$AAf?$AAi?$AA?9?$AAF?$AAI@ 10003d5c     libucrt:lcidtoname_downlevel.obj
 0001:00002d68       ??_C@_1M@GLIPPMAC@?$AAf?$AAr?$AA?9?$AAF?$AAR@ 10003d68     libucrt:lcidtoname_downlevel.obj
 0001:00002d74       ??_C@_1M@GFMCHPE@?$AAh?$AAe?$AA?9?$AAI?$AAL@ 10003d74     libucrt:lcidtoname_downlevel.obj
 0001:00002d80       ??_C@_1M@MHLPGNKM@?$AAh?$AAu?$AA?9?$AAH?$AAU@ 10003d80     libucrt:lcidtoname_downlevel.obj
 0001:00002d8c       ??_C@_1M@LPDDNNPN@?$AAi?$AAs?$AA?9?$AAI?$AAS@ 10003d8c     libucrt:lcidtoname_downlevel.obj
 0001:00002d98       ??_C@_1M@MADIPODN@?$AAi?$AAt?$AA?9?$AAI?$AAT@ 10003d98     libucrt:lcidtoname_downlevel.obj
 0001:00002da4       ??_C@_1M@IHBJJGG@?$AAn?$AAl?$AA?9?$AAN?$AAL@ 10003da4     libucrt:lcidtoname_downlevel.obj
 0001:00002db0       ??_C@_1M@EANAGDL@?$AAn?$AAb?$AA?9?$AAN?$AAO@ 10003db0     libucrt:lcidtoname_downlevel.obj
 0001:00002dbc       ??_C@_1M@NEIEMEGP@?$AAp?$AAl?$AA?9?$AAP?$AAL@ 10003dbc     libucrt:lcidtoname_downlevel.obj
 0001:00002dc8       ??_C@_1M@BOCFIGEP@?$AAp?$AAt?$AA?9?$AAB?$AAR@ 10003dc8     libucrt:lcidtoname_downlevel.obj
 0001:00002dd4       ??_C@_1M@IMPFOPBG@?$AAr?$AAo?$AA?9?$AAR?$AAO@ 10003dd4     libucrt:lcidtoname_downlevel.obj
 0001:00002de0       ??_C@_1M@IDNNEJMM@?$AAr?$AAu?$AA?9?$AAR?$AAU@ 10003de0     libucrt:lcidtoname_downlevel.obj
 0001:00002dec       ??_C@_1M@LILEEOGM@?$AAh?$AAr?$AA?9?$AAH?$AAR@ 10003dec     libucrt:lcidtoname_downlevel.obj
 0001:00002df8       ??_C@_1M@FKIFEHPB@?$AAs?$AAk?$AA?9?$AAS?$AAK@ 10003df8     libucrt:lcidtoname_downlevel.obj
 0001:00002e04       ??_C@_1M@LJMAMNPJ@?$AAs?$AAq?$AA?9?$AAA?$AAL@ 10003e04     libucrt:lcidtoname_downlevel.obj
 0001:00002e10       ??_C@_1M@GIAKDKJK@?$AAs?$AAv?$AA?9?$AAS?$AAE@ 10003e10     libucrt:lcidtoname_downlevel.obj
 0001:00002e1c       ??_C@_1M@MKJKIKCL@?$AAt?$AAh?$AA?9?$AAT?$AAH@ 10003e1c     libucrt:lcidtoname_downlevel.obj
 0001:00002e28       ??_C@_1M@MFLCCMPB@?$AAt?$AAr?$AA?9?$AAT?$AAR@ 10003e28     libucrt:lcidtoname_downlevel.obj
 0001:00002e34       ??_C@_1M@OIJHDKJN@?$AAu?$AAr?$AA?9?$AAP?$AAK@ 10003e34     libucrt:lcidtoname_downlevel.obj
 0001:00002e40       ??_C@_1M@LHIPCIEK@?$AAi?$AAd?$AA?9?$AAI?$AAD@ 10003e40     libucrt:lcidtoname_downlevel.obj
 0001:00002e4c       ??_C@_1M@MFMOBGI@?$AAu?$AAk?$AA?9?$AAU?$AAA@ 10003e4c     libucrt:lcidtoname_downlevel.obj
 0001:00002e58       ??_C@_1M@OBGLJIPL@?$AAb?$AAe?$AA?9?$AAB?$AAY@ 10003e58     libucrt:lcidtoname_downlevel.obj
 0001:00002e64       ??_C@_1M@BCFAJEAD@?$AAs?$AAl?$AA?9?$AAS?$AAI@ 10003e64     libucrt:lcidtoname_downlevel.obj
 0001:00002e70       ??_C@_1M@FKFFEDDN@?$AAe?$AAt?$AA?9?$AAE?$AAE@ 10003e70     libucrt:lcidtoname_downlevel.obj
 0001:00002e7c       ??_C@_1M@KGKKAACI@?$AAl?$AAv?$AA?9?$AAL?$AAV@ 10003e7c     libucrt:lcidtoname_downlevel.obj
 0001:00002e88       ??_C@_1M@IFGBIJO@?$AAl?$AAt?$AA?9?$AAL?$AAT@ 10003e88     libucrt:lcidtoname_downlevel.obj
 0001:00002e94       ??_C@_1M@FGEAHEDM@?$AAf?$AAa?$AA?9?$AAI?$AAR@ 10003e94     libucrt:lcidtoname_downlevel.obj
 0001:00002ea0       ??_C@_1M@KBMAIBFN@?$AAv?$AAi?$AA?9?$AAV?$AAN@ 10003ea0     libucrt:lcidtoname_downlevel.obj
 0001:00002eac       ??_C@_1M@GPCBKDJK@?$AAh?$AAy?$AA?9?$AAA?$AAM@ 10003eac     libucrt:lcidtoname_downlevel.obj
 0001:00002eb8       ??_C@_1BG@BECMDDJB@?$AAa?$AAz?$AA?9?$AAA?$AAZ?$AA?9?$AAL?$AAa?$AAt?$AAn@ 10003eb8     libucrt:lcidtoname_downlevel.obj
 0001:00002ed0       ??_C@_1M@MAOFCAEA@?$AAe?$AAu?$AA?9?$AAE?$AAS@ 10003ed0     libucrt:lcidtoname_downlevel.obj
 0001:00002edc       ??_C@_1M@IGHABKPI@?$AAm?$AAk?$AA?9?$AAM?$AAK@ 10003edc     libucrt:lcidtoname_downlevel.obj
 0001:00002ee8       ??_C@_1M@IAIGNEJG@?$AAt?$AAn?$AA?9?$AAZ?$AAA@ 10003ee8     libucrt:lcidtoname_downlevel.obj
 0001:00002ef4       ??_C@_1M@IIJCOJFA@?$AAx?$AAh?$AA?9?$AAZ?$AAA@ 10003ef4     libucrt:lcidtoname_downlevel.obj
 0001:00002f00       ??_C@_1M@LGPJHNJH@?$AAz?$AAu?$AA?9?$AAZ?$AAA@ 10003f00     libucrt:lcidtoname_downlevel.obj
 0001:00002f0c       ??_C@_1M@HOKAOIO@?$AAa?$AAf?$AA?9?$AAZ?$AAA@ 10003f0c     libucrt:lcidtoname_downlevel.obj
 0001:00002f18       ??_C@_1M@DPCLHLIE@?$AAk?$AAa?$AA?9?$AAG?$AAE@ 10003f18     libucrt:lcidtoname_downlevel.obj
 0001:00002f24       ??_C@_1M@BLKMHJBI@?$AAf?$AAo?$AA?9?$AAF?$AAO@ 10003f24     libucrt:lcidtoname_downlevel.obj
 0001:00002f30       ??_C@_1M@LGGJAPPB@?$AAh?$AAi?$AA?9?$AAI?$AAN@ 10003f30     libucrt:lcidtoname_downlevel.obj
 0001:00002f3c       ??_C@_1M@FIKPIHFE@?$AAm?$AAt?$AA?9?$AAM?$AAT@ 10003f3c     libucrt:lcidtoname_downlevel.obj
 0001:00002f48       ??_C@_1M@HEGGPBFA@?$AAs?$AAe?$AA?9?$AAN?$AAO@ 10003f48     libucrt:lcidtoname_downlevel.obj
 0001:00002f54       ??_C@_1M@EIBJEEPA@?$AAm?$AAs?$AA?9?$AAM?$AAY@ 10003f54     libucrt:lcidtoname_downlevel.obj
 0001:00002f60       ??_C@_1M@FHLBGMPP@?$AAk?$AAk?$AA?9?$AAK?$AAZ@ 10003f60     libucrt:lcidtoname_downlevel.obj
 0001:00002f6c       ??_C@_1M@NGJJLCGI@?$AAk?$AAy?$AA?9?$AAK?$AAG@ 10003f6c     libucrt:lcidtoname_downlevel.obj
 0001:00002f78       ??_C@_1M@GIENNBFC@?$AAs?$AAw?$AA?9?$AAK?$AAE@ 10003f78     libucrt:lcidtoname_downlevel.obj
 0001:00002f84       ??_C@_1BG@NDGMJIMJ@?$AAu?$AAz?$AA?9?$AAU?$AAZ?$AA?9?$AAL?$AAa?$AAt?$AAn@ 10003f84     libucrt:lcidtoname_downlevel.obj
 0001:00002f9c       ??_C@_1M@IDCCIHBC@?$AAt?$AAt?$AA?9?$AAR?$AAU@ 10003f9c     libucrt:lcidtoname_downlevel.obj
 0001:00002fa8       ??_C@_1M@LOICPMOJ@?$AAb?$AAn?$AA?9?$AAI?$AAN@ 10003fa8     libucrt:lcidtoname_downlevel.obj
 0001:00002fb4       ??_C@_1M@KPKKNEAH@?$AAp?$AAa?$AA?9?$AAI?$AAN@ 10003fb4     libucrt:lcidtoname_downlevel.obj
 0001:00002fc0       ??_C@_1M@PJGPPBOG@?$AAg?$AAu?$AA?9?$AAI?$AAN@ 10003fc0     libucrt:lcidtoname_downlevel.obj
 0001:00002fcc       ??_C@_1M@KMKMOPHI@?$AAt?$AAa?$AA?9?$AAI?$AAN@ 10003fcc     libucrt:lcidtoname_downlevel.obj
 0001:00002fd8       ??_C@_1M@KFEHEPAC@?$AAt?$AAe?$AA?9?$AAI?$AAN@ 10003fd8     libucrt:lcidtoname_downlevel.obj
 0001:00002fe4       ??_C@_1M@CDCLMGHI@?$AAk?$AAn?$AA?9?$AAI?$AAN@ 10003fe4     libucrt:lcidtoname_downlevel.obj
 0001:00002ff0       ??_C@_1M@MIODLDKF@?$AAm?$AAl?$AA?9?$AAI?$AAN@ 10003ff0     libucrt:lcidtoname_downlevel.obj
 0001:00002ffc       ??_C@_1M@PBIEACPO@?$AAm?$AAr?$AA?9?$AAI?$AAN@ 10003ffc     libucrt:lcidtoname_downlevel.obj
 0001:00003008       ??_C@_1M@NIDEAGPH@?$AAs?$AAa?$AA?9?$AAI?$AAN@ 10004008     libucrt:lcidtoname_downlevel.obj
 0001:00003014       ??_C@_1M@FHIHCBIO@?$AAm?$AAn?$AA?9?$AAM?$AAN@ 10004014     libucrt:lcidtoname_downlevel.obj
 0001:00003020       ??_C@_1M@JAIJPENP@?$AAc?$AAy?$AA?9?$AAG?$AAB@ 10004020     libucrt:lcidtoname_downlevel.obj
 0001:0000302c       ??_C@_1M@PHGFBEPN@?$AAg?$AAl?$AA?9?$AAE?$AAS@ 1000402c     libucrt:lcidtoname_downlevel.obj
 0001:00003038       ??_C@_1O@KPIPDNCP@?$AAk?$AAo?$AAk?$AA?9?$AAI?$AAN@ 10004038     libucrt:lcidtoname_downlevel.obj
 0001:00003048       ??_C@_1O@KNHJLDJA@?$AAs?$AAy?$AAr?$AA?9?$AAS?$AAY@ 10004048     libucrt:lcidtoname_downlevel.obj
 0001:00003058       ??_C@_1O@MKEKBLAH@?$AAd?$AAi?$AAv?$AA?9?$AAM?$AAV@ 10004058     libucrt:lcidtoname_downlevel.obj
 0001:00003068       ??_C@_1O@OHDCKDDF@?$AAq?$AAu?$AAz?$AA?9?$AAB?$AAO@ 10004068     libucrt:lcidtoname_downlevel.obj
 0001:00003078       ??_C@_1M@LEPJNLFD@?$AAn?$AAs?$AA?9?$AAZ?$AAA@ 10004078     libucrt:lcidtoname_downlevel.obj
 0001:00003084       ??_C@_1M@OMLEIIJB@?$AAm?$AAi?$AA?9?$AAN?$AAZ@ 10004084     libucrt:lcidtoname_downlevel.obj
 0001:00003090       ??_C@_1M@PMPEAILG@?$AAa?$AAr?$AA?9?$AAI?$AAQ@ 10004090     libucrt:lcidtoname_downlevel.obj
 0001:0000309c       ??_C@_1M@CNKPNOEE@?$AAd?$AAe?$AA?9?$AAC?$AAH@ 1000409c     libucrt:lcidtoname_downlevel.obj
 0001:000030a8       ??_C@_1M@LKMGMLKO@?$AAe?$AAn?$AA?9?$AAG?$AAB@ 100040a8     libucrt:lcidtoname_downlevel.obj
 0001:000030b4       ??_C@_1M@PGKJFFGL@?$AAe?$AAs?$AA?9?$AAM?$AAX@ 100040b4     libucrt:lcidtoname_downlevel.obj
 0001:000030c0       ??_C@_1M@DNNANBDC@?$AAf?$AAr?$AA?9?$AAB?$AAE@ 100040c0     libucrt:lcidtoname_downlevel.obj
 0001:000030cc       ??_C@_1M@HLGMDFHM@?$AAi?$AAt?$AA?9?$AAC?$AAH@ 100040cc     libucrt:lcidtoname_downlevel.obj
 0001:000030d8       ??_C@_1M@CLLBGJH@?$AAn?$AAl?$AA?9?$AAB?$AAE@ 100040d8     libucrt:lcidtoname_downlevel.obj
 0001:000030e4       ??_C@_1M@BODBOGLF@?$AAn?$AAn?$AA?9?$AAN?$AAO@ 100040e4     libucrt:lcidtoname_downlevel.obj
 0001:000030f0       ??_C@_1M@HFFAHKAD@?$AAp?$AAt?$AA?9?$AAP?$AAT@ 100040f0     libucrt:lcidtoname_downlevel.obj
 0001:000030fc       ??_C@_1BG@LNOAKHIE@?$AAs?$AAr?$AA?9?$AAS?$AAP?$AA?9?$AAL?$AAa?$AAt?$AAn@ 100040fc     libucrt:lcidtoname_downlevel.obj
 0001:00003114       ??_C@_1M@HBMHBGAK@?$AAs?$AAv?$AA?9?$AAF?$AAI@ 10004114     libucrt:lcidtoname_downlevel.obj
 0001:00003120       ??_C@_1BG@DGCJGJBE@?$AAa?$AAz?$AA?9?$AAA?$AAZ?$AA?9?$AAC?$AAy?$AAr?$AAl@ 10004120     libucrt:lcidtoname_downlevel.obj
 0001:00003138       ??_C@_1M@KEJDAAHB@?$AAs?$AAe?$AA?9?$AAS?$AAE@ 10004138     libucrt:lcidtoname_downlevel.obj
 0001:00003144       ??_C@_1M@HEIBJJAD@?$AAm?$AAs?$AA?9?$AAB?$AAN@ 10004144     libucrt:lcidtoname_downlevel.obj
 0001:00003150       ??_C@_1BG@PBGJMCEM@?$AAu?$AAz?$AA?9?$AAU?$AAZ?$AA?9?$AAC?$AAy?$AAr?$AAl@ 10004150     libucrt:lcidtoname_downlevel.obj
 0001:00003168       ??_C@_1O@LAOBCMDF@?$AAq?$AAu?$AAz?$AA?9?$AAE?$AAC@ 10004168     libucrt:lcidtoname_downlevel.obj
 0001:00003178       ??_C@_1M@POEEMAIO@?$AAa?$AAr?$AA?9?$AAE?$AAG@ 10004178     libucrt:lcidtoname_downlevel.obj
 0001:00003184       ??_C@_1M@EFAKDEDL@?$AAz?$AAh?$AA?9?$AAH?$AAK@ 10004184     libucrt:lcidtoname_downlevel.obj
 0001:00003190       ??_C@_1M@HKKIJHGI@?$AAd?$AAe?$AA?9?$AAA?$AAT@ 10004190     libucrt:lcidtoname_downlevel.obj
 0001:0000319c       ??_C@_1M@KBFBEHJF@?$AAe?$AAn?$AA?9?$AAA?$AAU@ 1000419c     libucrt:lcidtoname_downlevel.obj
 0001:000031a8       ??_C@_1M@MNPLFAAH@?$AAe?$AAs?$AA?9?$AAE?$AAS@ 100041a8     libucrt:lcidtoname_downlevel.obj
 0001:000031b4       ??_C@_1M@HJOOJFMA@?$AAf?$AAr?$AA?9?$AAC?$AAA@ 100041b4     libucrt:lcidtoname_downlevel.obj
 0001:000031c0       ??_C@_1BG@JPOFPNAB@?$AAs?$AAr?$AA?9?$AAS?$AAP?$AA?9?$AAC?$AAy?$AAr?$AAl@ 100041c0     libucrt:lcidtoname_downlevel.obj
 0001:000031d8       ??_C@_1M@LNFOCMOB@?$AAs?$AAe?$AA?9?$AAF?$AAI@ 100041d8     libucrt:lcidtoname_downlevel.obj
 0001:000031e4       ??_C@_1O@MGJBOAMB@?$AAq?$AAu?$AAz?$AA?9?$AAP?$AAE@ 100041e4     libucrt:lcidtoname_downlevel.obj
 0001:000031f4       ??_C@_1M@GJINLBOK@?$AAa?$AAr?$AA?9?$AAL?$AAY@ 100041f4     libucrt:lcidtoname_downlevel.obj
 0001:00003200       ??_C@_1M@GGMNHJNL@?$AAz?$AAh?$AA?9?$AAS?$AAG@ 10004200     libucrt:lcidtoname_downlevel.obj
 0001:0000320c       ??_C@_1M@HOIKODND@?$AAd?$AAe?$AA?9?$AAL?$AAU@ 1000420c     libucrt:lcidtoname_downlevel.obj
 0001:00003218       ??_C@_1M@DDOCCGFG@?$AAe?$AAn?$AA?9?$AAC?$AAA@ 10004218     libucrt:lcidtoname_downlevel.obj
 0001:00003224       ??_C@_1M@BNOEMJLF@?$AAe?$AAs?$AA?9?$AAG?$AAT@ 10004224     libucrt:lcidtoname_downlevel.obj
 0001:00003230       ??_C@_1M@EOGNKEK@?$AAf?$AAr?$AA?9?$AAC?$AAH@ 10004230     libucrt:lcidtoname_downlevel.obj
 0001:0000323c       ??_C@_1M@FLIDJFHL@?$AAh?$AAr?$AA?9?$AAB?$AAA@ 1000423c     libucrt:lcidtoname_downlevel.obj
 0001:00003248       ??_C@_1O@FMCELNAJ@?$AAs?$AAm?$AAj?$AA?9?$AAN?$AAO@ 10004248     libucrt:lcidtoname_downlevel.obj
 0001:00003258       ??_C@_1M@JHGLJMGJ@?$AAa?$AAr?$AA?9?$AAD?$AAZ@ 10004258     libucrt:lcidtoname_downlevel.obj
 0001:00003264       ??_C@_1M@JKKFDCNP@?$AAz?$AAh?$AA?9?$AAM?$AAO@ 10004264     libucrt:lcidtoname_downlevel.obj
 0001:00003270       ??_C@_1M@GEEFALPE@?$AAd?$AAe?$AA?9?$AAL?$AAI@ 10004270     libucrt:lcidtoname_downlevel.obj
 0001:0000327c       ??_C@_1M@IGEOFBG@?$AAe?$AAn?$AA?9?$AAN?$AAZ@ 1000427c     libucrt:lcidtoname_downlevel.obj
 0001:00003288       ??_C@_1M@KDBONEHP@?$AAe?$AAs?$AA?9?$AAC?$AAR@ 10004288     libucrt:lcidtoname_downlevel.obj
 0001:00003294       ??_C@_1M@FHMDOHNN@?$AAf?$AAr?$AA?9?$AAL?$AAU@ 10004294     libucrt:lcidtoname_downlevel.obj
 0001:000032a0       ??_C@_1BG@NFKKMAFG@?$AAb?$AAs?$AA?9?$AAB?$AAA?$AA?9?$AAL?$AAa?$AAt?$AAn@ 100042a0     libucrt:lcidtoname_downlevel.obj
 0001:000032b8       ??_C@_1O@IMNBEMCI@?$AAs?$AAm?$AAj?$AA?9?$AAS?$AAE@ 100042b8     libucrt:lcidtoname_downlevel.obj
 0001:000032c8       ??_C@_1M@DHHMBNDP@?$AAa?$AAr?$AA?9?$AAM?$AAA@ 100042c8     libucrt:lcidtoname_downlevel.obj
 0001:000032d4       ??_C@_1M@BNBLJCGH@?$AAe?$AAn?$AA?9?$AAI?$AAE@ 100042d4     libucrt:lcidtoname_downlevel.obj
 0001:000032e0       ??_C@_1M@GEPAFMDL@?$AAe?$AAs?$AA?9?$AAP?$AAA@ 100042e0     libucrt:lcidtoname_downlevel.obj
 0001:000032ec       ??_C@_1M@OJONDMDL@?$AAf?$AAr?$AA?9?$AAM?$AAC@ 100042ec     libucrt:lcidtoname_downlevel.obj
 0001:000032f8       ??_C@_1BG@OBCNFJB@?$AAs?$AAr?$AA?9?$AAB?$AAA?$AA?9?$AAL?$AAa?$AAt?$AAn@ 100042f8     libucrt:lcidtoname_downlevel.obj
 0001:00003310       ??_C@_1O@KEMEEGPO@?$AAs?$AAm?$AAa?$AA?9?$AAN?$AAO@ 10004310     libucrt:lcidtoname_downlevel.obj
 0001:00003320       ??_C@_1M@ELMGFODK@?$AAa?$AAr?$AA?9?$AAT?$AAN@ 10004320     libucrt:lcidtoname_downlevel.obj
 0001:0000332c       ??_C@_1M@BHDLHFAF@?$AAe?$AAn?$AA?9?$AAZ?$AAA@ 1000432c     libucrt:lcidtoname_downlevel.obj
 0001:00003338       ??_C@_1M@BMGIGLIF@?$AAe?$AAs?$AA?9?$AAD?$AAO@ 10004338     libucrt:lcidtoname_downlevel.obj
 0001:00003344       ??_C@_1BG@CMBHIPBE@?$AAs?$AAr?$AA?9?$AAB?$AAA?$AA?9?$AAC?$AAy?$AAr?$AAl@ 10004344     libucrt:lcidtoname_downlevel.obj
 0001:0000335c       ??_C@_1O@HEDBLHNP@?$AAs?$AAm?$AAa?$AA?9?$AAS?$AAE@ 1000435c     libucrt:lcidtoname_downlevel.obj
 0001:0000336c       ??_C@_1M@DAGCADIM@?$AAa?$AAr?$AA?9?$AAO?$AAM@ 1000436c     libucrt:lcidtoname_downlevel.obj
 0001:00003378       ??_C@_1M@FODLMICG@?$AAe?$AAn?$AA?9?$AAJ?$AAM@ 10004378     libucrt:lcidtoname_downlevel.obj
 0001:00003384       ??_C@_1M@DNMLCIHB@?$AAe?$AAs?$AA?9?$AAV?$AAE@ 10004384     libucrt:lcidtoname_downlevel.obj
 0001:00003390       ??_C@_1O@EOKHMKJK@?$AAs?$AAm?$AAs?$AA?9?$AAF?$AAI@ 10004390     libucrt:lcidtoname_downlevel.obj
 0001:000033a0       ??_C@_1M@CAFJMKOF@?$AAa?$AAr?$AA?9?$AAY?$AAE@ 100043a0     libucrt:lcidtoname_downlevel.obj
 0001:000033ac       ??_C@_1M@CBFHIJLI@?$AAe?$AAn?$AA?9?$AAC?$AAB@ 100043ac     libucrt:lcidtoname_downlevel.obj
 0001:000033b8       ??_C@_1M@BGNFLDN@?$AAe?$AAs?$AA?9?$AAC?$AAO@ 100043b8     libucrt:lcidtoname_downlevel.obj
 0001:000033c4       ??_C@_1O@JMPHMAMC@?$AAs?$AAm?$AAn?$AA?9?$AAF?$AAI@ 100043c4     libucrt:lcidtoname_downlevel.obj
 0001:000033d4       ??_C@_1M@JLANABKE@?$AAa?$AAr?$AA?9?$AAS?$AAY@ 100043d4     libucrt:lcidtoname_downlevel.obj
 0001:000033e0       ??_C@_1M@HPKGCFGN@?$AAe?$AAn?$AA?9?$AAB?$AAZ@ 100043e0     libucrt:lcidtoname_downlevel.obj
 0001:000033ec       ??_C@_1M@OLJCMLGM@?$AAe?$AAs?$AA?9?$AAP?$AAE@ 100043ec     libucrt:lcidtoname_downlevel.obj
 0001:000033f8       ??_C@_1M@MKKGFKLE@?$AAa?$AAr?$AA?9?$AAJ?$AAO@ 100043f8     libucrt:lcidtoname_downlevel.obj
 0001:00003404       ??_C@_1M@EKPGLDNI@?$AAe?$AAn?$AA?9?$AAT?$AAT@ 10004404     libucrt:lcidtoname_downlevel.obj
 0001:00003410       ??_C@_1M@OONGHFHE@?$AAe?$AAs?$AA?9?$AAA?$AAR@ 10004410     libucrt:lcidtoname_downlevel.obj
 0001:0000341c       ??_C@_1M@OOJFGBHE@?$AAa?$AAr?$AA?9?$AAL?$AAB@ 1000441c     libucrt:lcidtoname_downlevel.obj
 0001:00003428       ??_C@_1M@GCEJHNEG@?$AAe?$AAn?$AA?9?$AAZ?$AAW@ 10004428     libucrt:lcidtoname_downlevel.obj
 0001:00003434       ??_C@_1M@JNOCAHJI@?$AAe?$AAs?$AA?9?$AAE?$AAC@ 10004434     libucrt:lcidtoname_downlevel.obj
 0001:00003440       ??_C@_1M@JEFHPGGB@?$AAa?$AAr?$AA?9?$AAK?$AAW@ 10004440     libucrt:lcidtoname_downlevel.obj
 0001:0000344c       ??_C@_1M@MLKIBJOJ@?$AAe?$AAn?$AA?9?$AAP?$AAH@ 1000444c     libucrt:lcidtoname_downlevel.obj
 0001:00003458       ??_C@_1M@BDNIPEND@?$AAe?$AAs?$AA?9?$AAC?$AAL@ 10004458     libucrt:lcidtoname_downlevel.obj
 0001:00003464       ??_C@_1M@MPNMEKBD@?$AAa?$AAr?$AA?9?$AAA?$AAE@ 10004464     libucrt:lcidtoname_downlevel.obj
 0001:00003470       ??_C@_1M@KBJALCPI@?$AAe?$AAs?$AA?9?$AAU?$AAY@ 10004470     libucrt:lcidtoname_downlevel.obj
 0001:0000347c       ??_C@_1M@LLCCOAGA@?$AAa?$AAr?$AA?9?$AAB?$AAH@ 1000447c     libucrt:lcidtoname_downlevel.obj
 0001:00003488       ??_C@_1M@PBFNCDEL@?$AAe?$AAs?$AA?9?$AAP?$AAY@ 10004488     libucrt:lcidtoname_downlevel.obj
 0001:00003494       ??_C@_1M@EDGINPNP@?$AAa?$AAr?$AA?9?$AAQ?$AAA@ 10004494     libucrt:lcidtoname_downlevel.obj
 0001:000034a0       ??_C@_1M@MKDBIIJI@?$AAe?$AAs?$AA?9?$AAB?$AAO@ 100044a0     libucrt:lcidtoname_downlevel.obj
 0001:000034ac       ??_C@_1M@CPKKEBLD@?$AAe?$AAs?$AA?9?$AAS?$AAV@ 100044ac     libucrt:lcidtoname_downlevel.obj
 0001:000034b8       ??_C@_1M@NDBGMMJL@?$AAe?$AAs?$AA?9?$AAH?$AAN@ 100044b8     libucrt:lcidtoname_downlevel.obj
 0001:000034c4       ??_C@_1M@JIJIBHDP@?$AAe?$AAs?$AA?9?$AAN?$AAI@ 100044c4     libucrt:lcidtoname_downlevel.obj
 0001:000034d0       ??_C@_1M@CGFMKEEK@?$AAe?$AAs?$AA?9?$AAP?$AAR@ 100044d0     libucrt:lcidtoname_downlevel.obj
 0001:000034dc       ??_C@_1O@ICJHKIIK@?$AAz?$AAh?$AA?9?$AAC?$AAH?$AAT@ 100044dc     libucrt:lcidtoname_downlevel.obj
 0001:000034ec       ??_C@_15CLNEJCE@?$AAs?$AAr@ 100044ec     libucrt:lcidtoname_downlevel.obj
 0001:00003c18       ??_C@_1M@KAHEKEIG@?$AAa?$AAf?$AA?9?$AAz?$AAa@ 10004c18     libucrt:lcidtoname_downlevel.obj
 0001:00003c24       ??_C@_1M@GIECOABL@?$AAa?$AAr?$AA?9?$AAa?$AAe@ 10004c24     libucrt:lcidtoname_downlevel.obj
 0001:00003c30       ??_C@_1M@BMLMEKGI@?$AAa?$AAr?$AA?9?$AAb?$AAh@ 10004c30     libucrt:lcidtoname_downlevel.obj
 0001:00003c3c       ??_C@_1M@DAPFDGGB@?$AAa?$AAr?$AA?9?$AAd?$AAz@ 10004c3c     libucrt:lcidtoname_downlevel.obj
 0001:00003c48       ??_C@_1M@FJNKGKIG@?$AAa?$AAr?$AA?9?$AAe?$AAg@ 10004c48     libucrt:lcidtoname_downlevel.obj
 0001:00003c54       ??_C@_1M@FLGKKCLO@?$AAa?$AAr?$AA?9?$AAi?$AAq@ 10004c54     libucrt:lcidtoname_downlevel.obj
 0001:00003c60       ??_C@_1M@GNDIPALM@?$AAa?$AAr?$AA?9?$AAj?$AAo@ 10004c60     libucrt:lcidtoname_downlevel.obj
 0001:00003c6c       ??_C@_1M@DDMJFMGJ@?$AAa?$AAr?$AA?9?$AAk?$AAw@ 10004c6c     libucrt:lcidtoname_downlevel.obj
 0001:00003c78       ??_C@_1M@EJALMLHM@?$AAa?$AAr?$AA?9?$AAl?$AAb@ 10004c78     libucrt:lcidtoname_downlevel.obj
 0001:00003c84       ??_C@_1M@MOBDBLOC@?$AAa?$AAr?$AA?9?$AAl?$AAy@ 10004c84     libucrt:lcidtoname_downlevel.obj
 0001:00003c90       ??_C@_1M@JAOCLHDH@?$AAa?$AAr?$AA?9?$AAm?$AAa@ 10004c90     libucrt:lcidtoname_downlevel.obj
 0001:00003c9c       ??_C@_1M@JHPMKJIE@?$AAa?$AAr?$AA?9?$AAo?$AAm@ 10004c9c     libucrt:lcidtoname_downlevel.obj
 0001:00003ca8       ??_C@_1M@OEPGHFNH@?$AAa?$AAr?$AA?9?$AAq?$AAa@ 10004ca8     libucrt:lcidtoname_downlevel.obj
 0001:00003cb4       ??_C@_1M@KJDONENM@?$AAa?$AAr?$AA?9?$AAs?$AAa@ 10004cb4     libucrt:lcidtoname_downlevel.obj
 0001:00003cc0       ??_C@_1M@DMJDKLKM@?$AAa?$AAr?$AA?9?$AAs?$AAy@ 10004cc0     libucrt:lcidtoname_downlevel.obj
 0001:00003ccc       ??_C@_1M@OMFIPEDC@?$AAa?$AAr?$AA?9?$AAt?$AAn@ 10004ccc     libucrt:lcidtoname_downlevel.obj
 0001:00003cd8       ??_C@_1M@IHMHGAON@?$AAa?$AAr?$AA?9?$AAy?$AAe@ 10004cd8     libucrt:lcidtoname_downlevel.obj
 0001:00003ce4       ??_C@_1BG@KDCPGJGB@?$AAa?$AAz?$AA?9?$AAa?$AAz?$AA?9?$AAc?$AAy?$AAr?$AAl@ 10004ce4     libucrt:lcidtoname_downlevel.obj
 0001:00003cfc       ??_C@_1BG@IBCKDDOE@?$AAa?$AAz?$AA?9?$AAa?$AAz?$AA?9?$AAl?$AAa?$AAt?$AAn@ 10004cfc     libucrt:lcidtoname_downlevel.obj
 0001:00003d14       ??_C@_1M@EGPFDCPD@?$AAb?$AAe?$AA?9?$AAb?$AAy@ 10004d14     libucrt:lcidtoname_downlevel.obj
 0001:00003d20       ??_C@_1M@PCMGMCGC@?$AAb?$AAg?$AA?9?$AAb?$AAg@ 10004d20     libucrt:lcidtoname_downlevel.obj
 0001:00003d2c       ??_C@_1M@BJBMFGOB@?$AAb?$AAn?$AA?9?$AAi?$AAn@ 10004d2c     libucrt:lcidtoname_downlevel.obj
 0001:00003d38       ??_C@_1BG@EAKMMACD@?$AAb?$AAs?$AA?9?$AAb?$AAa?$AA?9?$AAl?$AAa?$AAt?$AAn@ 10004d38     libucrt:lcidtoname_downlevel.obj
 0001:00003d50       ??_C@_1M@KGADAODK@?$AAc?$AAa?$AA?9?$AAe?$AAs@ 10004d50     libucrt:lcidtoname_downlevel.obj
 0001:00003d5c       ??_C@_1M@COAJPDHI@?$AAc?$AAs?$AA?9?$AAc?$AAz@ 10004d5c     libucrt:lcidtoname_downlevel.obj
 0001:00003d68       ??_C@_1M@DHBHFONH@?$AAc?$AAy?$AA?9?$AAg?$AAb@ 10004d68     libucrt:lcidtoname_downlevel.obj
 0001:00003d74       ??_C@_1M@IMGKELGA@?$AAd?$AAa?$AA?9?$AAd?$AAk@ 10004d74     libucrt:lcidtoname_downlevel.obj
 0001:00003d80       ??_C@_1M@NNDGDNGA@?$AAd?$AAe?$AA?9?$AAa?$AAt@ 10004d80     libucrt:lcidtoname_downlevel.obj
 0001:00003d8c       ??_C@_1M@IKDBHEEM@?$AAd?$AAe?$AA?9?$AAc?$AAh@ 10004d8c     libucrt:lcidtoname_downlevel.obj
 0001:00003d98       ??_C@_1M@GFFOJMCJ@?$AAd?$AAe?$AA?9?$AAd?$AAe@ 10004d98     libucrt:lcidtoname_downlevel.obj
 0001:00003da4       ??_C@_1M@MDNLKBPM@?$AAd?$AAe?$AA?9?$AAl?$AAi@ 10004da4     libucrt:lcidtoname_downlevel.obj
 0001:00003db0       ??_C@_1M@NJBEEJNL@?$AAd?$AAe?$AA?9?$AAl?$AAu@ 10004db0     libucrt:lcidtoname_downlevel.obj
 0001:00003dbc       ??_C@_1O@GNNELBAP@?$AAd?$AAi?$AAv?$AA?9?$AAm?$AAv@ 10004dbc     libucrt:lcidtoname_downlevel.obj
 0001:00003dcc       ??_C@_1M@EJLEOGAE@?$AAe?$AAl?$AA?9?$AAg?$AAr@ 10004dcc     libucrt:lcidtoname_downlevel.obj
 0001:00003dd8       ??_C@_1M@GMPONJN@?$AAe?$AAn?$AA?9?$AAa?$AAu@ 10004dd8     libucrt:lcidtoname_downlevel.obj
 0001:00003de4       ??_C@_1M@NIDIIPGF@?$AAe?$AAn?$AA?9?$AAb?$AAz@ 10004de4     libucrt:lcidtoname_downlevel.obj
 0001:00003df0       ??_C@_1M@JEHMIMFO@?$AAe?$AAn?$AA?9?$AAc?$AAa@ 10004df0     libucrt:lcidtoname_downlevel.obj
 0001:00003dfc       ??_C@_1M@IGMJCDLA@?$AAe?$AAn?$AA?9?$AAc?$AAb@ 10004dfc     libucrt:lcidtoname_downlevel.obj
 0001:00003e08       ??_C@_1M@BNFIGBKG@?$AAe?$AAn?$AA?9?$AAg?$AAb@ 10004e08     libucrt:lcidtoname_downlevel.obj
 0001:00003e14       ??_C@_1M@LKIFDIGP@?$AAe?$AAn?$AA?9?$AAi?$AAe@ 10004e14     libucrt:lcidtoname_downlevel.obj
 0001:00003e20       ??_C@_1M@PJKFGCCO@?$AAe?$AAn?$AA?9?$AAj?$AAm@ 10004e20     libucrt:lcidtoname_downlevel.obj
 0001:00003e2c       ??_C@_1M@KPPKEPBO@?$AAe?$AAn?$AA?9?$AAn?$AAz@ 10004e2c     libucrt:lcidtoname_downlevel.obj
 0001:00003e38       ??_C@_1M@GMDGLDOB@?$AAe?$AAn?$AA?9?$AAp?$AAh@ 10004e38     libucrt:lcidtoname_downlevel.obj
 0001:00003e44       ??_C@_1M@ONGIBJNA@?$AAe?$AAn?$AA?9?$AAt?$AAt@ 10004e44     libucrt:lcidtoname_downlevel.obj
 0001:00003e50       ??_C@_1M@LLODPCMM@?$AAe?$AAn?$AA?9?$AAu?$AAs@ 10004e50     libucrt:lcidtoname_downlevel.obj
 0001:00003e5c       ??_C@_1M@LAKFNPAN@?$AAe?$AAn?$AA?9?$AAz?$AAa@ 10004e5c     libucrt:lcidtoname_downlevel.obj
 0001:00003e68       ??_C@_1M@MFNHNHEO@?$AAe?$AAn?$AA?9?$AAz?$AAw@ 10004e68     libucrt:lcidtoname_downlevel.obj
 0001:00003e74       ??_C@_1M@EJEINPHM@?$AAe?$AAs?$AA?9?$AAa?$AAr@ 10004e74     libucrt:lcidtoname_downlevel.obj
 0001:00003e80       ??_C@_1M@GNKPCCJA@?$AAe?$AAs?$AA?9?$AAb?$AAo@ 10004e80     libucrt:lcidtoname_downlevel.obj
 0001:00003e8c       ??_C@_1M@LEEGFONL@?$AAe?$AAs?$AA?9?$AAc?$AAl@ 10004e8c     libucrt:lcidtoname_downlevel.obj
 0001:00003e98       ??_C@_1M@KGPDPBDF@?$AAe?$AAs?$AA?9?$AAc?$AAo@ 10004e98     libucrt:lcidtoname_downlevel.obj
 0001:00003ea4       ??_C@_1M@EIAHOHH@?$AAe?$AAs?$AA?9?$AAc?$AAr@ 10004ea4     libucrt:lcidtoname_downlevel.obj
 0001:00003eb0       ??_C@_1M@LLPGMBIN@?$AAe?$AAs?$AA?9?$AAd?$AAo@ 10004eb0     libucrt:lcidtoname_downlevel.obj
 0001:00003ebc       ??_C@_1M@DKHMKNJA@?$AAe?$AAs?$AA?9?$AAe?$AAc@ 10004ebc     libucrt:lcidtoname_downlevel.obj
 0001:00003ec8       ??_C@_1M@GKGFPKAP@?$AAe?$AAs?$AA?9?$AAe?$AAs@ 10004ec8     libucrt:lcidtoname_downlevel.obj
 0001:00003ed4       ??_C@_1M@LKHKGDLN@?$AAe?$AAs?$AA?9?$AAg?$AAt@ 10004ed4     libucrt:lcidtoname_downlevel.obj
 0001:00003ee0       ??_C@_1M@HEIIGGJD@?$AAe?$AAs?$AA?9?$AAh?$AAn@ 10004ee0     libucrt:lcidtoname_downlevel.obj
 0001:00003eec       ??_C@_1M@FBDHPPGD@?$AAe?$AAs?$AA?9?$AAm?$AAx@ 10004eec     libucrt:lcidtoname_downlevel.obj
 0001:00003ef8       ??_C@_1M@DPAGLNDH@?$AAe?$AAs?$AA?9?$AAn?$AAi@ 10004ef8     libucrt:lcidtoname_downlevel.obj
 0001:00003f04       ??_C@_1M@MDGOPGDD@?$AAe?$AAs?$AA?9?$AAp?$AAa@ 10004f04     libucrt:lcidtoname_downlevel.obj
 0001:00003f10       ??_C@_1M@EMAMGBGE@?$AAe?$AAs?$AA?9?$AAp?$AAe@ 10004f10     libucrt:lcidtoname_downlevel.obj
 0001:00003f1c       ??_C@_1M@IBMCAOEC@?$AAe?$AAs?$AA?9?$AAp?$AAr@ 10004f1c     libucrt:lcidtoname_downlevel.obj
 0001:00003f28       ??_C@_1M@FGMDIJED@?$AAe?$AAs?$AA?9?$AAp?$AAy@ 10004f28     libucrt:lcidtoname_downlevel.obj
 0001:00003f34       ??_C@_1M@IIDEOLLL@?$AAe?$AAs?$AA?9?$AAs?$AAv@ 10004f34     libucrt:lcidtoname_downlevel.obj
 0001:00003f40       ??_C@_1M@GAOBIPA@?$AAe?$AAs?$AA?9?$AAu?$AAy@ 10004f40     libucrt:lcidtoname_downlevel.obj
 0001:00003f4c       ??_C@_1M@JKFFICHJ@?$AAe?$AAs?$AA?9?$AAv?$AAe@ 10004f4c     libucrt:lcidtoname_downlevel.obj
 0001:00003f58       ??_C@_1M@PNMLOJDF@?$AAe?$AAt?$AA?9?$AAe?$AAe@ 10004f58     libucrt:lcidtoname_downlevel.obj
 0001:00003f64       ??_C@_1M@GHHLIKEI@?$AAe?$AAu?$AA?9?$AAe?$AAs@ 10004f64     libucrt:lcidtoname_downlevel.obj
 0001:00003f70       ??_C@_1M@PBNONODE@?$AAf?$AAa?$AA?9?$AAi?$AAr@ 10004f70     libucrt:lcidtoname_downlevel.obj
 0001:00003f7c       ??_C@_1M@JEEHPMIL@?$AAf?$AAi?$AA?9?$AAf?$AAi@ 10004f7c     libucrt:lcidtoname_downlevel.obj
 0001:00003f88       ??_C@_1M@LMDCNDBA@?$AAf?$AAo?$AA?9?$AAf?$AAo@ 10004f88     libucrt:lcidtoname_downlevel.obj
 0001:00003f94       ??_C@_1M@JKEOHLDK@?$AAf?$AAr?$AA?9?$AAb?$AAe@ 10004f94     libucrt:lcidtoname_downlevel.obj
 0001:00003fa0       ??_C@_1M@NOHADPMI@?$AAf?$AAr?$AA?9?$AAc?$AAa@ 10004fa0     libucrt:lcidtoname_downlevel.obj
 0001:00003fac       ??_C@_1M@KDHIHAEC@?$AAf?$AAr?$AA?9?$AAc?$AAh@ 10004fac     libucrt:lcidtoname_downlevel.obj
 0001:00003fb8       ??_C@_1M@MMBBFGAK@?$AAf?$AAr?$AA?9?$AAf?$AAr@ 10004fb8     libucrt:lcidtoname_downlevel.obj
 0001:00003fc4       ??_C@_1M@PAFNENNF@?$AAf?$AAr?$AA?9?$AAl?$AAu@ 10004fc4     libucrt:lcidtoname_downlevel.obj
 0001:00003fd0       ??_C@_1M@EOHDJGDD@?$AAf?$AAr?$AA?9?$AAm?$AAc@ 10004fd0     libucrt:lcidtoname_downlevel.obj
 0001:00003fdc       ??_C@_1M@FAPLLOPF@?$AAg?$AAl?$AA?9?$AAe?$AAs@ 10004fdc     libucrt:lcidtoname_downlevel.obj
 0001:00003fe8       ??_C@_1M@FOPBFLOO@?$AAg?$AAu?$AA?9?$AAi?$AAn@ 10004fe8     libucrt:lcidtoname_downlevel.obj
 0001:00003ff4       ??_C@_1M@KBMCINPM@?$AAh?$AAe?$AA?9?$AAi?$AAl@ 10004ff4     libucrt:lcidtoname_downlevel.obj
 0001:00004000       ??_C@_1M@BBPHKFPJ@?$AAh?$AAi?$AA?9?$AAi?$AAn@ 10005000     libucrt:lcidtoname_downlevel.obj
 0001:0000400c       ??_C@_1M@PMBNDPHD@?$AAh?$AAr?$AA?9?$AAb?$AAa@ 1000500c     libucrt:lcidtoname_downlevel.obj
 0001:00004018       ??_C@_1M@BPCKOEGE@?$AAh?$AAr?$AA?9?$AAh?$AAr@ 10005018     libucrt:lcidtoname_downlevel.obj
 0001:00004024       ??_C@_1M@GACBMHKE@?$AAh?$AAu?$AA?9?$AAh?$AAu@ 10005024     libucrt:lcidtoname_downlevel.obj
 0001:00004030       ??_C@_1M@MILPAJJC@?$AAh?$AAy?$AA?9?$AAa?$AAm@ 10005030     libucrt:lcidtoname_downlevel.obj
 0001:0000403c       ??_C@_1M@BABBICEC@?$AAi?$AAd?$AA?9?$AAi?$AAd@ 1000503c     libucrt:lcidtoname_downlevel.obj
 0001:00004048       ??_C@_1M@BIKNHHPF@?$AAi?$AAs?$AA?9?$AAi?$AAs@ 10005048     libucrt:lcidtoname_downlevel.obj
 0001:00004054       ??_C@_1M@NMPCJPHE@?$AAi?$AAt?$AA?9?$AAc?$AAh@ 10005054     libucrt:lcidtoname_downlevel.obj
 0001:00004060       ??_C@_1M@GHKGFEDF@?$AAi?$AAt?$AA?9?$AAi?$AAt@ 10005060     libucrt:lcidtoname_downlevel.obj
 0001:0000406c       ??_C@_1M@NIEJCJJA@?$AAj?$AAa?$AA?9?$AAj?$AAp@ 1000506c     libucrt:lcidtoname_downlevel.obj
 0001:00004078       ??_C@_1M@JILFNBIM@?$AAk?$AAa?$AA?9?$AAg?$AAe@ 10005078     libucrt:lcidtoname_downlevel.obj
 0001:00004084       ??_C@_1M@PACPMGPH@?$AAk?$AAk?$AA?9?$AAk?$AAz@ 10005084     libucrt:lcidtoname_downlevel.obj
 0001:00004090       ??_C@_1M@IELFGMHA@?$AAk?$AAn?$AA?9?$AAi?$AAn@ 10005090     libucrt:lcidtoname_downlevel.obj
 0001:0000409c       ??_C@_1O@IBBJHCH@?$AAk?$AAo?$AAk?$AA?9?$AAi?$AAn@ 1000509c     libucrt:lcidtoname_downlevel.obj
 0001:000040ac       ??_C@_1M@DMHAEOGC@?$AAk?$AAo?$AA?9?$AAk?$AAr@ 100050ac     libucrt:lcidtoname_downlevel.obj
 0001:000040b8       ??_C@_1M@HBAHBIGA@?$AAk?$AAy?$AA?9?$AAk?$AAg@ 100050b8     libucrt:lcidtoname_downlevel.obj
 0001:000040c4       ??_C@_1M@KPMILCJG@?$AAl?$AAt?$AA?9?$AAl?$AAt@ 100050c4     libucrt:lcidtoname_downlevel.obj
 0001:000040d0       ??_C@_1M@BDEKKCA@?$AAl?$AAv?$AA?9?$AAl?$AAv@ 100050d0     libucrt:lcidtoname_downlevel.obj
 0001:000040dc       ??_C@_1M@ELCKCCJJ@?$AAm?$AAi?$AA?9?$AAn?$AAz@ 100050dc     libucrt:lcidtoname_downlevel.obj
 0001:000040e8       ??_C@_1M@CBOOLAPA@?$AAm?$AAk?$AA?9?$AAm?$AAk@ 100050e8     libucrt:lcidtoname_downlevel.obj
 0001:000040f4       ??_C@_1M@GPHNBJKN@?$AAm?$AAl?$AA?9?$AAi?$AAn@ 100050f4     libucrt:lcidtoname_downlevel.obj
 0001:00004100       ??_C@_1M@PABJILIG@?$AAm?$AAn?$AA?9?$AAm?$AAn@ 10005100     libucrt:lcidtoname_downlevel.obj
 0001:0000410c       ??_C@_1M@FGBKKIPG@?$AAm?$AAr?$AA?9?$AAi?$AAn@ 1000510c     libucrt:lcidtoname_downlevel.obj
 0001:00004118       ??_C@_1M@NDBPDDAL@?$AAm?$AAs?$AA?9?$AAb?$AAn@ 10005118     libucrt:lcidtoname_downlevel.obj
 0001:00004124       ??_C@_1M@OPIHOOPI@?$AAm?$AAs?$AA?9?$AAm?$AAy@ 10005124     libucrt:lcidtoname_downlevel.obj
 0001:00004130       ??_C@_1M@PPDBCNFM@?$AAm?$AAt?$AA?9?$AAm?$AAt@ 10005130     libucrt:lcidtoname_downlevel.obj
 0001:0000413c       ??_C@_1M@KDJDKMDD@?$AAn?$AAb?$AA?9?$AAn?$AAo@ 1000513c     libucrt:lcidtoname_downlevel.obj
 0001:00004148       ??_C@_1M@KFCFLMJP@?$AAn?$AAl?$AA?9?$AAb?$AAe@ 10005148     libucrt:lcidtoname_downlevel.obj
 0001:00004154       ??_C@_1M@KPOPDDGO@?$AAn?$AAl?$AA?9?$AAn?$AAl@ 10005154     libucrt:lcidtoname_downlevel.obj
 0001:00004160       ??_C@_1M@LJKPEMLN@?$AAn?$AAn?$AA?9?$AAn?$AAo@ 10005160     libucrt:lcidtoname_downlevel.obj
 0001:0000416c       ??_C@_1M@BDGHHBFL@?$AAn?$AAs?$AA?9?$AAz?$AAa@ 1000516c     libucrt:lcidtoname_downlevel.obj
 0001:00004178       ??_C@_1M@IDEHOAP@?$AAp?$AAa?$AA?9?$AAi?$AAn@ 10005178     libucrt:lcidtoname_downlevel.obj
 0001:00004184       ??_C@_1M@HDBKGOGH@?$AAp?$AAl?$AA?9?$AAp?$AAl@ 10005184     libucrt:lcidtoname_downlevel.obj
 0001:00004190       ??_C@_1M@LJLLCMEH@?$AAp?$AAt?$AA?9?$AAb?$AAr@ 10005190     libucrt:lcidtoname_downlevel.obj
 0001:0000419c       ??_C@_1M@NCMONAAL@?$AAp?$AAt?$AA?9?$AAp?$AAt@ 1000519c     libucrt:lcidtoname_downlevel.obj
 0001:000041a8       ??_C@_1O@EAKMAJDN@?$AAq?$AAu?$AAz?$AA?9?$AAb?$AAo@ 100051a8     libucrt:lcidtoname_downlevel.obj
 0001:000041b8       ??_C@_1O@BHHPIGDN@?$AAq?$AAu?$AAz?$AA?9?$AAe?$AAc@ 100051b8     libucrt:lcidtoname_downlevel.obj
 0001:000041c8       ??_C@_1O@GBAPEKMJ@?$AAq?$AAu?$AAz?$AA?9?$AAp?$AAe@ 100051c8     libucrt:lcidtoname_downlevel.obj
 0001:000041d8       ??_C@_1M@CLGLEFBO@?$AAr?$AAo?$AA?9?$AAr?$AAo@ 100051d8     libucrt:lcidtoname_downlevel.obj
 0001:000041e4       ??_C@_1M@CEEDODME@?$AAr?$AAu?$AA?9?$AAr?$AAu@ 100051e4     libucrt:lcidtoname_downlevel.obj
 0001:000041f0       ??_C@_1M@HPKKKMPP@?$AAs?$AAa?$AA?9?$AAi?$AAn@ 100051f0     libucrt:lcidtoname_downlevel.obj
 0001:000041fc       ??_C@_1M@BKMAIGOJ@?$AAs?$AAe?$AA?9?$AAf?$AAi@ 100051fc     libucrt:lcidtoname_downlevel.obj
 0001:00004208       ??_C@_1M@NDPIFLFI@?$AAs?$AAe?$AA?9?$AAn?$AAo@ 10005208     libucrt:lcidtoname_downlevel.obj
 0001:00004214       ??_C@_1M@DANKKHJ@?$AAs?$AAe?$AA?9?$AAs?$AAe@ 10005214     libucrt:lcidtoname_downlevel.obj
 0001:00004220       ??_C@_1M@PNBLONPJ@?$AAs?$AAk?$AA?9?$AAs?$AAk@ 10005220     libucrt:lcidtoname_downlevel.obj
 0001:0000422c       ??_C@_1M@LFMODOAL@?$AAs?$AAl?$AA?9?$AAs?$AAi@ 1000522c     libucrt:lcidtoname_downlevel.obj
 0001:00004238       ??_C@_1O@DFKOMPG@?$AAs?$AAm?$AAa?$AA?9?$AAn?$AAo@ 10005238     libucrt:lcidtoname_downlevel.obj
 0001:00004248       ??_C@_1O@NDKPBNNH@?$AAs?$AAm?$AAa?$AA?9?$AAs?$AAe@ 10005248     libucrt:lcidtoname_downlevel.obj
 0001:00004258       ??_C@_1O@PLLKBHAB@?$AAs?$AAm?$AAj?$AA?9?$AAn?$AAo@ 10005258     libucrt:lcidtoname_downlevel.obj
 0001:00004268       ??_C@_1O@CLEPOGCA@?$AAs?$AAm?$AAj?$AA?9?$AAs?$AAe@ 10005268     libucrt:lcidtoname_downlevel.obj
 0001:00004278       ??_C@_1O@DLGJGKMK@?$AAs?$AAm?$AAn?$AA?9?$AAf?$AAi@ 10005278     libucrt:lcidtoname_downlevel.obj
 0001:00004288       ??_C@_1O@OJDJGAJC@?$AAs?$AAm?$AAs?$AA?9?$AAf?$AAi@ 10005288     libucrt:lcidtoname_downlevel.obj
 0001:00004298       ??_C@_1M@BOFOGHPB@?$AAs?$AAq?$AA?9?$AAa?$AAl@ 10005298     libucrt:lcidtoname_downlevel.obj
 0001:000042a4       ??_C@_1BG@LJBBIPGB@?$AAs?$AAr?$AA?9?$AAb?$AAa?$AA?9?$AAc?$AAy?$AAr?$AAl@ 100052a4     libucrt:lcidtoname_downlevel.obj
 0001:000042bc       ??_C@_1BG@JLBENFOE@?$AAs?$AAr?$AA?9?$AAb?$AAa?$AA?9?$AAl?$AAa?$AAt?$AAn@ 100052bc     libucrt:lcidtoname_downlevel.obj
 0001:000042d4       ??_C@_1BG@KODPNHE@?$AAs?$AAr?$AA?9?$AAs?$AAp?$AA?9?$AAc?$AAy?$AAr?$AAl@ 100052d4     libucrt:lcidtoname_downlevel.obj
 0001:000042ec       ??_C@_1BG@CIOGKHPB@?$AAs?$AAr?$AA?9?$AAs?$AAp?$AA?9?$AAl?$AAa?$AAt?$AAn@ 100052ec     libucrt:lcidtoname_downlevel.obj
 0001:00004304       ??_C@_1M@NGFJLMAC@?$AAs?$AAv?$AA?9?$AAf?$AAi@ 10005304     libucrt:lcidtoname_downlevel.obj
 0001:00004310       ??_C@_1M@MPJEJAJC@?$AAs?$AAv?$AA?9?$AAs?$AAe@ 10005310     libucrt:lcidtoname_downlevel.obj
 0001:0000431c       ??_C@_1M@MPNDHLFK@?$AAs?$AAw?$AA?9?$AAk?$AAe@ 1000531c     libucrt:lcidtoname_downlevel.obj
 0001:00004328       ??_C@_1O@KOHBJJI@?$AAs?$AAy?$AAr?$AA?9?$AAs?$AAy@ 10005328     libucrt:lcidtoname_downlevel.obj
 0001:00004338       ??_C@_1M@LDCEFHA@?$AAt?$AAa?$AA?9?$AAi?$AAn@ 10005338     libucrt:lcidtoname_downlevel.obj
 0001:00004344       ??_C@_1M@CNJOFAK@?$AAt?$AAe?$AA?9?$AAi?$AAn@ 10005344     libucrt:lcidtoname_downlevel.obj
 0001:00004350       ??_C@_1M@GNAECACD@?$AAt?$AAh?$AA?9?$AAt?$AAh@ 10005350     libucrt:lcidtoname_downlevel.obj
 0001:0000435c       ??_C@_1M@CHBIHOJO@?$AAt?$AAn?$AA?9?$AAz?$AAa@ 1000535c     libucrt:lcidtoname_downlevel.obj
 0001:00004368       ??_C@_1M@GCCMIGPJ@?$AAt?$AAr?$AA?9?$AAt?$AAr@ 10005368     libucrt:lcidtoname_downlevel.obj
 0001:00004374       ??_C@_1M@CELMCNBK@?$AAt?$AAt?$AA?9?$AAr?$AAu@ 10005374     libucrt:lcidtoname_downlevel.obj
 0001:00004380       ??_C@_1M@KLMCELGA@?$AAu?$AAk?$AA?9?$AAu?$AAa@ 10005380     libucrt:lcidtoname_downlevel.obj
 0001:0000438c       ??_C@_1M@EPAJJAJF@?$AAu?$AAr?$AA?9?$AAp?$AAk@ 1000538c     libucrt:lcidtoname_downlevel.obj
 0001:00004398       ??_C@_1BG@GEGPMCDJ@?$AAu?$AAz?$AA?9?$AAu?$AAz?$AA?9?$AAc?$AAy?$AAr?$AAl@ 10005398     libucrt:lcidtoname_downlevel.obj
 0001:000043b0       ??_C@_1BG@EGGKJILM@?$AAu?$AAz?$AA?9?$AAu?$AAz?$AA?9?$AAl?$AAa?$AAt?$AAn@ 100053b0     libucrt:lcidtoname_downlevel.obj
 0001:000043c8       ??_C@_1M@GFOCLFF@?$AAv?$AAi?$AA?9?$AAv?$AAn@ 100053c8     libucrt:lcidtoname_downlevel.obj
 0001:000043d4       ??_C@_1M@CPAMEDFI@?$AAx?$AAh?$AA?9?$AAz?$AAa@ 100053d4     libucrt:lcidtoname_downlevel.obj
 0001:000043e0       ??_C@_1O@EBKIFIGN@?$AAz?$AAh?$AA?9?$AAc?$AAh?$AAs@ 100053e0     libucrt:lcidtoname_downlevel.obj
 0001:000043f0       ??_C@_1O@NMHPGANE@?$AAz?$AAh?$AA?9?$AAc?$AAh?$AAt@ 100053f0     libucrt:lcidtoname_downlevel.obj
 0001:00004400       ??_C@_1M@LPINJOMC@?$AAz?$AAh?$AA?9?$AAc?$AAn@ 10005400     libucrt:lcidtoname_downlevel.obj
 0001:0000440c       ??_C@_1M@OCJEJODD@?$AAz?$AAh?$AA?9?$AAh?$AAk@ 1000540c     libucrt:lcidtoname_downlevel.obj
 0001:00004418       ??_C@_1M@DNDLJINH@?$AAz?$AAh?$AA?9?$AAm?$AAo@ 10005418     libucrt:lcidtoname_downlevel.obj
 0001:00004424       ??_C@_1M@MBFDNDND@?$AAz?$AAh?$AA?9?$AAs?$AAg@ 10005424     libucrt:lcidtoname_downlevel.obj
 0001:00004430       ??_C@_1M@IMEPLEPE@?$AAz?$AAh?$AA?9?$AAt?$AAw@ 10005430     libucrt:lcidtoname_downlevel.obj
 0001:0000443c       ??_C@_1M@BBGHNHJP@?$AAz?$AAu?$AA?9?$AAz?$AAa@ 1000543c     libucrt:lcidtoname_downlevel.obj
 0001:000044a8       ??_C@_1BA@BALFACEM@?$AAC?$AAO?$AAN?$AAO?$AAU?$AAT?$AA$@ 100054a8     libucrt:initcon.obj
 0001:000045c0       __infinity                 100055c0     libucrt:87tran.obj
 0001:000045ca       __minfinity                100055ca     libucrt:87tran.obj
 0001:000045d4       __logemax                  100055d4     libucrt:87tran.obj
 0001:000045fa       __OP_EXPjmptab             100055fa     libucrt:87tran.obj
 0001:00004620       __indefinite               10005620     libucrt:87disp.obj
 0001:0000462a       __piby2                    1000562a     libucrt:87disp.obj
 0001:00004634       __piby4                    10005634     libucrt:87disp.obj
[...]
 0001:000136c9       ?write_double_translated_unicode_nolock@@YA?AUwrite_result@?A0x17268360@@QBDI@Z 100146c9 f   libucrt:write.obj
 0001:00013731       ?write_requires_double_translation_nolock@@YA_NH@Z 10014731 f   libucrt:write.obj
 0001:000137a2       ?write_text_ansi_nolock@@YA?AUwrite_result@?A0x17268360@@HQBDI@Z 100147a2 f   libucrt:write.obj
 0001:0001387d       ?write_text_utf16le_nolock@@YA?AUwrite_result@?A0x17268360@@HQBDI@Z 1001487d f   libucrt:write.obj
 0001:00013966       ?write_text_utf8_nolock@@YA?AUwrite_result@?A0x17268360@@HQBDI@Z 10014966 f   libucrt:write.obj
 0001:00013ee7       ??R<lambda_3d301b9e52f5099be73030e1f0bf487e>@@QBEIPBD@Z 10014ee7 f   libucrt:mbrtowc.obj
 0001:000141d4       ?free_crt_array_internal@@YAXQAPBXI@Z 100151d4 f   libucrt:inittime.obj
 0001:00014361       ??$common_lseek_nolock@_J@@YA_JH_JH@Z 10015361 f   libucrt:lseek.obj
 0001:000146d0       $$000000                   100156d0     libucrt:log10_impl.obj
 0001:000147e0       $$000000                   100157e0     libucrt:ceil_pentium4.obj
 0001:00014900       $$000000                   10015900     libucrt:_strnicm.obj
 0001:00014961       ?__dcrt_lowio_initialize_console_output@@YAXXZ 10015961 f   libucrt:initcon.obj
 0001:00014a0b       ??$?RV<lambda_218ce3db14220d0be481dae8ef3383b6>@@AAV<lambda_628dfdc04ba53c8bfc02c9951375f3f5>@@V<lambda_57dc472bd5c9d5f3b2cbca59b8a843ae>@@@?$__crt_seh_guarded_call@H@@QAEH$$QAV<lambda_218ce3db14220d0be481dae8ef3383b6>@@AAV<lambda_628dfdc04ba53c8bfc02c9951375f3f5>@@$$QAV<lambda_57dc472bd5c9d5f3b2cbca59b8a843ae>@@@Z 10015a0b f   libucrt:close.obj
 0001:00014c10       $$000000                   10015c10     libucrt:log10_pentium4.obj
 0001:00014ea0       $$000000                   10015ea0     libucrt:87tran.obj
 0001:000150b0       $$000000                   100160b0     libucrt:87disp.obj
 0001:00015310       $$000000                   10016310     libucrt:common.obj
 0001:000154a0       $$000000                   100164a0     libucrt:genexcep.obj
 0001:000163d0       $$000000                   100173d0     LIBCMT:alloca16.obj
 0001:00016550       $$000000                   10017550     LIBCMT:ulldvrm.obj
 0001:000165f0       $$000000                   100175f0     LIBCMT:llmul.obj
 0001:00016630       $$000000                   10017630     LIBCMT:lldvrm.obj
 0001:00016710       $$000000                   10017710     LIBCMT:ullshr.obj
 0001:00016730       $$000000                   10017730     LIBCMT:llshl.obj
 0001:00016750       $$000000                   10017750     LIBCMT:ftol2.obj
 0001:000169f0       $$000000                   100179f0     libvcruntime:strchr.obj
 0001:00016b20       $$000000                   10017b20     libvcruntime:strrchr.obj
 0001:00016cd0       ??__FDeleter@?1??InitializeSListHead@implementation@slist@@YGXPAT_SLIST_HEADER@@@Z@YAXXZ 10017cd0 f   vc_crt_fix_impl.obj
 0001:00016d10       __sehtable$?GetAdditionalString@CPlugin@@IAE_NPAUIContextMenu@@IW4EAdditionalStr@1@PAVauto_sz@@@Z 10017d10     Plugin.obj
 0001:00016d20       __sehtable$___scrt_is_nonwritable_in_current_image 10017d20     LIBCMT:utility.obj
 0001:00016d40       __sehtable$?dllmain_crt_process_attach@@YAHQAUHINSTANCE__@@QAX@Z 10017d40     LIBCMT:dll_dllmain.obj
 0001:00016d60       __sehtable$?dllmain_crt_process_detach@@YAH_N@Z 10017d60     LIBCMT:dll_dllmain.obj
 0001:00016d88       __sehtable$?dllmain_dispatch@@YAHQAUHINSTANCE__@@KQAX@Z 10017d88     LIBCMT:dll_dllmain.obj
 0001:00016e68       __sehtable$___DestructExceptionObject 10017e68     libvcruntime:ehhelpers.obj
 0001:00016e88       __sehtable$__ValidateEH3RN 10017e88     libvcruntime:eh3valid.obj
 0001:00016ea8       __sehtable$__query_new_handler 10017ea8     libucrt:new_handler.obj
 0001:00016ec8       __sehtable$??R<lambda_6e4b09c48022b2350581041d5f6b0c4c>@@QBE@XZ 10017ec8     libucrt:exit.obj
 0001:00016ee8       __sehtable$??$?RV<lambda_03b1d95aef87969028cfba75ccab2455>@@AAV<lambda_6e4b09c48022b2350581041d5f6b0c4c>@@V<lambda_22bdf7517842c4b3e53723af5aa32b9e>@@@?$__crt_seh_guarded_call@X@@QAEX$$QAV<lambda_03b1d95aef87969028cfba75ccab2455>@@AAV<lambda_6e4b09c48022b2350581041d5f6b0c4c>@@$$QAV<lambda_22bdf7517842c4b3e53723af5aa32b9e>@@@Z 10017ee8     libucrt:exit.obj
 0001:00016f08       __sehtable$??$?RV<lambda_8e746cf0007f6ed984d6f78af1fec997>@@AAV<lambda_22ebabd17bc4fa466a2aca6d8deb888d>@@V<lambda_18ed0c0b38a6dc0daf1e7ac6d6adf05e>@@@?$__crt_seh_guarded_call@H@@QAEH$$QAV<lambda_8e746cf0007f6ed984d6f78af1fec997>@@AAV<lambda_22ebabd17bc4fa466a2aca6d8deb888d>@@$$QAV<lambda_18ed0c0b38a6dc0daf1e7ac6d6adf05e>@@@Z 10017f08     libucrt:onexit.obj
 0001:00016f28       __sehtable$??$?RV<lambda_69a2805e680e0e292e8ba93315fe43a8>@@AAV<lambda_f03950bc5685219e0bcd2087efbe011e>@@V<lambda_03fcd07e894ec930e3f35da366ca99d6>@@@?$__crt_seh_guarded_call@H@@QAEH$$QAV<lambda_69a2805e680e0e292e8ba93315fe43a8>@@AAV<lambda_f03950bc5685219e0bcd2087efbe011e>@@$$QAV<lambda_03fcd07e894ec930e3f35da366ca99d6>@@@Z 10017f28     libucrt:onexit.obj
 0001:00016f48       __sehtable$_terminate      10017f48     libucrt:terminate.obj
 0001:00016f68       __sehtable$??$?RV<lambda_15ade71b0218206bbe3333a0c9b79046>@@AAV<lambda_da44e0f8b0f19ba52fefafb335991732>@@V<lambda_207f2d024fc103971653565357d6cd41>@@@?$__crt_seh_guarded_call@X@@QAEX$$QAV<lambda_15ade71b0218206bbe3333a0c9b79046>@@AAV<lambda_da44e0f8b0f19ba52fefafb335991732>@@$$QAV<lambda_207f2d024fc103971653565357d6cd41>@@@Z 10017f68     libucrt:per_thread_data.obj
 0001:00016f88       __sehtable$??$?RV<lambda_a7e850c220f1c8d1e6efeecdedd162c6>@@AAV<lambda_46720907175c18b6c9d2717bc0d2d362>@@V<lambda_9048902d66e8d99359bc9897bbb930a8>@@@?$__crt_seh_guarded_call@X@@QAEX$$QAV<lambda_a7e850c220f1c8d1e6efeecdedd162c6>@@AAV<lambda_46720907175c18b6c9d2717bc0d2d362>@@$$QAV<lambda_9048902d66e8d99359bc9897bbb930a8>@@@Z 10017f88     libucrt:per_thread_data.obj
 0001:00016fa8       __sehtable$??$?RV<lambda_38edbb1296d33220d7e4dd0ed76b244a>@@AAV<lambda_5ce1d447e08cb34b2473517608e21441>@@V<lambda_fb385d3da700c9147fc39e65dd577a8c>@@@?$__crt_seh_guarded_call@X@@QAEX$$QAV<lambda_38edbb1296d33220d7e4dd0ed76b244a>@@AAV<lambda_5ce1d447e08cb34b2473517608e21441>@@$$QAV<lambda_fb385d3da700c9147fc39e65dd577a8c>@@@Z 10017fa8     libucrt:per_thread_data.obj
 0001:00016fc8       __sehtable$??$?RV<lambda_6affb1475c98b40b75cdec977db92e3c>@@AAV<lambda_b8d4b9c228a6ecc3f80208dbb4b4a104>@@V<lambda_608742c3c92a14382c1684fc64f96c88>@@@?$__crt_seh_guarded_call@X@@QAEX$$QAV<lambda_6affb1475c98b40b75cdec977db92e3c>@@AAV<lambda_b8d4b9c228a6ecc3f80208dbb4b4a104>@@$$QAV<lambda_608742c3c92a14382c1684fc64f96c88>@@@Z 10017fc8     libucrt:per_thread_data.obj
 0001:00016fe8       __sehtable$?update_thread_multibyte_data_internal@@YAPAU__crt_multibyte_data@@QAU__acrt_ptd@@QAPAU1@@Z 10017fe8     libucrt:mbctype.obj
 0001:00017008       __sehtable$??$?RV<lambda_ceb1ee4838e85a9d631eb091e2fbe199>@@AAV<lambda_ae742caa10f662c28703da3d2ea5e57e>@@V<lambda_cd08b5d6af4937fe54fc07d0c9bf6b37>@@@?$__crt_seh_guarded_call@X@@QAEX$$QAV<lambda_ceb1ee4838e85a9d631eb091e2fbe199>@@AAV<lambda_ae742caa10f662c28703da3d2ea5e57e>@@$$QAV<lambda_cd08b5d6af4937fe54fc07d0c9bf6b37>@@@Z 10018008     libucrt:mbctype.obj
 0001:00017028       __sehtable$___acrt_initialize_lowio 10018028     libucrt:ioinit.obj
 0001:00017048       __sehtable$_raise          10018048     libucrt:signal.obj
 0001:00017068       __sehtable$??$?RV<lambda_cbab9ec6f41b0180b23cc171c22676b0>@@AAV<lambda_44731a7d0e6d81c3e6aa82d741081786>@@V<lambda_4b292cb8dd18144e164572427af410ab>@@@?$__crt_seh_guarded_call@P6AXH@Z@@QAEP6AXH@Z$$QAV<lambda_cbab9ec6f41b0180b23cc171c22676b0>@@AAV<lambda_44731a7d0e6d81c3e6aa82d741081786>@@$$QAV<lambda_4b292cb8dd18144e164572427af410ab>@@@Z 10018068     libucrt:signal.obj
 0001:00017088       __sehtable$??$?RV<lambda_2866be3712abc81a800a822484c830d8>@@AAV<lambda_39ca0ed439415581b5b15c265174cece>@@V<lambda_2b24c74d71094a6cd0cb82e44167d71b>@@@?$__crt_seh_guarded_call@X@@QAEX$$QAV<lambda_2866be3712abc81a800a822484c830d8>@@AAV<lambda_39ca0ed439415581b5b15c265174cece>@@$$QAV<lambda_2b24c74d71094a6cd0cb82e44167d71b>@@@Z 10018088     libucrt:fflush.obj
 0001:000170a8       __sehtable$??$?RV<lambda_2cc53f568c5a2bb6f192f930a45d44ea>@@AAV<lambda_ab61a845afdef5b7c387490eaf3616ee>@@V<lambda_c2ffc0b7726aa6be21d5f0026187e748>@@@?$__crt_seh_guarded_call@X@@QAEX$$QAV<lambda_2cc53f568c5a2bb6f192f930a45d44ea>@@AAV<lambda_ab61a845afdef5b7c387490eaf3616ee>@@$$QAV<lambda_c2ffc0b7726aa6be21d5f0026187e748>@@@Z 100180a8     libucrt:fflush.obj
 0001:000170c8       __sehtable$??$?RV<lambda_e5124f882df8998aaf41531e079ba474>@@AAV<lambda_3e16ef9562a7dcce91392c22ab16ea36>@@V<lambda_e25ca0880e6ef98be67edffd8c599615>@@@?$__crt_seh_guarded_call@X@@QAEX$$QAV<lambda_e5124f882df8998aaf41531e079ba474>@@AAV<lambda_3e16ef9562a7dcce91392c22ab16ea36>@@$$QAV<lambda_e25ca0880e6ef98be67edffd8c599615>@@@Z 100180c8     libucrt:wsetlocale.obj
 0001:000170e8       __sehtable$___acrt_update_thread_locale_data 100180e8     libucrt:locale_refcounting.obj
 0001:00017108       __sehtable$___acrt_lowio_ensure_fh_exists 10018108     libucrt:osfinfo.obj
 0001:00017128       __sehtable$??$?RV<lambda_9e9de3de5fa147e2223d7db92bc10aa6>@@AAV<lambda_38ce7e780aa69e748d6df282ebc68efe>@@V<lambda_8ca6da459f0f6780f1cff60fdc3d00e5>@@@?$__crt_seh_guarded_call@H@@QAEH$$QAV<lambda_9e9de3de5fa147e2223d7db92bc10aa6>@@AAV<lambda_38ce7e780aa69e748d6df282ebc68efe>@@$$QAV<lambda_8ca6da459f0f6780f1cff60fdc3d00e5>@@@Z 10018128     libucrt:commit.obj
 0001:00017148       __sehtable$__write         10018148     libucrt:write.obj
 0001:00017168       __sehtable$__fcloseall     10018168     libucrt:closeall.obj
 0001:00017188       __sehtable$_fclose         10018188     libucrt:fclose.obj
 0001:000171a8       __sehtable$??$?RV<lambda_218ce3db14220d0be481dae8ef3383b6>@@AAV<lambda_628dfdc04ba53c8bfc02c9951375f3f5>@@V<lambda_57dc472bd5c9d5f3b2cbca59b8a843ae>@@@?$__crt_seh_guarded_call@H@@QAEH$$QAV<lambda_218ce3db14220d0be481dae8ef3383b6>@@AAV<lambda_628dfdc04ba53c8bfc02c9951375f3f5>@@$$QAV<lambda_57dc472bd5c9d5f3b2cbca59b8a843ae>@@@Z 100181a8     libucrt:close.obj
 0001:000171c8       __sehtable$__IsNonwritableInCurrentImage 100181c8     LIBCMT:pesect.obj
 0001:000171f0       .edata                     100181f0     EMenu.exp
 0001:00017218       rgpv                       10018218     EMenu.exp
 0001:00017230       rgszName                   10018230     EMenu.exp
 0001:00017248       rgwOrd                     10018248     EMenu.exp
 0001:00017254       szName                     10018254     EMenu.exp
 0001:0001725e       $N00001                    1001825e     EMenu.exp
 0001:00017269       $N00002                    10018269     EMenu.exp
 0001:00017272       $N00003                    10018272     EMenu.exp
 0001:00017281       $N00004                    10018281     EMenu.exp
 0001:00017290       $N00005                    10018290     EMenu.exp
 0001:00017296       $N00006                    10018296     EMenu.exp
 0002:00000060       ?__vcrt_flsindex@@3KA      10019060     libvcruntime:per_thread_data.obj
 0002:00000080       ?__acrt_flsindex@@3KA      10019080     libucrt:per_thread_data.obj
 0002:00000084       ?errno_no_memory@@3HA      10019084     libucrt:errno.obj
 0002:00000088       ?doserrno_no_memory@@3KA   10019088     libucrt:errno.obj
 0002:000002b0       __mbctypes                 100192b0     libucrt:mbctype.obj
 0002:000003b8       __mbcasemaps               100193b8     libucrt:mbctype.obj
 0002:000004b8       ?__rgctypeflag@@3PADA      100194b8     libucrt:mbctype.obj
 0002:000004c0       ?__rgcode_page_info@@3PAUcode_page_info@@A 100194c0     libucrt:mbctype.obj
 0002:00000880       ?__dcrt_lowio_console_output_handle@@3PAXA 10019880     libucrt:initcon.obj
 0002:00000978       ?PluginMenuStrings@?1??GetPluginInfo@CPlugin@@QAEXPAUPluginInfo@@@Z@4PAPB_WA 10019978     Plugin.obj
 0002:0000097c       ?pThis@?1??CfgDlgProcStatic@CPlugin@@KGHPAXHH0@Z@4PAV2@A 1001997c     Plugin.obj
 0002:00000980       ?szFNameTmp@?BH@??GetFilesFromPanel@CPlugin@@IAE_NPAPAPB_WPAI1PAVauto_sz@@@Z@4PA_WA 10019980     Plugin.obj
 0002:00001184       ?Cookie@?1??XorPointer@@YAPAXPAX@Z@4IB 1001a184     vc_crt_fix_impl.obj
 0002:00001188       ?$S1@?1??XorPointer@@YAPAXPAX@Z@4IA 1001a188     vc_crt_fix_impl.obj
 0002:0000118c       ?Function@?1??EncodePointerWrapper@@9@4@4Q6GPAXPAX@ZA 1001a18c     vc_crt_fix_impl.obj
 0002:00001190       ?$S2@?1??EncodePointerWrapper@@9@4@4IA 1001a190     vc_crt_fix_impl.obj
 0002:00001194       ?Function@?1??DecodePointerWrapper@@9@4@4Q6GPAXPAX@ZA 1001a194     vc_crt_fix_impl.obj
 0002:00001198       ?$S3@?1??DecodePointerWrapper@@9@4@4IA 1001a198     vc_crt_fix_impl.obj
 0002:0000119c       ?Function@?1??GetModuleHandleExWWrapper@@9@12@4Q6GHKPB_WPAPAUHINSTANCE__@@@ZA 1001a19c     vc_crt_fix_impl.obj
 0002:000011a0       ?$S4@?1??GetModuleHandleExWWrapper@@9@12@4IA 1001a1a0     vc_crt_fix_impl.obj
 0002:000011a4       ?Deleter@?1??InitializeSListHead@implementation@slist@@YGXPAT_SLIST_HEADER@@@Z@4Vservice_deleter@23@A 1001a1a4     vc_crt_fix_impl.obj
 0002:000011c4       ?$S5@?1??InitializeSListHead@implementation@slist@@YGXPAT_SLIST_HEADER@@@Z@4IA 1001a1c4     vc_crt_fix_impl.obj
 0002:000011c8       ?Function@?1??InitializeSListHeadWrapper@@9@4@4Q6GXPAT_SLIST_HEADER@@@ZA 1001a1c8     vc_crt_fix_impl.obj
 0002:000011cc       ?$S6@?1??InitializeSListHeadWrapper@@9@4@4IA 1001a1cc     vc_crt_fix_impl.obj
 0002:000011d0       ?Function@?1??InterlockedFlushSListWrapper@@9@4@4Q6GPAU_SINGLE_LIST_ENTRY@@PAT_SLIST_HEADER@@@ZA 1001a1d0     vc_crt_fix_impl.obj
 0002:000011d4       ?$S7@?1??InterlockedFlushSListWrapper@@9@4@4IA 1001a1d4     vc_crt_fix_impl.obj
 0002:000011d8       ?Function@?1??InterlockedPopEntrySListWrapper@@9@4@4Q6GPAU_SINGLE_LIST_ENTRY@@PAT_SLIST_HEADER@@@ZA 1001a1d8     vc_crt_fix_impl.obj
 0002:000011dc       ?$S8@?1??InterlockedPopEntrySListWrapper@@9@4@4IA 1001a1dc     vc_crt_fix_impl.obj
 0002:000011e0       ?Function@?1??InterlockedPushEntrySListWrapper@@9@8@4Q6GPAU_SINGLE_LIST_ENTRY@@PAT_SLIST_HEADER@@PAU2@@ZA 1001a1e0     vc_crt_fix_impl.obj
 0002:000011e4       ?$S9@?1??InterlockedPushEntrySListWrapper@@9@8@4IA 1001a1e4     vc_crt_fix_impl.obj
 0002:000011e8       ?Function@?1??InterlockedPushListSListExWrapper@@9@16@4Q6GPAU_SINGLE_LIST_ENTRY@@PAT_SLIST_HEADER@@PAU2@1K@ZA 1001a1e8     vc_crt_fix_impl.obj
 0002:000011ec       ?$S10@?1??InterlockedPushListSListExWrapper@@9@16@4IA 1001a1ec     vc_crt_fix_impl.obj
 0002:000011f0       ?Function@?1??RtlFirstEntrySListWrapper@@9@4@4Q6GPAU_SINGLE_LIST_ENTRY@@PAT_SLIST_HEADER@@@ZA 1001a1f0     vc_crt_fix_impl.obj
 0002:000011f4       ?$S11@?1??RtlFirstEntrySListWrapper@@9@4@4IA 1001a1f4     vc_crt_fix_impl.obj
 0002:000011f8       ?Function@?1??QueryDepthSListWrapper@@9@4@4Q6GGPAT_SLIST_HEADER@@@ZA 1001a1f8     vc_crt_fix_impl.obj
 0002:000011fc       ?$S12@?1??QueryDepthSListWrapper@@9@4@4IA 1001a1fc     vc_crt_fix_impl.obj
 0002:00001200       ?Function@?1??GetNumaHighestNodeNumberWrapper@@9@4@4Q6GHPAK@ZA 1001a200     vc_crt_fix_impl.obj
 0002:00001204       ?$S13@?1??GetNumaHighestNodeNumberWrapper@@9@4@4IA 1001a204     vc_crt_fix_impl.obj
 0002:00001208       ?Function@?1??GetLogicalProcessorInformationWrapper@@9@8@4Q6GHPAU_SYSTEM_LOGICAL_PROCESSOR_INFORMATION@@PAK@ZA 1001a208     vc_crt_fix_impl.obj
 0002:0000120c       ?$S14@?1??GetLogicalProcessorInformationWrapper@@9@8@4IA 1001a20c     vc_crt_fix_impl.obj
 0002:00001210       ?Function@?1??SetThreadStackGuaranteeWrapper@@9@4@4Q6GHPAK@ZA 1001a210     vc_crt_fix_impl.obj
 0002:00001214       ?$S15@?1??SetThreadStackGuaranteeWrapper@@9@4@4IA 1001a214     vc_crt_fix_impl.obj
 0002:00001220       ?is_initialized_as_dll@@3_NA 1001a220     LIBCMT:utility.obj
 0002:00001221       ?module_local_atexit_table_initialized@@3_NA 1001a221     LIBCMT:utility.obj
 0002:00001224       ?module_local_atexit_table@@3U_onexit_table_t@@A 1001a224     LIBCMT:utility.obj
 0002:00001230       ?module_local_at_quick_exit_table@@3U_onexit_table_t@@A 1001a230     LIBCMT:utility.obj
 0002:0000123c       ?__proc_attached@@3HA      1001a23c     LIBCMT:dll_dllmain.obj
 0002:00001268       _GS_ExceptionRecord        1001a268     LIBCMT:gs_report.obj
 0002:000012b8       _GS_ContextRecord          1001a2b8     LIBCMT:gs_report.obj
 0002:00001590       _rgValidPages              1001a590     libvcruntime:eh3valid.obj
 0002:00001610       _nValidPages               1001a610     libvcruntime:eh3valid.obj
 0002:00001614       _lModifying                1001a614     libvcruntime:eh3valid.obj
 0002:00001618       ?__vcrt_startup_thread_ptd@@3U__vcrt_ptd@@A 1001a618     libvcruntime:per_thread_data.obj
 0002:00001640       ___vcrt_lock_table         1001a640     libvcruntime:locks.obj
 0002:00001658       ___vcrt_locks_initialized  1001a658     libvcruntime:locks.obj
 0002:00001684       ?heap@@3V_HeapManager@@A   1001a684     libvcruntime:undname.obj
 0002:00001698       ?module_handles@@3PAPAUHINSTANCE__@@A 1001a698     libvcruntime:winapi_downlevel.obj
 0002:000016a4       ?function_pointers@@3PAPAXA 1001a6a4     libvcruntime:winapi_downlevel.obj
 0002:000016b8       ?__acrt_new_handler@@3V?$dual_state_global@P6AHI@Z@__crt_state_management@@A 1001a6b8     libucrt:new_handler.obj
 0002:000016bc       ?c_termination_complete@@3JA 1001a6bc     libucrt:exit.obj
 0002:000016c0       ?thread_local_exit_callback_func@@3P6GXPAXK0@ZA 1001a6c0     libucrt:exit.obj
 0002:000016c8       ?program_name@?1???$common_configure_argv@D@@YAHW4_crt_argv_mode@@@Z@4PADA 1001a6c8     libucrt:argv_parsing.obj
 0002:000017f8       ?__acrt_lock_table@@3PAU_RTL_CRITICAL_SECTION@@A 1001a7f8     libucrt:locks.obj
 0002:00001948       ?__acrt_locks_initialized@@3IA 1001a948     libucrt:locks.obj
 0002:0000194c       ?__acrt_invalid_parameter_handler@@3V?$dual_state_global@P6AXPB_W00II@Z@__crt_state_management@@A 1001a94c     libucrt:invalid_parameter.obj
 0002:0000195c       ?fSystemSet@@3HA           1001a95c     libucrt:mbctype.obj
 0002:00001960       ?initialized@?1??__acrt_initialize_multibyte@@9@4_NA 1001a960     libucrt:mbctype.obj
 0002:00001980       ?module_handles@@3PAPAUHINSTANCE__@@A 1001a980     libucrt:winapi_thunks.obj
 0002:000019d0       ?encoded_function_pointers@@3PAPAXA 1001a9d0     libucrt:winapi_thunks.obj
 0002:00001c64       ?ctrlc_action@@3V?$dual_state_global@P6AXH@Z@__crt_state_management@@A 1001ac64     libucrt:signal.obj
 0002:00001c68       ?ctrlbreak_action@@3V?$dual_state_global@P6AXH@Z@__crt_state_management@@A 1001ac68     libucrt:signal.obj
 0002:00001c6c       ?abort_action@@3V?$dual_state_global@P6AXH@Z@__crt_state_management@@A 1001ac6c     libucrt:signal.obj
 0002:00001c70       ?term_action@@3V?$dual_state_global@P6AXH@Z@__crt_state_management@@A 1001ac70     libucrt:signal.obj
 0002:00001c74       ?user_matherr@@3V?$dual_state_global@P6AHPAU_exception@@@Z@__crt_state_management@@A 1001ac74     libucrt:matherr.obj
 0002:00001c8c       ?internal_state@?1??_mbtowc_l@@9@4U_Mbstatet@@A 1001ac8c     libucrt:mbtowc.obj
 0002:00001c98       ?__acrt_global_new_mode@@3V?$dual_state_global@J@__crt_state_management@@A 1001ac98     libucrt:new_mode.obj
 0002:00001ca4       ?__acrt_app_type@@3W4_crt_app_type@@A 1001aca4     libucrt:report_runtime_error.obj
 0002:00001ca8       ?internal_pst@?1??__mbrtoc32_utf8@__crt_mbstring@@YAIPA_UPBDIPAU_Mbstatet@@@Z@4U3@A 1001aca8     libucrt:mbrtoc32.obj
 0002:00001cb4       __pmatherr_set             1001acb4     libucrt:libm_error.obj
 0003:00000668       .idata$6                   1001b668     kernel32:KERNEL32.dll
 0003:000007e8       .idata$6                   1001b7e8     user32:USER32.dll
 0003:00000828       .idata$6                   1001b828     shell32:SHELL32.dll
 0003:00000868       .idata$6                   1001b868     ole32:ole32.dll
 0004:000000a0       $R000000                   1001c0a0     EMenu.res
 0004:00000408       $R000368                   1001c408     EMenu.res
