 ProcList

 Timestamp is 5f5c3d78 (Sat Sep 12 04:16:08 2020)

 Preferred load address is 10000000

 Start         Length     Name                   Class
 0001:00000000 00000004H .CRT$XCA                CODE
 0001:00000004 0000000cH .CRT$XCC                CODE
 0001:00000010 00000008H .CRT$XCL                CODE
 0001:00000018 0000000cH .CRT$XCU                CODE
 0001:00000024 00000004H .CRT$XCZ                CODE
 0001:00000028 00000004H .CRT$XIA                CODE
 0001:0000002c 00000018H .CRT$XIC                CODE
 0001:00000044 00000004H .CRT$XIZ                CODE
 0001:00000048 00000004H .CRT$XPA                CODE
 0001:0000004c 00000008H .CRT$XPX                CODE
 0001:00000054 00000004H .CRT$XPXA               CODE
 0001:00000058 00000004H .CRT$XPZ                CODE
 0001:0000005c 00000004H .CRT$XTA                CODE
 0001:00000060 00000010H .CRT$XTZ                CODE
 0001:00000064 00000000H .gfids$y                CODE
 0001:00000070 0000da64H .rdata                  CODE
 0001:0000dad4 0000047cH .rdata$r                CODE
 0001:0000df50 00000130H .rdata$sxdata           CODE
 0001:0000e080 000002fcH .rdata$zzzdbg           CODE
 0001:0000e37c 00000004H .rtc$IAA                CODE
 0001:0000e380 00000004H .rtc$IZZ                CODE
 0001:0000e384 00000004H .rtc$TAA                CODE
 0001:0000e388 00000008H .rtc$TZZ                CODE
 0001:0000e390 00000080H .text$di                CODE
 0001:0000e410 00037a90H .text$mn                CODE
 0001:00045ea0 00001060H .text$x                 CODE
 0001:00046f00 00000170H .text$yd                CODE
 0001:00047070 00001bc0H .xdata$x                CODE
 0001:00048c30 00000192H .edata                  CODE
 0002:00000000 000009e0H .data                   DATA
 0002:000009e0 00000320H .data$r                 DATA
 0002:00000d00 00001be4H .bss                    DATA
 0003:00000000 00000240H .idata$5                DATA
 0003:00000240 00000004H .00cfg                  DATA
 0003:00000244 000000a0H .idata$2                DATA
 0003:000002e4 00000014H .idata$3                DATA
 0003:000002f8 00000240H .idata$4                DATA
 0003:00000538 00000a0eH .idata$6                DATA
 0004:00000000 00000060H .rsrc$01                DATA
 0004:00000060 00000378H .rsrc$02                DATA

  Address         Publics by Value              Rva+Base       Lib:Object

 0000:00000000       __except_list              00000000     <absolute>
 0000:00000000       ___dynamic_value_reloc_table 00000000     <absolute>
 0000:00000000       ___guard_iat_count         00000000     <absolute>
 0000:00000000       ___guard_fids_count        00000000     <absolute>
 0000:00000000       ___guard_longjmp_table     00000000     <absolute>
 0000:00000000       ___hybrid_code_map_count   00000000     <absolute>
 0000:00000000       ___hybrid_auxiliary_iat    00000000     <absolute>
 0000:00000000       ___guard_longjmp_count     00000000     <absolute>
 0000:00000000       ___guard_fids_table        00000000     <absolute>
 0000:00000000       ___volatile_metadata       00000000     <absolute>
 0000:00000000       ___guard_iat_table         00000000     <absolute>
 0000:00000000       ___AbsoluteZero            00000000     <absolute>
 0000:00000000       ___enclave_config          00000000     <absolute>
 0000:00000000       ___hybrid_code_map         00000000     <absolute>
 0000:0000004c       ___safe_se_handler_count   0000004c     <absolute>
 0000:00000100       ___guard_flags             00000100     <absolute>
 0000:00000000       ___ImageBase               10000000     <linker-defined>
 0001:00000000       ___xc_a                    10001000     LIBCMT:initializers.obj
 0001:00000024       ___xc_z                    10001024     LIBCMT:initializers.obj
 0001:00000028       ___xi_a                    10001028     LIBCMT:initializers.obj
 0001:00000034       ___acrt_stdio_initializer  10001034     libucrt:stdio_initializer.obj
 0001:00000038       ___acrt_tran_sse2_initializer 10001038     libucrt:sse2_initializer.obj
 0001:0000003c       ___acrt_timeset_initializer 1000103c     libucrt:timeset_initializer.obj
 0001:00000040       ___acrt_multibyte_initializer 10001040     libucrt:multibyte_initializer.obj
 0001:00000044       ___xi_z                    10001044     LIBCMT:initializers.obj
 0001:00000048       ___xp_a                    10001048     LIBCMT:initializers.obj
 0001:0000004c       ___acrt_locale_terminator  1000104c     libucrt:locale_initializer.obj
 0001:00000050       ___dcrt_console_output_terminator 10001050     libucrt:console_output_initializer.obj
 0001:00000054       ___acrt_stdio_terminator   10001054     libucrt:stdio_initializer.obj
 0001:00000058       ___xp_z                    10001058     LIBCMT:initializers.obj
 0001:0000005c       ___xt_a                    1000105c     LIBCMT:initializers.obj
 0001:00000060       ___xt_z                    10001060     LIBCMT:initializers.obj
 0001:00000070       ?powers_of_10_64@?$basic_data@X@detail@v6@fmt@@2QB_KB 10001070     format.obj
 0001:00000110       ?zero_or_powers_of_10_32@?$basic_data@X@detail@v6@fmt@@2QBIB 10001110     format.obj
 0001:00000138       ?zero_or_powers_of_10_64@?$basic_data@X@detail@v6@fmt@@2QB_KB 10001138     format.obj
 0001:000001d8       ?pow10_significands@?$basic_data@X@detail@v6@fmt@@2QB_KB 100011d8     format.obj
 0001:00000490       ?pow10_exponents@?$basic_data@X@detail@v6@fmt@@2QBFB 10001490     format.obj
 0001:00000540       ?digits@?$basic_data@X@detail@v6@fmt@@2QAY01$$CBDA 10001540     format.obj
 0001:00000608       ?hex_digits@?$basic_data@X@detail@v6@fmt@@2QBDB 10001608     format.obj
 0001:0000061c       ?signs@?$basic_data@X@detail@v6@fmt@@2QBDB 1000161c     format.obj
 0001:00000620       ?left_padding_shifts@?$basic_data@X@detail@v6@fmt@@2QBDB 10001620     format.obj
 0001:00000628       ?right_padding_shifts@?$basic_data@X@detail@v6@fmt@@2QBDB 10001628     format.obj
 0001:00000630       ??_C@_0BC@EOODALEL@Unknown?5exception@ 10001630     format.obj
 0001:00000644       ??_C@_0BF@KINCDENJ@bad?5array?5new?5length@ 10001644     format.obj
 0001:00000659       ??_C@_00CNPNBAHC@@         10001659     format.obj
 0001:0000065c       ??_C@_0BA@ELKIONDK@bad?5locale?5name@ 1000165c     format.obj
 0001:0000066c       ??_C@_05LAPONLG@false@     1000166c     format.obj
 0001:00000674       ??_C@_04LOAJBDKD@true@     10001674     format.obj
 0001:0000067c       ??_7format_error@v6@fmt@@6B@ 1000167c     format.obj
 0001:00000684       ??_7?$basic_memory_buffer@_W$0BPE@V?$allocator@_W@std@@@v6@fmt@@6B@ 10001684     format.obj
 0001:0000068c       ??_7?$basic_memory_buffer@D$0BPE@V?$allocator@D@std@@@v6@fmt@@6B@ 1000168c     format.obj
 0001:00000694       ??_7?$basic_memory_buffer@I$0CA@V?$allocator@I@std@@@v6@fmt@@6B@ 10001694     format.obj
 0001:0000069c       ??_C@_0BD@DBEDGLNA@argument?5not?5found@ 1000169c     format.obj
 0001:000006b0       ??_C@_0BA@JFNIOLAK@string?5too?5long@ 100016b0     format.obj
 0001:000006c0       ??_C@_0BP@NMGMJOEM@unmatched?5?8?$HN?8?5in?5format?5string@ 100016c0     format.obj
 0001:000006e0       ??_C@_0BG@PEJKJNLA@invalid?5format?5string@ 100016e0     format.obj
 0001:000006f8       ??_C@_0BJ@JNDNOEDN@unknown?5format?5specifier@ 100016f8     format.obj
 0001:00000714       ??_C@_0BN@JNLAGDD@missing?5?8?$HN?8?5in?5format?5string@ 10001714     format.obj
 0001:00000734       ??_C@_0DJ@LMIJFHJI@cannot?5switch?5from?5automatic?5to@ 10001734     format.obj
 0001:00000770       ??_C@_0BL@KNEDAEPA@invalid?5fill?5character?5?8?$HL?8@ 10001770     format.obj
 0001:0000078c       ??_C@_0CL@CFEEEDMP@format?5specifier?5requires?5numer@ 1000178c     format.obj
 0001:000007b8       ??_C@_0BC@MDEIBHGE@number?5is?5too?5big@ 100017b8     format.obj
 0001:000007cc       ??_C@_0BH@CIKPCHEG@invalid?5type?5specifier@ 100017cc     format.obj
 0001:000007e4       ??_C@_0CK@IBNNAPH@format?5specifier?5requires?5signe@ 100017e4     format.obj
 0001:00000810       ??_C@_0N@EFEDKJEI@invalid?5fill@ 10001810     format.obj
 0001:00000820       ??_C@_0DJ@GHJONFIH@cannot?5switch?5from?5manual?5to?5au@ 10001820     format.obj
 0001:0000085c       ??_C@_0CC@ELFJMMCC@invalid?5format?5specifier?5for?5ch@ 1000185c     format.obj
 0001:00000880       ??_C@_0BM@IEKLBNBK@missing?5precision?5specifier@ 10001880     format.obj
 0001:0000089c       ??_C@_0BH@IEEDMHI@string?5pointer?5is?5null@ 1000189c     format.obj
 0001:000008b4       ??_C@_0CN@KMEDLGAJ@precision?5not?5allowed?5for?5this?5@ 100018b4     format.obj
 0001:000008e4       ??_C@_03OEIAHPBN@INF@      100018e4     format.obj
 0001:000008e8       ??_C@_03OJHLLCGB@inf@      100018e8     format.obj
 0001:000008ec       ??_C@_03LKNCIKJB@NAN@      100018ec     format.obj
 0001:000008f0       ??_C@_03LHCJEHON@nan@      100018f0     format.obj
 0001:000008f4       ??_C@_0BB@JGGOGLEG@0123456789ABCDEF@ 100018f4     format.obj
 0001:00000908       ??_C@_0BD@PKKFPMLC@negative?5precision@ 10001908     format.obj
 0001:0000091c       ??_C@_0P@DAPDPGEO@negative?5width@ 1000191c     format.obj
 0001:0000092c       ??_C@_0BJ@KKLAKOOL@precision?5is?5not?5integer@ 1000192c     format.obj
 0001:00000948       ??_C@_0BF@KEAPHPPE@width?5is?5not?5integer@ 10001948     format.obj
 0001:00000974       ??_C@_11LOCGONAA@@         10001974     handles.obj
 0001:00000978       ??_C@_1BA@NMDNJJOO@?$AAP?$AAr?$AAo?$AAc?$AAe?$AAs?$AAs@ 10001978     handles.obj
 0001:00000988       ??_C@_1O@CDOGJPJJ@?$AAT?$AAh?$AAr?$AAe?$AAa?$AAd@ 10001988     handles.obj
 0001:00000998       ??_C@_17KACEIPNC@?$AAK?$AAe?$AAy@ 10001998     handles.obj
 0001:000009a0       ??_C@_19DDLLJDOO@?$AAF?$AAi?$AAl?$AAe@ 100019a0     handles.obj
 0001:000009ac       ??_C@_1O@ECECHNAE@?$AA?$DM?$AAp?$AAi?$AAp?$AAe?$AA?$DO@ 100019ac     handles.obj
 0001:000009bc       ??_C@_1BE@FGECLHKD@?$AA?$HL?$AA0?$AA?$HN?$AA?5?$AA?$CI?$AA?$HL?$AA1?$AA?$HN?$AA?$CJ@ 100019bc     handles.obj
 0001:000009d0       ??_C@_1BC@HBCEGEJN@?$AAT?$AAI?$AAD?$AA?3?$AA?5?$AA?$HL?$AA0?$AA?$HN@ 100019d0     handles.obj
 0001:000009e4       ??_C@_1BE@ELICABCK@?$AA?$DM?$AAu?$AAn?$AAk?$AAn?$AAo?$AAw?$AAn?$AA?$DO@ 100019e4     handles.obj
 0001:000009f8       ??_C@_1BG@OKCBELMP@?$AA?2?$AAR?$AAE?$AAG?$AAI?$AAS?$AAT?$AAR?$AAY?$AA?2@ 100019f8     handles.obj
 0001:00000a10       ??_C@_19KGHAHCFG@?$AAU?$AAS?$AAE?$AAR@ 10001a10     handles.obj
 0001:00000a1c       ??_C@_1DC@OIDKFHBF@?$AAM?$AAA?$AAC?$AAH?$AAI?$AAN?$AAE?$AA?2?$AAS?$AAO?$AAF?$AAT?$AAW?$AAA?$AAR@ 10001a1c     handles.obj
 0001:00000a50       ??_C@_1BA@INBMCOAP@?$AAM?$AAA?$AAC?$AAH?$AAI?$AAN?$AAE@ 10001a50     handles.obj
 0001:00000a60       ??_C@_1BC@DCCOJFBE@?$AA_?$AAC?$AAL?$AAA?$AAS?$AAS?$AAE?$AAS@ 10001a60     handles.obj
 0001:00000a74       ??_C@_13FPGAJAPJ@?$AA?2@   10001a74     handles.obj
 0001:00000a78       ??_C@_19DIHHCHDI@?$AAH?$AAK?$AAU?$AA?2@ 10001a78     handles.obj
 0001:00000a84       ??_C@_19JAPAIJDE@?$AAH?$AAK?$AAC?$AAU@ 10001a84     handles.obj
 0001:00000a90       ??_C@_1BK@OEABCBLA@?$AAH?$AAK?$AAC?$AAU?$AA?2?$AAC?$AAl?$AAa?$AAs?$AAs?$AAe?$AAs@ 10001a90     handles.obj
 0001:00000aac       ??_C@_17PJOJPMPB@?$AAH?$AAK?$AAU@ 10001aac     handles.obj
 0001:00000ab4       ??_C@_19NCHLBIN@?$AAH?$AAK?$AAC?$AAR@ 10001ab4     handles.obj
 0001:00000ac0       ??_C@_19PEALEEJB@?$AAH?$AAK?$AAL?$AAM@ 10001ac0     handles.obj
 0001:00000acc       ??_C@_1DK@KBLGALJE@?$AA?6?$AA?$HL?$AA0?$AA?$HN?$AA?6?$AA?$HL?$AA1?$AA?3?$AA6?$AA?$HN?$AA?5?$AA?$HL?$AA2?$AA?3?$AA8@ 10001acc     handles.obj
 0001:00000b08       ??_C@_1DG@HOLPNCNP@?$AA?$HL?$AA0?$AA?3?$AA6?$AAX?$AA?$HN?$AA?5?$AA?$HL?$AA1?$AA?3?$AA0?$AA8?$AAX?$AA?$HN?$AA?5@ 10001b08     handles.obj
 0001:00000b40       ??_C@_0BN@OFDOGPDL@invalid?5string_view?5position@ 10001b40     handles.obj
 0001:00000b60       ??_7PluginCheckBoxBinding@@6B@ 10001b60     Pcfg.obj
 0001:00000b68       ??_C@_1O@BJPKKLLM@?$AAC?$AAo?$AAn?$AAf?$AAi?$AAg@ 10001b68     Pcfg.obj
 0001:00000b78       ??_C@_1BO@NGDOFANC@?$AAA?$AAd?$AAd?$AAT?$AAo?$AAD?$AAi?$AAs?$AAk?$AAs?$AAM?$AAe?$AAn?$AAu@ 10001b78     Pcfg.obj
 0001:00000b98       ??_C@_1CC@PNNAOHJC@?$AAA?$AAd?$AAd?$AAT?$AAo?$AAP?$AAl?$AAu?$AAg?$AAi?$AAn?$AAs?$AAM?$AAe?$AAn@ 10001b98     Pcfg.obj
 0001:00000bbc       ??_C@_1CE@JIPJNDMD@?$AAE?$AAx?$AAp?$AAo?$AAr?$AAt?$AAE?$AAn?$AAv?$AAi?$AAr?$AAo?$AAn?$AAm?$AAe@ 10001bbc     Pcfg.obj
 0001:00000be0       ??_C@_1CC@OABICAMP@?$AAE?$AAx?$AAp?$AAo?$AAr?$AAt?$AAM?$AAo?$AAd?$AAu?$AAl?$AAe?$AAI?$AAn?$AAf@ 10001be0     Pcfg.obj
 0001:00000c04       ??_C@_1CI@OFLGHPDG@?$AAE?$AAx?$AAp?$AAo?$AAr?$AAt?$AAM?$AAo?$AAd?$AAu?$AAl?$AAe?$AAV?$AAe?$AAr@ 10001c04     Pcfg.obj
 0001:00000c2c       ??_C@_1CE@GNMOKOAL@?$AAE?$AAx?$AAp?$AAo?$AAr?$AAt?$AAP?$AAe?$AAr?$AAf?$AAo?$AAr?$AAm?$AAa?$AAn@ 10001c2c     Pcfg.obj
 0001:00000c50       ??_C@_1BM@KMCHODLM@?$AAE?$AAx?$AAp?$AAo?$AAr?$AAt?$AAH?$AAa?$AAn?$AAd?$AAl?$AAe?$AAs@ 10001c50     Pcfg.obj
 0001:00000c6c       ??_C@_1CK@CLFOOHFA@?$AAE?$AAx?$AAp?$AAo?$AAr?$AAt?$AAH?$AAa?$AAn?$AAd?$AAl?$AAe?$AAs?$AAU?$AAn@ 10001c6c     Pcfg.obj
 0001:00000c98       ??_C@_1BE@PKILIDFH@?$AAE?$AAn?$AAa?$AAb?$AAl?$AAe?$AAW?$AAM?$AAI@ 10001c98     Pcfg.obj
 0001:00000cac       ??_7PluginEditFieldBinding@@6B@ 10001cac     Pclass.obj
 0001:00000cb4       ??_C@_1BK@GMMKGKID@?$AA?$HL?$AA0?$AA?$HN?$AA?4?$AA?$HL?$AA1?$AA?3?$AA0?$AA?$HL?$AA2?$AA?$HN?$AA?$HN@ 10001cb4     Pclass.obj
 0001:00000cd0       ??_C@_1BA@BHJJFMCM@?$AAB?$AAK?$AAM?$AAG?$AAT?$AAP?$AAE@ 10001cd0     Pclass.obj
 0001:00000ce0       ??_C@_1BC@HGOMHBK@?$AA?$HL?$AA0?$AA?3?$AA?$DM?$AA2?$AA1?$AA?$HN?$AA?5@ 10001ce0     Pclass.obj
 0001:00000cf4       ??_C@_1BC@IALIJCAM@?$AAS?$AAo?$AAr?$AAt?$AAM?$AAo?$AAd?$AAe@ 10001cf4     Pclass.obj
 0001:00000d08       ??_C@_1BO@OMKAPLPJ@?$AAS?$AAt?$AAa?$AAr?$AAt?$AAP?$AAa?$AAn?$AAe?$AAl?$AAM?$AAo?$AAd?$AAe@ 10001d08     Pclass.obj
 0001:00000d48       ??_C@_1BA@JOLGFBLP@?$AAM?$AAo?$AAd?$AAe?$AA?$HL?$AA0?$AA?$HN@ 10001d48     Pclass.obj
 0001:00000d58       ??_C@_1CM@KGJLHHPG@?$AAN?$AA?0?$AAX?$AA1?$AA5?$AAF?$AA?0?$AAX?$AA1?$AA6?$AAF?$AA?0?$AAX?$AA1?$AA7@ 10001d58     Pclass.obj
 0001:00000d84       ??_C@_1BG@MNPGDOEP@?$AA1?$AA2?$AA?0?$AA0?$AA?0?$AA0?$AA?0?$AA0?$AA?0?$AA4@ 10001d84     Pclass.obj
 0001:00000d9c       ??_C@_1CG@OHFJBKLN@?$AAN?$AA?0?$AAX?$AAI?$AA?0?$AAX?$AAB?$AA?0?$AAX?$AAP?$AA?0?$AAX?$AA0?$AAS?$AA?0@ 10001d9c     Pclass.obj
 0001:00000dc4       ??_C@_1BI@EFANNANC@?$AA0?$AA?0?$AA6?$AA?0?$AA2?$AA?0?$AA2?$AA?0?$AA3?$AA?0?$AA9@ 10001dc4     Pclass.obj
 0001:00000ddc       ??_C@_17KNGPBKAK@?$AAN?$AA?0?$AAN@ 10001ddc     Pclass.obj
 0001:00000de4       ??_C@_17JPFFEOAH@?$AA0?$AA?0?$AA0@ 10001de4     Pclass.obj
 0001:00000dec       ??_C@_1BO@JAFIOFIL@?$AAN?$AA?0?$AAX?$AAI?$AA?0?$AAX?$AAB?$AA?0?$AAX?$AAC?$AA?0?$AAD?$AA?0?$AAT@ 10001dec     Pclass.obj
 0001:00000e0c       ??_C@_1BI@LFIMKDME@?$AA0?$AA?0?$AA6?$AA?0?$AA2?$AA?0?$AA6?$AA?0?$AA0?$AA?0?$AA0@ 10001e0c     Pclass.obj
 0001:00000e24       ??_C@_1BK@IEHCCPMO@?$AAN?$AA?0?$AAX?$AAI?$AA?0?$AAX?$AA4?$AAF?$AA?0?$AAX?$AA6?$AAF@ 10001e24     Pclass.obj
 0001:00000e40       ??_C@_1BA@MMHHFCDG@?$AA0?$AA?0?$AA6?$AA?0?$AA9?$AA?0?$AA9@ 10001e40     Pclass.obj
 0001:00000e50       ??_C@_1EA@CMHCGANC@?$AAN?$AA?0?$AAX?$AAI?$AA?0?$AAX?$AA4?$AAF?$AA?0?$AAX?$AA6?$AAF?$AA?0?$AAX?$AA1@ 10001e50     Pclass.obj
 0001:00000e90       ??_C@_1CE@LPFIEDMN@?$AA0?$AA?0?$AA6?$AA?0?$AA9?$AA?0?$AA9?$AA?0?$AA9?$AA?0?$AA9?$AA?0?$AA8?$AA?0?$AA8@ 10001e90     Pclass.obj
 0001:00000eb4       ??_C@_19ILLMDDHI@?$AAN?$AA?0?$AAZ?$AAD@ 10001eb4     Pclass.obj
 0001:00000ec0       ??_C@_19NMOJBHGD@?$AA1?$AA2?$AA?0?$AA0@ 10001ec0     Pclass.obj
 0001:00000ed0       ??_C@_1EC@OFLHMCFD@?$AAN?$AA?0?$AAX?$AAP?$AA?0?$AAX?$AA0?$AAS?$AA?0?$AAX?$AA1?$AAS?$AA?0?$AAX?$AA2@ 10001ed0     Pclass.obj
 0001:00000f14       ??_C@_1CA@MGMNHCLL@?$AA0?$AA?0?$AA2?$AA?0?$AA3?$AA?0?$AA2?$AA?0?$AA2?$AA?0?$AA3?$AA?0?$AA4?$AA?0?$AA3@ 10001f14     Pclass.obj
 0001:00000f34       ??_C@_1O@JGFFCAGM@?$AAN?$AA?0?$AAX?$AAI?$AA?0?$AAO@ 10001f34     Pclass.obj
 0001:00000f44       ??_C@_1O@FLEOANAI@?$AA0?$AA?0?$AA6?$AA?0?$AA1?$AA5@ 10001f44     Pclass.obj
 0001:00000f54       ??_C@_1CC@FANCGEGE@?$AAN?$AA?0?$AAX?$AAI?$AA?0?$AAX?$AAT?$AA?0?$AAX?$AA3?$AA?0?$AAX?$AAG?$AA?0?$AAX@ 10001f54     Pclass.obj
 0001:00000f78       ??_C@_1BI@PMPHDFGH@?$AA0?$AA?0?$AA6?$AA?0?$AA3?$AA?0?$AA4?$AA?0?$AA4?$AA?0?$AA4@ 10001f78     Pclass.obj
 0001:00000f90       ??_C@_1BG@COBJEPBB@?$AAN?$AA?0?$AAX?$AAI?$AA?0?$AAX?$AAT?$AA?0?$AAX?$AA3@ 10001f90     Pclass.obj
 0001:00000fa8       ??_C@_1BA@KPNNJGCD@?$AA0?$AA?0?$AA6?$AA?0?$AA3?$AA?0?$AA4@ 10001fa8     Pclass.obj
 0001:00000fb8       ??_C@_1CA@HLBJOHGN@?$AAF?$AAu?$AAl?$AAl?$AAS?$AAc?$AAr?$AAe?$AAe?$AAn?$AAL?$AAo?$AAc?$AAa?$AAl@ 10001fb8     Pclass.obj
 0001:00000fd8       ??_C@_1CC@EBBNDNOD@?$AAF?$AAu?$AAl?$AAl?$AAS?$AAc?$AAr?$AAe?$AAe?$AAn?$AAR?$AAe?$AAm?$AAo?$AAt@ 10001fd8     Pclass.obj
 0001:00000ffc       ??_C@_1BK@HMOODHKK@?$AAC?$AAo?$AAl?$AAu?$AAm?$AAn?$AAs?$AAL?$AAo?$AAc?$AAa?$AAl@ 10001ffc     Pclass.obj
 0001:00001018       ??_C@_1BM@EDHFKJEJ@?$AAC?$AAo?$AAl?$AAu?$AAm?$AAn?$AAs?$AAR?$AAe?$AAm?$AAo?$AAt?$AAe@ 10002018     Pclass.obj
 0001:00001034       ??_C@_1BI@FOOHDOCI@?$AAW?$AAi?$AAd?$AAt?$AAh?$AAs?$AAL?$AAo?$AAc?$AAa?$AAl@ 10002034     Pclass.obj
 0001:0000104c       ??_C@_1BK@DDBMMJCN@?$AAW?$AAi?$AAd?$AAt?$AAh?$AAs?$AAR?$AAe?$AAm?$AAo?$AAt?$AAe@ 1000204c     Pclass.obj
 0001:00001068       ??_C@_13DEFPDAGF@?$AA?0@   10002068     Pclass.obj
 0001:0000106c       ??_C@_15LNKNCLHH@?$AAS?$AAs@ 1000206c     Pclass.obj
 0001:00001074       ??_C@_1M@PBHOFL@?$AA?5?$AA?$HL?$AA0?$AA?$HN?$AA?5@ 10002074     Pclass.obj
 0001:00001080       ??_C@_1BE@JJMDGICA@?$AA?$HL?$AA0?$AA?$HN?$AA?3?$AA?5?$AA?$HL?$AA1?$AA?$HN?$AA?5@ 10002080     Pclass.obj
 0001:00001094       ??_C@_15JOGBDECP@?$AA?0?$AA?5@ 10002094     Pclass.obj
 0001:0000109c       ??_C@_15DNHPCDHG@?$AAT?$AAt@ 1000209c     Pclass.obj
 0001:000010a4       ??_C@_15IJHBBPPC@?$AAF?$AAf@ 100020a4     Pclass.obj
 0001:000010ac       ??_C@_1BC@OMEIHGFC@?$AAW?$AAS?$AA_?$AAP?$AAO?$AAP?$AAU?$AAP@ 100020ac     Pclass.obj
 0001:000010c0       ??_C@_1BC@ONEEOLLM@?$AAW?$AAS?$AA_?$AAC?$AAH?$AAI?$AAL?$AAD@ 100020c0     Pclass.obj
 0001:000010d4       ??_C@_1BI@GHDIGAD@?$AAW?$AAS?$AA_?$AAM?$AAI?$AAN?$AAI?$AAM?$AAI?$AAZ?$AAE@ 100020d4     Pclass.obj
 0001:000010ec       ??_C@_1BG@KLPFHNBP@?$AAW?$AAS?$AA_?$AAV?$AAI?$AAS?$AAI?$AAB?$AAL?$AAE@ 100020ec     Pclass.obj
 0001:00001104       ??_C@_1BI@NKODCGOF@?$AAW?$AAS?$AA_?$AAD?$AAI?$AAS?$AAA?$AAB?$AAL?$AAE?$AAD@ 10002104     Pclass.obj
 0001:0000111c       ??_C@_1CA@PCFJBBHH@?$AAW?$AAS?$AA_?$AAC?$AAL?$AAI?$AAP?$AAS?$AAI?$AAB?$AAL?$AAI?$AAN?$AAG?$AAS@ 1000211c     Pclass.obj
 0001:0000113c       ??_C@_1CA@MPLGGIO@?$AAW?$AAS?$AA_?$AAC?$AAL?$AAI?$AAP?$AAC?$AAH?$AAI?$AAL?$AAD?$AAR?$AAE?$AAN@ 1000213c     Pclass.obj
 0001:0000115c       ??_C@_1BI@OLBAGOJG@?$AAW?$AAS?$AA_?$AAM?$AAA?$AAX?$AAI?$AAM?$AAI?$AAZ?$AAE@ 1000215c     Pclass.obj
 0001:00001174       ??_C@_1BE@DAMMEKNP@?$AAW?$AAS?$AA_?$AAB?$AAO?$AAR?$AAD?$AAE?$AAR@ 10002174     Pclass.obj
 0001:00001188       ??_C@_1BI@EDHINADK@?$AAW?$AAS?$AA_?$AAD?$AAL?$AAG?$AAF?$AAR?$AAA?$AAM?$AAE@ 10002188     Pclass.obj
 0001:000011a0       ??_C@_1BG@CKCLFGFA@?$AAW?$AAS?$AA_?$AAV?$AAS?$AAC?$AAR?$AAO?$AAL?$AAL@ 100021a0     Pclass.obj
 0001:000011b8       ??_C@_1BG@OMIOJOGF@?$AAW?$AAS?$AA_?$AAH?$AAS?$AAC?$AAR?$AAO?$AAL?$AAL@ 100021b8     Pclass.obj
 0001:000011d0       ??_C@_1BG@KJOBMDJC@?$AAW?$AAS?$AA_?$AAS?$AAY?$AAS?$AAM?$AAE?$AAN?$AAU@ 100021d0     Pclass.obj
 0001:000011e8       ??_C@_1BM@GPNNOPCH@?$AAW?$AAS?$AA_?$AAT?$AAH?$AAI?$AAC?$AAK?$AAF?$AAR?$AAA?$AAM?$AAE@ 100021e8     Pclass.obj
 0001:00001204       ??_C@_1BO@FODKBODI@?$AAW?$AAS?$AA_?$AAM?$AAI?$AAN?$AAI?$AAM?$AAI?$AAZ?$AAE?$AAB?$AAO?$AAX@ 10002204     Pclass.obj
 0001:00001224       ??_C@_1BO@IDJMAOMI@?$AAW?$AAS?$AA_?$AAM?$AAA?$AAX?$AAI?$AAM?$AAI?$AAZ?$AAE?$AAB?$AAO?$AAX@ 10002224     Pclass.obj
 0001:00001244       ??_C@_1CI@PKBCIOPN@?$AAW?$AAS?$AA_?$AAE?$AAX?$AA_?$AAD?$AAL?$AAG?$AAM?$AAO?$AAD?$AAA?$AAL?$AAF@ 10002244     Pclass.obj
 0001:0000126c       ??_C@_1CK@KJECLHMG@?$AAW?$AAS?$AA_?$AAE?$AAX?$AA_?$AAN?$AAO?$AAP?$AAA?$AAR?$AAE?$AAN?$AAT?$AAN@ 1000226c     Pclass.obj
 0001:00001298       ??_C@_1BM@OCBKBALE@?$AAW?$AAS?$AA_?$AAE?$AAX?$AA_?$AAT?$AAO?$AAP?$AAM?$AAO?$AAS?$AAT@ 10002298     Pclass.obj
 0001:000012b4       ??_C@_1CE@JIDMMICL@?$AAW?$AAS?$AA_?$AAE?$AAX?$AA_?$AAA?$AAC?$AAC?$AAE?$AAP?$AAT?$AAF?$AAI?$AAL@ 100022b4     Pclass.obj
 0001:000012d8       ??_C@_1CE@PFFPBMCF@?$AAW?$AAS?$AA_?$AAE?$AAX?$AA_?$AAT?$AAR?$AAA?$AAN?$AAS?$AAP?$AAA?$AAR?$AAE@ 100022d8     Pclass.obj
 0001:000012fc       ??_C@_1BO@MEOEJPLO@?$AAW?$AAS?$AA_?$AAE?$AAX?$AA_?$AAM?$AAD?$AAI?$AAC?$AAH?$AAI?$AAL?$AAD@ 100022fc     Pclass.obj
 0001:0000131c       ??_C@_1CC@IEIGGJGG@?$AAW?$AAS?$AA_?$AAE?$AAX?$AA_?$AAT?$AAO?$AAO?$AAL?$AAW?$AAI?$AAN?$AAD?$AAO@ 1000231c     Pclass.obj
 0001:00001340       ??_C@_1CC@PLPNIKGL@?$AAW?$AAS?$AA_?$AAE?$AAX?$AA_?$AAW?$AAI?$AAN?$AAD?$AAO?$AAW?$AAE?$AAD?$AAG@ 10002340     Pclass.obj
 0001:00001364       ??_C@_1CC@IAPGCLEG@?$AAW?$AAS?$AA_?$AAE?$AAX?$AA_?$AAC?$AAL?$AAI?$AAE?$AAN?$AAT?$AAE?$AAD?$AAG@ 10002364     Pclass.obj
 0001:00001388       ??_C@_1CE@EANKNCIF@?$AAW?$AAS?$AA_?$AAE?$AAX?$AA_?$AAC?$AAO?$AAN?$AAT?$AAE?$AAX?$AAT?$AAH?$AAE@ 10002388     Pclass.obj
 0001:000013ac       ??_C@_1BI@GFIADCMK@?$AAW?$AAS?$AA_?$AAE?$AAX?$AA_?$AAR?$AAI?$AAG?$AAH?$AAT@ 100023ac     Pclass.obj
 0001:000013c4       ??_C@_1CC@JOFCJJPB@?$AAW?$AAS?$AA_?$AAE?$AAX?$AA_?$AAR?$AAT?$AAL?$AAR?$AAE?$AAA?$AAD?$AAI?$AAN@ 100023c4     Pclass.obj
 0001:000013e8       ??_C@_1CI@EFLDECAB@?$AAW?$AAS?$AA_?$AAE?$AAX?$AA_?$AAL?$AAE?$AAF?$AAT?$AAS?$AAC?$AAR?$AAO?$AAL@ 100023e8     Pclass.obj
 0001:00001410       ??_C@_1CI@CIFGFFJB@?$AAW?$AAS?$AA_?$AAE?$AAX?$AA_?$AAC?$AAO?$AAN?$AAT?$AAR?$AAO?$AAL?$AAP?$AAA@ 10002410     Pclass.obj
 0001:00001438       ??_C@_1CC@BGEPLDCA@?$AAW?$AAS?$AA_?$AAE?$AAX?$AA_?$AAS?$AAT?$AAA?$AAT?$AAI?$AAC?$AAE?$AAD?$AAG@ 10002438     Pclass.obj
 0001:0000145c       ??_C@_1CA@DOAIHHLO@?$AAW?$AAS?$AA_?$AAE?$AAX?$AA_?$AAA?$AAP?$AAP?$AAW?$AAI?$AAN?$AAD?$AAO?$AAW@ 1000245c     Pclass.obj
 0001:0000147c       ??_C@_1BM@FAODAMGD@?$AAW?$AAS?$AA_?$AAE?$AAX?$AA_?$AAL?$AAA?$AAY?$AAE?$AAR?$AAE?$AAD@ 1000247c     Pclass.obj
 0001:00001498       ??_C@_1CM@DJKNBOGD@?$AAW?$AAS?$AA_?$AAE?$AAX?$AA_?$AAN?$AAO?$AAI?$AAN?$AAH?$AAE?$AAR?$AAI?$AAT@ 10002498     Pclass.obj
 0001:000014c4       ??_C@_1CA@KMHLBMFI@?$AAW?$AAS?$AA_?$AAE?$AAX?$AA_?$AAL?$AAA?$AAY?$AAO?$AAU?$AAT?$AAR?$AAT?$AAL@ 100024c4     Pclass.obj
 0001:000014e4       ??_C@_1CC@LOFMDOPL@?$AAW?$AAS?$AA_?$AAE?$AAX?$AA_?$AAN?$AAO?$AAA?$AAC?$AAT?$AAI?$AAV?$AAA?$AAT@ 100024e4     Pclass.obj
 0001:00001508       ??_C@_1BA@PCPLEJNM@?$AA?$HL?$AA0?$AA?3?$AA2?$AA0?$AA?$HN?$AA?6@ 10002508     Pclass.obj
 0001:00001518       ??_C@_1CA@PGPHFLML@?$AA?$HL?$AA0?$AA?3?$AA?$DO?$AA2?$AA0?$AA?$HN?$AA?5?$AA?$HL?$AA1?$AA?3?$AA7?$AA?$HN?$AA?$CF?$AA?6@ 10002518     Pclass.obj
 0001:00001538       ??_C@_1CE@BCAPNIMO@?$AA?$HL?$AA0?$AA?3?$AA2?$AA0?$AA?$HN?$AA?5?$AA?5?$AA?$HL?$AA1?$AA?3?$AA7?$AA?$HN?$AA?$HL?$AA2@ 10002538     Pclass.obj
 0001:00001574       ??_C@_1CA@CGMHBFCH@?$AA?$HL?$AA0?$AA?$HN?$AA?$HL?$AA1?$AA?$HN?$AA?0?$AA?5?$AA?$HL?$AA2?$AA?$HN?$AA?$HL?$AA3?$AA?$HN?$AA?6@ 10002574     Pclass.obj
 0001:00001594       ??_C@_1BA@BIAFDLFH@?$AA?$HL?$AA0?$AA?$HN?$AA?$HL?$AA1?$AA?$HN?$AA?6@ 10002594     Pclass.obj
 0001:000015a4       ??_C@_1BI@DHFBAHCI@?$AA?$HL?$AA0?$AA?$HN?$AA?5?$AA?5?$AA?$CI?$AA?$HL?$AA1?$AA?$HN?$AA?$CJ?$AA?6@ 100025a4     Pclass.obj
 0001:000015bc       ??_C@_19EPBAEEOA@?$AA?$HL?$AA0?$AA?$HN?$AA?6@ 100025bc     Pclass.obj
 0001:000015c8       ??_C@_1BK@FKNCLDML@?$AA?6?$AA?$HL?$AA0?$AA?$HN?$AA?$HL?$AA1?$AA?$HN?$AA?5?$AA?$HL?$AA2?$AA?$HN?$AA?6@ 100025c8     Pclass.obj
 0001:000015e4       ??_C@_1BC@IBCAHKMA@?$AA?6?$AA?$HL?$AA0?$AA?$HN?$AA?$HL?$AA1?$AA?$HN?$AA?6@ 100025e4     Pclass.obj
 0001:000015f8       ??_C@_1BE@EKPFJOAB@?$AA?6?$AA?$HL?$AA0?$AA?$HN?$AA?6?$AA?$HL?$AA1?$AA?$HN?$AA?6@ 100025f8     Pclass.obj
 0001:0000160c       ??_C@_1CA@MEPGLLIO@?$AA?$HL?$AA0?$AA?$HN?$AA?$HL?$AA1?$AA?3?$AA0?$AA8?$AAX?$AA?$HN?$AA?5?$AA?$HL?$AA2?$AA?$HN?$AA?6@ 1000260c     Pclass.obj
 0001:0000162c       ??_C@_1DE@IMIBLDFN@?$AA?6?$AA?$HL?$AA0?$AA?$HN?$AA?6?$AA?$HL?$AA1?$AA?3?$AA?$DM?$AA?$HL?$AA2?$AA?$HN?$AA?$HN?$AA?5?$AA?$HL@ 1000262c     Pclass.obj
 0001:00001660       ??_C@_19GGNHIDOH@?$AA?4?$AAt?$AAx?$AAt@ 10002660     Pclass.obj
 0001:0000166c       ??_C@_19OPNPIOHE@?$AAH?$AAW?$AAN?$AAD@ 1000266c     Pclass.obj
 0001:00001678       ??_C@_15GKIJICBO@?$AAZ?$AAC@ 10002678     Pclass.obj
 0001:00001680       ??_C@_17JJIMNMHK@?$AA?5?$AA?$CG?$AA?$FO@ 10002680     Pclass.obj
 0001:00001688       ??_C@_13HOIJIPNN@?$AA?5@   10002688     Pclass.obj
 0001:0000168c       ??_C@_15LEKKCGMK@?$AA?2?$AA?2@ 1000268c     Pclass.obj
 0001:000016a8       ??_C@_1M@CHPAGEIC@?$AA?$CF?$AA?5?$AA?$HL?$AA0?$AA?$HN@ 100026a8     Pclass.obj
 0001:000016b4       ??_C@_1O@DLMEBHDD@?$AA?$HL?$AA0?$AA?$HN?$AA?$HL?$AA1?$AA?$HN@ 100026b4     Pclass.obj
 0001:000016c4       ??_C@_15DDHGOCBH@?$AA?4?$AA?4@ 100026c4     Pclass.obj
 0001:000016cc       ??_C@_17FJPEEFCB@?$AAp?$AAr?$AAc@ 100026cc     Pclass.obj
 0001:000016d4       ??_C@_1BC@ENICKDH@?$AAC?$AAo?$AAn?$AAt?$AAe?$AAn?$AAt?$AAs@ 100026d4     Pclass.obj
 0001:000016e8       ??_C@_1CK@DGKCELDD@?$AAP?$AAr?$AAo?$AAc?$AAe?$AAs?$AAs?$AAL?$AAi?$AAs?$AAt?$AA?4?$AAC?$AAo?$AAm@ 100026e8     Pclass.obj
 0001:00001714       ??_C@_1CK@ECJCGOEK@?$AAP?$AAr?$AAo?$AAc?$AAe?$AAs?$AAs?$AAL?$AAi?$AAs?$AAt?$AA?4?$AAU?$AAs?$AAe@ 10002714     Pclass.obj
 0001:00001740       ??_C@_1EA@IELLPLEF@?$AA?$HL?$AA0?$AA?$HN?$AA?5?$AA?$HL?$AA1?$AA?3?$AA0?$AA2?$AA?$HN?$AA?3?$AA?$HL?$AA2?$AA?3?$AA0@ 10002740     Pclass.obj
 0001:00001780       ??_C@_1DI@BCOMPFMM@?$AA?$HL?$AA0?$AA?3?$AA0?$AA2?$AA?$HN?$AA?3?$AA?$HL?$AA1?$AA?3?$AA0?$AA2?$AA?$HN?$AA?3?$AA?$HL@ 10002780     Pclass.obj
 0001:000017b8       ??_C@_1EA@HECKBAAG@?$AA?2?$AAS?$AAt?$AAr?$AAi?$AAn?$AAg?$AAF?$AAi?$AAl?$AAe?$AAI?$AAn?$AAf?$AAo@ 100027b8     Pclass.obj
 0001:000017f8       ??_C@_19JHEHLFPM@?$AA?2?$AA?$DP?$AA?$DP?$AA?2@ 100027f8     Pclass.obj
 0001:00001804       ??_C@_1DC@HCLBMGIA@?$AA?2?$AAV?$AAa?$AAr?$AAF?$AAi?$AAl?$AAe?$AAI?$AAn?$AAf?$AAo?$AA?2?$AAT?$AAr@ 10002804     Pclass.obj
 0001:00001838       ??_C@_1BI@HCCAONKE@?$AAF?$AAi?$AAl?$AAe?$AAV?$AAe?$AAr?$AAs?$AAi?$AAo?$AAn@ 10002838     Pclass.obj
 0001:00001850       ??_C@_1CA@JGBAIPOO@?$AAF?$AAi?$AAl?$AAe?$AAD?$AAe?$AAs?$AAc?$AAr?$AAi?$AAp?$AAt?$AAi?$AAo?$AAn@ 10002850     Pclass.obj
 0001:00001870       ??_C@_19KBHGBEJO@?$AA?$HL?$AA0?$AA?$HN?$AA?2@ 10002870     Pclass.obj
 0001:0000187c       ??_C@_1O@BMPPIAFP@?$AA?5?$AA?$CI?$AA?$HL?$AA0?$AA?$HN?$AA?$CJ@ 1000287c     Pclass.obj
 0001:0000188c       ??_C@_1BC@OMEIBLAI@?$AAw?$AAb?$AAe?$AAm?$AAc?$AAo?$AAm?$AAn@ 1000288c     Pclass.obj
 0001:000018a0       ??_C@_0BI@CFPLBAOH@invalid?5string?5position@ 100028a0     Pclass.obj
 0001:000018b8       ??_C@_15LGINNLBP@?$AA?$HL?$AA?$HN@ 100028b8     Pclass.obj
 0001:000018c0       ??_C@_0BA@FOIKENOD@vector?5too?5long@ 100028c0     Pclass.obj
 0001:000018d0       ??_C@_0BL@GOIGLPKN@unordered_map?1set?5too?5long@ 100028d0     Pclass.obj
 0001:000018ec       ??_C@_0BK@OGNNAFAB@invalid?5hash?5bucket?5count@ 100028ec     Pclass.obj
 0001:00001908       __real@4024000000000000    10002908     Pclass.obj
 0001:00001910       __real@41f0000000000000    10002910     Pclass.obj
 0001:00001918       __real@43e0000000000000    10002918     Pclass.obj
 0001:00001920       __real@4f800000            10002920     Pclass.obj
 0001:00001928       ?Counters@@3QBUcounters@@B 10002928     perfthread.obj
 0001:00001a30       ??_C@_1CC@DNHMJIKH@?$AA?$CF?$AA?5?$AAP?$AAr?$AAo?$AAc?$AAe?$AAs?$AAs?$AAo?$AAr?$AA?5?$AAT?$AAi?$AAm@ 10002a30     perfthread.obj
 0001:00001a54       ??_C@_1CE@FNEMIHOD@?$AA?$CF?$AA?5?$AAP?$AAr?$AAi?$AAv?$AAi?$AAl?$AAe?$AAg?$AAe?$AAd?$AA?5?$AAT?$AAi@ 10002a54     perfthread.obj
 0001:00001a78       ??_C@_1BI@IIOPEKIO@?$AA?$CF?$AA?5?$AAU?$AAs?$AAe?$AAr?$AA?5?$AAT?$AAi?$AAm?$AAe@ 10002a78     perfthread.obj
 0001:00001a90       ??_C@_1BK@FAAJNJIB@?$AAH?$AAa?$AAn?$AAd?$AAl?$AAe?$AA?5?$AAC?$AAo?$AAu?$AAn?$AAt@ 10002a90     perfthread.obj
 0001:00001aac       ??_C@_1CA@KJMNGIDJ@?$AAP?$AAa?$AAg?$AAe?$AA?5?$AAF?$AAi?$AAl?$AAe?$AA?5?$AAB?$AAy?$AAt?$AAe?$AAs@ 10002aac     perfthread.obj
 0001:00001acc       ??_C@_1CK@FGGMBBIH@?$AAP?$AAa?$AAg?$AAe?$AA?5?$AAF?$AAi?$AAl?$AAe?$AA?5?$AAB?$AAy?$AAt?$AAe?$AAs@ 10002acc     perfthread.obj
 0001:00001af8       ??_C@_1BI@GCOMDKEO@?$AAW?$AAo?$AAr?$AAk?$AAi?$AAn?$AAg?$AA?5?$AAS?$AAe?$AAt@ 10002af8     perfthread.obj
 0001:00001b10       ??_C@_1CC@OFJLEPCP@?$AAW?$AAo?$AAr?$AAk?$AAi?$AAn?$AAg?$AA?5?$AAS?$AAe?$AAt?$AA?5?$AAP?$AAe?$AAa@ 10002b10     perfthread.obj
 0001:00001b34       ??_C@_1CI@LLKMGPEG@?$AAP?$AAo?$AAo?$AAl?$AA?5?$AAN?$AAo?$AAn?$AAp?$AAa?$AAg?$AAe?$AAd?$AA?5?$AAB@ 10002b34     perfthread.obj
 0001:00001b5c       ??_C@_1CC@IMBAECJF@?$AAP?$AAo?$AAo?$AAl?$AA?5?$AAP?$AAa?$AAg?$AAe?$AAd?$AA?5?$AAB?$AAy?$AAt?$AAe@ 10002b5c     perfthread.obj
 0001:00001b80       ??_C@_1BM@DGDPAMAA@?$AAP?$AAr?$AAi?$AAv?$AAa?$AAt?$AAe?$AA?5?$AAB?$AAy?$AAt?$AAe?$AAs@ 10002b80     perfthread.obj
 0001:00001b9c       ??_C@_1CA@GADAGCME@?$AAP?$AAa?$AAg?$AAe?$AA?5?$AAF?$AAa?$AAu?$AAl?$AAt?$AAs?$AA?1?$AAs?$AAe?$AAc@ 10002b9c     perfthread.obj
 0001:00001bbc       ??_C@_1BM@FMIOMJAE@?$AAV?$AAi?$AAr?$AAt?$AAu?$AAa?$AAl?$AA?5?$AAB?$AAy?$AAt?$AAe?$AAs@ 10002bbc     perfthread.obj
 0001:00001bd8       ??_C@_1CG@KJOKFONA@?$AAV?$AAi?$AAr?$AAt?$AAu?$AAa?$AAl?$AA?5?$AAB?$AAy?$AAt?$AAe?$AAs?$AA?5?$AAP@ 10002bd8     perfthread.obj
 0001:00001c00       ??_C@_1CE@DFDFLLAO@?$AAI?$AAO?$AA?5?$AAD?$AAa?$AAt?$AAa?$AA?5?$AAB?$AAy?$AAt?$AAe?$AAs?$AA?1?$AAs@ 10002c00     perfthread.obj
 0001:00001c24       ??_C@_1CE@EFLEKJAB@?$AAI?$AAO?$AA?5?$AAR?$AAe?$AAa?$AAd?$AA?5?$AAB?$AAy?$AAt?$AAe?$AAs?$AA?1?$AAs@ 10002c24     perfthread.obj
 0001:00001c48       ??_C@_1CG@MEJHKKKF@?$AAI?$AAO?$AA?5?$AAW?$AAr?$AAi?$AAt?$AAe?$AA?5?$AAB?$AAy?$AAt?$AAe?$AAs?$AA?1@ 10002c48     perfthread.obj
 0001:00001c70       ??_C@_1CG@LBBBPCJA@?$AAI?$AAO?$AA?5?$AAO?$AAt?$AAh?$AAe?$AAr?$AA?5?$AAB?$AAy?$AAt?$AAe?$AAs?$AA?1@ 10002c70     perfthread.obj
 0001:00001c98       ??_C@_1CO@LIEOHDCC@?$AAI?$AAO?$AA?5?$AAD?$AAa?$AAt?$AAa?$AA?5?$AAO?$AAp?$AAe?$AAr?$AAa?$AAt?$AAi@ 10002c98     perfthread.obj
 0001:00001cc8       ??_C@_1CO@LIIKBHDH@?$AAI?$AAO?$AA?5?$AAR?$AAe?$AAa?$AAd?$AA?5?$AAO?$AAp?$AAe?$AAr?$AAa?$AAt?$AAi@ 10002cc8     perfthread.obj
 0001:00001cf8       ??_C@_1DA@HICMAFKK@?$AAI?$AAO?$AA?5?$AAW?$AAr?$AAi?$AAt?$AAe?$AA?5?$AAO?$AAp?$AAe?$AAr?$AAa?$AAt@ 10002cf8     perfthread.obj
 0001:00001d28       ??_C@_1DA@BEHINMGJ@?$AAI?$AAO?$AA?5?$AAO?$AAt?$AAh?$AAe?$AAr?$AA?5?$AAO?$AAp?$AAe?$AAr?$AAa?$AAt@ 10002d28     perfthread.obj
 0001:00001d58       ??_C@_1HK@MEBPBHGJ@?$AAS?$AAo?$AAf?$AAt?$AAw?$AAa?$AAr?$AAe?$AA?2?$AAM?$AAi?$AAc?$AAr?$AAo?$AAs@ 10002d58     perfthread.obj
 0001:00001dd4       ??_C@_1BC@IICCDNLG@?$AAC?$AAo?$AAu?$AAn?$AAt?$AAe?$AAr?$AAs@ 10002dd4     perfthread.obj
 0001:00001de8       ??_C@_1BG@NKNJPBCD@?$AAI?$AAD?$AA?5?$AAP?$AAr?$AAo?$AAc?$AAe?$AAs?$AAs@ 10002de8     perfthread.obj
 0001:00001e00       ??_C@_1BM@KCAKLHJN@?$AAP?$AAr?$AAi?$AAo?$AAr?$AAi?$AAt?$AAy?$AA?5?$AAB?$AAa?$AAs?$AAe@ 10002e00     perfthread.obj
 0001:00001e1c       ??_C@_1BK@KCHPPKHP@?$AAT?$AAh?$AAr?$AAe?$AAa?$AAd?$AA?5?$AAC?$AAo?$AAu?$AAn?$AAt@ 10002e1c     perfthread.obj
 0001:00001e38       ??_C@_1CI@FNIEMNAI@?$AAC?$AAr?$AAe?$AAa?$AAt?$AAi?$AAn?$AAg?$AA?5?$AAP?$AAr?$AAo?$AAc?$AAe?$AAs@ 10002e38     perfthread.obj
 0001:00001e60       ??_C@_1BK@IKAFHKBD@?$AAE?$AAl?$AAa?$AAp?$AAs?$AAe?$AAd?$AA?5?$AAT?$AAi?$AAm?$AAe@ 10002e60     perfthread.obj
 0001:00001e7c       ??_C@_19DLCFHDFF@?$AAP?$AAE?$AAR?$AAF@ 10002e7c     perfthread.obj
 0001:00001e88       ??_C@_19DOGDICKI@?$AA?4?$AAe?$AAx?$AAe@ 10002e88     perfthread.obj
 0001:00001e94       ??_C@_1O@NKAIMMPD@?$AA_?$AAT?$AAo?$AAt?$AAa?$AAl@ 10002e94     Plist.obj
 0001:00001ea4       ??_C@_1CC@DMDJMJLM@?$AAS?$AAe?$AAD?$AAe?$AAb?$AAu?$AAg?$AAP?$AAr?$AAi?$AAv?$AAi?$AAl?$AAe?$AAg@ 10002ea4     Plist.obj
 0001:00001ec8       ??_C@_1BC@HFCOGKPP@?$AA?$HL?$AA0?$AA?$HN?$AA?6?$AA?$HL?$AA1?$AA?$HN?$AA?6@ 10002ec8     Plist.obj
 0001:00001edc       ??_C@_1M@DNHIACJI@?$AA?6?$AA?$HL?$AA0?$AA?$HN?$AA?6@ 10002edc     Plist.obj
 0001:00001ee8       ??_C@_1BG@JBKHLPML@?$AA?$HL?$AA0?$AA?$HN?$AA?5?$AA?$HL?$AA1?$AA?3?$AA8?$AAX?$AA?$HN@ 10002ee8     Plist.obj
 0001:00001f00       ??_C@_19DPDNGGHD@?$AA?5?$AA?$HL?$AA0?$AA?$HN@ 10002f00     Plist.obj
 0001:00001f0c       ??_C@_1BE@EMDGEBAH@?$AA?$HL?$AA0?$AA?3?$AA0?$AA?$HL?$AA1?$AA?$HN?$AAX?$AA?$HN@ 10002f0c     Plist.obj
 0001:00001f20       ??_C@_1BC@INJAHLHL@?$AA?$HL?$AA0?$AA?3?$AA0?$AA1?$AA6?$AAX?$AA?$HN@ 10002f20     Plist.obj
 0001:00001f4c       ??_7?$_Func_impl_no_alloc@V<lambda_ca95615ebb3c7b16132ff39b7c245039>@@_NPA_WI@std@@6B@ 10002f4c     Plist.obj
 0001:00001f64       ??_7?$_Func_impl_no_alloc@V<lambda_7407d5cd5d4425cb98b7ee1223d84907>@@_NPA_WI@std@@6B@ 10002f64     Plist.obj
 0001:00001f7c       ??_C@_1CA@CCAFOKCB@?$AAE?$AAr?$AAr?$AAo?$AAr?$AA?5?$AA0?$AAx?$AA?$HL?$AA0?$AA?3?$AA0?$AA8?$AAX?$AA?$HN@ 10002f7c     Pmix.obj
 0001:00001f9c       ??_C@_15JNBOKNOG@?$AA?$AN?$AA?6@ 10002f9c     Pmix.obj
 0001:00001fa4       _IID_IWbemLocator          10002fa4     WMI.obj
 0001:00001fb4       _CLSID_WbemLocator         10002fb4     WMI.obj
 0001:00001fc4       ??_C@_1DC@LAIEFOLO@?$AAW?$AAi?$AAn?$AA3?$AA2?$AA_?$AAP?$AAr?$AAo?$AAc?$AAe?$AAs?$AAs?$AA?4?$AAH@ 10002fc4     WMI.obj
 0001:00001ff8       ??_C@_1BO@CLCOBGDE@?$AAE?$AAx?$AAe?$AAc?$AAu?$AAt?$AAa?$AAb?$AAl?$AAe?$AAP?$AAa?$AAt?$AAh@ 10002ff8     WMI.obj
 0001:00002018       ??_C@_1BI@LPJNJKGA@?$AAC?$AAo?$AAm?$AAm?$AAa?$AAn?$AAd?$AAL?$AAi?$AAn?$AAe@ 10003018     WMI.obj
 0001:00002030       ??_C@_1BC@JHNNEHFE@?$AAP?$AAr?$AAi?$AAo?$AAr?$AAi?$AAt?$AAy@ 10003030     WMI.obj
 0001:00002044       ??_C@_1BC@HJJANEGO@?$AAG?$AAe?$AAt?$AAO?$AAw?$AAn?$AAe?$AAr@ 10003044     WMI.obj
 0001:00002058       ??_C@_19PIJILKAI@?$AAU?$AAs?$AAe?$AAr@ 10003058     WMI.obj
 0001:00002064       ??_C@_1O@OAMNPMOM@?$AAD?$AAo?$AAm?$AAa?$AAi?$AAn@ 10003064     WMI.obj
 0001:00002074       ??_C@_1BI@OIPNMPCL@?$AAG?$AAe?$AAt?$AAO?$AAw?$AAn?$AAe?$AAr?$AAS?$AAi?$AAd@ 10003074     WMI.obj
 0001:0000208c       ??_C@_17NKMLOKHF@?$AAS?$AAi?$AAd@ 1000308c     WMI.obj
 0001:00002094       ??_C@_1BE@CFEJJKFE@?$AAS?$AAe?$AAs?$AAs?$AAi?$AAo?$AAn?$AAI?$AAd@ 10003094     WMI.obj
 0001:000020a8       ??_C@_1BM@MLGLIGHJ@?$AAW?$AAi?$AAn?$AA3?$AA2?$AA_?$AAP?$AAr?$AAo?$AAc?$AAe?$AAs?$AAs@ 100030a8     WMI.obj
 0001:000020c4       ??_C@_1BI@FLOHINJE@?$AAR?$AAe?$AAt?$AAu?$AAr?$AAn?$AAV?$AAa?$AAl?$AAu?$AAe@ 100030c4     WMI.obj
 0001:000020dc       ??_C@_1BI@NKNJJIDM@?$AAS?$AAe?$AAt?$AAP?$AAr?$AAi?$AAo?$AAr?$AAi?$AAt?$AAy@ 100030dc     WMI.obj
 0001:000020f4       ??_C@_1O@GGHBFGJC@?$AAR?$AAe?$AAa?$AAs?$AAo?$AAn@ 100030f4     WMI.obj
 0001:00002104       ??_C@_1BE@PBPGMODO@?$AAT?$AAe?$AAr?$AAm?$AAi?$AAn?$AAa?$AAt?$AAe@ 10003104     WMI.obj
 0001:00002118       ??_C@_1CC@OGNCBAIB@?$AA?2?$AA?2?$AA?$HL?$AA0?$AA?$HN?$AA?2?$AAr?$AAo?$AAo?$AAt?$AA?2?$AAc?$AAi?$AAm?$AAv@ 10003118     WMI.obj
 0001:0000213c       ??_C@_13JOFGPIOO@?$AA?4@   1000313c     WMI.obj
 0001:00002170       _MainGuid                  10003170     Proclist.obj
 0001:00002180       _MenuGuid                  10003180     Proclist.obj
 0001:00002190       _ConfigDialogGuid          10003190     Proclist.obj
 0001:000021a0       ??_C@_1M@OAIMIKLP@?$AAn?$AAt?$AAd?$AAl?$AAl@ 100031a0     Proclist.obj
 0001:000021ac       ??_C@_0BK@EGDDIFMK@NtQueryInformationProcess@ 100031ac     Proclist.obj
 0001:000021c8       ??_C@_0BJ@HKKELGGC@NtQueryInformationThread@ 100031c8     Proclist.obj
 0001:000021e4       ??_C@_0O@IFMDHOMC@NtQueryObject@ 100031e4     Proclist.obj
 0001:000021f4       ??_C@_0BJ@NDLOPGCH@NtQuerySystemInformation@ 100031f4     Proclist.obj
 0001:00002210       ??_C@_0BH@DLPGICA@NtQueryInformationFile@ 10003210     Proclist.obj
 0001:00002228       ??_C@_0CB@GDPHBMJN@NtWow64QueryInformationProcess6@ 10003228     Proclist.obj
 0001:0000224c       ??_C@_0BL@NJDHCDMK@NtWow64ReadVirtualMemory64@ 1000324c     Proclist.obj
 0001:00002268       ??_C@_1BC@GDMECMAK@?$AAk?$AAe?$AAr?$AAn?$AAe?$AAl?$AA3?$AA2@ 10003268     Proclist.obj
 0001:0000227c       ??_C@_0P@LKABJJMO@IsWow64Process@ 1000327c     Proclist.obj
 0001:0000228c       ??_C@_1BC@DNHGCMLG@?$AAa?$AAd?$AAv?$AAa?$AAp?$AAi?$AA3?$AA2@ 1000328c     Proclist.obj
 0001:000022a0       ??_C@_0L@KJHKJIPF@IsValidSid@ 100032a0     Proclist.obj
 0001:000022ac       ??_C@_0BK@FIHGNING@GetSidIdentifierAuthority@ 100032ac     Proclist.obj
 0001:000022c8       ??_C@_0BI@LPFJALDI@GetSidSubAuthorityCount@ 100032c8     Proclist.obj
 0001:000022e0       ??_C@_0BD@LMGFHOAE@GetSidSubAuthority@ 100032e0     Proclist.obj
 0001:000022f4       ??_C@_1O@BCCLBEOE@?$AAu?$AAs?$AAe?$AAr?$AA3?$AA2@ 100032f4     Proclist.obj
 0001:00002304       ??_C@_0BA@FKGDNIJG@GetGuiResources@ 10003304     Proclist.obj
 0001:00002314       ??_C@_1M@FFPAMFOB@?$AAo?$AAl?$AAe?$AA3?$AA2@ 10003314     Proclist.obj
 0001:00002320       ??_C@_0BC@IOEGILCE@CoSetProxyBlanket@ 10003320     Proclist.obj
 0001:00002334       ??_C@_1M@OMFDJDJC@?$AAp?$AAs?$AAa?$AAp?$AAi@ 10003334     Proclist.obj
 0001:00002340       ??_C@_0BF@LEEEDPDK@EnumProcessModulesEx@ 10003340     Proclist.obj
 0001:00002358       ??_C@_1BC@PDEABLIN@?$AAP?$AAr?$AAo?$AAc?$AAL?$AAi?$AAs?$AAt@ 10003358     Proclist.obj
 0001:0000236c       ??_C@_1DK@DCAMPEPJ@?$AAP?$AAr?$AAo?$AAc?$AAe?$AAs?$AAs?$AA?5?$AAL?$AAi?$AAs?$AAt?$AA?5?$AAf?$AAo@ 1000336c     Proclist.obj
 0001:000023a8       ??_C@_1DE@BGKMIKPD@?$AAE?$AAu?$AAg?$AAe?$AAn?$AAe?$AA?5?$AAR?$AAo?$AAs?$AAh?$AAa?$AAl?$AA?5?$AA?$CG@ 100033a8     Proclist.obj
 0001:000023dc       ??_C@_1M@MNPEKPKO@?$AAp?$AAl?$AAi?$AAs?$AAt@ 100033dc     Proclist.obj
 0001:000023f0       __imp__EncodePointer@4     100033f0     vc_crt_fix.obj
 0001:000023f4       __imp__DecodePointer@4     100033f4     vc_crt_fix.obj
 0001:000023f8       __imp__GetModuleHandleExW@12 100033f8     vc_crt_fix.obj
 0001:000023fc       __imp__InitializeSListHead@4 100033fc     vc_crt_fix.obj
 0001:00002400       __imp__InterlockedFlushSList@4 10003400     vc_crt_fix.obj
 0001:00002404       __imp__InterlockedPopEntrySList@4 10003404     vc_crt_fix.obj
 0001:00002408       __imp__InterlockedPushEntrySList@8 10003408     vc_crt_fix.obj
 0001:0000240c       __imp__InterlockedPushListSListEx@16 1000340c     vc_crt_fix.obj
 0001:00002410       __imp__RtlFirstEntrySList@4 10003410     vc_crt_fix.obj
 0001:00002414       __imp__QueryDepthSList@4   10003414     vc_crt_fix.obj
 0001:00002418       __imp__GetNumaHighestNodeNumber@4 10003418     vc_crt_fix.obj
 0001:0000241c       __imp__GetLogicalProcessorInformation@8 1000341c     vc_crt_fix.obj
 0001:00002420       __imp__SetThreadStackGuarantee@4 10003420     vc_crt_fix.obj
 0001:00002444       ??_C@_0O@NLDKAIKN@EncodePointer@ 10003444     vc_crt_fix_impl.obj
 0001:00002454       ??_C@_0O@KBPMFGHI@DecodePointer@ 10003454     vc_crt_fix_impl.obj
 0001:00002464       ??_C@_0BD@GIGEJCNH@GetModuleHandleExW@ 10003464     vc_crt_fix_impl.obj
 0001:00002478       ??_C@_0BE@NBEJPEJA@InitializeSListHead@ 10003478     vc_crt_fix_impl.obj
 0001:0000248c       ??_C@_0BG@PLLPFLHB@InterlockedFlushSList@ 1000348c     vc_crt_fix_impl.obj
 0001:000024a4       ??_C@_0BJ@PNEEKDOK@InterlockedPopEntrySList@ 100034a4     vc_crt_fix_impl.obj
 0001:000024c0       ??_C@_0BK@JFGGAIOA@InterlockedPushEntrySList@ 100034c0     vc_crt_fix_impl.obj
 0001:000024dc       ??_C@_0BL@FOECAEGO@InterlockedPushListSListEx@ 100034dc     vc_crt_fix_impl.obj
 0001:000024f8       ??_C@_0BD@FHMMIGCI@RtlFirstEntrySList@ 100034f8     vc_crt_fix_impl.obj
 0001:0000250c       ??_C@_0BA@FGPHPMJB@QueryDepthSList@ 1000350c     vc_crt_fix_impl.obj
 0001:0000251c       ??_C@_0BJ@NLNFLAMA@GetNumaHighestNodeNumber@ 1000351c     vc_crt_fix_impl.obj
 0001:00002538       ??_C@_0BP@KHGALBC@GetLogicalProcessorInformation@ 10003538     vc_crt_fix_impl.obj
 0001:00002558       ??_C@_0BI@BKLFFAPO@SetThreadStackGuarantee@ 10003558     vc_crt_fix_impl.obj
 0001:00002574       ??_7exception@std@@6B@     10003574     libcpmt:xthrow.obj
 0001:00002580       ??_7bad_alloc@std@@6B@     10003580     libcpmt:xthrow.obj
 0001:00002588       ??_C@_0P@GHFPNOJB@bad?5allocation@ 10003588     libcpmt:xthrow.obj
 0001:0000259c       ??_7logic_error@std@@6B@   1000359c     libcpmt:xthrow.obj
 0001:000025a8       ??_7length_error@std@@6B@  100035a8     libcpmt:xthrow.obj
 0001:000025b4       ??_7out_of_range@std@@6B@  100035b4     libcpmt:xthrow.obj
 0001:000025c0       ??_7runtime_error@std@@6B@ 100035c0     libcpmt:xthrow.obj
 0001:000025cc       ??_7bad_function_call@std@@6B@ 100035cc     libcpmt:xthrow.obj
 0001:000025d4       ??_C@_0BC@DPJNKNAF@bad?5function?5call@ 100035d4     libcpmt:xthrow.obj
 0001:000025ec       ??_7_Facet_base@std@@6B@   100035ec     libcpmt:locale0.obj
 0001:000025fc       ??_7_Locimp@locale@std@@6B@ 100035fc     libcpmt:locale0.obj
 0001:00002608       ??_C@_01NBENCBCI@?$CK@     10003608     libcpmt:locale0.obj
 0001:0000260c       ??_C@_01GFHCPBMG@C@        1000360c     libcpmt:locale0.obj
 0001:00002614       ??_7bad_array_new_length@std@@6B@ 10003614     libcpmt:locale.obj
 0001:0000261c       ??_C@_1BK@MGMFAEKH@?$AAk?$AAe?$AAr?$AAn?$AAe?$AAl?$AA3?$AA2?$AA?4?$AAd?$AAl?$AAl@ 1000361c     libcpmt:winapisupp.obj
 0001:00002638       ??_C@_08KNHFBNJ@FlsAlloc@  10003638     libcpmt:winapisupp.obj
 0001:00002644       ??_C@_07PEJMOBNF@FlsFree@  10003644     libcpmt:winapisupp.obj
 0001:0000264c       ??_C@_0M@GDNOONDI@FlsGetValue@ 1000364c     libcpmt:winapisupp.obj
 0001:00002658       ??_C@_0M@JCPCPOEF@FlsSetValue@ 10003658     libcpmt:winapisupp.obj
 0001:00002664       ??_C@_0BM@HCFOFFN@InitializeCriticalSectionEx@ 10003664     libcpmt:winapisupp.obj
 0001:00002680       ??_C@_0BE@GPLMMCMH@InitOnceExecuteOnce@ 10003680     libcpmt:winapisupp.obj
 0001:00002694       ??_C@_0P@DLHPPCNH@CreateEventExW@ 10003694     libcpmt:winapisupp.obj
 0001:000026a4       ??_C@_0BB@MEFPJLHN@CreateSemaphoreW@ 100036a4     libcpmt:winapisupp.obj
 0001:000026b8       ??_C@_0BD@KIEEOEEH@CreateSemaphoreExW@ 100036b8     libcpmt:winapisupp.obj
 0001:000026cc       ??_C@_0BG@OGFAJCKC@CreateThreadpoolTimer@ 100036cc     libcpmt:winapisupp.obj
 0001:000026e4       ??_C@_0BD@LPLEMMDI@SetThreadpoolTimer@ 100036e4     libcpmt:winapisupp.obj
 0001:000026f8       ??_C@_0CA@FMNJENH@WaitForThreadpoolTimerCallbacks@ 100036f8     libcpmt:winapisupp.obj
 0001:00002718       ??_C@_0BF@DCFCCNOC@CloseThreadpoolTimer@ 10003718     libcpmt:winapisupp.obj
 0001:00002730       ??_C@_0BF@FLABGKKM@CreateThreadpoolWait@ 10003730     libcpmt:winapisupp.obj
 0001:00002748       ??_C@_0BC@MGCOHNA@SetThreadpoolWait@ 10003748     libcpmt:winapisupp.obj
 0001:0000275c       ??_C@_0BE@OCIOMIMP@CloseThreadpoolWait@ 1000375c     libcpmt:winapisupp.obj
 0001:00002770       ??_C@_0BJ@LKGHFHBO@FlushProcessWriteBuffers@ 10003770     libcpmt:winapisupp.obj
 0001:0000278c       ??_C@_0BP@KALKKPMO@FreeLibraryWhenCallbackReturns@ 1000378c     libcpmt:winapisupp.obj
 0001:000027ac       ??_C@_0BK@DFNBACLA@GetCurrentProcessorNumber@ 100037ac     libcpmt:winapisupp.obj
 0001:000027c8       ??_C@_0BE@FKKLLFLM@CreateSymbolicLinkW@ 100037c8     libcpmt:winapisupp.obj
 0001:000027dc       ??_C@_0BE@JOGNEJCI@GetCurrentPackageId@ 100037dc     libcpmt:winapisupp.obj
 0001:000027f0       ??_C@_0P@CDHHOHKP@GetTickCount64@ 100037f0     libcpmt:winapisupp.obj
 0001:00002800       ??_C@_0BN@NEEHBBPO@GetFileInformationByHandleEx@ 10003800     libcpmt:winapisupp.obj
 0001:00002820       ??_C@_0BL@KBBHGKCM@SetFileInformationByHandle@ 10003820     libcpmt:winapisupp.obj
 0001:0000283c       ??_C@_0BP@FPNJPEJC@GetSystemTimePreciseAsFileTime@ 1000383c     libcpmt:winapisupp.obj
 0001:0000285c       ??_C@_0BM@HLJJNPAH@InitializeConditionVariable@ 1000385c     libcpmt:winapisupp.obj
 0001:00002878       ??_C@_0BG@BFNILBLN@WakeConditionVariable@ 10003878     libcpmt:winapisupp.obj
 0001:00002890       ??_C@_0BJ@PGPPEPCC@WakeAllConditionVariable@ 10003890     libcpmt:winapisupp.obj
 0001:000028ac       ??_C@_0BJ@JEBJOJFJ@SleepConditionVariableCS@ 100038ac     libcpmt:winapisupp.obj
 0001:000028c8       ??_C@_0BC@MMLHEBPB@InitializeSRWLock@ 100038c8     libcpmt:winapisupp.obj
 0001:000028dc       ??_C@_0BI@OMNLIJDB@AcquireSRWLockExclusive@ 100038dc     libcpmt:winapisupp.obj
 0001:000028f4       ??_C@_0BL@OGHFEMNA@TryAcquireSRWLockExclusive@ 100038f4     libcpmt:winapisupp.obj
 0001:00002910       ??_C@_0BI@HMIEPCNJ@ReleaseSRWLockExclusive@ 10003910     libcpmt:winapisupp.obj
 0001:00002928       ??_C@_0BK@LGACAGIC@SleepConditionVariableSRW@ 10003928     libcpmt:winapisupp.obj
 0001:00002944       ??_C@_0BF@GGPHFPJA@CreateThreadpoolWork@ 10003944     libcpmt:winapisupp.obj
 0001:0000295c       ??_C@_0BF@NHDAIMMO@SubmitThreadpoolWork@ 1000395c     libcpmt:winapisupp.obj
 0001:00002974       ??_C@_0BE@NPHIPNPD@CloseThreadpoolWork@ 10003974     libcpmt:winapisupp.obj
 0001:00002988       ??_C@_0BA@IHGNDAEB@CompareStringEx@ 10003988     libcpmt:winapisupp.obj
 0001:00002998       ??_C@_0BA@ONOKGCMP@GetLocaleInfoEx@ 10003998     libcpmt:winapisupp.obj
 0001:000029a8       ??_C@_0O@KKBNKAPF@LCMapStringEx@ 100039a8     libcpmt:winapisupp.obj
 0001:000029bc       ??_7?$numpunct@_W@std@@6B@ 100039bc     libcpmt:wlocale.obj
 0001:000029dc       ??_C@_13IMODFHAA@?$AA?9@   100039dc     libcpmt:wlocale.obj
 0001:000029e0       ??_C@_01JOAMLHOP@?9@       100039e0     libcpmt:wlocale.obj
 0001:000038c8       ??_C@_15EMKDOKLE@?$AAa?$AAr@ 100048c8     libcpmt:winapinls.obj
 0001:000038d0       ??_C@_15KNPADPLH@?$AAb?$AAg@ 100048d0     libcpmt:winapinls.obj
 0001:000038d8       ??_C@_15EDMHLDMO@?$AAc?$AAa@ 100048d8     libcpmt:winapinls.obj
 0001:000038e0       ??_C@_1O@BPEAJADD@?$AAz?$AAh?$AA?9?$AAC?$AAH?$AAS@ 100048e0     libcpmt:winapinls.obj
 0001:000038f0       ??_C@_15LJNHCMNK@?$AAc?$AAs@ 100048f0     libcpmt:winapinls.obj
 0001:000038f8       ??_C@_15FOMCIDHG@?$AAd?$AAa@ 100048f8     libcpmt:winapinls.obj
 0001:00003900       ??_C@_15NBKABECB@?$AAd?$AAe@ 10004900     libcpmt:winapinls.obj
 0001:00003908       ??_C@_15GHPEIIAO@?$AAe?$AAl@ 10004908     libcpmt:winapinls.obj
 0001:00003910       ??_C@_15MNPNEAIF@?$AAe?$AAn@ 10004910     libcpmt:winapinls.obj
 0001:00003918       ??_C@_15GPIOMPMH@?$AAe?$AAs@ 10004918     libcpmt:winapinls.obj
 0001:00003920       ??_C@_15NGLOAKJC@?$AAf?$AAi@ 10004920     libcpmt:winapinls.obj
 0001:00003928       ??_C@_15FBKGNKAM@?$AAf?$AAr@ 10004928     libcpmt:winapinls.obj
 0001:00003930       ??_C@_15KGGCNEFK@?$AAh?$AAe@ 10004930     libcpmt:winapinls.obj
 0001:00003938       ??_C@_15PGHLIDMF@?$AAh?$AAu@ 10004938     libcpmt:winapinls.obj
 0001:00003940       ??_C@_15BIEMAPLM@?$AAi?$AAs@ 10004940     libcpmt:winapinls.obj
 0001:00003948       ??_C@_15IFJLDHAF@?$AAi?$AAt@ 10004948     libcpmt:winapinls.obj
 0001:00003950       ??_C@_15GEMIOCAG@?$AAj?$AAa@ 10004950     libcpmt:winapinls.obj
 0001:00003958       ??_C@_15EPELEGJA@?$AAk?$AAo@ 10004958     libcpmt:winapinls.obj
 0001:00003960       ??_C@_15NDDHIMN@?$AAn?$AAl@ 10004960     libcpmt:winapinls.obj
 0001:00003968       ??_C@_15BPIGNHCD@?$AAn?$AAo@ 10004968     libcpmt:winapinls.obj
 0001:00003970       ??_C@_15DEOPBLCG@?$AAp?$AAl@ 10004970     libcpmt:winapinls.obj
 0001:00003978       ??_C@_15KBECGEFG@?$AAp?$AAt@ 10004978     libcpmt:winapinls.obj
 0001:00003980       ??_C@_15GLJCBFMD@?$AAr?$AAo@ 10004980     libcpmt:winapinls.obj
 0001:00003988       ??_C@_15FEDGKCDI@?$AAr?$AAu@ 10004988     libcpmt:winapinls.obj
 0001:00003990       ??_C@_15GLKMLLHM@?$AAh?$AAr@ 10004990     libcpmt:winapinls.obj
 0001:00003998       ??_C@_15CPKMFBDB@?$AAs?$AAk@ 10004998     libcpmt:winapinls.obj
 0001:000039a0       ??_C@_15BAAIOGMK@?$AAs?$AAq@ 100049a0     libcpmt:winapinls.obj
 0001:000039a8       ??_C@_15INNPNOHD@?$AAs?$AAv@ 100049a8     libcpmt:winapinls.obj
 0001:000039b0       ??_C@_15CABMMOGH@?$AAt?$AAh@ 100049b0     libcpmt:winapinls.obj
 0001:000039b8       ??_C@_15BPLIHJJM@?$AAt?$AAr@ 100049b8     libcpmt:winapinls.obj
 0001:000039c0       ??_C@_15NEOEKKDJ@?$AAu?$AAr@ 100049c0     libcpmt:winapinls.obj
 0001:000039c8       ??_C@_15NFICGAJK@?$AAi?$AAd@ 100049c8     libcpmt:winapinls.obj
 0001:000039d0       ??_C@_15PJPFLCCM@?$AAu?$AAk@ 100049d0     libcpmt:winapinls.obj
 0001:000039d8       ??_C@_15HPJPHDM@?$AAb?$AAe@ 100049d8     libcpmt:winapinls.obj
 0001:000039e0       ??_C@_15LCHLGJII@?$AAs?$AAl@ 100049e0     libcpmt:winapinls.obj
 0001:000039e8       ??_C@_15PCFJPHHO@?$AAe?$AAt@ 100049e8     libcpmt:winapinls.obj
 0001:000039f0       ??_C@_15HPFPGODN@?$AAl?$AAv@ 100049f0     libcpmt:winapinls.obj
 0001:000039f8       ??_C@_15NFFGKGLG@?$AAl?$AAt@ 100049f8     libcpmt:winapinls.obj
 0001:00003a00       ??_C@_15BDAKCCHN@?$AAf?$AAa@ 10004a00     libcpmt:winapinls.obj
 0001:00003a08       ??_C@_15NFGIAIAJ@?$AAv?$AAi@ 10004a08     libcpmt:winapinls.obj
 0001:00003a10       ??_C@_15LMKNDMHN@?$AAh?$AAy@ 10004a10     libcpmt:winapinls.obj
 0001:00003a18       ??_C@_15IJBHMCFL@?$AAa?$AAz@ 10004a18     libcpmt:winapinls.obj
 0001:00003a20       ??_C@_15EKOFJABL@?$AAe?$AAu@ 10004a20     libcpmt:winapinls.obj
 0001:00003a28       ??_C@_15BGHADCNK@?$AAm?$AAk@ 10004a28     libcpmt:winapinls.obj
 0001:00003a30       ??_C@_15JDNICKHM@?$AAa?$AAf@ 10004a30     libcpmt:winapinls.obj
 0001:00003a38       ??_C@_15KPJEDBKD@?$AAk?$AAa@ 10004a38     libcpmt:winapinls.obj
 0001:00003a40       ??_C@_15PDNFFFEO@?$AAf?$AAo@ 10004a40     libcpmt:winapinls.obj
 0001:00003a48       ??_C@_15OMLEGLOC@?$AAh?$AAi@ 10004a48     libcpmt:winapinls.obj
 0001:00003a50       ??_C@_15IDNNENKK@?$AAm?$AAs@ 10004a50     libcpmt:winapinls.obj
 0001:00003a58       ??_C@_15MACJNBMH@?$AAk?$AAk@ 10004a58     libcpmt:winapinls.obj
 0001:00003a60       ??_C@_15DKDJEOND@?$AAk?$AAy@ 10004a60     libcpmt:winapinls.obj
 0001:00003a68       ??_C@_15DFGDLJBG@?$AAs?$AAw@ 10004a68     libcpmt:winapinls.obj
 0001:00003a70       ??_C@_15BBFAICNG@?$AAu?$AAz@ 10004a70     libcpmt:winapinls.obj
 0001:00003a78       ??_C@_15DKNDCGEA@?$AAt?$AAt@ 10004a78     libcpmt:winapinls.obj
 0001:00003a80       ??_C@_15MGIFMDPL@?$AAp?$AAa@ 10004a80     libcpmt:winapinls.obj
 0001:00003a88       ??_C@_15HCNDBBA@?$AAg?$AAu@ 10004a88     libcpmt:winapinls.obj
 0001:00003a90       ??_C@_15FNBEIBON@?$AAt?$AAa@ 10004a90     libcpmt:winapinls.obj
 0001:00003a98       ??_C@_15NCHGBGLK@?$AAt?$AAe@ 10004a98     libcpmt:winapinls.obj
 0001:00003aa0       ??_C@_15PHPHCBPF@?$AAk?$AAn@ 10004aa0     libcpmt:winapinls.obj
 0001:00003aa8       ??_C@_15DLGBCKMP@?$AAm?$AAr@ 10004aa8     libcpmt:winapinls.obj
 0001:00003ab0       ??_C@_15EABBLBFF@?$AAs?$AAa@ 10004ab0     libcpmt:winapinls.obj
 0001:00003ab8       ??_C@_15CBKOMCOI@?$AAm?$AAn@ 10004ab8     libcpmt:winapinls.obj
 0001:00003ac0       ??_C@_15CKDMCJAF@?$AAg?$AAl@ 10004ac0     libcpmt:winapinls.obj
 0001:00003ac8       ??_C@_17CNJFBPG@?$AAk?$AAo?$AAk@ 10004ac8     libcpmt:winapinls.obj
 0001:00003ad0       ??_C@_17FFBJICPL@?$AAs?$AAy?$AAr@ 10004ad0     libcpmt:winapinls.obj
 0001:00003ad8       ??_C@_17KPNDCPAF@?$AAd?$AAi?$AAv@ 10004ad8     libcpmt:winapinls.obj
 0001:00003ae0       ??_C@_1M@OKAHONE@?$AAa?$AAr?$AA?9?$AAS?$AAA@ 10004ae0     libcpmt:winapinls.obj
 0001:00003aec       ??_C@_1M@FFFIGIGK@?$AAb?$AAg?$AA?9?$AAB?$AAG@ 10004aec     libcpmt:winapinls.obj
 0001:00003af8       ??_C@_1M@BJNKEDC@?$AAc?$AAa?$AA?9?$AAE?$AAS@ 10004af8     libcpmt:winapinls.obj
 0001:00003b04       ??_C@_1M@CLNBBOPM@?$AAz?$AAh?$AA?9?$AAT?$AAW@ 10004b04     libcpmt:winapinls.obj
 0001:00003b10       ??_C@_1M@IJJHFJHA@?$AAc?$AAs?$AA?9?$AAC?$AAZ@ 10004b10     libcpmt:winapinls.obj
 0001:00003b1c       ??_C@_1M@CLPEOBGI@?$AAd?$AAa?$AA?9?$AAD?$AAK@ 10004b1c     libcpmt:winapinls.obj
 0001:00003b28       ??_C@_1M@MCMADGCB@?$AAd?$AAe?$AA?9?$AAD?$AAE@ 10004b28     libcpmt:winapinls.obj
 0001:00003b34       ??_C@_1M@OOCKEMAM@?$AAe?$AAl?$AA?9?$AAG?$AAR@ 10004b34     libcpmt:winapinls.obj
 0001:00003b40       ??_C@_1M@BMHNFIME@?$AAe?$AAn?$AA?9?$AAU?$AAS@ 10004b40     libcpmt:winapinls.obj
 0001:00003b4c       ??_C@_1M@DDNJFGID@?$AAf?$AAi?$AA?9?$AAF?$AAI@ 10004b4c     libcpmt:winapinls.obj
 0001:00003b58       ??_C@_1M@GLIPPMAC@?$AAf?$AAr?$AA?9?$AAF?$AAR@ 10004b58     libcpmt:winapinls.obj
 0001:00003b64       ??_C@_1M@GFMCHPE@?$AAh?$AAe?$AA?9?$AAI?$AAL@ 10004b64     libcpmt:winapinls.obj
 0001:00003b70       ??_C@_1M@MHLPGNKM@?$AAh?$AAu?$AA?9?$AAH?$AAU@ 10004b70     libcpmt:winapinls.obj
 0001:00003b7c       ??_C@_1M@LPDDNNPN@?$AAi?$AAs?$AA?9?$AAI?$AAS@ 10004b7c     libcpmt:winapinls.obj
 0001:00003b88       ??_C@_1M@MADIPODN@?$AAi?$AAt?$AA?9?$AAI?$AAT@ 10004b88     libcpmt:winapinls.obj
 0001:00003b94       ??_C@_1M@HPNHIDJI@?$AAj?$AAa?$AA?9?$AAJ?$AAP@ 10004b94     libcpmt:winapinls.obj
 0001:00003ba0       ??_C@_1M@JLOOOEGK@?$AAk?$AAo?$AA?9?$AAK?$AAR@ 10004ba0     libcpmt:winapinls.obj
 0001:00003bac       ??_C@_1M@IHBJJGG@?$AAn?$AAl?$AA?9?$AAN?$AAL@ 10004bac     libcpmt:winapinls.obj
 0001:00003bb8       ??_C@_1M@EANAGDL@?$AAn?$AAb?$AA?9?$AAN?$AAO@ 10004bb8     libcpmt:winapinls.obj
 0001:00003bc4       ??_C@_1M@NEIEMEGP@?$AAp?$AAl?$AA?9?$AAP?$AAL@ 10004bc4     libcpmt:winapinls.obj
 0001:00003bd0       ??_C@_1M@BOCFIGEP@?$AAp?$AAt?$AA?9?$AAB?$AAR@ 10004bd0     libcpmt:winapinls.obj
 0001:00003bdc       ??_C@_1M@IMPFOPBG@?$AAr?$AAo?$AA?9?$AAR?$AAO@ 10004bdc     libcpmt:winapinls.obj
 0001:00003be8       ??_C@_1M@IDNNEJMM@?$AAr?$AAu?$AA?9?$AAR?$AAU@ 10004be8     libcpmt:winapinls.obj
 0001:00003bf4       ??_C@_1M@LILEEOGM@?$AAh?$AAr?$AA?9?$AAH?$AAR@ 10004bf4     libcpmt:winapinls.obj
 0001:00003c00       ??_C@_1M@FKIFEHPB@?$AAs?$AAk?$AA?9?$AAS?$AAK@ 10004c00     libcpmt:winapinls.obj
 0001:00003c0c       ??_C@_1M@LJMAMNPJ@?$AAs?$AAq?$AA?9?$AAA?$AAL@ 10004c0c     libcpmt:winapinls.obj
 0001:00003c18       ??_C@_1M@GIAKDKJK@?$AAs?$AAv?$AA?9?$AAS?$AAE@ 10004c18     libcpmt:winapinls.obj
 0001:00003c24       ??_C@_1M@MKJKIKCL@?$AAt?$AAh?$AA?9?$AAT?$AAH@ 10004c24     libcpmt:winapinls.obj
 0001:00003c30       ??_C@_1M@MFLCCMPB@?$AAt?$AAr?$AA?9?$AAT?$AAR@ 10004c30     libcpmt:winapinls.obj
 0001:00003c3c       ??_C@_1M@OIJHDKJN@?$AAu?$AAr?$AA?9?$AAP?$AAK@ 10004c3c     libcpmt:winapinls.obj
 0001:00003c48       ??_C@_1M@LHIPCIEK@?$AAi?$AAd?$AA?9?$AAI?$AAD@ 10004c48     libcpmt:winapinls.obj
 0001:00003c54       ??_C@_1M@MFMOBGI@?$AAu?$AAk?$AA?9?$AAU?$AAA@ 10004c54     libcpmt:winapinls.obj
 0001:00003c60       ??_C@_1M@OBGLJIPL@?$AAb?$AAe?$AA?9?$AAB?$AAY@ 10004c60     libcpmt:winapinls.obj
 0001:00003c6c       ??_C@_1M@BCFAJEAD@?$AAs?$AAl?$AA?9?$AAS?$AAI@ 10004c6c     libcpmt:winapinls.obj
 0001:00003c78       ??_C@_1M@FKFFEDDN@?$AAe?$AAt?$AA?9?$AAE?$AAE@ 10004c78     libcpmt:winapinls.obj
 0001:00003c84       ??_C@_1M@KGKKAACI@?$AAl?$AAv?$AA?9?$AAL?$AAV@ 10004c84     libcpmt:winapinls.obj
 0001:00003c90       ??_C@_1M@IFGBIJO@?$AAl?$AAt?$AA?9?$AAL?$AAT@ 10004c90     libcpmt:winapinls.obj
 0001:00003c9c       ??_C@_1M@FGEAHEDM@?$AAf?$AAa?$AA?9?$AAI?$AAR@ 10004c9c     libcpmt:winapinls.obj
 0001:00003ca8       ??_C@_1M@KBMAIBFN@?$AAv?$AAi?$AA?9?$AAV?$AAN@ 10004ca8     libcpmt:winapinls.obj
 0001:00003cb4       ??_C@_1M@GPCBKDJK@?$AAh?$AAy?$AA?9?$AAA?$AAM@ 10004cb4     libcpmt:winapinls.obj
 0001:00003cc0       ??_C@_1BG@BECMDDJB@?$AAa?$AAz?$AA?9?$AAA?$AAZ?$AA?9?$AAL?$AAa?$AAt?$AAn@ 10004cc0     libcpmt:winapinls.obj
 0001:00003cd8       ??_C@_1M@MAOFCAEA@?$AAe?$AAu?$AA?9?$AAE?$AAS@ 10004cd8     libcpmt:winapinls.obj
 0001:00003ce4       ??_C@_1M@IGHABKPI@?$AAm?$AAk?$AA?9?$AAM?$AAK@ 10004ce4     libcpmt:winapinls.obj
 0001:00003cf0       ??_C@_1M@IAIGNEJG@?$AAt?$AAn?$AA?9?$AAZ?$AAA@ 10004cf0     libcpmt:winapinls.obj
 0001:00003cfc       ??_C@_1M@IIJCOJFA@?$AAx?$AAh?$AA?9?$AAZ?$AAA@ 10004cfc     libcpmt:winapinls.obj
 0001:00003d08       ??_C@_1M@LGPJHNJH@?$AAz?$AAu?$AA?9?$AAZ?$AAA@ 10004d08     libcpmt:winapinls.obj
 0001:00003d14       ??_C@_1M@HOKAOIO@?$AAa?$AAf?$AA?9?$AAZ?$AAA@ 10004d14     libcpmt:winapinls.obj
 0001:00003d20       ??_C@_1M@DPCLHLIE@?$AAk?$AAa?$AA?9?$AAG?$AAE@ 10004d20     libcpmt:winapinls.obj
 0001:00003d2c       ??_C@_1M@BLKMHJBI@?$AAf?$AAo?$AA?9?$AAF?$AAO@ 10004d2c     libcpmt:winapinls.obj
 0001:00003d38       ??_C@_1M@LGGJAPPB@?$AAh?$AAi?$AA?9?$AAI?$AAN@ 10004d38     libcpmt:winapinls.obj
 0001:00003d44       ??_C@_1M@FIKPIHFE@?$AAm?$AAt?$AA?9?$AAM?$AAT@ 10004d44     libcpmt:winapinls.obj
 0001:00003d50       ??_C@_1M@HEGGPBFA@?$AAs?$AAe?$AA?9?$AAN?$AAO@ 10004d50     libcpmt:winapinls.obj
 0001:00003d5c       ??_C@_1M@EIBJEEPA@?$AAm?$AAs?$AA?9?$AAM?$AAY@ 10004d5c     libcpmt:winapinls.obj
 0001:00003d68       ??_C@_1M@FHLBGMPP@?$AAk?$AAk?$AA?9?$AAK?$AAZ@ 10004d68     libcpmt:winapinls.obj
 0001:00003d74       ??_C@_1M@NGJJLCGI@?$AAk?$AAy?$AA?9?$AAK?$AAG@ 10004d74     libcpmt:winapinls.obj
 0001:00003d80       ??_C@_1M@GIENNBFC@?$AAs?$AAw?$AA?9?$AAK?$AAE@ 10004d80     libcpmt:winapinls.obj
 0001:00003d8c       ??_C@_1BG@NDGMJIMJ@?$AAu?$AAz?$AA?9?$AAU?$AAZ?$AA?9?$AAL?$AAa?$AAt?$AAn@ 10004d8c     libcpmt:winapinls.obj
 0001:00003da4       ??_C@_1M@IDCCIHBC@?$AAt?$AAt?$AA?9?$AAR?$AAU@ 10004da4     libcpmt:winapinls.obj
 0001:00003db0       ??_C@_1M@LOICPMOJ@?$AAb?$AAn?$AA?9?$AAI?$AAN@ 10004db0     libcpmt:winapinls.obj
 0001:00003dbc       ??_C@_1M@KPKKNEAH@?$AAp?$AAa?$AA?9?$AAI?$AAN@ 10004dbc     libcpmt:winapinls.obj
 0001:00003dc8       ??_C@_1M@PJGPPBOG@?$AAg?$AAu?$AA?9?$AAI?$AAN@ 10004dc8     libcpmt:winapinls.obj
 0001:00003dd4       ??_C@_1M@KMKMOPHI@?$AAt?$AAa?$AA?9?$AAI?$AAN@ 10004dd4     libcpmt:winapinls.obj
 0001:00003de0       ??_C@_1M@KFEHEPAC@?$AAt?$AAe?$AA?9?$AAI?$AAN@ 10004de0     libcpmt:winapinls.obj
 0001:00003dec       ??_C@_1M@CDCLMGHI@?$AAk?$AAn?$AA?9?$AAI?$AAN@ 10004dec     libcpmt:winapinls.obj
 0001:00003df8       ??_C@_1M@MIODLDKF@?$AAm?$AAl?$AA?9?$AAI?$AAN@ 10004df8     libcpmt:winapinls.obj
 0001:00003e04       ??_C@_1M@PBIEACPO@?$AAm?$AAr?$AA?9?$AAI?$AAN@ 10004e04     libcpmt:winapinls.obj
 0001:00003e10       ??_C@_1M@NIDEAGPH@?$AAs?$AAa?$AA?9?$AAI?$AAN@ 10004e10     libcpmt:winapinls.obj
 0001:00003e1c       ??_C@_1M@FHIHCBIO@?$AAm?$AAn?$AA?9?$AAM?$AAN@ 10004e1c     libcpmt:winapinls.obj
 0001:00003e28       ??_C@_1M@JAIJPENP@?$AAc?$AAy?$AA?9?$AAG?$AAB@ 10004e28     libcpmt:winapinls.obj
 0001:00003e34       ??_C@_1M@PHGFBEPN@?$AAg?$AAl?$AA?9?$AAE?$AAS@ 10004e34     libcpmt:winapinls.obj
 0001:00003e40       ??_C@_1O@KPIPDNCP@?$AAk?$AAo?$AAk?$AA?9?$AAI?$AAN@ 10004e40     libcpmt:winapinls.obj
 0001:00003e50       ??_C@_1O@KNHJLDJA@?$AAs?$AAy?$AAr?$AA?9?$AAS?$AAY@ 10004e50     libcpmt:winapinls.obj
 0001:00003e60       ??_C@_1O@MKEKBLAH@?$AAd?$AAi?$AAv?$AA?9?$AAM?$AAV@ 10004e60     libcpmt:winapinls.obj
 0001:00003e70       ??_C@_1O@OHDCKDDF@?$AAq?$AAu?$AAz?$AA?9?$AAB?$AAO@ 10004e70     libcpmt:winapinls.obj
 0001:00003e80       ??_C@_1M@LEPJNLFD@?$AAn?$AAs?$AA?9?$AAZ?$AAA@ 10004e80     libcpmt:winapinls.obj
 0001:00003e8c       ??_C@_1M@OMLEIIJB@?$AAm?$AAi?$AA?9?$AAN?$AAZ@ 10004e8c     libcpmt:winapinls.obj
 0001:00003e98       ??_C@_1M@PMPEAILG@?$AAa?$AAr?$AA?9?$AAI?$AAQ@ 10004e98     libcpmt:winapinls.obj
 0001:00003ea4       ??_C@_1M@BIBDDEMK@?$AAz?$AAh?$AA?9?$AAC?$AAN@ 10004ea4     libcpmt:winapinls.obj
 0001:00003eb0       ??_C@_1M@CNKPNOEE@?$AAd?$AAe?$AA?9?$AAC?$AAH@ 10004eb0     libcpmt:winapinls.obj
 0001:00003ebc       ??_C@_1M@LKMGMLKO@?$AAe?$AAn?$AA?9?$AAG?$AAB@ 10004ebc     libcpmt:winapinls.obj
 0001:00003ec8       ??_C@_1M@PGKJFFGL@?$AAe?$AAs?$AA?9?$AAM?$AAX@ 10004ec8     libcpmt:winapinls.obj
 0001:00003ed4       ??_C@_1M@DNNANBDC@?$AAf?$AAr?$AA?9?$AAB?$AAE@ 10004ed4     libcpmt:winapinls.obj
 0001:00003ee0       ??_C@_1M@HLGMDFHM@?$AAi?$AAt?$AA?9?$AAC?$AAH@ 10004ee0     libcpmt:winapinls.obj
 0001:00003eec       ??_C@_1M@CLLBGJH@?$AAn?$AAl?$AA?9?$AAB?$AAE@ 10004eec     libcpmt:winapinls.obj
 0001:00003ef8       ??_C@_1M@BODBOGLF@?$AAn?$AAn?$AA?9?$AAN?$AAO@ 10004ef8     libcpmt:winapinls.obj
 0001:00003f04       ??_C@_1M@HFFAHKAD@?$AAp?$AAt?$AA?9?$AAP?$AAT@ 10004f04     libcpmt:winapinls.obj
 0001:00003f10       ??_C@_1BG@LNOAKHIE@?$AAs?$AAr?$AA?9?$AAS?$AAP?$AA?9?$AAL?$AAa?$AAt?$AAn@ 10004f10     libcpmt:winapinls.obj
 0001:00003f28       ??_C@_1M@HBMHBGAK@?$AAs?$AAv?$AA?9?$AAF?$AAI@ 10004f28     libcpmt:winapinls.obj
 0001:00003f34       ??_C@_1BG@DGCJGJBE@?$AAa?$AAz?$AA?9?$AAA?$AAZ?$AA?9?$AAC?$AAy?$AAr?$AAl@ 10004f34     libcpmt:winapinls.obj
 0001:00003f4c       ??_C@_1M@KEJDAAHB@?$AAs?$AAe?$AA?9?$AAS?$AAE@ 10004f4c     libcpmt:winapinls.obj
 0001:00003f58       ??_C@_1M@HEIBJJAD@?$AAm?$AAs?$AA?9?$AAB?$AAN@ 10004f58     libcpmt:winapinls.obj
 0001:00003f64       ??_C@_1BG@PBGJMCEM@?$AAu?$AAz?$AA?9?$AAU?$AAZ?$AA?9?$AAC?$AAy?$AAr?$AAl@ 10004f64     libcpmt:winapinls.obj
 0001:00003f7c       ??_C@_1O@LAOBCMDF@?$AAq?$AAu?$AAz?$AA?9?$AAE?$AAC@ 10004f7c     libcpmt:winapinls.obj
 0001:00003f8c       ??_C@_1M@POEEMAIO@?$AAa?$AAr?$AA?9?$AAE?$AAG@ 10004f8c     libcpmt:winapinls.obj
 0001:00003f98       ??_C@_1M@EFAKDEDL@?$AAz?$AAh?$AA?9?$AAH?$AAK@ 10004f98     libcpmt:winapinls.obj
 0001:00003fa4       ??_C@_1M@HKKIJHGI@?$AAd?$AAe?$AA?9?$AAA?$AAT@ 10004fa4     libcpmt:winapinls.obj
 0001:00003fb0       ??_C@_1M@KBFBEHJF@?$AAe?$AAn?$AA?9?$AAA?$AAU@ 10004fb0     libcpmt:winapinls.obj
 0001:00003fbc       ??_C@_1M@MNPLFAAH@?$AAe?$AAs?$AA?9?$AAE?$AAS@ 10004fbc     libcpmt:winapinls.obj
 0001:00003fc8       ??_C@_1M@HJOOJFMA@?$AAf?$AAr?$AA?9?$AAC?$AAA@ 10004fc8     libcpmt:winapinls.obj
 0001:00003fd4       ??_C@_1BG@JPOFPNAB@?$AAs?$AAr?$AA?9?$AAS?$AAP?$AA?9?$AAC?$AAy?$AAr?$AAl@ 10004fd4     libcpmt:winapinls.obj
 0001:00003fec       ??_C@_1M@LNFOCMOB@?$AAs?$AAe?$AA?9?$AAF?$AAI@ 10004fec     libcpmt:winapinls.obj
 0001:00003ff8       ??_C@_1O@MGJBOAMB@?$AAq?$AAu?$AAz?$AA?9?$AAP?$AAE@ 10004ff8     libcpmt:winapinls.obj
 0001:00004008       ??_C@_1M@GJINLBOK@?$AAa?$AAr?$AA?9?$AAL?$AAY@ 10005008     libcpmt:winapinls.obj
 0001:00004014       ??_C@_1M@GGMNHJNL@?$AAz?$AAh?$AA?9?$AAS?$AAG@ 10005014     libcpmt:winapinls.obj
 0001:00004020       ??_C@_1M@HOIKODND@?$AAd?$AAe?$AA?9?$AAL?$AAU@ 10005020     libcpmt:winapinls.obj
 0001:0000402c       ??_C@_1M@DDOCCGFG@?$AAe?$AAn?$AA?9?$AAC?$AAA@ 1000502c     libcpmt:winapinls.obj
 0001:00004038       ??_C@_1M@BNOEMJLF@?$AAe?$AAs?$AA?9?$AAG?$AAT@ 10005038     libcpmt:winapinls.obj
 0001:00004044       ??_C@_1M@EOGNKEK@?$AAf?$AAr?$AA?9?$AAC?$AAH@ 10005044     libcpmt:winapinls.obj
 0001:00004050       ??_C@_1M@FLIDJFHL@?$AAh?$AAr?$AA?9?$AAB?$AAA@ 10005050     libcpmt:winapinls.obj
 0001:0000405c       ??_C@_1O@FMCELNAJ@?$AAs?$AAm?$AAj?$AA?9?$AAN?$AAO@ 1000505c     libcpmt:winapinls.obj
 0001:0000406c       ??_C@_1M@JHGLJMGJ@?$AAa?$AAr?$AA?9?$AAD?$AAZ@ 1000506c     libcpmt:winapinls.obj
 0001:00004078       ??_C@_1M@JKKFDCNP@?$AAz?$AAh?$AA?9?$AAM?$AAO@ 10005078     libcpmt:winapinls.obj
 0001:00004084       ??_C@_1M@GEEFALPE@?$AAd?$AAe?$AA?9?$AAL?$AAI@ 10005084     libcpmt:winapinls.obj
 0001:00004090       ??_C@_1M@IGEOFBG@?$AAe?$AAn?$AA?9?$AAN?$AAZ@ 10005090     libcpmt:winapinls.obj
 0001:0000409c       ??_C@_1M@KDBONEHP@?$AAe?$AAs?$AA?9?$AAC?$AAR@ 1000509c     libcpmt:winapinls.obj
 0001:000040a8       ??_C@_1M@FHMDOHNN@?$AAf?$AAr?$AA?9?$AAL?$AAU@ 100050a8     libcpmt:winapinls.obj
 0001:000040b4       ??_C@_1BG@NFKKMAFG@?$AAb?$AAs?$AA?9?$AAB?$AAA?$AA?9?$AAL?$AAa?$AAt?$AAn@ 100050b4     libcpmt:winapinls.obj
 0001:000040cc       ??_C@_1O@IMNBEMCI@?$AAs?$AAm?$AAj?$AA?9?$AAS?$AAE@ 100050cc     libcpmt:winapinls.obj
 0001:000040dc       ??_C@_1M@DHHMBNDP@?$AAa?$AAr?$AA?9?$AAM?$AAA@ 100050dc     libcpmt:winapinls.obj
 0001:000040e8       ??_C@_1M@BNBLJCGH@?$AAe?$AAn?$AA?9?$AAI?$AAE@ 100050e8     libcpmt:winapinls.obj
 0001:000040f4       ??_C@_1M@GEPAFMDL@?$AAe?$AAs?$AA?9?$AAP?$AAA@ 100050f4     libcpmt:winapinls.obj
 0001:00004100       ??_C@_1M@OJONDMDL@?$AAf?$AAr?$AA?9?$AAM?$AAC@ 10005100     libcpmt:winapinls.obj
 0001:0000410c       ??_C@_1BG@OBCNFJB@?$AAs?$AAr?$AA?9?$AAB?$AAA?$AA?9?$AAL?$AAa?$AAt?$AAn@ 1000510c     libcpmt:winapinls.obj
 0001:00004124       ??_C@_1O@KEMEEGPO@?$AAs?$AAm?$AAa?$AA?9?$AAN?$AAO@ 10005124     libcpmt:winapinls.obj
 0001:00004134       ??_C@_1M@ELMGFODK@?$AAa?$AAr?$AA?9?$AAT?$AAN@ 10005134     libcpmt:winapinls.obj
 0001:00004140       ??_C@_1M@BHDLHFAF@?$AAe?$AAn?$AA?9?$AAZ?$AAA@ 10005140     libcpmt:winapinls.obj
 0001:0000414c       ??_C@_1M@BMGIGLIF@?$AAe?$AAs?$AA?9?$AAD?$AAO@ 1000514c     libcpmt:winapinls.obj
 0001:00004158       ??_C@_1BG@CMBHIPBE@?$AAs?$AAr?$AA?9?$AAB?$AAA?$AA?9?$AAC?$AAy?$AAr?$AAl@ 10005158     libcpmt:winapinls.obj
 0001:00004170       ??_C@_1O@HEDBLHNP@?$AAs?$AAm?$AAa?$AA?9?$AAS?$AAE@ 10005170     libcpmt:winapinls.obj
 0001:00004180       ??_C@_1M@DAGCADIM@?$AAa?$AAr?$AA?9?$AAO?$AAM@ 10005180     libcpmt:winapinls.obj
 0001:0000418c       ??_C@_1M@FODLMICG@?$AAe?$AAn?$AA?9?$AAJ?$AAM@ 1000518c     libcpmt:winapinls.obj
 0001:00004198       ??_C@_1M@DNMLCIHB@?$AAe?$AAs?$AA?9?$AAV?$AAE@ 10005198     libcpmt:winapinls.obj
 0001:000041a4       ??_C@_1O@EOKHMKJK@?$AAs?$AAm?$AAs?$AA?9?$AAF?$AAI@ 100051a4     libcpmt:winapinls.obj
 0001:000041b4       ??_C@_1M@CAFJMKOF@?$AAa?$AAr?$AA?9?$AAY?$AAE@ 100051b4     libcpmt:winapinls.obj
 0001:000041c0       ??_C@_1M@CBFHIJLI@?$AAe?$AAn?$AA?9?$AAC?$AAB@ 100051c0     libcpmt:winapinls.obj
 0001:000041cc       ??_C@_1M@BGNFLDN@?$AAe?$AAs?$AA?9?$AAC?$AAO@ 100051cc     libcpmt:winapinls.obj
 0001:000041d8       ??_C@_1O@JMPHMAMC@?$AAs?$AAm?$AAn?$AA?9?$AAF?$AAI@ 100051d8     libcpmt:winapinls.obj
 0001:000041e8       ??_C@_1M@JLANABKE@?$AAa?$AAr?$AA?9?$AAS?$AAY@ 100051e8     libcpmt:winapinls.obj
 0001:000041f4       ??_C@_1M@HPKGCFGN@?$AAe?$AAn?$AA?9?$AAB?$AAZ@ 100051f4     libcpmt:winapinls.obj
 0001:00004200       ??_C@_1M@OLJCMLGM@?$AAe?$AAs?$AA?9?$AAP?$AAE@ 10005200     libcpmt:winapinls.obj
 0001:0000420c       ??_C@_1M@MKKGFKLE@?$AAa?$AAr?$AA?9?$AAJ?$AAO@ 1000520c     libcpmt:winapinls.obj
 0001:00004218       ??_C@_1M@EKPGLDNI@?$AAe?$AAn?$AA?9?$AAT?$AAT@ 10005218     libcpmt:winapinls.obj
 0001:00004224       ??_C@_1M@OONGHFHE@?$AAe?$AAs?$AA?9?$AAA?$AAR@ 10005224     libcpmt:winapinls.obj
 0001:00004230       ??_C@_1M@OOJFGBHE@?$AAa?$AAr?$AA?9?$AAL?$AAB@ 10005230     libcpmt:winapinls.obj
 0001:0000423c       ??_C@_1M@GCEJHNEG@?$AAe?$AAn?$AA?9?$AAZ?$AAW@ 1000523c     libcpmt:winapinls.obj
 0001:00004248       ??_C@_1M@JNOCAHJI@?$AAe?$AAs?$AA?9?$AAE?$AAC@ 10005248     libcpmt:winapinls.obj
 0001:00004254       ??_C@_1M@JEFHPGGB@?$AAa?$AAr?$AA?9?$AAK?$AAW@ 10005254     libcpmt:winapinls.obj
 0001:00004260       ??_C@_1M@MLKIBJOJ@?$AAe?$AAn?$AA?9?$AAP?$AAH@ 10005260     libcpmt:winapinls.obj
 0001:0000426c       ??_C@_1M@BDNIPEND@?$AAe?$AAs?$AA?9?$AAC?$AAL@ 1000526c     libcpmt:winapinls.obj
 0001:00004278       ??_C@_1M@MPNMEKBD@?$AAa?$AAr?$AA?9?$AAA?$AAE@ 10005278     libcpmt:winapinls.obj
 0001:00004284       ??_C@_1M@KBJALCPI@?$AAe?$AAs?$AA?9?$AAU?$AAY@ 10005284     libcpmt:winapinls.obj
 0001:00004290       ??_C@_1M@LLCCOAGA@?$AAa?$AAr?$AA?9?$AAB?$AAH@ 10005290     libcpmt:winapinls.obj
 0001:0000429c       ??_C@_1M@PBFNCDEL@?$AAe?$AAs?$AA?9?$AAP?$AAY@ 1000529c     libcpmt:winapinls.obj
 0001:000042a8       ??_C@_1M@EDGINPNP@?$AAa?$AAr?$AA?9?$AAQ?$AAA@ 100052a8     libcpmt:winapinls.obj
 0001:000042b4       ??_C@_1M@MKDBIIJI@?$AAe?$AAs?$AA?9?$AAB?$AAO@ 100052b4     libcpmt:winapinls.obj
 0001:000042c0       ??_C@_1M@CPKKEBLD@?$AAe?$AAs?$AA?9?$AAS?$AAV@ 100052c0     libcpmt:winapinls.obj
 0001:000042cc       ??_C@_1M@NDBGMMJL@?$AAe?$AAs?$AA?9?$AAH?$AAN@ 100052cc     libcpmt:winapinls.obj
 0001:000042d8       ??_C@_1M@JIJIBHDP@?$AAe?$AAs?$AA?9?$AAN?$AAI@ 100052d8     libcpmt:winapinls.obj
 0001:000042e4       ??_C@_1M@CGFMKEEK@?$AAe?$AAs?$AA?9?$AAP?$AAR@ 100052e4     libcpmt:winapinls.obj
 0001:000042f0       ??_C@_1O@ICJHKIIK@?$AAz?$AAh?$AA?9?$AAC?$AAH?$AAT@ 100052f0     libcpmt:winapinls.obj
 0001:00004300       ??_C@_15CLNEJCE@?$AAs?$AAr@ 10005300     libcpmt:winapinls.obj
 0001:00004308       ??_C@_1M@KAHEKEIG@?$AAa?$AAf?$AA?9?$AAz?$AAa@ 10005308     libcpmt:winapinls.obj
 0001:00004314       ??_C@_1M@GIECOABL@?$AAa?$AAr?$AA?9?$AAa?$AAe@ 10005314     libcpmt:winapinls.obj
 0001:00004320       ??_C@_1M@BMLMEKGI@?$AAa?$AAr?$AA?9?$AAb?$AAh@ 10005320     libcpmt:winapinls.obj
 0001:0000432c       ??_C@_1M@DAPFDGGB@?$AAa?$AAr?$AA?9?$AAd?$AAz@ 1000532c     libcpmt:winapinls.obj
 0001:00004338       ??_C@_1M@FJNKGKIG@?$AAa?$AAr?$AA?9?$AAe?$AAg@ 10005338     libcpmt:winapinls.obj
 0001:00004344       ??_C@_1M@FLGKKCLO@?$AAa?$AAr?$AA?9?$AAi?$AAq@ 10005344     libcpmt:winapinls.obj
 0001:00004350       ??_C@_1M@GNDIPALM@?$AAa?$AAr?$AA?9?$AAj?$AAo@ 10005350     libcpmt:winapinls.obj
 0001:0000435c       ??_C@_1M@DDMJFMGJ@?$AAa?$AAr?$AA?9?$AAk?$AAw@ 1000535c     libcpmt:winapinls.obj
 0001:00004368       ??_C@_1M@EJALMLHM@?$AAa?$AAr?$AA?9?$AAl?$AAb@ 10005368     libcpmt:winapinls.obj
 0001:00004374       ??_C@_1M@MOBDBLOC@?$AAa?$AAr?$AA?9?$AAl?$AAy@ 10005374     libcpmt:winapinls.obj
 0001:00004380       ??_C@_1M@JAOCLHDH@?$AAa?$AAr?$AA?9?$AAm?$AAa@ 10005380     libcpmt:winapinls.obj
 0001:0000438c       ??_C@_1M@JHPMKJIE@?$AAa?$AAr?$AA?9?$AAo?$AAm@ 1000538c     libcpmt:winapinls.obj
 0001:00004398       ??_C@_1M@OEPGHFNH@?$AAa?$AAr?$AA?9?$AAq?$AAa@ 10005398     libcpmt:winapinls.obj
 0001:000043a4       ??_C@_1M@KJDONENM@?$AAa?$AAr?$AA?9?$AAs?$AAa@ 100053a4     libcpmt:winapinls.obj
 0001:000043b0       ??_C@_1M@DMJDKLKM@?$AAa?$AAr?$AA?9?$AAs?$AAy@ 100053b0     libcpmt:winapinls.obj
 0001:000043bc       ??_C@_1M@OMFIPEDC@?$AAa?$AAr?$AA?9?$AAt?$AAn@ 100053bc     libcpmt:winapinls.obj
 0001:000043c8       ??_C@_1M@IHMHGAON@?$AAa?$AAr?$AA?9?$AAy?$AAe@ 100053c8     libcpmt:winapinls.obj
 0001:000043d4       ??_C@_1BG@KDCPGJGB@?$AAa?$AAz?$AA?9?$AAa?$AAz?$AA?9?$AAc?$AAy?$AAr?$AAl@ 100053d4     libcpmt:winapinls.obj
 0001:000043ec       ??_C@_1BG@IBCKDDOE@?$AAa?$AAz?$AA?9?$AAa?$AAz?$AA?9?$AAl?$AAa?$AAt?$AAn@ 100053ec     libcpmt:winapinls.obj
 0001:00004404       ??_C@_1M@EGPFDCPD@?$AAb?$AAe?$AA?9?$AAb?$AAy@ 10005404     libcpmt:winapinls.obj
 0001:00004410       ??_C@_1M@PCMGMCGC@?$AAb?$AAg?$AA?9?$AAb?$AAg@ 10005410     libcpmt:winapinls.obj
 0001:0000441c       ??_C@_1M@BJBMFGOB@?$AAb?$AAn?$AA?9?$AAi?$AAn@ 1000541c     libcpmt:winapinls.obj
 0001:00004428       ??_C@_1BG@EAKMMACD@?$AAb?$AAs?$AA?9?$AAb?$AAa?$AA?9?$AAl?$AAa?$AAt?$AAn@ 10005428     libcpmt:winapinls.obj
 0001:00004440       ??_C@_1M@KGADAODK@?$AAc?$AAa?$AA?9?$AAe?$AAs@ 10005440     libcpmt:winapinls.obj
 0001:0000444c       ??_C@_1M@COAJPDHI@?$AAc?$AAs?$AA?9?$AAc?$AAz@ 1000544c     libcpmt:winapinls.obj
 0001:00004458       ??_C@_1M@DHBHFONH@?$AAc?$AAy?$AA?9?$AAg?$AAb@ 10005458     libcpmt:winapinls.obj
 0001:00004464       ??_C@_1M@IMGKELGA@?$AAd?$AAa?$AA?9?$AAd?$AAk@ 10005464     libcpmt:winapinls.obj
 0001:00004470       ??_C@_1M@NNDGDNGA@?$AAd?$AAe?$AA?9?$AAa?$AAt@ 10005470     libcpmt:winapinls.obj
 0001:0000447c       ??_C@_1M@IKDBHEEM@?$AAd?$AAe?$AA?9?$AAc?$AAh@ 1000547c     libcpmt:winapinls.obj
 0001:00004488       ??_C@_1M@GFFOJMCJ@?$AAd?$AAe?$AA?9?$AAd?$AAe@ 10005488     libcpmt:winapinls.obj
 0001:00004494       ??_C@_1M@MDNLKBPM@?$AAd?$AAe?$AA?9?$AAl?$AAi@ 10005494     libcpmt:winapinls.obj
 0001:000044a0       ??_C@_1M@NJBEEJNL@?$AAd?$AAe?$AA?9?$AAl?$AAu@ 100054a0     libcpmt:winapinls.obj
 0001:000044ac       ??_C@_1O@GNNELBAP@?$AAd?$AAi?$AAv?$AA?9?$AAm?$AAv@ 100054ac     libcpmt:winapinls.obj
 0001:000044bc       ??_C@_1M@EJLEOGAE@?$AAe?$AAl?$AA?9?$AAg?$AAr@ 100054bc     libcpmt:winapinls.obj
 0001:000044c8       ??_C@_1M@GMPONJN@?$AAe?$AAn?$AA?9?$AAa?$AAu@ 100054c8     libcpmt:winapinls.obj
 0001:000044d4       ??_C@_1M@NIDIIPGF@?$AAe?$AAn?$AA?9?$AAb?$AAz@ 100054d4     libcpmt:winapinls.obj
 0001:000044e0       ??_C@_1M@JEHMIMFO@?$AAe?$AAn?$AA?9?$AAc?$AAa@ 100054e0     libcpmt:winapinls.obj
 0001:000044ec       ??_C@_1M@IGMJCDLA@?$AAe?$AAn?$AA?9?$AAc?$AAb@ 100054ec     libcpmt:winapinls.obj
 0001:000044f8       ??_C@_1M@BNFIGBKG@?$AAe?$AAn?$AA?9?$AAg?$AAb@ 100054f8     libcpmt:winapinls.obj
 0001:00004504       ??_C@_1M@LKIFDIGP@?$AAe?$AAn?$AA?9?$AAi?$AAe@ 10005504     libcpmt:winapinls.obj
 0001:00004510       ??_C@_1M@PJKFGCCO@?$AAe?$AAn?$AA?9?$AAj?$AAm@ 10005510     libcpmt:winapinls.obj
 0001:0000451c       ??_C@_1M@KPPKEPBO@?$AAe?$AAn?$AA?9?$AAn?$AAz@ 1000551c     libcpmt:winapinls.obj
 0001:00004528       ??_C@_1M@GMDGLDOB@?$AAe?$AAn?$AA?9?$AAp?$AAh@ 10005528     libcpmt:winapinls.obj
 0001:00004534       ??_C@_1M@ONGIBJNA@?$AAe?$AAn?$AA?9?$AAt?$AAt@ 10005534     libcpmt:winapinls.obj
 0001:00004540       ??_C@_1M@LLODPCMM@?$AAe?$AAn?$AA?9?$AAu?$AAs@ 10005540     libcpmt:winapinls.obj
 0001:0000454c       ??_C@_1M@LAKFNPAN@?$AAe?$AAn?$AA?9?$AAz?$AAa@ 1000554c     libcpmt:winapinls.obj
 0001:00004558       ??_C@_1M@MFNHNHEO@?$AAe?$AAn?$AA?9?$AAz?$AAw@ 10005558     libcpmt:winapinls.obj
 0001:00004564       ??_C@_1M@EJEINPHM@?$AAe?$AAs?$AA?9?$AAa?$AAr@ 10005564     libcpmt:winapinls.obj
 0001:00004570       ??_C@_1M@GNKPCCJA@?$AAe?$AAs?$AA?9?$AAb?$AAo@ 10005570     libcpmt:winapinls.obj
 0001:0000457c       ??_C@_1M@LEEGFONL@?$AAe?$AAs?$AA?9?$AAc?$AAl@ 1000557c     libcpmt:winapinls.obj
 0001:00004588       ??_C@_1M@KGPDPBDF@?$AAe?$AAs?$AA?9?$AAc?$AAo@ 10005588     libcpmt:winapinls.obj
 0001:00004594       ??_C@_1M@EIAHOHH@?$AAe?$AAs?$AA?9?$AAc?$AAr@ 10005594     libcpmt:winapinls.obj
 0001:000045a0       ??_C@_1M@LLPGMBIN@?$AAe?$AAs?$AA?9?$AAd?$AAo@ 100055a0     libcpmt:winapinls.obj
 0001:000045ac       ??_C@_1M@DKHMKNJA@?$AAe?$AAs?$AA?9?$AAe?$AAc@ 100055ac     libcpmt:winapinls.obj
 0001:000045b8       ??_C@_1M@GKGFPKAP@?$AAe?$AAs?$AA?9?$AAe?$AAs@ 100055b8     libcpmt:winapinls.obj
 0001:000045c4       ??_C@_1M@LKHKGDLN@?$AAe?$AAs?$AA?9?$AAg?$AAt@ 100055c4     libcpmt:winapinls.obj
 0001:000045d0       ??_C@_1M@HEIIGGJD@?$AAe?$AAs?$AA?9?$AAh?$AAn@ 100055d0     libcpmt:winapinls.obj
 0001:000045dc       ??_C@_1M@FBDHPPGD@?$AAe?$AAs?$AA?9?$AAm?$AAx@ 100055dc     libcpmt:winapinls.obj
 0001:000045e8       ??_C@_1M@DPAGLNDH@?$AAe?$AAs?$AA?9?$AAn?$AAi@ 100055e8     libcpmt:winapinls.obj
 0001:000045f4       ??_C@_1M@MDGOPGDD@?$AAe?$AAs?$AA?9?$AAp?$AAa@ 100055f4     libcpmt:winapinls.obj
 0001:00004600       ??_C@_1M@EMAMGBGE@?$AAe?$AAs?$AA?9?$AAp?$AAe@ 10005600     libcpmt:winapinls.obj
 0001:0000460c       ??_C@_1M@IBMCAOEC@?$AAe?$AAs?$AA?9?$AAp?$AAr@ 1000560c     libcpmt:winapinls.obj
 0001:00004618       ??_C@_1M@FGMDIJED@?$AAe?$AAs?$AA?9?$AAp?$AAy@ 10005618     libcpmt:winapinls.obj
 0001:00004624       ??_C@_1M@IIDEOLLL@?$AAe?$AAs?$AA?9?$AAs?$AAv@ 10005624     libcpmt:winapinls.obj
 0001:00004630       ??_C@_1M@GAOBIPA@?$AAe?$AAs?$AA?9?$AAu?$AAy@ 10005630     libcpmt:winapinls.obj
 0001:0000463c       ??_C@_1M@JKFFICHJ@?$AAe?$AAs?$AA?9?$AAv?$AAe@ 1000563c     libcpmt:winapinls.obj
 0001:00004648       ??_C@_1M@PNMLOJDF@?$AAe?$AAt?$AA?9?$AAe?$AAe@ 10005648     libcpmt:winapinls.obj
 0001:00004654       ??_C@_1M@GHHLIKEI@?$AAe?$AAu?$AA?9?$AAe?$AAs@ 10005654     libcpmt:winapinls.obj
 0001:00004660       ??_C@_1M@PBNONODE@?$AAf?$AAa?$AA?9?$AAi?$AAr@ 10005660     libcpmt:winapinls.obj
 0001:0000466c       ??_C@_1M@JEEHPMIL@?$AAf?$AAi?$AA?9?$AAf?$AAi@ 1000566c     libcpmt:winapinls.obj
 0001:00004678       ??_C@_1M@LMDCNDBA@?$AAf?$AAo?$AA?9?$AAf?$AAo@ 10005678     libcpmt:winapinls.obj
 0001:00004684       ??_C@_1M@JKEOHLDK@?$AAf?$AAr?$AA?9?$AAb?$AAe@ 10005684     libcpmt:winapinls.obj
 0001:00004690       ??_C@_1M@NOHADPMI@?$AAf?$AAr?$AA?9?$AAc?$AAa@ 10005690     libcpmt:winapinls.obj
 0001:0000469c       ??_C@_1M@KDHIHAEC@?$AAf?$AAr?$AA?9?$AAc?$AAh@ 1000569c     libcpmt:winapinls.obj
 0001:000046a8       ??_C@_1M@MMBBFGAK@?$AAf?$AAr?$AA?9?$AAf?$AAr@ 100056a8     libcpmt:winapinls.obj
 0001:000046b4       ??_C@_1M@PAFNENNF@?$AAf?$AAr?$AA?9?$AAl?$AAu@ 100056b4     libcpmt:winapinls.obj
 0001:000046c0       ??_C@_1M@EOHDJGDD@?$AAf?$AAr?$AA?9?$AAm?$AAc@ 100056c0     libcpmt:winapinls.obj
 0001:000046cc       ??_C@_1M@FAPLLOPF@?$AAg?$AAl?$AA?9?$AAe?$AAs@ 100056cc     libcpmt:winapinls.obj
 0001:000046d8       ??_C@_1M@FOPBFLOO@?$AAg?$AAu?$AA?9?$AAi?$AAn@ 100056d8     libcpmt:winapinls.obj
 0001:000046e4       ??_C@_1M@KBMCINPM@?$AAh?$AAe?$AA?9?$AAi?$AAl@ 100056e4     libcpmt:winapinls.obj
 0001:000046f0       ??_C@_1M@BBPHKFPJ@?$AAh?$AAi?$AA?9?$AAi?$AAn@ 100056f0     libcpmt:winapinls.obj
 0001:000046fc       ??_C@_1M@PMBNDPHD@?$AAh?$AAr?$AA?9?$AAb?$AAa@ 100056fc     libcpmt:winapinls.obj
 0001:00004708       ??_C@_1M@BPCKOEGE@?$AAh?$AAr?$AA?9?$AAh?$AAr@ 10005708     libcpmt:winapinls.obj
 0001:00004714       ??_C@_1M@GACBMHKE@?$AAh?$AAu?$AA?9?$AAh?$AAu@ 10005714     libcpmt:winapinls.obj
 0001:00004720       ??_C@_1M@MILPAJJC@?$AAh?$AAy?$AA?9?$AAa?$AAm@ 10005720     libcpmt:winapinls.obj
 0001:0000472c       ??_C@_1M@BABBICEC@?$AAi?$AAd?$AA?9?$AAi?$AAd@ 1000572c     libcpmt:winapinls.obj
 0001:00004738       ??_C@_1M@BIKNHHPF@?$AAi?$AAs?$AA?9?$AAi?$AAs@ 10005738     libcpmt:winapinls.obj
 0001:00004744       ??_C@_1M@NMPCJPHE@?$AAi?$AAt?$AA?9?$AAc?$AAh@ 10005744     libcpmt:winapinls.obj
 0001:00004750       ??_C@_1M@GHKGFEDF@?$AAi?$AAt?$AA?9?$AAi?$AAt@ 10005750     libcpmt:winapinls.obj
 0001:0000475c       ??_C@_1M@NIEJCJJA@?$AAj?$AAa?$AA?9?$AAj?$AAp@ 1000575c     libcpmt:winapinls.obj
 0001:00004768       ??_C@_1M@JILFNBIM@?$AAk?$AAa?$AA?9?$AAg?$AAe@ 10005768     libcpmt:winapinls.obj
 0001:00004774       ??_C@_1M@PACPMGPH@?$AAk?$AAk?$AA?9?$AAk?$AAz@ 10005774     libcpmt:winapinls.obj
 0001:00004780       ??_C@_1M@IELFGMHA@?$AAk?$AAn?$AA?9?$AAi?$AAn@ 10005780     libcpmt:winapinls.obj
 0001:0000478c       ??_C@_1M@DMHAEOGC@?$AAk?$AAo?$AA?9?$AAk?$AAr@ 1000578c     libcpmt:winapinls.obj
 0001:00004798       ??_C@_1O@IBBJHCH@?$AAk?$AAo?$AAk?$AA?9?$AAi?$AAn@ 10005798     libcpmt:winapinls.obj
 0001:000047a8       ??_C@_1M@HBAHBIGA@?$AAk?$AAy?$AA?9?$AAk?$AAg@ 100057a8     libcpmt:winapinls.obj
 0001:000047b4       ??_C@_1M@KPMILCJG@?$AAl?$AAt?$AA?9?$AAl?$AAt@ 100057b4     libcpmt:winapinls.obj
 0001:000047c0       ??_C@_1M@BDEKKCA@?$AAl?$AAv?$AA?9?$AAl?$AAv@ 100057c0     libcpmt:winapinls.obj
 0001:000047cc       ??_C@_1M@ELCKCCJJ@?$AAm?$AAi?$AA?9?$AAn?$AAz@ 100057cc     libcpmt:winapinls.obj
 0001:000047d8       ??_C@_1M@CBOOLAPA@?$AAm?$AAk?$AA?9?$AAm?$AAk@ 100057d8     libcpmt:winapinls.obj
 0001:000047e4       ??_C@_1M@GPHNBJKN@?$AAm?$AAl?$AA?9?$AAi?$AAn@ 100057e4     libcpmt:winapinls.obj
 0001:000047f0       ??_C@_1M@PABJILIG@?$AAm?$AAn?$AA?9?$AAm?$AAn@ 100057f0     libcpmt:winapinls.obj
 0001:000047fc       ??_C@_1M@FGBKKIPG@?$AAm?$AAr?$AA?9?$AAi?$AAn@ 100057fc     libcpmt:winapinls.obj
 0001:00004808       ??_C@_1M@NDBPDDAL@?$AAm?$AAs?$AA?9?$AAb?$AAn@ 10005808     libcpmt:winapinls.obj
 0001:00004814       ??_C@_1M@OPIHOOPI@?$AAm?$AAs?$AA?9?$AAm?$AAy@ 10005814     libcpmt:winapinls.obj
 0001:00004820       ??_C@_1M@PPDBCNFM@?$AAm?$AAt?$AA?9?$AAm?$AAt@ 10005820     libcpmt:winapinls.obj
 0001:0000482c       ??_C@_1M@KDJDKMDD@?$AAn?$AAb?$AA?9?$AAn?$AAo@ 1000582c     libcpmt:winapinls.obj
 0001:00004838       ??_C@_1M@KFCFLMJP@?$AAn?$AAl?$AA?9?$AAb?$AAe@ 10005838     libcpmt:winapinls.obj
 0001:00004844       ??_C@_1M@KPOPDDGO@?$AAn?$AAl?$AA?9?$AAn?$AAl@ 10005844     libcpmt:winapinls.obj
 0001:00004850       ??_C@_1M@LJKPEMLN@?$AAn?$AAn?$AA?9?$AAn?$AAo@ 10005850     libcpmt:winapinls.obj
 0001:0000485c       ??_C@_1M@BDGHHBFL@?$AAn?$AAs?$AA?9?$AAz?$AAa@ 1000585c     libcpmt:winapinls.obj
 0001:00004868       ??_C@_1M@IDEHOAP@?$AAp?$AAa?$AA?9?$AAi?$AAn@ 10005868     libcpmt:winapinls.obj
 0001:00004874       ??_C@_1M@HDBKGOGH@?$AAp?$AAl?$AA?9?$AAp?$AAl@ 10005874     libcpmt:winapinls.obj
 0001:00004880       ??_C@_1M@LJLLCMEH@?$AAp?$AAt?$AA?9?$AAb?$AAr@ 10005880     libcpmt:winapinls.obj
 0001:0000488c       ??_C@_1M@NCMONAAL@?$AAp?$AAt?$AA?9?$AAp?$AAt@ 1000588c     libcpmt:winapinls.obj
 0001:00004898       ??_C@_1O@EAKMAJDN@?$AAq?$AAu?$AAz?$AA?9?$AAb?$AAo@ 10005898     libcpmt:winapinls.obj
[...]
 0001:00048a08       __sehtable$??$?RV<lambda_2866be3712abc81a800a822484c830d8>@@AAV<lambda_39ca0ed439415581b5b15c265174cece>@@V<lambda_2b24c74d71094a6cd0cb82e44167d71b>@@@?$__crt_seh_guarded_call@X@@QAEX$$QAV<lambda_2866be3712abc81a800a822484c830d8>@@AAV<lambda_39ca0ed439415581b5b15c265174cece>@@$$QAV<lambda_2b24c74d71094a6cd0cb82e44167d71b>@@@Z 10049a08     libucrt:fflush.obj
 0001:00048a28       __sehtable$??$?RV<lambda_2cc53f568c5a2bb6f192f930a45d44ea>@@AAV<lambda_ab61a845afdef5b7c387490eaf3616ee>@@V<lambda_c2ffc0b7726aa6be21d5f0026187e748>@@@?$__crt_seh_guarded_call@X@@QAEX$$QAV<lambda_2cc53f568c5a2bb6f192f930a45d44ea>@@AAV<lambda_ab61a845afdef5b7c387490eaf3616ee>@@$$QAV<lambda_c2ffc0b7726aa6be21d5f0026187e748>@@@Z 10049a28     libucrt:fflush.obj
 0001:00048a48       __sehtable$___acrt_initialize_lowio 10049a48     libucrt:ioinit.obj
 0001:00048a68       __sehtable$__write         10049a68     libucrt:write.obj
 0001:00048a88       __sehtable$??$?RV<lambda_e5124f882df8998aaf41531e079ba474>@@AAV<lambda_3e16ef9562a7dcce91392c22ab16ea36>@@V<lambda_e25ca0880e6ef98be67edffd8c599615>@@@?$__crt_seh_guarded_call@X@@QAEX$$QAV<lambda_e5124f882df8998aaf41531e079ba474>@@AAV<lambda_3e16ef9562a7dcce91392c22ab16ea36>@@$$QAV<lambda_e25ca0880e6ef98be67edffd8c599615>@@@Z 10049a88     libucrt:wsetlocale.obj
 0001:00048aa8       __sehtable$??$?RV<lambda_4fdada1b837b2abbf20876fac97688ad>@@AAV<lambda_b57350f2640456a0859d250846f69caf>@@V<lambda_eed5e4f92b5b7d55fa22c48c484aaa54>@@@?$__crt_seh_guarded_call@X@@QAEX$$QAV<lambda_4fdada1b837b2abbf20876fac97688ad>@@AAV<lambda_b57350f2640456a0859d250846f69caf>@@$$QAV<lambda_eed5e4f92b5b7d55fa22c48c484aaa54>@@@Z 10049aa8     libucrt:wsetlocale.obj
 0001:00048ac8       __sehtable$??$?RV<lambda_135d2772fca65dc1248eeaa1b56e886a>@@AAV<lambda_2a444430fde8c29194d880d93eed5e8f>@@AAV<lambda_8dff2cf36a5417162780cd64fa2883ef>@@@?$__crt_seh_guarded_call@X@@QAEX$$QAV<lambda_135d2772fca65dc1248eeaa1b56e886a>@@AAV<lambda_2a444430fde8c29194d880d93eed5e8f>@@AAV<lambda_8dff2cf36a5417162780cd64fa2883ef>@@@Z 10049ac8     libucrt:wsetlocale.obj
 0001:00048ae4       __unwindtable$?_wcstombs_l_helper@@YAIPADPB_WIPAU__crt_locale_pointers@@@Z 10049ae4     libucrt:wcstombs.obj
 0001:00048aec       __ehfuncinfo$?_wcstombs_l_helper@@YAIPADPB_WIPAU__crt_locale_pointers@@@Z 10049aec     libucrt:wcstombs.obj
 0001:00048b10       __sehtable$_raise          10049b10     libucrt:signal.obj
 0001:00048b30       __sehtable$??$?RV<lambda_cbab9ec6f41b0180b23cc171c22676b0>@@AAV<lambda_44731a7d0e6d81c3e6aa82d741081786>@@V<lambda_4b292cb8dd18144e164572427af410ab>@@@?$__crt_seh_guarded_call@P6AXH@Z@@QAEP6AXH@Z$$QAV<lambda_cbab9ec6f41b0180b23cc171c22676b0>@@AAV<lambda_44731a7d0e6d81c3e6aa82d741081786>@@$$QAV<lambda_4b292cb8dd18144e164572427af410ab>@@@Z 10049b30     libucrt:signal.obj
 0001:00048b50       __sehtable$?update_thread_multibyte_data_internal@@YAPAU__crt_multibyte_data@@QAU__acrt_ptd@@QAPAU1@@Z 10049b50     libucrt:mbctype.obj
 0001:00048b70       __sehtable$??$?RV<lambda_ceb1ee4838e85a9d631eb091e2fbe199>@@AAV<lambda_ae742caa10f662c28703da3d2ea5e57e>@@V<lambda_cd08b5d6af4937fe54fc07d0c9bf6b37>@@@?$__crt_seh_guarded_call@X@@QAEX$$QAV<lambda_ceb1ee4838e85a9d631eb091e2fbe199>@@AAV<lambda_ae742caa10f662c28703da3d2ea5e57e>@@$$QAV<lambda_cd08b5d6af4937fe54fc07d0c9bf6b37>@@@Z 10049b70     libucrt:mbctype.obj
 0001:00048b90       __sehtable$___acrt_update_thread_locale_data 10049b90     libucrt:locale_refcounting.obj
 0001:00048bb0       __sehtable$_fclose         10049bb0     libucrt:fclose.obj
 0001:00048bd0       __sehtable$??$?RV<lambda_9e9de3de5fa147e2223d7db92bc10aa6>@@AAV<lambda_38ce7e780aa69e748d6df282ebc68efe>@@V<lambda_8ca6da459f0f6780f1cff60fdc3d00e5>@@@?$__crt_seh_guarded_call@H@@QAEH$$QAV<lambda_9e9de3de5fa147e2223d7db92bc10aa6>@@AAV<lambda_38ce7e780aa69e748d6df282ebc68efe>@@$$QAV<lambda_8ca6da459f0f6780f1cff60fdc3d00e5>@@@Z 10049bd0     libucrt:commit.obj
 0001:00048bf0       __sehtable$??$?RV<lambda_218ce3db14220d0be481dae8ef3383b6>@@AAV<lambda_628dfdc04ba53c8bfc02c9951375f3f5>@@V<lambda_57dc472bd5c9d5f3b2cbca59b8a843ae>@@@?$__crt_seh_guarded_call@H@@QAEH$$QAV<lambda_218ce3db14220d0be481dae8ef3383b6>@@AAV<lambda_628dfdc04ba53c8bfc02c9951375f3f5>@@$$QAV<lambda_57dc472bd5c9d5f3b2cbca59b8a843ae>@@@Z 10049bf0     libucrt:close.obj
 0001:00048c10       __sehtable$__IsNonwritableInCurrentImage 10049c10     LIBCMT:pesect.obj
 0001:00048c30       .edata                     10049c30     ProcList.exp
 0001:00048c58       rgpv                       10049c58     ProcList.exp
 0001:00048c94       rgszName                   10049c94     ProcList.exp
 0001:00048cd0       rgwOrd                     10049cd0     ProcList.exp
 0001:00048cee       szName                     10049cee     ProcList.exp
 0001:00048cfb       $N00001                    10049cfb     ProcList.exp
 0001:00048d07       $N00002                    10049d07     ProcList.exp
 0001:00048d10       $N00003                    10049d10     ProcList.exp
 0001:00048d1b       $N00004                    10049d1b     ProcList.exp
 0001:00048d28       $N00005                    10049d28     ProcList.exp
 0001:00048d31       $N00006                    10049d31     ProcList.exp
 0001:00048d3f       $N00007                    10049d3f     ProcList.exp
 0001:00048d49       $N00008                    10049d49     ProcList.exp
 0001:00048d56       $N00009                    10049d56     ProcList.exp
 0001:00048d65       $N00010                    10049d65     ProcList.exp
 0001:00048d77       $N00011                    10049d77     ProcList.exp
 0001:00048d86       $N00012                    10049d86     ProcList.exp
 0001:00048d8c       $N00013                    10049d8c     ProcList.exp
 0001:00048d9f       $N00014                    10049d9f     ProcList.exp
 0001:00048db2       $N00015                    10049db2     ProcList.exp
 0002:00000008       ?FKeys@?1??GetOpenPanelInfo@Plist@@QAEXPAUOpenPanelInfo@@@Z@4PAGA 1004a008     Pclass.obj
 0002:0000004c       ?nr@?7??Connect@Plist@@QAE_NPB_W00@Z@4U_NETRESOURCEW@@A 1004a04c     Pclass.obj
 0002:000000b0       ?init@std@@3JA             1004a0b0     libcpmt:xlock.obj
 0002:000000b4       ?atcount_cdecl@@3IA        1004a0b4     libcpmt:iosptrs.obj
 0002:000000f0       ?__vcrt_flsindex@@3KA      1004a0f0     libvcruntime:per_thread_data.obj
 0002:00000110       ?errno_no_memory@@3HA      1004a110     libucrt:errno.obj
 0002:00000114       ?doserrno_no_memory@@3KA   1004a114     libucrt:errno.obj
 0002:00000240       ?__acrt_flsindex@@3KA      1004a240     libucrt:per_thread_data.obj
 0002:00000244       __ctype_loc_style          1004a244     libucrt:wsetlocale.obj
 0002:00000310       _newcw                     1004a310     libucrt:modf.obj
 0002:00000328       ?tzstd_program@@3PADA      1004a328     libucrt:timeset.obj
 0002:00000368       ?tzdst_program@@3PADA      1004a368     libucrt:timeset.obj
 0002:000003a8       ?tzname_states@@3PAY01PADA 1004a3a8     libucrt:timeset.obj
 0002:000005d0       __mbctypes                 1004a5d0     libucrt:mbctype.obj
 0002:000006d8       __mbcasemaps               1004a6d8     libucrt:mbctype.obj
 0002:000007d8       ?__rgctypeflag@@3PADA      1004a7d8     libucrt:mbctype.obj
 0002:000007e0       ?__rgcode_page_info@@3PAUcode_page_info@@A 1004a7e0     libucrt:mbctype.obj
 0002:000009d0       ?__dcrt_lowio_console_output_handle@@3PAXA 1004a9d0     libucrt:initcon.obj
 0002:00000af4       ??_R0?AV<lambda_2188c710c02002b0eab1052a0acb7023>@@@8 1004aaf4     Plist.obj
 0002:00000b2c       ??_R0?AV<lambda_d3397212bd5e450c6dbd36f327bf5553>@@@8 1004ab2c     WMI.obj
 0002:00000b64       ??_R0?AV<lambda_8364a2c8b43a2a1256754ccc435293aa>@@@8 1004ab64     WMI.obj
 0002:00000d2c       ?UserAccountID@?1??GetUserAccountID@@YA@XZ@4V?$basic_string@_WU?$char_traits@_W@std@@V?$allocator@_W@2@@std@@B 1004ad2c     handles.obj
 0002:00000d44       ?$S1@?1??GetUserAccountID@@YA@XZ@4IA 1004ad44     handles.obj
 0002:00000d48       ?TitlesLocal@?1??PanelModes@Plist@@QAEPAUPanelMode@@AAI@Z@4V?$array@V?$array@PA_W$0BI@@std@@$09@std@@A 1004ad48     Pclass.obj
 0002:00001108       ?TitlesRemote@?1??PanelModes@Plist@@QAEPAUPanelMode@@AAI@Z@4V?$array@V?$array@PA_W$0BI@@std@@$09@std@@A 1004b108     Pclass.obj
 0002:000014c8       ?PanelModesLocal@?1??PanelModes@Plist@@QAEPAUPanelMode@@AAI@Z@4V?$array@UPanelMode@@$09@std@@A 1004b4c8     Pclass.obj
 0002:00001608       ?PanelModesRemote@?1??PanelModes@Plist@@QAEPAUPanelMode@@AAI@Z@4V?$array@UPanelMode@@$09@std@@A 1004b608     Pclass.obj
 0002:00001748       ?ArraysInited@?2??PanelModes@Plist@@QAEPAUPanelMode@@AAI@Z@4_NA 1004b748     Pclass.obj
 0002:0000174c       ?Title@?1??GetOpenPanelInfo@Plist@@QAEXPAUOpenPanelInfo@@@Z@4V?$basic_string@_WU?$char_traits@_W@std@@V?$allocator@_W@2@@std@@A 1004b74c     Pclass.obj
 0002:00001764       ?$S1@?1??GetOpenPanelInfo@Plist@@QAEXPAUOpenPanelInfo@@@Z@4IA 1004b764     Pclass.obj
 0002:00001768       ?kbl@?1??GetOpenPanelInfo@Plist@@QAEXPAUOpenPanelInfo@@@Z@4PAUKeyBarLabel@@A 1004b768     Pclass.obj
 0002:00001818       ?kbt@?1??GetOpenPanelInfo@Plist@@QAEXPAUOpenPanelInfo@@@Z@4UKeyBarTitles@@A 1004b818     Pclass.obj
 0002:00001820       ?$S2@?1??GetOpenPanelInfo@Plist@@QAEXPAUOpenPanelInfo@@@Z@4IA 1004b820     Pclass.obj
 0002:00001828       ?Styles@?1??window_style@@YA@PAUHWND__@@@Z@4QBU?$pair@HPB_W@std@@B 1004b828     Pclass.obj
 0002:000018a8       ?$S3@?1??window_style@@YA@PAUHWND__@@@Z@4IA 1004b8a8     Pclass.obj
 0002:000018b0       ?ExtStyles@?1??window_ex_style@@YA@PAUHWND__@@@Z@4QBU?$pair@HPB_W@std@@B 1004b8b0     Pclass.obj
 0002:00001950       ?$S5@?1??window_ex_style@@YA@PAUHWND__@@@Z@4IA 1004b950     Pclass.obj
 0002:00001954       ?IsWow64@?1??Is64BitWindows@@YA_NXZ@4_NB 1004b954     perfthread.obj
 0002:00001958       ?$S1@?1??Is64BitWindows@@YA_NXZ@4IA 1004b958     perfthread.obj
 0002:0000195c       ?IsWow64@?1??is_wow64_itself@@YA_NXZ@4_NB 1004b95c     Plist.obj
 0002:00001960       ?$S1@?1??is_wow64_itself@@YA_NXZ@4IA 1004b960     Plist.obj
 0002:00001964       ?hDebugToken@@3V?$unique_ptr@XUhandle_closer@@@std@@A 1004b964     Plist.obj
 0002:00001adc       ?Inited@?1??dynamic_bind@@YAXXZ@4_NA 1004badc     Proclist.obj
 0002:00001ae0       ?PluginMenuStrings@?4??GetPluginInfoW@@9@4@4PAPB_WA 1004bae0     Proclist.obj
 0002:00001ae4       ?DiskMenuStrings@?7??GetPluginInfoW@@9@4@4PAPB_WA 1004bae4     Proclist.obj
 0002:00001ae8       ?PluginCfgStrings@?1??GetPluginInfoW@@9@4@4PAPB_WA 1004bae8     Proclist.obj
 0002:00001af0       ?Cookie@?1??XorPointer@@YAPAXPAX@Z@4IB 1004baf0     vc_crt_fix_impl.obj
 0002:00001af4       ?$S1@?1??XorPointer@@YAPAXPAX@Z@4IA 1004baf4     vc_crt_fix_impl.obj
 0002:00001af8       ?Function@?1??EncodePointerWrapper@@9@4@4Q6GPAXPAX@ZA 1004baf8     vc_crt_fix_impl.obj
 0002:00001afc       ?$S2@?1??EncodePointerWrapper@@9@4@4IA 1004bafc     vc_crt_fix_impl.obj
 0002:00001b00       ?Function@?1??DecodePointerWrapper@@9@4@4Q6GPAXPAX@ZA 1004bb00     vc_crt_fix_impl.obj
 0002:00001b04       ?$S3@?1??DecodePointerWrapper@@9@4@4IA 1004bb04     vc_crt_fix_impl.obj
 0002:00001b08       ?Function@?1??GetModuleHandleExWWrapper@@9@12@4Q6GHKPB_WPAPAUHINSTANCE__@@@ZA 1004bb08     vc_crt_fix_impl.obj
 0002:00001b0c       ?$S4@?1??GetModuleHandleExWWrapper@@9@12@4IA 1004bb0c     vc_crt_fix_impl.obj
 0002:00001b10       ?Deleter@?1??InitializeSListHead@implementation@slist@@YGXPAT_SLIST_HEADER@@@Z@4Vservice_deleter@23@A 1004bb10     vc_crt_fix_impl.obj
 0002:00001b30       ?$S5@?1??InitializeSListHead@implementation@slist@@YGXPAT_SLIST_HEADER@@@Z@4IA 1004bb30     vc_crt_fix_impl.obj
 0002:00001b34       ?Function@?1??InitializeSListHeadWrapper@@9@4@4Q6GXPAT_SLIST_HEADER@@@ZA 1004bb34     vc_crt_fix_impl.obj
 0002:00001b38       ?$S6@?1??InitializeSListHeadWrapper@@9@4@4IA 1004bb38     vc_crt_fix_impl.obj
 0002:00001b3c       ?Function@?1??InterlockedFlushSListWrapper@@9@4@4Q6GPAU_SINGLE_LIST_ENTRY@@PAT_SLIST_HEADER@@@ZA 1004bb3c     vc_crt_fix_impl.obj
 0002:00001b40       ?$S7@?1??InterlockedFlushSListWrapper@@9@4@4IA 1004bb40     vc_crt_fix_impl.obj
 0002:00001b44       ?Function@?1??InterlockedPopEntrySListWrapper@@9@4@4Q6GPAU_SINGLE_LIST_ENTRY@@PAT_SLIST_HEADER@@@ZA 1004bb44     vc_crt_fix_impl.obj
 0002:00001b48       ?$S8@?1??InterlockedPopEntrySListWrapper@@9@4@4IA 1004bb48     vc_crt_fix_impl.obj
 0002:00001b4c       ?Function@?1??InterlockedPushEntrySListWrapper@@9@8@4Q6GPAU_SINGLE_LIST_ENTRY@@PAT_SLIST_HEADER@@PAU2@@ZA 1004bb4c     vc_crt_fix_impl.obj
 0002:00001b50       ?$S9@?1??InterlockedPushEntrySListWrapper@@9@8@4IA 1004bb50     vc_crt_fix_impl.obj
 0002:00001b54       ?Function@?1??InterlockedPushListSListExWrapper@@9@16@4Q6GPAU_SINGLE_LIST_ENTRY@@PAT_SLIST_HEADER@@PAU2@1K@ZA 1004bb54     vc_crt_fix_impl.obj
 0002:00001b58       ?$S10@?1??InterlockedPushListSListExWrapper@@9@16@4IA 1004bb58     vc_crt_fix_impl.obj
 0002:00001b5c       ?Function@?1??RtlFirstEntrySListWrapper@@9@4@4Q6GPAU_SINGLE_LIST_ENTRY@@PAT_SLIST_HEADER@@@ZA 1004bb5c     vc_crt_fix_impl.obj
 0002:00001b60       ?$S11@?1??RtlFirstEntrySListWrapper@@9@4@4IA 1004bb60     vc_crt_fix_impl.obj
 0002:00001b64       ?Function@?1??QueryDepthSListWrapper@@9@4@4Q6GGPAT_SLIST_HEADER@@@ZA 1004bb64     vc_crt_fix_impl.obj
 0002:00001b68       ?$S12@?1??QueryDepthSListWrapper@@9@4@4IA 1004bb68     vc_crt_fix_impl.obj
 0002:00001b6c       ?Function@?1??GetNumaHighestNodeNumberWrapper@@9@4@4Q6GHPAK@ZA 1004bb6c     vc_crt_fix_impl.obj
 0002:00001b70       ?$S13@?1??GetNumaHighestNodeNumberWrapper@@9@4@4IA 1004bb70     vc_crt_fix_impl.obj
 0002:00001b74       ?Function@?1??GetLogicalProcessorInformationWrapper@@9@8@4Q6GHPAU_SYSTEM_LOGICAL_PROCESSOR_INFORMATION@@PAK@ZA 1004bb74     vc_crt_fix_impl.obj
 0002:00001b78       ?$S14@?1??GetLogicalProcessorInformationWrapper@@9@8@4IA 1004bb78     vc_crt_fix_impl.obj
 0002:00001b7c       ?Function@?1??SetThreadStackGuaranteeWrapper@@9@4@4Q6GHPAK@ZA 1004bb7c     vc_crt_fix_impl.obj
 0002:00001b80       ?$S15@?1??SetThreadStackGuaranteeWrapper@@9@4@4IA 1004bb80     vc_crt_fix_impl.obj
 0002:00001b88       ?initlocks@std@@3V_Init_locks@1@A 1004bb88     libcpmt:xlock.obj
 0002:00001b90       ?mtx@std@@3PAU_RTL_CRITICAL_SECTION@@A 1004bb90     libcpmt:xlock.obj
 0002:00001c6c       ?classic_locale@std@@3Vlocale@1@A 1004bc6c     libcpmt:locale0.obj
 0002:00001c74       ?_Fac_tidy_reg@std@@3U_Fac_tidy_reg_t@1@B 1004bc74     libcpmt:locale0.obj
 0002:00001c78       ?_Fac_head@std@@3PAU_Fac_node@1@A 1004bc78     libcpmt:locale0.obj
 0002:00001c7c       _global_locale             1004bc7c     libcpmt:locale0.obj
 0002:00001c80       ?registered@?1??_Setgloballocale@locale@std@@CAXPAX@Z@4_NA 1004bc80     libcpmt:locale0.obj
 0002:00001cb0       ?initlocks@std@@3V_Init_locks@1@A 1004bcb0     libcpmt:iosptrs.obj
 0002:00001cb1       ?init_atexit@@3U_Init_atexit@@A 1004bcb1     libcpmt:iosptrs.obj
 0002:00001cb4       ?atfuns_cdecl@@3PAP6AXXZA  1004bcb4     libcpmt:iosptrs.obj
 0002:00001dfc       ?is_initialized_as_dll@@3_NA 1004bdfc     LIBCMT:utility.obj
 0002:00001dfd       ?module_local_atexit_table_initialized@@3_NA 1004bdfd     LIBCMT:utility.obj
 0002:00001e00       ?module_local_atexit_table@@3U_onexit_table_t@@A 1004be00     LIBCMT:utility.obj
 0002:00001e0c       ?module_local_at_quick_exit_table@@3U_onexit_table_t@@A 1004be0c     LIBCMT:utility.obj
 0002:00001e18       ?__proc_attached@@3HA      1004be18     LIBCMT:dll_dllmain.obj
 0002:00001e38       _GS_ExceptionRecord        1004be38     LIBCMT:gs_report.obj
 0002:00001e88       _GS_ContextRecord          1004be88     LIBCMT:gs_report.obj
 0002:0000215c       ?__vcrt_startup_thread_ptd@@3U__vcrt_ptd@@A 1004c15c     libvcruntime:per_thread_data.obj
 0002:00002184       ___vcrt_lock_table         1004c184     libvcruntime:locks.obj
 0002:0000219c       ___vcrt_locks_initialized  1004c19c     libvcruntime:locks.obj
 0002:000021c8       ?heap@@3V_HeapManager@@A   1004c1c8     libvcruntime:undname.obj
 0002:000021dc       ?module_handles@@3PAPAUHINSTANCE__@@A 1004c1dc     libvcruntime:winapi_downlevel.obj
 0002:000021e8       ?function_pointers@@3PAPAXA 1004c1e8     libvcruntime:winapi_downlevel.obj
 0002:000021fc       ?__acrt_invalid_parameter_handler@@3V?$dual_state_global@P6AXPB_W00II@Z@__crt_state_management@@A 1004c1fc     libucrt:invalid_parameter.obj
 0002:00002210       ?__acrt_lock_table@@3PAU_RTL_CRITICAL_SECTION@@A 1004c210     libucrt:locks.obj
 0002:00002360       ?__acrt_locks_initialized@@3IA 1004c360     libucrt:locks.obj
 0002:00002364       ?c_termination_complete@@3JA 1004c364     libucrt:exit.obj
 0002:00002368       ?thread_local_exit_callback_func@@3P6GXPAXK0@ZA 1004c368     libucrt:exit.obj
 0002:00002370       ?program_name@?1???$common_configure_argv@D@@YAHW4_crt_argv_mode@@@Z@4PADA 1004c370     libucrt:argv_parsing.obj
 0002:000024a0       ?__acrt_new_handler@@3V?$dual_state_global@P6AHI@Z@__crt_state_management@@A 1004c4a0     libucrt:new_handler.obj
 0002:000024a8       ?module_handles@@3PAPAUHINSTANCE__@@A 1004c4a8     libucrt:winapi_thunks.obj
 0002:000024f8       ?encoded_function_pointers@@3PAPAXA 1004c4f8     libucrt:winapi_thunks.obj
 0002:00002580       ?static_enum_proc@?1??enum_system_locales_ex_nolock@@YAHQ6GHPA_WKJ@Z@Z@4P6GH0KJ@ZA 1004c580     libucrt:winapi_thunks.obj
 0002:00002794       ?internal_state@?1??_mbtowc_l@@9@4U_Mbstatet@@A 1004c794     libucrt:mbtowc.obj
 0002:0000279c       ?enable_percent_n@@3IA     1004c79c     libucrt:printf_count_output.obj
 0002:000027a8       ?__acrt_app_type@@3W4_crt_app_type@@A 1004c7a8     libucrt:report_runtime_error.obj
 0002:000027ac       __pmatherr_set             1004c7ac     libucrt:libm_error.obj
 0002:000027b4       ?ctrlc_action@@3V?$dual_state_global@P6AXH@Z@__crt_state_management@@A 1004c7b4     libucrt:signal.obj
 0002:000027b8       ?ctrlbreak_action@@3V?$dual_state_global@P6AXH@Z@__crt_state_management@@A 1004c7b8     libucrt:signal.obj
 0002:000027bc       ?abort_action@@3V?$dual_state_global@P6AXH@Z@__crt_state_management@@A 1004c7bc     libucrt:signal.obj
 0002:000027c0       ?term_action@@3V?$dual_state_global@P6AXH@Z@__crt_state_management@@A 1004c7c0     libucrt:signal.obj
 0002:000027d0       ?_tzname@@3V?$dual_state_global@PAPAD@__crt_state_management@@A 1004c7d0     libucrt:timeset.obj
 0002:000027d8       ?tz_api_used@@3HA          1004c7d8     libucrt:tzset.obj
 0002:000027e0       ?tz_info@@3U_TIME_ZONE_INFORMATION@@A 1004c7e0     libucrt:tzset.obj
 0002:00002898       ?fSystemSet@@3HA           1004c898     libucrt:mbctype.obj
 0002:0000289c       ?initialized@?1??__acrt_initialize_multibyte@@9@4_NA 1004c89c     libucrt:mbctype.obj
 0002:000028bc       ?user_matherr@@3V?$dual_state_global@P6AHPAU_exception@@@Z@__crt_state_management@@A 1004c8bc     libucrt:matherr.obj
 0002:000028c0       ?__acrt_global_new_mode@@3V?$dual_state_global@J@__crt_state_management@@A 1004c8c0     libucrt:new_mode.obj
 0002:000028c4       ?internal_pst@?1??__mbrtoc32_utf8@__crt_mbstring@@YAIPA_UPBDIPAU_Mbstatet@@@Z@4U3@A 1004c8c4     libucrt:mbrtoc32.obj
 0002:000028cc       ?internal_pst@?1??__c16rtomb_utf8@__crt_mbstring@@YAIPAD_SPAU_Mbstatet@@@Z@4U3@A 1004c8cc     libucrt:c16rtomb.obj
 0003:000008f4       .idata$6                   1004d8f4     kernel32:KERNEL32.dll
 0003:000009d8       .idata$6                   1004d9d8     user32:USER32.dll
 0003:00000ae8       .idata$6                   1004dae8     advapi32:ADVAPI32.dll
 0003:00000b2c       .idata$6                   1004db2c     ole32:ole32.dll
 0003:00000b66       .idata$6                   1004db66     mpr:MPR.dll
 0003:00000bb0       .idata$6                   1004dbb0     version:VERSION.dll
 0003:00000bbc       .idata$6                   1004dbbc     oleaut32:OLEAUT32.dll
 0003:00000bfa       .idata$6                   1004dbfa     psapi:PSAPI.DLL
 0004:00000060       $R000000                   1004e060     ProcList.res
