 SameFolder

 Timestamp is 5f5c3d2d (Sat Sep 12 04:14:53 2020)

 Preferred load address is 10000000

 Start         Length     Name                   Class
 0001:00000000 00000004H .CRT$XCA                CODE
 0001:00000004 00000004H .CRT$XCZ                CODE
 0001:00000008 00000004H .CRT$XIA                CODE
 0001:0000000c 0000000cH .CRT$XIC                CODE
 0001:00000018 00000004H .CRT$XIZ                CODE
 0001:0000001c 00000004H .CRT$XPA                CODE
 0001:00000020 00000008H .CRT$XPX                CODE
 0001:00000028 00000004H .CRT$XPXA               CODE
 0001:0000002c 00000004H .CRT$XPZ                CODE
 0001:00000030 00000004H .CRT$XTA                CODE
 0001:00000034 0000000cH .CRT$XTZ                CODE
 0001:00000038 00000000H .gfids$y                CODE
 0001:00000040 00004e54H .rdata                  CODE
 0001:00004e94 0000012cH .rdata$r                CODE
 0001:00004fc0 0000000cH .rdata$sxdata           CODE
 0001:00004fcc 0000029cH .rdata$zzzdbg           CODE
 0001:00005268 00000004H .rtc$IAA                CODE
 0001:0000526c 00000004H .rtc$IZZ                CODE
 0001:00005270 00000004H .rtc$TAA                CODE
 0001:00005274 0000000cH .rtc$TZZ                CODE
 0001:00005280 0000c9c0H .text$mn                CODE
 0001:00011c3f 00000000H .text$x                 CODE
 0001:00011c40 00000040H .text$yd                CODE
 0001:00011c80 00000480H .xdata$x                CODE
 0001:00012100 000000a8H .edata                  CODE
 0002:00000000 00000880H .data                   DATA
 0002:00000880 00000078H .data$r                 DATA
 0002:000008f8 00000c30H .bss                    DATA
 0003:00000000 00000110H .idata$5                DATA
 0003:00000110 00000004H .00cfg                  DATA
 0003:00000114 00000014H .idata$2                DATA
 0003:00000128 00000014H .idata$3                DATA
 0003:0000013c 00000110H .idata$4                DATA
 0003:0000024c 000004d4H .idata$6                DATA
 0004:00000000 00000060H .rsrc$01                DATA
 0004:00000060 00000388H .rsrc$02                DATA

  Address         Publics by Value              Rva+Base       Lib:Object

 0000:00000000       ___dynamic_value_reloc_table 00000000     <absolute>
 0000:00000000       ___guard_iat_count         00000000     <absolute>
 0000:00000000       __except_list              00000000     <absolute>
 0000:00000000       ___guard_fids_count        00000000     <absolute>
 0000:00000000       ___guard_longjmp_table     00000000     <absolute>
 0000:00000000       ___hybrid_code_map_count   00000000     <absolute>
 0000:00000000       ___hybrid_auxiliary_iat    00000000     <absolute>
 0000:00000000       ___guard_longjmp_count     00000000     <absolute>
 0000:00000000       ___guard_fids_table        00000000     <absolute>
 0000:00000000       ___volatile_metadata       00000000     <absolute>
 0000:00000000       ___guard_iat_table         00000000     <absolute>
 0000:00000000       ___AbsoluteZero            00000000     <absolute>
 0000:00000000       ___enclave_config          00000000     <absolute>
 0000:00000000       ___hybrid_code_map         00000000     <absolute>
 0000:00000003       ___safe_se_handler_count   00000003     <absolute>
 0000:00000100       ___guard_flags             00000100     <absolute>
 0000:00000000       ___ImageBase               10000000     <linker-defined>
 0001:00000000       ___xc_a                    10001000     LIBCMT:initializers.obj
 0001:00000004       ___xc_z                    10001004     LIBCMT:initializers.obj
 0001:00000008       ___xi_a                    10001008     LIBCMT:initializers.obj
 0001:0000000c       ___acrt_multibyte_initializer 1000100c     libucrt:multibyte_initializer.obj
 0001:00000010       ___acrt_stdio_initializer  10001010     libucrt:stdio_initializer.obj
 0001:00000014       ___acrt_tran_sse2_initializer 10001014     libucrt:sse2_initializer.obj
 0001:00000018       ___xi_z                    10001018     LIBCMT:initializers.obj
 0001:0000001c       ___xp_a                    1000101c     LIBCMT:initializers.obj
 0001:00000020       ___acrt_locale_terminator  10001020     libucrt:locale_initializer.obj
 0001:00000024       ___dcrt_console_output_terminator 10001024     libucrt:console_output_initializer.obj
 0001:00000028       ___acrt_stdio_terminator   10001028     libucrt:stdio_initializer.obj
 0001:0000002c       ___xp_z                    1000102c     LIBCMT:initializers.obj
 0001:00000030       ___xt_a                    10001030     LIBCMT:initializers.obj
 0001:00000034       ___xt_z                    10001034     LIBCMT:initializers.obj
 0001:00000040       _MainGuid                  10001040     SameFolder.obj
 0001:00000050       _MenuGuid                  10001050     SameFolder.obj
 0001:00000060       _ConfigMenuGuid            10001060     SameFolder.obj
 0001:00000070       _DialogGuid                10001070     SameFolder.obj
 0001:00000080       ??_C@_1BK@EJEHIDJM@?$AAA?$AAd?$AAd?$AA2?$AAP?$AAl?$AAu?$AAg?$AAM?$AAe?$AAn?$AAu@ 10001080     SameFolder.obj
 0001:0000009c       ??_C@_1BM@FDPIJPAH@?$AAA?$AAd?$AAd?$AA2?$AAD?$AAi?$AAs?$AAk?$AAs?$AAM?$AAe?$AAn?$AAu@ 1000109c     SameFolder.obj
 0001:000000b8       ??_C@_1BA@CAPFOHIJ@?$AAS?$AAe?$AAt?$AAM?$AAo?$AAd?$AAe@ 100010b8     SameFolder.obj
 0001:000000c8       ??_7PluginCheckBoxBinding@@6B@ 100010c8     SameFolder.obj
 0001:000000d0       ??_C@_11LOCGONAA@@         100010d0     SameFolder.obj
 0001:000000d4       ??_C@_1BG@PFMEOFNH@?$AAS?$AAa?$AAm?$AAe?$AAF?$AAo?$AAl?$AAd?$AAe?$AAr@ 100010d4     SameFolder.obj
 0001:000000f0       ??_C@_1EG@GJIDGPOM@?$AAS?$AAa?$AAm?$AAe?$AA?5?$AAF?$AAo?$AAl?$AAd?$AAe?$AAr?$AA?5?$AAP?$AAl?$AAu@ 100010f0     SameFolder.obj
 0001:00000138       ??_C@_1BE@FDJGEMIB@?$AAF?$AAa?$AAr?$AA?5?$AAG?$AAr?$AAo?$AAu?$AAp@ 10001138     SameFolder.obj
 0001:0000014c       ??_C@_1O@BJPKKLLM@?$AAC?$AAo?$AAn?$AAf?$AAi?$AAg@ 1000114c     SameFolder.obj
 0001:00000160       __imp__EncodePointer@4     10001160     vc_crt_fix.obj
 0001:00000164       __imp__DecodePointer@4     10001164     vc_crt_fix.obj
 0001:00000168       __imp__GetModuleHandleExW@12 10001168     vc_crt_fix.obj
 0001:0000016c       __imp__InitializeSListHead@4 1000116c     vc_crt_fix.obj
 0001:00000170       __imp__InterlockedFlushSList@4 10001170     vc_crt_fix.obj
 0001:00000174       __imp__InterlockedPopEntrySList@4 10001174     vc_crt_fix.obj
 0001:00000178       __imp__InterlockedPushEntrySList@8 10001178     vc_crt_fix.obj
 0001:0000017c       __imp__InterlockedPushListSListEx@16 1000117c     vc_crt_fix.obj
 0001:00000180       __imp__RtlFirstEntrySList@4 10001180     vc_crt_fix.obj
 0001:00000184       __imp__QueryDepthSList@4   10001184     vc_crt_fix.obj
 0001:00000188       __imp__GetNumaHighestNodeNumber@4 10001188     vc_crt_fix.obj
 0001:0000018c       __imp__GetLogicalProcessorInformation@8 1000118c     vc_crt_fix.obj
 0001:00000190       __imp__SetThreadStackGuarantee@4 10001190     vc_crt_fix.obj
 0001:000001b4       ??_C@_0O@NLDKAIKN@EncodePointer@ 100011b4     vc_crt_fix_impl.obj
 0001:000001c4       ??_C@_0O@KBPMFGHI@DecodePointer@ 100011c4     vc_crt_fix_impl.obj
 0001:000001d4       ??_C@_0BD@GIGEJCNH@GetModuleHandleExW@ 100011d4     vc_crt_fix_impl.obj
 0001:000001e8       ??_C@_0BE@NBEJPEJA@InitializeSListHead@ 100011e8     vc_crt_fix_impl.obj
 0001:000001fc       ??_C@_0BG@PLLPFLHB@InterlockedFlushSList@ 100011fc     vc_crt_fix_impl.obj
 0001:00000214       ??_C@_0BJ@PNEEKDOK@InterlockedPopEntrySList@ 10001214     vc_crt_fix_impl.obj
 0001:00000230       ??_C@_0BK@JFGGAIOA@InterlockedPushEntrySList@ 10001230     vc_crt_fix_impl.obj
 0001:0000024c       ??_C@_0BL@FOECAEGO@InterlockedPushListSListEx@ 1000124c     vc_crt_fix_impl.obj
 0001:00000268       ??_C@_0BD@FHMMIGCI@RtlFirstEntrySList@ 10001268     vc_crt_fix_impl.obj
 0001:0000027c       ??_C@_0BA@FGPHPMJB@QueryDepthSList@ 1000127c     vc_crt_fix_impl.obj
 0001:0000028c       ??_C@_0BJ@NLNFLAMA@GetNumaHighestNodeNumber@ 1000128c     vc_crt_fix_impl.obj
 0001:000002a8       ??_C@_0BP@KHGALBC@GetLogicalProcessorInformation@ 100012a8     vc_crt_fix_impl.obj
 0001:000002c8       ??_C@_0BI@BKLFFAPO@SetThreadStackGuarantee@ 100012c8     vc_crt_fix_impl.obj
 0001:000002e0       __pDefaultRawDllMain       100012e0     LIBCMT:dll_dllmain.obj
 0001:000002e0       __pRawDllMain              100012e0     LIBCMT:dll_dllmain.obj
 0001:000002e8       ??_7exception@std@@6B@     100012e8     LIBCMT:throw_bad_alloc.obj
 0001:000002f0       ??_C@_0BC@EOODALEL@Unknown?5exception@ 100012f0     LIBCMT:throw_bad_alloc.obj
 0001:00000308       ??_7bad_alloc@std@@6B@     10001308     LIBCMT:throw_bad_alloc.obj
 0001:00000310       ??_C@_0P@GHFPNOJB@bad?5allocation@ 10001310     LIBCMT:throw_bad_alloc.obj
 0001:00000324       ??_7bad_array_new_length@std@@6B@ 10001324     LIBCMT:throw_bad_alloc.obj
 0001:0000032c       ??_C@_0BF@KINCDENJ@bad?5array?5new?5length@ 1000132c     LIBCMT:throw_bad_alloc.obj
 0001:00000348       ??_7type_info@@6B@         10001348     LIBCMT:std_type_info_static.obj
 0001:00000354       __pDestructExceptionObject 10001354     libvcruntime:ehhelpers.obj
 0001:000006d8       ??_C@_08EHJDFFNH@__based?$CI@ 100016d8     libvcruntime:undname.obj
 0001:000006e4       ??_C@_07KOLFKCDI@__cdecl@  100016e4     libvcruntime:undname.obj
 0001:000006ec       ??_C@_08GHMPAG@__pascal@   100016ec     libvcruntime:undname.obj
 0001:000006f8       ??_C@_09IFJBGAPI@__stdcall@ 100016f8     libvcruntime:undname.obj
 0001:00000704       ??_C@_0L@NPHFGOKO@__thiscall@ 10001704     libvcruntime:undname.obj
 0001:00000710       ??_C@_0L@JMKHOMEK@__fastcall@ 10001710     libvcruntime:undname.obj
 0001:0000071c       ??_C@_0N@BCKKPABJ@__vectorcall@ 1000171c     libvcruntime:undname.obj
 0001:0000072c       ??_C@_09HIJEGCPM@__clrcall@ 1000172c     libvcruntime:undname.obj
 0001:00000738       ??_C@_06GHPCKEAG@__eabi@   10001738     libvcruntime:undname.obj
 0001:00000740       ??_C@_09IOPIDJLG@__swift_1@ 10001740     libvcruntime:undname.obj
 0001:0000074c       ??_C@_09KFNFGKHF@__swift_2@ 1000174c     libvcruntime:undname.obj
 0001:00000758       ??_C@_07JOMMBBKO@__ptr64@  10001758     libvcruntime:undname.obj
 0001:00000760       ??_C@_0L@PILCLIHE@__restrict@ 10001760     libvcruntime:undname.obj
 0001:0000076c       ??_C@_0M@GFIIJFMG@__unaligned@ 1000176c     libvcruntime:undname.obj
 0001:00000778       ??_C@_09DHDLOLLB@restrict?$CI@ 10001778     libvcruntime:undname.obj
 0001:00000782       ??_C@_00CNPNBAHC@@         10001782     libvcruntime:undname.obj
 0001:00000784       ??_C@_04NIHEBCM@?5new@     10001784     libvcruntime:undname.obj
 0001:0000078c       ??_C@_07FPCDHGMM@?5delete@ 1000178c     libvcruntime:undname.obj
 0001:00000794       ??_C@_01NEMOKFLO@?$DN@     10001794     libvcruntime:undname.obj
 0001:00000798       ??_C@_02GPIOPFAK@?$DO?$DO@ 10001798     libvcruntime:undname.obj
 0001:0000079c       ??_C@_02FODMEDOG@?$DM?$DM@ 1000179c     libvcruntime:undname.obj
 0001:000007a0       ??_C@_01DCLJPIOD@?$CB@     100017a0     libvcruntime:undname.obj
 0001:000007a4       ??_C@_02EGOFBIJA@?$DN?$DN@ 100017a4     libvcruntime:undname.obj
 0001:000007a8       ??_C@_02FDNJECIE@?$CB?$DN@ 100017a8     libvcruntime:undname.obj
 0001:000007ac       ??_C@_02GPECMEKF@?$FL?$FN@ 100017ac     libvcruntime:undname.obj
 0001:000007b0       ??_C@_08LHJFAFGD@operator@ 100017b0     libvcruntime:undname.obj
 0001:000007bc       ??_C@_02HBOOOICD@?9?$DO@   100017bc     libvcruntime:undname.obj
 0001:000007c0       ??_C@_01NBENCBCI@?$CK@     100017c0     libvcruntime:undname.obj
 0001:000007c4       ??_C@_02ECNGHCIF@?$CL?$CL@ 100017c4     libvcruntime:undname.obj
 0001:000007c8       ??_C@_02BAABKJLB@?9?9@     100017c8     libvcruntime:undname.obj
 0001:000007cc       ??_C@_01JOAMLHOP@?9@       100017cc     libvcruntime:undname.obj
 0001:000007d0       ??_C@_01MIFGBAGJ@?$CL@     100017d0     libvcruntime:undname.obj
 0001:000007d4       ??_C@_01HNPIGOCE@?$CG@     100017d4     libvcruntime:undname.obj
 0001:000007d8       ??_C@_03MNHNFDLC@?9?$DO?$CK@ 100017d8     libvcruntime:undname.obj
 0001:000007dc       ??_C@_01KMDKNFGN@?1@       100017dc     libvcruntime:undname.obj
 0001:000007e0       ??_C@_01FGNFDNOH@?$CF@     100017e0     libvcruntime:undname.obj
 0001:000007e4       ??_C@_01MNNFJEPP@?$DM@     100017e4     libvcruntime:undname.obj
 0001:000007e8       ??_C@_02EHCHHCKH@?$DM?$DN@ 100017e8     libvcruntime:undname.obj
 0001:000007ec       ??_C@_01PPODPGHN@?$DO@     100017ec     libvcruntime:undname.obj
 0001:000007f0       ??_C@_02EEKDKGMJ@?$DO?$DN@ 100017f0     libvcruntime:undname.obj
 0001:000007f4       ??_C@_01IHBHIGKO@?0@       100017f4     libvcruntime:undname.obj
 0001:000007f8       ??_C@_02HCKGKOFO@?$CI?$CJ@ 100017f8     libvcruntime:undname.obj
 0001:000007fc       ??_C@_01PJKLJHI@?$HO@      100017fc     libvcruntime:undname.obj
 0001:00000800       ??_C@_01JKBOJNNK@?$FO@     10001800     libvcruntime:undname.obj
 0001:00000804       ??_C@_01DNKMNLPK@?$HM@     10001804     libvcruntime:undname.obj
 0001:00000808       ??_C@_02PPKAJPJL@?$CG?$CG@ 10001808     libvcruntime:undname.obj
 0001:0000080c       ??_C@_02NONPIBCD@?$HM?$HM@ 1000180c     libvcruntime:undname.obj
 0001:00000810       ??_C@_02FPIMKNGF@?$CK?$DN@ 10001810     libvcruntime:undname.obj
 0001:00000814       ??_C@_02FOEOMHFC@?$CL?$DN@ 10001814     libvcruntime:undname.obj
 0001:00000818       ??_C@_02FKMDLLOA@?9?$DN@   10001818     libvcruntime:undname.obj
 0001:0000081c       ??_C@_02FJEHGPIO@?1?$DN@   1000181c     libvcruntime:undname.obj
 0001:00000820       ??_C@_02FENAOKFI@?$CF?$DN@ 10001820     libvcruntime:undname.obj
 0001:00000824       ??_C@_03IKFCCPFF@?$DO?$DO?$DN@ 10001824     libvcruntime:undname.obj
 0001:00000828       ??_C@_03CDNPDDLA@?$DM?$DM?$DN@ 10001828     libvcruntime:undname.obj
 0001:0000082c       ??_C@_02FGJGFEAB@?$CG?$DN@ 1000182c     libvcruntime:undname.obj
 0001:00000830       ??_C@_02DHLNPPGH@?$HM?$DN@ 10001830     libvcruntime:undname.obj
 0001:00000834       ??_C@_02MHEGNOJ@?$FO?$DN@  10001834     libvcruntime:undname.obj
 0001:00000838       ??_C@_09IFPLHPGF@?$GAvftable?8@ 10001838     libvcruntime:undname.obj
 0001:00000844       ??_C@_09BLBHBJP@?$GAvbtable?8@ 10001844     libvcruntime:undname.obj
 0001:00000850       ??_C@_07FEEIOKP@?$GAvcall?8@ 10001850     libvcruntime:undname.obj
 0001:00000858       ??_C@_08LLFFHHDJ@?$GAtypeof?8@ 10001858     libvcruntime:undname.obj
 0001:00000864       ??_C@_0BF@KDPPACIK@?$GAlocal?5static?5guard?8@ 10001864     libvcruntime:undname.obj
 0001:0000087c       ??_C@_08OBABFOLI@?$GAstring?8@ 1000187c     libvcruntime:undname.obj
 0001:00000888       ??_C@_0BD@JDLKDPAB@?$GAvbase?5destructor?8@ 10001888     libvcruntime:undname.obj
 0001:0000089c       ??_C@_0BN@DEGPLNFK@?$GAvector?5deleting?5destructor?8@ 1000189c     libvcruntime:undname.obj
 0001:000008bc       ??_C@_0BO@OBMKPJIG@?$GAdefault?5constructor?5closure?8@ 100018bc     libvcruntime:undname.obj
 0001:000008dc       ??_C@_0BN@IMDCHIKM@?$GAscalar?5deleting?5destructor?8@ 100018dc     libvcruntime:undname.obj
 0001:000008fc       ??_C@_0BO@PFGOCPJJ@?$GAvector?5constructor?5iterator?8@ 100018fc     libvcruntime:undname.obj
 0001:0000091c       ??_C@_0BN@LFPFMEDL@?$GAvector?5destructor?5iterator?8@ 1000191c     libvcruntime:undname.obj
 0001:0000093c       ??_C@_0CE@IKBNEHA@?$GAvector?5vbase?5constructor?5itera@ 1000193c     libvcruntime:undname.obj
 0001:00000960       ??_C@_0BL@NILFHHPC@?$GAvirtual?5displacement?5map?8@ 10001960     libvcruntime:undname.obj
 0001:0000097c       ??_C@_0CB@JONCMFFK@?$GAeh?5vector?5constructor?5iterator@ 1000197c     libvcruntime:undname.obj
 0001:000009a0       ??_C@_0CA@GCEOPDGL@?$GAeh?5vector?5destructor?5iterator?8@ 100019a0     libvcruntime:undname.obj
 0001:000009c0       ??_C@_0CH@OOJPLCPH@?$GAeh?5vector?5vbase?5constructor?5it@ 100019c0     libvcruntime:undname.obj
 0001:000009e8       ??_C@_0BL@LLKPOHJI@?$GAcopy?5constructor?5closure?8@ 100019e8     libvcruntime:undname.obj
 0001:00000a04       ??_C@_0BA@KBCDOMBN@?$GAudt?5returning?8@ 10001a04     libvcruntime:undname.obj
 0001:00000a14       ??_C@_03KLGMFNMG@?$GAEH@   10001a14     libvcruntime:undname.obj
 0001:00000a18       ??_C@_05KHLCHHI@?$GARTTI@  10001a18     libvcruntime:undname.obj
 0001:00000a20       ??_C@_0BA@KKLDJDLB@?$GAlocal?5vftable?8@ 10001a20     libvcruntime:undname.obj
 0001:00000a30       ??_C@_0CE@IIHCMGGL@?$GAlocal?5vftable?5constructor?5clos@ 10001a30     libvcruntime:undname.obj
 0001:00000a54       ??_C@_06FHBGPFGH@?5new?$FL?$FN@ 10001a54     libvcruntime:undname.obj
 0001:00000a5c       ??_C@_09LBNFPBCA@?5delete?$FL?$FN@ 10001a5c     libvcruntime:undname.obj
 0001:00000a68       ??_C@_0P@HJKNJFNN@?$GAomni?5callsig?8@ 10001a68     libvcruntime:undname.obj
 0001:00000a78       ??_C@_0BL@CNOONJFP@?$GAplacement?5delete?5closure?8@ 10001a78     libvcruntime:undname.obj
 0001:00000a94       ??_C@_0BN@CKNJLHMB@?$GAplacement?5delete?$FL?$FN?5closure?8@ 10001a94     libvcruntime:undname.obj
 0001:00000ab4       ??_C@_0CG@CFDHKGGD@?$GAmanaged?5vector?5constructor?5ite@ 10001ab4     libvcruntime:undname.obj
 0001:00000adc       ??_C@_0CF@IMGKMJNO@?$GAmanaged?5vector?5destructor?5iter@ 10001adc     libvcruntime:undname.obj
 0001:00000b04       ??_C@_0CG@HLDDJMAG@?$GAeh?5vector?5copy?5constructor?5ite@ 10001b04     libvcruntime:undname.obj
 0001:00000b2c       ??_C@_0CM@FCBBDIGB@?$GAeh?5vector?5vbase?5copy?5construct@ 10001b2c     libvcruntime:undname.obj
 0001:00000b58       ??_C@_0BL@CLIPGLGB@?$GAdynamic?5initializer?5for?5?8@ 10001b58     libvcruntime:undname.obj
 0001:00000b74       ??_C@_0CB@PDBIFEP@?$GAdynamic?5atexit?5destructor?5for?5@ 10001b74     libvcruntime:undname.obj
 0001:00000b98       ??_C@_0CD@CGAJBKEJ@?$GAvector?5copy?5constructor?5iterat@ 10001b98     libvcruntime:undname.obj
 0001:00000bbc       ??_C@_0CJ@GJELGAMM@?$GAvector?5vbase?5copy?5constructor?5@ 10001bbc     libvcruntime:undname.obj
 0001:00000be8       ??_C@_0CL@FGIJHLCE@?$GAmanaged?5vector?5copy?5constructo@ 10001be8     libvcruntime:undname.obj
 0001:00000c14       ??_C@_0BM@PMGGMLDN@?$GAlocal?5static?5thread?5guard?8@ 10001c14     libvcruntime:undname.obj
 0001:00000c30       ??_C@_0N@BDNMDMOL@operator?5?$CC?$CC?5@ 10001c30     libvcruntime:undname.obj
 0001:00000c40       ??_C@_0BC@GGEBGALA@operator?5co_await@ 10001c40     libvcruntime:undname.obj
 0001:00000c54       ??_C@_0M@GAAIMMOH@operator?$DM?$DN?$DO@ 10001c54     libvcruntime:undname.obj
 0001:00000c60       ??_C@_0BC@DAFEJGAK@?5Type?5Descriptor?8@ 10001c60     libvcruntime:undname.obj
 0001:00000c74       ??_C@_0BM@LDKODKLH@?5Base?5Class?5Descriptor?5at?5?$CI@ 10001c74     libvcruntime:undname.obj
 0001:00000c90       ??_C@_0BD@LGICGFMM@?5Base?5Class?5Array?8@ 10001c90     libvcruntime:undname.obj
 0001:00000ca4       ??_C@_0BN@MECKDCOJ@?5Class?5Hierarchy?5Descriptor?8@ 10001ca4     libvcruntime:undname.obj
 0001:00000cc4       ??_C@_0BK@CFCOFLF@?5Complete?5Object?5Locator?8@ 10001cc4     libvcruntime:undname.obj
 0001:00000ce0       ??_C@_0BG@JNJLAMPM@?$GAanonymous?5namespace?8@ 10001ce0     libvcruntime:undname.obj
 0001:00000d04       ??_C@_1DM@KHCHBNEB@?$AAa?$AAp?$AAi?$AA?9?$AAm?$AAs?$AA?9?$AAw?$AAi?$AAn?$AA?9?$AAc?$AAo?$AAr?$AAe@ 10001d04     libvcruntime:winapi_downlevel.obj
 0001:00000d40       ??_C@_1DK@LPPGFMPP@?$AAa?$AAp?$AAi?$AA?9?$AAm?$AAs?$AA?9?$AAw?$AAi?$AAn?$AA?9?$AAc?$AAo?$AAr?$AAe@ 10001d40     libvcruntime:winapi_downlevel.obj
 0001:00000d7c       ??_C@_1BC@GDMECMAK@?$AAk?$AAe?$AAr?$AAn?$AAe?$AAl?$AA3?$AA2@ 10001d7c     libvcruntime:winapi_downlevel.obj
 0001:00000d90       ??_C@_1BA@PFFKHIOG@?$AAa?$AAp?$AAi?$AA?9?$AAm?$AAs?$AA?9@ 10001d90     libvcruntime:winapi_downlevel.obj
 0001:00000da8       ??_C@_08KNHFBNJ@FlsAlloc@  10001da8     libvcruntime:winapi_downlevel.obj
 0001:00000dbc       ??_C@_07PEJMOBNF@FlsFree@  10001dbc     libvcruntime:winapi_downlevel.obj
 0001:00000dcc       ??_C@_0M@GDNOONDI@FlsGetValue@ 10001dcc     libvcruntime:winapi_downlevel.obj
 0001:00000de0       ??_C@_0M@JCPCPOEF@FlsSetValue@ 10001de0     libvcruntime:winapi_downlevel.obj
 0001:00000df4       ??_C@_0BM@HCFOFFN@InitializeCriticalSectionEx@ 10001df4     libvcruntime:winapi_downlevel.obj
 0001:00000e10       ___acrt_exception_action_table 10001e10     libucrt:exception_filter.obj
 0001:00000ea0       ___acrt_signal_action_table_count 10001ea0     libucrt:exception_filter.obj
 0001:00000ea4       ___acrt_signal_action_first_fpe_index 10001ea4     libucrt:exception_filter.obj
 0001:00000ea8       ___acrt_signal_action_fpe_count 10001ea8     libucrt:exception_filter.obj
 0001:00000eac       ??_C@_1BI@BGOHAHKC@?$AAm?$AAs?$AAc?$AAo?$AAr?$AAe?$AAe?$AA?4?$AAd?$AAl?$AAl@ 10001eac     libucrt:exit.obj
 0001:00000ec4       ??_C@_0P@MIGLKIOC@CorExitProcess@ 10001ec4     libucrt:exit.obj
 0001:000010d0       ??_C@_1M@HPNHIDJI@?$AAj?$AAa?$AA?9?$AAJ?$AAP@ 100020d0     libucrt:mbctype.obj
 0001:000010dc       ??_C@_1M@BIBDDEMK@?$AAz?$AAh?$AA?9?$AAC?$AAN@ 100020dc     libucrt:mbctype.obj
 0001:000010e8       ??_C@_1M@JLOOOEGK@?$AAk?$AAo?$AA?9?$AAK?$AAR@ 100020e8     libucrt:mbctype.obj
 0001:000010f4       ??_C@_1M@CLNBBOPM@?$AAz?$AAh?$AA?9?$AAT?$AAW@ 100020f4     libucrt:mbctype.obj
 0001:00001150       ??_C@_1EA@JGEFHKEI@?$AAa?$AAp?$AAi?$AA?9?$AAm?$AAs?$AA?9?$AAw?$AAi?$AAn?$AA?9?$AAc?$AAo?$AAr?$AAe@ 10002150     libucrt:winapi_thunks.obj
 0001:00001190       ??_C@_1DI@IJCEHOCB@?$AAa?$AAp?$AAi?$AA?9?$AAm?$AAs?$AA?9?$AAw?$AAi?$AAn?$AA?9?$AAc?$AAo?$AAr?$AAe@ 10002190     libucrt:winapi_thunks.obj
 0001:000011c8       ??_C@_1EI@MPIAOHOC@?$AAa?$AAp?$AAi?$AA?9?$AAm?$AAs?$AA?9?$AAw?$AAi?$AAn?$AA?9?$AAc?$AAo?$AAr?$AAe@ 100021c8     libucrt:winapi_thunks.obj
 0001:00001210       ??_C@_1FK@FPHCKFIE@?$AAa?$AAp?$AAi?$AA?9?$AAm?$AAs?$AA?9?$AAw?$AAi?$AAn?$AA?9?$AAc?$AAo?$AAr?$AAe@ 10002210     libucrt:winapi_thunks.obj
 0001:00001270       ??_C@_1EM@DILCGIIO@?$AAa?$AAp?$AAi?$AA?9?$AAm?$AAs?$AA?9?$AAw?$AAi?$AAn?$AA?9?$AAc?$AAo?$AAr?$AAe@ 10002270     libucrt:winapi_thunks.obj
 0001:000012bc       ??_C@_1DM@LNCGDDPN@?$AAa?$AAp?$AAi?$AA?9?$AAm?$AAs?$AA?9?$AAw?$AAi?$AAn?$AA?9?$AAc?$AAo?$AAr?$AAe@ 100022bc     libucrt:winapi_thunks.obj
 0001:000012f8       ??_C@_1DO@FPAPJEMD@?$AAa?$AAp?$AAi?$AA?9?$AAm?$AAs?$AA?9?$AAw?$AAi?$AAn?$AA?9?$AAc?$AAo?$AAr?$AAe@ 100022f8     libucrt:winapi_thunks.obj
 0001:00001338       ??_C@_1DK@NDHNAHIO@?$AAa?$AAp?$AAi?$AA?9?$AAm?$AAs?$AA?9?$AAw?$AAi?$AAn?$AA?9?$AAc?$AAo?$AAr?$AAe@ 10002338     libucrt:winapi_thunks.obj
 0001:00001374       ??_C@_1DM@KGHDGBCM@?$AAa?$AAp?$AAi?$AA?9?$AAm?$AAs?$AA?9?$AAw?$AAi?$AAn?$AA?9?$AAc?$AAo?$AAr?$AAe@ 10002374     libucrt:winapi_thunks.obj
 0001:000013b0       ??_C@_1EO@IJIOEFOH@?$AAa?$AAp?$AAi?$AA?9?$AAm?$AAs?$AA?9?$AAw?$AAi?$AAn?$AA?9?$AAr?$AAt?$AAc?$AAo@ 100023b0     libucrt:winapi_thunks.obj
 0001:00001400       ??_C@_1FG@HHGEKANL@?$AAa?$AAp?$AAi?$AA?9?$AAm?$AAs?$AA?9?$AAw?$AAi?$AAn?$AA?9?$AAs?$AAe?$AAc?$AAu@ 10002400     libucrt:winapi_thunks.obj
 0001:00001458       ??_C@_1EG@DBIOJECG@?$AAe?$AAx?$AAt?$AA?9?$AAm?$AAs?$AA?9?$AAw?$AAi?$AAn?$AA?9?$AAn?$AAt?$AAu?$AAs@ 10002458     libucrt:winapi_thunks.obj
 0001:000014a0       ??_C@_1EO@FIHMJCLF@?$AAe?$AAx?$AAt?$AA?9?$AAm?$AAs?$AA?9?$AAw?$AAi?$AAn?$AA?9?$AAn?$AAt?$AAu?$AAs@ 100024a0     libucrt:winapi_thunks.obj
 0001:000014f0       ??_C@_1BC@DNHGCMLG@?$AAa?$AAd?$AAv?$AAa?$AAp?$AAi?$AA3?$AA2@ 100024f0     libucrt:winapi_thunks.obj
 0001:00001504       ??_C@_1M@OAIMIKLP@?$AAn?$AAt?$AAd?$AAl?$AAl@ 10002504     libucrt:winapi_thunks.obj
 0001:00001510       ??_C@_1EG@DPGNFKGC@?$AAa?$AAp?$AAi?$AA?9?$AAm?$AAs?$AA?9?$AAw?$AAi?$AAn?$AA?9?$AAa?$AAp?$AAp?$AAm@ 10002510     libucrt:winapi_thunks.obj
 0001:00001558       ??_C@_1O@BCCLBEOE@?$AAu?$AAs?$AAe?$AAr?$AA3?$AA2@ 10002558     libucrt:winapi_thunks.obj
 0001:00001568       ??_C@_1BA@IAIFMGEF@?$AAe?$AAx?$AAt?$AA?9?$AAm?$AAs?$AA?9@ 10002568     libucrt:winapi_thunks.obj
 0001:0000157c       ??_C@_0BA@FHFNEAED@AreFileApisANSI@ 1000257c     libucrt:winapi_thunks.obj
 0001:000015bc       ??_C@_0O@KKBNKAPF@LCMapStringEx@ 100025bc     libucrt:winapi_thunks.obj
 0001:000015d4       ??_C@_0BB@HBDEELFH@LocaleNameToLCID@ 100025d4     libucrt:winapi_thunks.obj
 0001:000015ec       ??_C@_0CF@OJOFEIGO@AppPolicyGetProcessTerminationM@ 100025ec     libucrt:winapi_thunks.obj
 0001:00001618       ___lc_time_c               10002618     libucrt:nlsdata.obj
 0001:0000177c       ??_C@_03KOEHGMDN@Sun@      1000277c     libucrt:nlsdata.obj
 0001:00001780       ??_C@_03PDAGKDH@Mon@       10002780     libucrt:nlsdata.obj
 0001:00001784       ??_C@_03NAGEINEP@Tue@      10002784     libucrt:nlsdata.obj
 0001:00001788       ??_C@_03MHOMLAJA@Wed@      10002788     libucrt:nlsdata.obj
 0001:0000178c       ??_C@_03IOFIKPDN@Thu@      1000278c     libucrt:nlsdata.obj
 0001:00001790       ??_C@_03IDIOELNC@Fri@      10002790     libucrt:nlsdata.obj
 0001:00001794       ??_C@_03FEFJNEK@Sat@       10002794     libucrt:nlsdata.obj
 0001:00001798       ??_C@_06OOPIFAJ@Sunday@    10002798     libucrt:nlsdata.obj
 0001:000017a0       ??_C@_06JLEDEDGH@Monday@   100027a0     libucrt:nlsdata.obj
 0001:000017a8       ??_C@_07BAAGCFCM@Tuesday@  100027a8     libucrt:nlsdata.obj
 0001:000017b0       ??_C@_09DLIGFAKA@Wednesday@ 100027b0     libucrt:nlsdata.obj
 0001:000017bc       ??_C@_08HACCIKIA@Thursday@ 100027bc     libucrt:nlsdata.obj
 0001:000017c8       ??_C@_06JECMNKMI@Friday@   100027c8     libucrt:nlsdata.obj
 0001:000017d0       ??_C@_08INBOOONO@Saturday@ 100027d0     libucrt:nlsdata.obj
 0001:000017dc       ??_C@_03JIHJHPIE@Jan@      100027dc     libucrt:nlsdata.obj
 0001:000017e0       ??_C@_03HJBDCHOM@Feb@      100027e0     libucrt:nlsdata.obj
 0001:000017e4       ??_C@_03ODNJBKGA@Mar@      100027e4     libucrt:nlsdata.obj
 0001:000017e8       ??_C@_03LEOLGMJP@Apr@      100027e8     libucrt:nlsdata.obj
 0001:000017ec       ??_C@_03CNMDKL@May@        100027ec     libucrt:nlsdata.obj
 0001:000017f0       ??_C@_03IDFGHECI@Jun@      100027f0     libucrt:nlsdata.obj
 0001:000017f4       ??_C@_03LBGABGKK@Jul@      100027f4     libucrt:nlsdata.obj
 0001:000017f8       ??_C@_03IFJFEIGA@Aug@      100027f8     libucrt:nlsdata.obj
 0001:000017fc       ??_C@_03GGCAPAJC@Sep@      100027fc     libucrt:nlsdata.obj
 0001:00001800       ??_C@_03BMAOKBAD@Oct@      10002800     libucrt:nlsdata.obj
 0001:00001804       ??_C@_03JPJOFNIA@Nov@      10002804     libucrt:nlsdata.obj
 0001:00001808       ??_C@_03MKABNOCG@Dec@      10002808     libucrt:nlsdata.obj
 0001:0000180c       ??_C@_07CGJPFGJA@January@  1000280c     libucrt:nlsdata.obj
 0001:00001814       ??_C@_08GNJGEPFN@February@ 10002814     libucrt:nlsdata.obj
 0001:00001820       ??_C@_05HPCKOFNC@March@    10002820     libucrt:nlsdata.obj
 0001:00001828       ??_C@_05DMJDNLEJ@April@    10002828     libucrt:nlsdata.obj
 0001:00001830       ??_C@_04CNLMGBGM@June@     10002830     libucrt:nlsdata.obj
 0001:00001838       ??_C@_04MIEPOIFP@July@     10002838     libucrt:nlsdata.obj
 0001:00001840       ??_C@_06LBBHFDDG@August@   10002840     libucrt:nlsdata.obj
 0001:00001848       ??_C@_09BHHEALKD@September@ 10002848     libucrt:nlsdata.obj
 0001:00001854       ??_C@_07JJNFCEND@October@  10002854     libucrt:nlsdata.obj
 0001:0000185c       ??_C@_08HCHEGEOA@November@ 1000285c     libucrt:nlsdata.obj
 0001:00001868       ??_C@_08EDHMEBNP@December@ 10002868     libucrt:nlsdata.obj
 0001:00001874       ??_C@_02DEDBPAFC@AM@       10002874     libucrt:nlsdata.obj
 0001:00001878       ??_C@_02CJNFDJBF@PM@       10002878     libucrt:nlsdata.obj
 0001:0000187c       ??_C@_08BPBNCDIB@MM?1dd?1yy@ 1000287c     libucrt:nlsdata.obj
 0001:00001888       ??_C@_0BE@CKGJFCPC@dddd?0?5MMMM?5dd?0?5yyyy@ 10002888     libucrt:nlsdata.obj
 0001:0000189c       ??_C@_08JCCMCCIL@HH?3mm?3ss@ 1000289c     libucrt:nlsdata.obj
 0001:000018a8       ??_C@_17MBGCMIPB@?$AAS?$AAu?$AAn@ 100028a8     libucrt:nlsdata.obj
 0001:000018b0       ??_C@_17KBOMKBF@?$AAM?$AAo?$AAn@ 100028b0     libucrt:nlsdata.obj
 0001:000018b8       ??_C@_17BMKGEGOJ@?$AAT?$AAu?$AAe@ 100028b8     libucrt:nlsdata.obj
 0001:000018c0       ??_C@_17CJEDCEPE@?$AAW?$AAe?$AAd@ 100028c0     libucrt:nlsdata.obj
 0001:000018c8       ??_C@_17PDPHAADD@?$AAT?$AAh?$AAu@ 100028c8     libucrt:nlsdata.obj
 0001:000018d0       ??_C@_17HFOLPPLP@?$AAF?$AAr?$AAi@ 100028d0     libucrt:nlsdata.obj
 0001:000018d8       ??_C@_17GGIBDPIH@?$AAS?$AAa?$AAt@ 100028d8     libucrt:nlsdata.obj
 0001:000018e0       ??_C@_1O@IHNHDHPB@?$AAS?$AAu?$AAn?$AAd?$AAa?$AAy@ 100028e0     libucrt:nlsdata.obj
 0001:000018f0       ??_C@_1O@MMNBFLIA@?$AAM?$AAo?$AAn?$AAd?$AAa?$AAy@ 100028f0     libucrt:nlsdata.obj
 0001:00001900       ??_C@_1BA@ENFBFFEK@?$AAT?$AAu?$AAe?$AAs?$AAd?$AAa?$AAy@ 10002900     libucrt:nlsdata.obj
 0001:00001910       ??_C@_1BE@EBOGMDOH@?$AAW?$AAe?$AAd?$AAn?$AAe?$AAs?$AAd?$AAa?$AAy@ 10002910     libucrt:nlsdata.obj
 0001:00001924       ??_C@_1BC@HHMNLIHE@?$AAT?$AAh?$AAu?$AAr?$AAs?$AAd?$AAa?$AAy@ 10002924     libucrt:nlsdata.obj
 0001:00001938       ??_C@_1O@PDICJHAG@?$AAF?$AAr?$AAi?$AAd?$AAa?$AAy@ 10002938     libucrt:nlsdata.obj
 0001:00001948       ??_C@_1BC@ENMNNPAJ@?$AAS?$AAa?$AAt?$AAu?$AAr?$AAd?$AAa?$AAy@ 10002948     libucrt:nlsdata.obj
 0001:0000195c       ??_C@_17DKNBKCHM@?$AAJ?$AAa?$AAn@ 1000295c     libucrt:nlsdata.obj
 0001:00001964       ??_C@_17LMDJEKJN@?$AAF?$AAe?$AAb@ 10002964     libucrt:nlsdata.obj
 0001:0000196c       ??_C@_17CKNLEDEC@?$AAM?$AAa?$AAr@ 1000296c     libucrt:nlsdata.obj
 0001:00001974       ??_C@_17LFPOIHDD@?$AAA?$AAp?$AAr@ 10002974     libucrt:nlsdata.obj
 0001:0000197c       ??_C@_17PNNKMEED@?$AAM?$AAa?$AAy@ 1000297c     libucrt:nlsdata.obj
 0001:00001984       ??_C@_17KCJGOCPB@?$AAJ?$AAu?$AAn@ 10002984     libucrt:nlsdata.obj
 0001:0000198c       ??_C@_17IJPCKHK@?$AAJ?$AAu?$AAl@ 1000298c     libucrt:nlsdata.obj
 0001:00001994       ??_C@_17ICPELBCN@?$AAA?$AAu?$AAg@ 10002994     libucrt:nlsdata.obj
 0001:0000199c       ??_C@_17HCHCOKMG@?$AAS?$AAe?$AAp@ 1000299c     libucrt:nlsdata.obj
 0001:000019a4       ??_C@_17FNLKOI@?$AAO?$AAc?$AAt@ 100029a4     libucrt:nlsdata.obj
 0001:000019ac       ??_C@_17BBDMLCIG@?$AAN?$AAo?$AAv@ 100029ac     libucrt:nlsdata.obj
 0001:000019b4       ??_C@_17EGKACKIF@?$AAD?$AAe?$AAc@ 100029b4     libucrt:nlsdata.obj
 0001:000019bc       ??_C@_1BA@EFMEIEBA@?$AAJ?$AAa?$AAn?$AAu?$AAa?$AAr?$AAy@ 100029bc     libucrt:nlsdata.obj
 0001:000019cc       ??_C@_1BC@JGDDFFAM@?$AAF?$AAe?$AAb?$AAr?$AAu?$AAa?$AAr?$AAy@ 100029cc     libucrt:nlsdata.obj
 0001:000019e0       ??_C@_1M@IKEENEDF@?$AAM?$AAa?$AAr?$AAc?$AAh@ 100029e0     libucrt:nlsdata.obj
 0001:000019ec       ??_C@_1M@GJNLMHFD@?$AAA?$AAp?$AAr?$AAi?$AAl@ 100029ec     libucrt:nlsdata.obj
 0001:000019f8       ??_C@_19EPFLPGAP@?$AAJ?$AAu?$AAn?$AAe@ 100029f8     libucrt:nlsdata.obj
 0001:00001a04       ??_C@_19BIFMLPCD@?$AAJ?$AAu?$AAl?$AAy@ 10002a04     libucrt:nlsdata.obj
 0001:00001a10       ??_C@_1O@PAHLKOAC@?$AAA?$AAu?$AAg?$AAu?$AAs?$AAt@ 10002a10     libucrt:nlsdata.obj
 0001:00001a20       ??_C@_1BE@DKAAMBJL@?$AAS?$AAe?$AAp?$AAt?$AAe?$AAm?$AAb?$AAe?$AAr@ 10002a20     libucrt:nlsdata.obj
 0001:00001a34       ??_C@_1BA@EPANDLNG@?$AAO?$AAc?$AAt?$AAo?$AAb?$AAe?$AAr@ 10002a34     libucrt:nlsdata.obj
 0001:00001a44       ??_C@_1BC@BGLIFPF@?$AAN?$AAo?$AAv?$AAe?$AAm?$AAb?$AAe?$AAr@ 10002a44     libucrt:nlsdata.obj
 0001:00001a58       ??_C@_1BC@FEMKIFH@?$AAD?$AAe?$AAc?$AAe?$AAm?$AAb?$AAe?$AAr@ 10002a58     libucrt:nlsdata.obj
 0001:00001a6c       ??_C@_15ODEHAHHF@?$AAA?$AAM@ 10002a6c     libucrt:nlsdata.obj
 0001:00001a74       ??_C@_15CLMNNGEL@?$AAP?$AAM@ 10002a74     libucrt:nlsdata.obj
 0001:00001a7c       ??_C@_1BC@IEBCMHCM@?$AAM?$AAM?$AA?1?$AAd?$AAd?$AA?1?$AAy?$AAy@ 10002a7c     libucrt:nlsdata.obj
 0001:00001a90       ??_C@_1CI@KNAKOEBC@?$AAd?$AAd?$AAd?$AAd?$AA?0?$AA?5?$AAM?$AAM?$AAM?$AAM?$AA?5?$AAd?$AAd?$AA?0?$AA?5@ 10002a90     libucrt:nlsdata.obj
 0001:00001ab8       ??_C@_1BC@GDGBMEMK@?$AAH?$AAH?$AA?3?$AAm?$AAm?$AA?3?$AAs?$AAs@ 10002ab8     libucrt:nlsdata.obj
 0001:00001acc       ??_C@_1M@BMHNFIME@?$AAe?$AAn?$AA?9?$AAU?$AAS@ 10002acc     libucrt:nlsdata.obj
 0001:00001ad8       ___newctype                10002ad8     libucrt:ctype.obj
 0001:00001dd8       ___newclmap                10002dd8     libucrt:ctype.obj
 0001:00001f58       ___newcumap                10002f58     libucrt:ctype.obj
 0001:000027f8       ??_C@_15EMKDOKLE@?$AAa?$AAr@ 100037f8     libucrt:lcidtoname_downlevel.obj
 0001:00002800       ??_C@_15KNPADPLH@?$AAb?$AAg@ 10003800     libucrt:lcidtoname_downlevel.obj
 0001:00002808       ??_C@_15EDMHLDMO@?$AAc?$AAa@ 10003808     libucrt:lcidtoname_downlevel.obj
 0001:00002810       ??_C@_1O@BPEAJADD@?$AAz?$AAh?$AA?9?$AAC?$AAH?$AAS@ 10003810     libucrt:lcidtoname_downlevel.obj
 0001:00002820       ??_C@_15LJNHCMNK@?$AAc?$AAs@ 10003820     libucrt:lcidtoname_downlevel.obj
 0001:00002828       ??_C@_15FOMCIDHG@?$AAd?$AAa@ 10003828     libucrt:lcidtoname_downlevel.obj
 0001:00002830       ??_C@_15NBKABECB@?$AAd?$AAe@ 10003830     libucrt:lcidtoname_downlevel.obj
 0001:00002838       ??_C@_15GHPEIIAO@?$AAe?$AAl@ 10003838     libucrt:lcidtoname_downlevel.obj
 0001:00002840       ??_C@_15MNPNEAIF@?$AAe?$AAn@ 10003840     libucrt:lcidtoname_downlevel.obj
 0001:00002848       ??_C@_15GPIOMPMH@?$AAe?$AAs@ 10003848     libucrt:lcidtoname_downlevel.obj
 0001:00002850       ??_C@_15NGLOAKJC@?$AAf?$AAi@ 10003850     libucrt:lcidtoname_downlevel.obj
 0001:00002858       ??_C@_15FBKGNKAM@?$AAf?$AAr@ 10003858     libucrt:lcidtoname_downlevel.obj
 0001:00002860       ??_C@_15KGGCNEFK@?$AAh?$AAe@ 10003860     libucrt:lcidtoname_downlevel.obj
 0001:00002868       ??_C@_15PGHLIDMF@?$AAh?$AAu@ 10003868     libucrt:lcidtoname_downlevel.obj
 0001:00002870       ??_C@_15BIEMAPLM@?$AAi?$AAs@ 10003870     libucrt:lcidtoname_downlevel.obj
 0001:00002878       ??_C@_15IFJLDHAF@?$AAi?$AAt@ 10003878     libucrt:lcidtoname_downlevel.obj
 0001:00002880       ??_C@_15GEMIOCAG@?$AAj?$AAa@ 10003880     libucrt:lcidtoname_downlevel.obj
 0001:00002888       ??_C@_15EPELEGJA@?$AAk?$AAo@ 10003888     libucrt:lcidtoname_downlevel.obj
 0001:00002890       ??_C@_15NDDHIMN@?$AAn?$AAl@ 10003890     libucrt:lcidtoname_downlevel.obj
 0001:00002898       ??_C@_15BPIGNHCD@?$AAn?$AAo@ 10003898     libucrt:lcidtoname_downlevel.obj
 0001:000028a0       ??_C@_15DEOPBLCG@?$AAp?$AAl@ 100038a0     libucrt:lcidtoname_downlevel.obj
 0001:000028a8       ??_C@_15KBECGEFG@?$AAp?$AAt@ 100038a8     libucrt:lcidtoname_downlevel.obj
 0001:000028b0       ??_C@_15GLJCBFMD@?$AAr?$AAo@ 100038b0     libucrt:lcidtoname_downlevel.obj
 0001:000028b8       ??_C@_15FEDGKCDI@?$AAr?$AAu@ 100038b8     libucrt:lcidtoname_downlevel.obj
 0001:000028c0       ??_C@_15GLKMLLHM@?$AAh?$AAr@ 100038c0     libucrt:lcidtoname_downlevel.obj
 0001:000028c8       ??_C@_15CPKMFBDB@?$AAs?$AAk@ 100038c8     libucrt:lcidtoname_downlevel.obj
 0001:000028d0       ??_C@_15BAAIOGMK@?$AAs?$AAq@ 100038d0     libucrt:lcidtoname_downlevel.obj
 0001:000028d8       ??_C@_15INNPNOHD@?$AAs?$AAv@ 100038d8     libucrt:lcidtoname_downlevel.obj
 0001:000028e0       ??_C@_15CABMMOGH@?$AAt?$AAh@ 100038e0     libucrt:lcidtoname_downlevel.obj
 0001:000028e8       ??_C@_15BPLIHJJM@?$AAt?$AAr@ 100038e8     libucrt:lcidtoname_downlevel.obj
 0001:000028f0       ??_C@_15NEOEKKDJ@?$AAu?$AAr@ 100038f0     libucrt:lcidtoname_downlevel.obj
 0001:000028f8       ??_C@_15NFICGAJK@?$AAi?$AAd@ 100038f8     libucrt:lcidtoname_downlevel.obj
 0001:00002900       ??_C@_15PJPFLCCM@?$AAu?$AAk@ 10003900     libucrt:lcidtoname_downlevel.obj
 0001:00002908       ??_C@_15HPJPHDM@?$AAb?$AAe@ 10003908     libucrt:lcidtoname_downlevel.obj
 0001:00002910       ??_C@_15LCHLGJII@?$AAs?$AAl@ 10003910     libucrt:lcidtoname_downlevel.obj
 0001:00002918       ??_C@_15PCFJPHHO@?$AAe?$AAt@ 10003918     libucrt:lcidtoname_downlevel.obj
 0001:00002920       ??_C@_15HPFPGODN@?$AAl?$AAv@ 10003920     libucrt:lcidtoname_downlevel.obj
 0001:00002928       ??_C@_15NFFGKGLG@?$AAl?$AAt@ 10003928     libucrt:lcidtoname_downlevel.obj
 0001:00002930       ??_C@_15BDAKCCHN@?$AAf?$AAa@ 10003930     libucrt:lcidtoname_downlevel.obj
 0001:00002938       ??_C@_15NFGIAIAJ@?$AAv?$AAi@ 10003938     libucrt:lcidtoname_downlevel.obj
 0001:00002940       ??_C@_15LMKNDMHN@?$AAh?$AAy@ 10003940     libucrt:lcidtoname_downlevel.obj
 0001:00002948       ??_C@_15IJBHMCFL@?$AAa?$AAz@ 10003948     libucrt:lcidtoname_downlevel.obj
 0001:00002950       ??_C@_15EKOFJABL@?$AAe?$AAu@ 10003950     libucrt:lcidtoname_downlevel.obj
 0001:00002958       ??_C@_15BGHADCNK@?$AAm?$AAk@ 10003958     libucrt:lcidtoname_downlevel.obj
 0001:00002960       ??_C@_15JDNICKHM@?$AAa?$AAf@ 10003960     libucrt:lcidtoname_downlevel.obj
 0001:00002968       ??_C@_15KPJEDBKD@?$AAk?$AAa@ 10003968     libucrt:lcidtoname_downlevel.obj
 0001:00002970       ??_C@_15PDNFFFEO@?$AAf?$AAo@ 10003970     libucrt:lcidtoname_downlevel.obj
 0001:00002978       ??_C@_15OMLEGLOC@?$AAh?$AAi@ 10003978     libucrt:lcidtoname_downlevel.obj
 0001:00002980       ??_C@_15IDNNENKK@?$AAm?$AAs@ 10003980     libucrt:lcidtoname_downlevel.obj
 0001:00002988       ??_C@_15MACJNBMH@?$AAk?$AAk@ 10003988     libucrt:lcidtoname_downlevel.obj
 0001:00002990       ??_C@_15DKDJEOND@?$AAk?$AAy@ 10003990     libucrt:lcidtoname_downlevel.obj
 0001:00002998       ??_C@_15DFGDLJBG@?$AAs?$AAw@ 10003998     libucrt:lcidtoname_downlevel.obj
 0001:000029a0       ??_C@_15BBFAICNG@?$AAu?$AAz@ 100039a0     libucrt:lcidtoname_downlevel.obj
 0001:000029a8       ??_C@_15DKNDCGEA@?$AAt?$AAt@ 100039a8     libucrt:lcidtoname_downlevel.obj
 0001:000029b0       ??_C@_15MGIFMDPL@?$AAp?$AAa@ 100039b0     libucrt:lcidtoname_downlevel.obj
 0001:000029b8       ??_C@_15HCNDBBA@?$AAg?$AAu@ 100039b8     libucrt:lcidtoname_downlevel.obj
 0001:000029c0       ??_C@_15FNBEIBON@?$AAt?$AAa@ 100039c0     libucrt:lcidtoname_downlevel.obj
 0001:000029c8       ??_C@_15NCHGBGLK@?$AAt?$AAe@ 100039c8     libucrt:lcidtoname_downlevel.obj
 0001:000029d0       ??_C@_15PHPHCBPF@?$AAk?$AAn@ 100039d0     libucrt:lcidtoname_downlevel.obj
 0001:000029d8       ??_C@_15DLGBCKMP@?$AAm?$AAr@ 100039d8     libucrt:lcidtoname_downlevel.obj
 0001:000029e0       ??_C@_15EABBLBFF@?$AAs?$AAa@ 100039e0     libucrt:lcidtoname_downlevel.obj
 0001:000029e8       ??_C@_15CBKOMCOI@?$AAm?$AAn@ 100039e8     libucrt:lcidtoname_downlevel.obj
 0001:000029f0       ??_C@_15CKDMCJAF@?$AAg?$AAl@ 100039f0     libucrt:lcidtoname_downlevel.obj
 0001:000029f8       ??_C@_17CNJFBPG@?$AAk?$AAo?$AAk@ 100039f8     libucrt:lcidtoname_downlevel.obj
 0001:00002a00       ??_C@_17FFBJICPL@?$AAs?$AAy?$AAr@ 10003a00     libucrt:lcidtoname_downlevel.obj
 0001:00002a08       ??_C@_17KPNDCPAF@?$AAd?$AAi?$AAv@ 10003a08     libucrt:lcidtoname_downlevel.obj
 0001:00002a10       ??_C@_1M@OKAHONE@?$AAa?$AAr?$AA?9?$AAS?$AAA@ 10003a10     libucrt:lcidtoname_downlevel.obj
 0001:00002a1c       ??_C@_1M@FFFIGIGK@?$AAb?$AAg?$AA?9?$AAB?$AAG@ 10003a1c     libucrt:lcidtoname_downlevel.obj
 0001:00002a28       ??_C@_1M@BJNKEDC@?$AAc?$AAa?$AA?9?$AAE?$AAS@ 10003a28     libucrt:lcidtoname_downlevel.obj
 0001:00002a34       ??_C@_1M@IJJHFJHA@?$AAc?$AAs?$AA?9?$AAC?$AAZ@ 10003a34     libucrt:lcidtoname_downlevel.obj
 0001:00002a40       ??_C@_1M@CLPEOBGI@?$AAd?$AAa?$AA?9?$AAD?$AAK@ 10003a40     libucrt:lcidtoname_downlevel.obj
 0001:00002a4c       ??_C@_1M@MCMADGCB@?$AAd?$AAe?$AA?9?$AAD?$AAE@ 10003a4c     libucrt:lcidtoname_downlevel.obj
 0001:00002a58       ??_C@_1M@OOCKEMAM@?$AAe?$AAl?$AA?9?$AAG?$AAR@ 10003a58     libucrt:lcidtoname_downlevel.obj
 0001:00002a64       ??_C@_1M@DDNJFGID@?$AAf?$AAi?$AA?9?$AAF?$AAI@ 10003a64     libucrt:lcidtoname_downlevel.obj
 0001:00002a70       ??_C@_1M@GLIPPMAC@?$AAf?$AAr?$AA?9?$AAF?$AAR@ 10003a70     libucrt:lcidtoname_downlevel.obj
 0001:00002a7c       ??_C@_1M@GFMCHPE@?$AAh?$AAe?$AA?9?$AAI?$AAL@ 10003a7c     libucrt:lcidtoname_downlevel.obj
 0001:00002a88       ??_C@_1M@MHLPGNKM@?$AAh?$AAu?$AA?9?$AAH?$AAU@ 10003a88     libucrt:lcidtoname_downlevel.obj
 0001:00002a94       ??_C@_1M@LPDDNNPN@?$AAi?$AAs?$AA?9?$AAI?$AAS@ 10003a94     libucrt:lcidtoname_downlevel.obj
 0001:00002aa0       ??_C@_1M@MADIPODN@?$AAi?$AAt?$AA?9?$AAI?$AAT@ 10003aa0     libucrt:lcidtoname_downlevel.obj
 0001:00002aac       ??_C@_1M@IHBJJGG@?$AAn?$AAl?$AA?9?$AAN?$AAL@ 10003aac     libucrt:lcidtoname_downlevel.obj
 0001:00002ab8       ??_C@_1M@EANAGDL@?$AAn?$AAb?$AA?9?$AAN?$AAO@ 10003ab8     libucrt:lcidtoname_downlevel.obj
 0001:00002ac4       ??_C@_1M@NEIEMEGP@?$AAp?$AAl?$AA?9?$AAP?$AAL@ 10003ac4     libucrt:lcidtoname_downlevel.obj
 0001:00002ad0       ??_C@_1M@BOCFIGEP@?$AAp?$AAt?$AA?9?$AAB?$AAR@ 10003ad0     libucrt:lcidtoname_downlevel.obj
 0001:00002adc       ??_C@_1M@IMPFOPBG@?$AAr?$AAo?$AA?9?$AAR?$AAO@ 10003adc     libucrt:lcidtoname_downlevel.obj
 0001:00002ae8       ??_C@_1M@IDNNEJMM@?$AAr?$AAu?$AA?9?$AAR?$AAU@ 10003ae8     libucrt:lcidtoname_downlevel.obj
 0001:00002af4       ??_C@_1M@LILEEOGM@?$AAh?$AAr?$AA?9?$AAH?$AAR@ 10003af4     libucrt:lcidtoname_downlevel.obj
 0001:00002b00       ??_C@_1M@FKIFEHPB@?$AAs?$AAk?$AA?9?$AAS?$AAK@ 10003b00     libucrt:lcidtoname_downlevel.obj
 0001:00002b0c       ??_C@_1M@LJMAMNPJ@?$AAs?$AAq?$AA?9?$AAA?$AAL@ 10003b0c     libucrt:lcidtoname_downlevel.obj
 0001:00002b18       ??_C@_1M@GIAKDKJK@?$AAs?$AAv?$AA?9?$AAS?$AAE@ 10003b18     libucrt:lcidtoname_downlevel.obj
 0001:00002b24       ??_C@_1M@MKJKIKCL@?$AAt?$AAh?$AA?9?$AAT?$AAH@ 10003b24     libucrt:lcidtoname_downlevel.obj
 0001:00002b30       ??_C@_1M@MFLCCMPB@?$AAt?$AAr?$AA?9?$AAT?$AAR@ 10003b30     libucrt:lcidtoname_downlevel.obj
 0001:00002b3c       ??_C@_1M@OIJHDKJN@?$AAu?$AAr?$AA?9?$AAP?$AAK@ 10003b3c     libucrt:lcidtoname_downlevel.obj
 0001:00002b48       ??_C@_1M@LHIPCIEK@?$AAi?$AAd?$AA?9?$AAI?$AAD@ 10003b48     libucrt:lcidtoname_downlevel.obj
 0001:00002b54       ??_C@_1M@MFMOBGI@?$AAu?$AAk?$AA?9?$AAU?$AAA@ 10003b54     libucrt:lcidtoname_downlevel.obj
 0001:00002b60       ??_C@_1M@OBGLJIPL@?$AAb?$AAe?$AA?9?$AAB?$AAY@ 10003b60     libucrt:lcidtoname_downlevel.obj
 0001:00002b6c       ??_C@_1M@BCFAJEAD@?$AAs?$AAl?$AA?9?$AAS?$AAI@ 10003b6c     libucrt:lcidtoname_downlevel.obj
 0001:00002b78       ??_C@_1M@FKFFEDDN@?$AAe?$AAt?$AA?9?$AAE?$AAE@ 10003b78     libucrt:lcidtoname_downlevel.obj
 0001:00002b84       ??_C@_1M@KGKKAACI@?$AAl?$AAv?$AA?9?$AAL?$AAV@ 10003b84     libucrt:lcidtoname_downlevel.obj
 0001:00002b90       ??_C@_1M@IFGBIJO@?$AAl?$AAt?$AA?9?$AAL?$AAT@ 10003b90     libucrt:lcidtoname_downlevel.obj
 0001:00002b9c       ??_C@_1M@FGEAHEDM@?$AAf?$AAa?$AA?9?$AAI?$AAR@ 10003b9c     libucrt:lcidtoname_downlevel.obj
 0001:00002ba8       ??_C@_1M@KBMAIBFN@?$AAv?$AAi?$AA?9?$AAV?$AAN@ 10003ba8     libucrt:lcidtoname_downlevel.obj
 0001:00002bb4       ??_C@_1M@GPCBKDJK@?$AAh?$AAy?$AA?9?$AAA?$AAM@ 10003bb4     libucrt:lcidtoname_downlevel.obj
 0001:00002bc0       ??_C@_1BG@BECMDDJB@?$AAa?$AAz?$AA?9?$AAA?$AAZ?$AA?9?$AAL?$AAa?$AAt?$AAn@ 10003bc0     libucrt:lcidtoname_downlevel.obj
 0001:00002bd8       ??_C@_1M@MAOFCAEA@?$AAe?$AAu?$AA?9?$AAE?$AAS@ 10003bd8     libucrt:lcidtoname_downlevel.obj
 0001:00002be4       ??_C@_1M@IGHABKPI@?$AAm?$AAk?$AA?9?$AAM?$AAK@ 10003be4     libucrt:lcidtoname_downlevel.obj
 0001:00002bf0       ??_C@_1M@IAIGNEJG@?$AAt?$AAn?$AA?9?$AAZ?$AAA@ 10003bf0     libucrt:lcidtoname_downlevel.obj
 0001:00002bfc       ??_C@_1M@IIJCOJFA@?$AAx?$AAh?$AA?9?$AAZ?$AAA@ 10003bfc     libucrt:lcidtoname_downlevel.obj
 0001:00002c08       ??_C@_1M@LGPJHNJH@?$AAz?$AAu?$AA?9?$AAZ?$AAA@ 10003c08     libucrt:lcidtoname_downlevel.obj
 0001:00002c14       ??_C@_1M@HOKAOIO@?$AAa?$AAf?$AA?9?$AAZ?$AAA@ 10003c14     libucrt:lcidtoname_downlevel.obj
 0001:00002c20       ??_C@_1M@DPCLHLIE@?$AAk?$AAa?$AA?9?$AAG?$AAE@ 10003c20     libucrt:lcidtoname_downlevel.obj
 0001:00002c2c       ??_C@_1M@BLKMHJBI@?$AAf?$AAo?$AA?9?$AAF?$AAO@ 10003c2c     libucrt:lcidtoname_downlevel.obj
 0001:00002c38       ??_C@_1M@LGGJAPPB@?$AAh?$AAi?$AA?9?$AAI?$AAN@ 10003c38     libucrt:lcidtoname_downlevel.obj
 0001:00002c44       ??_C@_1M@FIKPIHFE@?$AAm?$AAt?$AA?9?$AAM?$AAT@ 10003c44     libucrt:lcidtoname_downlevel.obj
 0001:00002c50       ??_C@_1M@HEGGPBFA@?$AAs?$AAe?$AA?9?$AAN?$AAO@ 10003c50     libucrt:lcidtoname_downlevel.obj
 0001:00002c5c       ??_C@_1M@EIBJEEPA@?$AAm?$AAs?$AA?9?$AAM?$AAY@ 10003c5c     libucrt:lcidtoname_downlevel.obj
 0001:00002c68       ??_C@_1M@FHLBGMPP@?$AAk?$AAk?$AA?9?$AAK?$AAZ@ 10003c68     libucrt:lcidtoname_downlevel.obj
 0001:00002c74       ??_C@_1M@NGJJLCGI@?$AAk?$AAy?$AA?9?$AAK?$AAG@ 10003c74     libucrt:lcidtoname_downlevel.obj
 0001:00002c80       ??_C@_1M@GIENNBFC@?$AAs?$AAw?$AA?9?$AAK?$AAE@ 10003c80     libucrt:lcidtoname_downlevel.obj
 0001:00002c8c       ??_C@_1BG@NDGMJIMJ@?$AAu?$AAz?$AA?9?$AAU?$AAZ?$AA?9?$AAL?$AAa?$AAt?$AAn@ 10003c8c     libucrt:lcidtoname_downlevel.obj
 0001:00002ca4       ??_C@_1M@IDCCIHBC@?$AAt?$AAt?$AA?9?$AAR?$AAU@ 10003ca4     libucrt:lcidtoname_downlevel.obj
 0001:00002cb0       ??_C@_1M@LOICPMOJ@?$AAb?$AAn?$AA?9?$AAI?$AAN@ 10003cb0     libucrt:lcidtoname_downlevel.obj
 0001:00002cbc       ??_C@_1M@KPKKNEAH@?$AAp?$AAa?$AA?9?$AAI?$AAN@ 10003cbc     libucrt:lcidtoname_downlevel.obj
 0001:00002cc8       ??_C@_1M@PJGPPBOG@?$AAg?$AAu?$AA?9?$AAI?$AAN@ 10003cc8     libucrt:lcidtoname_downlevel.obj
 0001:00002cd4       ??_C@_1M@KMKMOPHI@?$AAt?$AAa?$AA?9?$AAI?$AAN@ 10003cd4     libucrt:lcidtoname_downlevel.obj
 0001:00002ce0       ??_C@_1M@KFEHEPAC@?$AAt?$AAe?$AA?9?$AAI?$AAN@ 10003ce0     libucrt:lcidtoname_downlevel.obj
 0001:00002cec       ??_C@_1M@CDCLMGHI@?$AAk?$AAn?$AA?9?$AAI?$AAN@ 10003cec     libucrt:lcidtoname_downlevel.obj
 0001:00002cf8       ??_C@_1M@MIODLDKF@?$AAm?$AAl?$AA?9?$AAI?$AAN@ 10003cf8     libucrt:lcidtoname_downlevel.obj
 0001:00002d04       ??_C@_1M@PBIEACPO@?$AAm?$AAr?$AA?9?$AAI?$AAN@ 10003d04     libucrt:lcidtoname_downlevel.obj
 0001:00002d10       ??_C@_1M@NIDEAGPH@?$AAs?$AAa?$AA?9?$AAI?$AAN@ 10003d10     libucrt:lcidtoname_downlevel.obj
 0001:00002d1c       ??_C@_1M@FHIHCBIO@?$AAm?$AAn?$AA?9?$AAM?$AAN@ 10003d1c     libucrt:lcidtoname_downlevel.obj
 0001:00002d28       ??_C@_1M@JAIJPENP@?$AAc?$AAy?$AA?9?$AAG?$AAB@ 10003d28     libucrt:lcidtoname_downlevel.obj
 0001:00002d34       ??_C@_1M@PHGFBEPN@?$AAg?$AAl?$AA?9?$AAE?$AAS@ 10003d34     libucrt:lcidtoname_downlevel.obj
 0001:00002d40       ??_C@_1O@KPIPDNCP@?$AAk?$AAo?$AAk?$AA?9?$AAI?$AAN@ 10003d40     libucrt:lcidtoname_downlevel.obj
 0001:00002d50       ??_C@_1O@KNHJLDJA@?$AAs?$AAy?$AAr?$AA?9?$AAS?$AAY@ 10003d50     libucrt:lcidtoname_downlevel.obj
 0001:00002d60       ??_C@_1O@MKEKBLAH@?$AAd?$AAi?$AAv?$AA?9?$AAM?$AAV@ 10003d60     libucrt:lcidtoname_downlevel.obj
 0001:00002d70       ??_C@_1O@OHDCKDDF@?$AAq?$AAu?$AAz?$AA?9?$AAB?$AAO@ 10003d70     libucrt:lcidtoname_downlevel.obj
 0001:00002d80       ??_C@_1M@LEPJNLFD@?$AAn?$AAs?$AA?9?$AAZ?$AAA@ 10003d80     libucrt:lcidtoname_downlevel.obj
 0001:00002d8c       ??_C@_1M@OMLEIIJB@?$AAm?$AAi?$AA?9?$AAN?$AAZ@ 10003d8c     libucrt:lcidtoname_downlevel.obj
 0001:00002d98       ??_C@_1M@PMPEAILG@?$AAa?$AAr?$AA?9?$AAI?$AAQ@ 10003d98     libucrt:lcidtoname_downlevel.obj
 0001:00002da4       ??_C@_1M@CNKPNOEE@?$AAd?$AAe?$AA?9?$AAC?$AAH@ 10003da4     libucrt:lcidtoname_downlevel.obj
 0001:00002db0       ??_C@_1M@LKMGMLKO@?$AAe?$AAn?$AA?9?$AAG?$AAB@ 10003db0     libucrt:lcidtoname_downlevel.obj
 0001:00002dbc       ??_C@_1M@PGKJFFGL@?$AAe?$AAs?$AA?9?$AAM?$AAX@ 10003dbc     libucrt:lcidtoname_downlevel.obj
 0001:00002dc8       ??_C@_1M@DNNANBDC@?$AAf?$AAr?$AA?9?$AAB?$AAE@ 10003dc8     libucrt:lcidtoname_downlevel.obj
 0001:00002dd4       ??_C@_1M@HLGMDFHM@?$AAi?$AAt?$AA?9?$AAC?$AAH@ 10003dd4     libucrt:lcidtoname_downlevel.obj
 0001:00002de0       ??_C@_1M@CLLBGJH@?$AAn?$AAl?$AA?9?$AAB?$AAE@ 10003de0     libucrt:lcidtoname_downlevel.obj
 0001:00002dec       ??_C@_1M@BODBOGLF@?$AAn?$AAn?$AA?9?$AAN?$AAO@ 10003dec     libucrt:lcidtoname_downlevel.obj
 0001:00002df8       ??_C@_1M@HFFAHKAD@?$AAp?$AAt?$AA?9?$AAP?$AAT@ 10003df8     libucrt:lcidtoname_downlevel.obj
 0001:00002e04       ??_C@_1BG@LNOAKHIE@?$AAs?$AAr?$AA?9?$AAS?$AAP?$AA?9?$AAL?$AAa?$AAt?$AAn@ 10003e04     libucrt:lcidtoname_downlevel.obj
 0001:00002e1c       ??_C@_1M@HBMHBGAK@?$AAs?$AAv?$AA?9?$AAF?$AAI@ 10003e1c     libucrt:lcidtoname_downlevel.obj
 0001:00002e28       ??_C@_1BG@DGCJGJBE@?$AAa?$AAz?$AA?9?$AAA?$AAZ?$AA?9?$AAC?$AAy?$AAr?$AAl@ 10003e28     libucrt:lcidtoname_downlevel.obj
 0001:00002e40       ??_C@_1M@KEJDAAHB@?$AAs?$AAe?$AA?9?$AAS?$AAE@ 10003e40     libucrt:lcidtoname_downlevel.obj
 0001:00002e4c       ??_C@_1M@HEIBJJAD@?$AAm?$AAs?$AA?9?$AAB?$AAN@ 10003e4c     libucrt:lcidtoname_downlevel.obj
 0001:00002e58       ??_C@_1BG@PBGJMCEM@?$AAu?$AAz?$AA?9?$AAU?$AAZ?$AA?9?$AAC?$AAy?$AAr?$AAl@ 10003e58     libucrt:lcidtoname_downlevel.obj
 0001:00002e70       ??_C@_1O@LAOBCMDF@?$AAq?$AAu?$AAz?$AA?9?$AAE?$AAC@ 10003e70     libucrt:lcidtoname_downlevel.obj
 0001:00002e80       ??_C@_1M@POEEMAIO@?$AAa?$AAr?$AA?9?$AAE?$AAG@ 10003e80     libucrt:lcidtoname_downlevel.obj
 0001:00002e8c       ??_C@_1M@EFAKDEDL@?$AAz?$AAh?$AA?9?$AAH?$AAK@ 10003e8c     libucrt:lcidtoname_downlevel.obj
 0001:00002e98       ??_C@_1M@HKKIJHGI@?$AAd?$AAe?$AA?9?$AAA?$AAT@ 10003e98     libucrt:lcidtoname_downlevel.obj
 0001:00002ea4       ??_C@_1M@KBFBEHJF@?$AAe?$AAn?$AA?9?$AAA?$AAU@ 10003ea4     libucrt:lcidtoname_downlevel.obj
 0001:00002eb0       ??_C@_1M@MNPLFAAH@?$AAe?$AAs?$AA?9?$AAE?$AAS@ 10003eb0     libucrt:lcidtoname_downlevel.obj
 0001:00002ebc       ??_C@_1M@HJOOJFMA@?$AAf?$AAr?$AA?9?$AAC?$AAA@ 10003ebc     libucrt:lcidtoname_downlevel.obj
 0001:00002ec8       ??_C@_1BG@JPOFPNAB@?$AAs?$AAr?$AA?9?$AAS?$AAP?$AA?9?$AAC?$AAy?$AAr?$AAl@ 10003ec8     libucrt:lcidtoname_downlevel.obj
 0001:00002ee0       ??_C@_1M@LNFOCMOB@?$AAs?$AAe?$AA?9?$AAF?$AAI@ 10003ee0     libucrt:lcidtoname_downlevel.obj
 0001:00002eec       ??_C@_1O@MGJBOAMB@?$AAq?$AAu?$AAz?$AA?9?$AAP?$AAE@ 10003eec     libucrt:lcidtoname_downlevel.obj
 0001:00002efc       ??_C@_1M@GJINLBOK@?$AAa?$AAr?$AA?9?$AAL?$AAY@ 10003efc     libucrt:lcidtoname_downlevel.obj
 0001:00002f08       ??_C@_1M@GGMNHJNL@?$AAz?$AAh?$AA?9?$AAS?$AAG@ 10003f08     libucrt:lcidtoname_downlevel.obj
 0001:00002f14       ??_C@_1M@HOIKODND@?$AAd?$AAe?$AA?9?$AAL?$AAU@ 10003f14     libucrt:lcidtoname_downlevel.obj
 0001:00002f20       ??_C@_1M@DDOCCGFG@?$AAe?$AAn?$AA?9?$AAC?$AAA@ 10003f20     libucrt:lcidtoname_downlevel.obj
 0001:00002f2c       ??_C@_1M@BNOEMJLF@?$AAe?$AAs?$AA?9?$AAG?$AAT@ 10003f2c     libucrt:lcidtoname_downlevel.obj
 0001:00002f38       ??_C@_1M@EOGNKEK@?$AAf?$AAr?$AA?9?$AAC?$AAH@ 10003f38     libucrt:lcidtoname_downlevel.obj
 0001:00002f44       ??_C@_1M@FLIDJFHL@?$AAh?$AAr?$AA?9?$AAB?$AAA@ 10003f44     libucrt:lcidtoname_downlevel.obj
 0001:00002f50       ??_C@_1O@FMCELNAJ@?$AAs?$AAm?$AAj?$AA?9?$AAN?$AAO@ 10003f50     libucrt:lcidtoname_downlevel.obj
 0001:00002f60       ??_C@_1M@JHGLJMGJ@?$AAa?$AAr?$AA?9?$AAD?$AAZ@ 10003f60     libucrt:lcidtoname_downlevel.obj
 0001:00002f6c       ??_C@_1M@JKKFDCNP@?$AAz?$AAh?$AA?9?$AAM?$AAO@ 10003f6c     libucrt:lcidtoname_downlevel.obj
 0001:00002f78       ??_C@_1M@GEEFALPE@?$AAd?$AAe?$AA?9?$AAL?$AAI@ 10003f78     libucrt:lcidtoname_downlevel.obj
 0001:00002f84       ??_C@_1M@IGEOFBG@?$AAe?$AAn?$AA?9?$AAN?$AAZ@ 10003f84     libucrt:lcidtoname_downlevel.obj
 0001:00002f90       ??_C@_1M@KDBONEHP@?$AAe?$AAs?$AA?9?$AAC?$AAR@ 10003f90     libucrt:lcidtoname_downlevel.obj
 0001:00002f9c       ??_C@_1M@FHMDOHNN@?$AAf?$AAr?$AA?9?$AAL?$AAU@ 10003f9c     libucrt:lcidtoname_downlevel.obj
 0001:00002fa8       ??_C@_1BG@NFKKMAFG@?$AAb?$AAs?$AA?9?$AAB?$AAA?$AA?9?$AAL?$AAa?$AAt?$AAn@ 10003fa8     libucrt:lcidtoname_downlevel.obj
 0001:00002fc0       ??_C@_1O@IMNBEMCI@?$AAs?$AAm?$AAj?$AA?9?$AAS?$AAE@ 10003fc0     libucrt:lcidtoname_downlevel.obj
 0001:00002fd0       ??_C@_1M@DHHMBNDP@?$AAa?$AAr?$AA?9?$AAM?$AAA@ 10003fd0     libucrt:lcidtoname_downlevel.obj
 0001:00002fdc       ??_C@_1M@BNBLJCGH@?$AAe?$AAn?$AA?9?$AAI?$AAE@ 10003fdc     libucrt:lcidtoname_downlevel.obj
 0001:00002fe8       ??_C@_1M@GEPAFMDL@?$AAe?$AAs?$AA?9?$AAP?$AAA@ 10003fe8     libucrt:lcidtoname_downlevel.obj
 0001:00002ff4       ??_C@_1M@OJONDMDL@?$AAf?$AAr?$AA?9?$AAM?$AAC@ 10003ff4     libucrt:lcidtoname_downlevel.obj
 0001:00003000       ??_C@_1BG@OBCNFJB@?$AAs?$AAr?$AA?9?$AAB?$AAA?$AA?9?$AAL?$AAa?$AAt?$AAn@ 10004000     libucrt:lcidtoname_downlevel.obj
 0001:00003018       ??_C@_1O@KEMEEGPO@?$AAs?$AAm?$AAa?$AA?9?$AAN?$AAO@ 10004018     libucrt:lcidtoname_downlevel.obj
 0001:00003028       ??_C@_1M@ELMGFODK@?$AAa?$AAr?$AA?9?$AAT?$AAN@ 10004028     libucrt:lcidtoname_downlevel.obj
 0001:00003034       ??_C@_1M@BHDLHFAF@?$AAe?$AAn?$AA?9?$AAZ?$AAA@ 10004034     libucrt:lcidtoname_downlevel.obj
 0001:00003040       ??_C@_1M@BMGIGLIF@?$AAe?$AAs?$AA?9?$AAD?$AAO@ 10004040     libucrt:lcidtoname_downlevel.obj
 0001:0000304c       ??_C@_1BG@CMBHIPBE@?$AAs?$AAr?$AA?9?$AAB?$AAA?$AA?9?$AAC?$AAy?$AAr?$AAl@ 1000404c     libucrt:lcidtoname_downlevel.obj
 0001:00003064       ??_C@_1O@HEDBLHNP@?$AAs?$AAm?$AAa?$AA?9?$AAS?$AAE@ 10004064     libucrt:lcidtoname_downlevel.obj
 0001:00003074       ??_C@_1M@DAGCADIM@?$AAa?$AAr?$AA?9?$AAO?$AAM@ 10004074     libucrt:lcidtoname_downlevel.obj
 0001:00003080       ??_C@_1M@FODLMICG@?$AAe?$AAn?$AA?9?$AAJ?$AAM@ 10004080     libucrt:lcidtoname_downlevel.obj
 0001:0000308c       ??_C@_1M@DNMLCIHB@?$AAe?$AAs?$AA?9?$AAV?$AAE@ 1000408c     libucrt:lcidtoname_downlevel.obj
 0001:00003098       ??_C@_1O@EOKHMKJK@?$AAs?$AAm?$AAs?$AA?9?$AAF?$AAI@ 10004098     libucrt:lcidtoname_downlevel.obj
 0001:000030a8       ??_C@_1M@CAFJMKOF@?$AAa?$AAr?$AA?9?$AAY?$AAE@ 100040a8     libucrt:lcidtoname_downlevel.obj
 0001:000030b4       ??_C@_1M@CBFHIJLI@?$AAe?$AAn?$AA?9?$AAC?$AAB@ 100040b4     libucrt:lcidtoname_downlevel.obj
 0001:000030c0       ??_C@_1M@BGNFLDN@?$AAe?$AAs?$AA?9?$AAC?$AAO@ 100040c0     libucrt:lcidtoname_downlevel.obj
 0001:000030cc       ??_C@_1O@JMPHMAMC@?$AAs?$AAm?$AAn?$AA?9?$AAF?$AAI@ 100040cc     libucrt:lcidtoname_downlevel.obj
 0001:000030dc       ??_C@_1M@JLANABKE@?$AAa?$AAr?$AA?9?$AAS?$AAY@ 100040dc     libucrt:lcidtoname_downlevel.obj
 0001:000030e8       ??_C@_1M@HPKGCFGN@?$AAe?$AAn?$AA?9?$AAB?$AAZ@ 100040e8     libucrt:lcidtoname_downlevel.obj
 0001:000030f4       ??_C@_1M@OLJCMLGM@?$AAe?$AAs?$AA?9?$AAP?$AAE@ 100040f4     libucrt:lcidtoname_downlevel.obj
 0001:00003100       ??_C@_1M@MKKGFKLE@?$AAa?$AAr?$AA?9?$AAJ?$AAO@ 10004100     libucrt:lcidtoname_downlevel.obj
 0001:0000310c       ??_C@_1M@EKPGLDNI@?$AAe?$AAn?$AA?9?$AAT?$AAT@ 1000410c     libucrt:lcidtoname_downlevel.obj
 0001:00003118       ??_C@_1M@OONGHFHE@?$AAe?$AAs?$AA?9?$AAA?$AAR@ 10004118     libucrt:lcidtoname_downlevel.obj
 0001:00003124       ??_C@_1M@OOJFGBHE@?$AAa?$AAr?$AA?9?$AAL?$AAB@ 10004124     libucrt:lcidtoname_downlevel.obj
 0001:00003130       ??_C@_1M@GCEJHNEG@?$AAe?$AAn?$AA?9?$AAZ?$AAW@ 10004130     libucrt:lcidtoname_downlevel.obj
 0001:0000313c       ??_C@_1M@JNOCAHJI@?$AAe?$AAs?$AA?9?$AAE?$AAC@ 1000413c     libucrt:lcidtoname_downlevel.obj
 0001:00003148       ??_C@_1M@JEFHPGGB@?$AAa?$AAr?$AA?9?$AAK?$AAW@ 10004148     libucrt:lcidtoname_downlevel.obj
 0001:00003154       ??_C@_1M@MLKIBJOJ@?$AAe?$AAn?$AA?9?$AAP?$AAH@ 10004154     libucrt:lcidtoname_downlevel.obj
 0001:00003160       ??_C@_1M@BDNIPEND@?$AAe?$AAs?$AA?9?$AAC?$AAL@ 10004160     libucrt:lcidtoname_downlevel.obj
 0001:0000316c       ??_C@_1M@MPNMEKBD@?$AAa?$AAr?$AA?9?$AAA?$AAE@ 1000416c     libucrt:lcidtoname_downlevel.obj
 0001:00003178       ??_C@_1M@KBJALCPI@?$AAe?$AAs?$AA?9?$AAU?$AAY@ 10004178     libucrt:lcidtoname_downlevel.obj
 0001:00003184       ??_C@_1M@LLCCOAGA@?$AAa?$AAr?$AA?9?$AAB?$AAH@ 10004184     libucrt:lcidtoname_downlevel.obj
 0001:00003190       ??_C@_1M@PBFNCDEL@?$AAe?$AAs?$AA?9?$AAP?$AAY@ 10004190     libucrt:lcidtoname_downlevel.obj
 0001:0000319c       ??_C@_1M@EDGINPNP@?$AAa?$AAr?$AA?9?$AAQ?$AAA@ 1000419c     libucrt:lcidtoname_downlevel.obj
 0001:000031a8       ??_C@_1M@MKDBIIJI@?$AAe?$AAs?$AA?9?$AAB?$AAO@ 100041a8     libucrt:lcidtoname_downlevel.obj
 0001:000031b4       ??_C@_1M@CPKKEBLD@?$AAe?$AAs?$AA?9?$AAS?$AAV@ 100041b4     libucrt:lcidtoname_downlevel.obj
 0001:000031c0       ??_C@_1M@NDBGMMJL@?$AAe?$AAs?$AA?9?$AAH?$AAN@ 100041c0     libucrt:lcidtoname_downlevel.obj
 0001:000031cc       ??_C@_1M@JIJIBHDP@?$AAe?$AAs?$AA?9?$AAN?$AAI@ 100041cc     libucrt:lcidtoname_downlevel.obj
 0001:000031d8       ??_C@_1M@CGFMKEEK@?$AAe?$AAs?$AA?9?$AAP?$AAR@ 100041d8     libucrt:lcidtoname_downlevel.obj
 0001:000031e4       ??_C@_1O@ICJHKIIK@?$AAz?$AAh?$AA?9?$AAC?$AAH?$AAT@ 100041e4     libucrt:lcidtoname_downlevel.obj
 0001:000031f4       ??_C@_15CLNEJCE@?$AAs?$AAr@ 100041f4     libucrt:lcidtoname_downlevel.obj
 0001:00003920       ??_C@_1M@KAHEKEIG@?$AAa?$AAf?$AA?9?$AAz?$AAa@ 10004920     libucrt:lcidtoname_downlevel.obj
 0001:0000392c       ??_C@_1M@GIECOABL@?$AAa?$AAr?$AA?9?$AAa?$AAe@ 1000492c     libucrt:lcidtoname_downlevel.obj
 0001:00003938       ??_C@_1M@BMLMEKGI@?$AAa?$AAr?$AA?9?$AAb?$AAh@ 10004938     libucrt:lcidtoname_downlevel.obj
 0001:00003944       ??_C@_1M@DAPFDGGB@?$AAa?$AAr?$AA?9?$AAd?$AAz@ 10004944     libucrt:lcidtoname_downlevel.obj
 0001:00003950       ??_C@_1M@FJNKGKIG@?$AAa?$AAr?$AA?9?$AAe?$AAg@ 10004950     libucrt:lcidtoname_downlevel.obj
 0001:0000395c       ??_C@_1M@FLGKKCLO@?$AAa?$AAr?$AA?9?$AAi?$AAq@ 1000495c     libucrt:lcidtoname_downlevel.obj
 0001:00003968       ??_C@_1M@GNDIPALM@?$AAa?$AAr?$AA?9?$AAj?$AAo@ 10004968     libucrt:lcidtoname_downlevel.obj
 0001:00003974       ??_C@_1M@DDMJFMGJ@?$AAa?$AAr?$AA?9?$AAk?$AAw@ 10004974     libucrt:lcidtoname_downlevel.obj
 0001:00003980       ??_C@_1M@EJALMLHM@?$AAa?$AAr?$AA?9?$AAl?$AAb@ 10004980     libucrt:lcidtoname_downlevel.obj
 0001:0000398c       ??_C@_1M@MOBDBLOC@?$AAa?$AAr?$AA?9?$AAl?$AAy@ 1000498c     libucrt:lcidtoname_downlevel.obj
 0001:00003998       ??_C@_1M@JAOCLHDH@?$AAa?$AAr?$AA?9?$AAm?$AAa@ 10004998     libucrt:lcidtoname_downlevel.obj
 0001:000039a4       ??_C@_1M@JHPMKJIE@?$AAa?$AAr?$AA?9?$AAo?$AAm@ 100049a4     libucrt:lcidtoname_downlevel.obj
 0001:000039b0       ??_C@_1M@OEPGHFNH@?$AAa?$AAr?$AA?9?$AAq?$AAa@ 100049b0     libucrt:lcidtoname_downlevel.obj
 0001:000039bc       ??_C@_1M@KJDONENM@?$AAa?$AAr?$AA?9?$AAs?$AAa@ 100049bc     libucrt:lcidtoname_downlevel.obj
 0001:000039c8       ??_C@_1M@DMJDKLKM@?$AAa?$AAr?$AA?9?$AAs?$AAy@ 100049c8     libucrt:lcidtoname_downlevel.obj
 0001:000039d4       ??_C@_1M@OMFIPEDC@?$AAa?$AAr?$AA?9?$AAt?$AAn@ 100049d4     libucrt:lcidtoname_downlevel.obj
 0001:000039e0       ??_C@_1M@IHMHGAON@?$AAa?$AAr?$AA?9?$AAy?$AAe@ 100049e0     libucrt:lcidtoname_downlevel.obj
 0001:000039ec       ??_C@_1BG@KDCPGJGB@?$AAa?$AAz?$AA?9?$AAa?$AAz?$AA?9?$AAc?$AAy?$AAr?$AAl@ 100049ec     libucrt:lcidtoname_downlevel.obj
 0001:00003a04       ??_C@_1BG@IBCKDDOE@?$AAa?$AAz?$AA?9?$AAa?$AAz?$AA?9?$AAl?$AAa?$AAt?$AAn@ 10004a04     libucrt:lcidtoname_downlevel.obj
 0001:00003a1c       ??_C@_1M@EGPFDCPD@?$AAb?$AAe?$AA?9?$AAb?$AAy@ 10004a1c     libucrt:lcidtoname_downlevel.obj
 0001:00003a28       ??_C@_1M@PCMGMCGC@?$AAb?$AAg?$AA?9?$AAb?$AAg@ 10004a28     libucrt:lcidtoname_downlevel.obj
 0001:00003a34       ??_C@_1M@BJBMFGOB@?$AAb?$AAn?$AA?9?$AAi?$AAn@ 10004a34     libucrt:lcidtoname_downlevel.obj
 0001:00003a40       ??_C@_1BG@EAKMMACD@?$AAb?$AAs?$AA?9?$AAb?$AAa?$AA?9?$AAl?$AAa?$AAt?$AAn@ 10004a40     libucrt:lcidtoname_downlevel.obj
 0001:00003a58       ??_C@_1M@KGADAODK@?$AAc?$AAa?$AA?9?$AAe?$AAs@ 10004a58     libucrt:lcidtoname_downlevel.obj
 0001:00003a64       ??_C@_1M@COAJPDHI@?$AAc?$AAs?$AA?9?$AAc?$AAz@ 10004a64     libucrt:lcidtoname_downlevel.obj
 0001:00003a70       ??_C@_1M@DHBHFONH@?$AAc?$AAy?$AA?9?$AAg?$AAb@ 10004a70     libucrt:lcidtoname_downlevel.obj
 0001:00003a7c       ??_C@_1M@IMGKELGA@?$AAd?$AAa?$AA?9?$AAd?$AAk@ 10004a7c     libucrt:lcidtoname_downlevel.obj
 0001:00003a88       ??_C@_1M@NNDGDNGA@?$AAd?$AAe?$AA?9?$AAa?$AAt@ 10004a88     libucrt:lcidtoname_downlevel.obj
 0001:00003a94       ??_C@_1M@IKDBHEEM@?$AAd?$AAe?$AA?9?$AAc?$AAh@ 10004a94     libucrt:lcidtoname_downlevel.obj
 0001:00003aa0       ??_C@_1M@GFFOJMCJ@?$AAd?$AAe?$AA?9?$AAd?$AAe@ 10004aa0     libucrt:lcidtoname_downlevel.obj
 0001:00003aac       ??_C@_1M@MDNLKBPM@?$AAd?$AAe?$AA?9?$AAl?$AAi@ 10004aac     libucrt:lcidtoname_downlevel.obj
 0001:00003ab8       ??_C@_1M@NJBEEJNL@?$AAd?$AAe?$AA?9?$AAl?$AAu@ 10004ab8     libucrt:lcidtoname_downlevel.obj
 0001:00003ac4       ??_C@_1O@GNNELBAP@?$AAd?$AAi?$AAv?$AA?9?$AAm?$AAv@ 10004ac4     libucrt:lcidtoname_downlevel.obj
 0001:00003ad4       ??_C@_1M@EJLEOGAE@?$AAe?$AAl?$AA?9?$AAg?$AAr@ 10004ad4     libucrt:lcidtoname_downlevel.obj
 0001:00003ae0       ??_C@_1M@GMPONJN@?$AAe?$AAn?$AA?9?$AAa?$AAu@ 10004ae0     libucrt:lcidtoname_downlevel.obj
 0001:00003aec       ??_C@_1M@NIDIIPGF@?$AAe?$AAn?$AA?9?$AAb?$AAz@ 10004aec     libucrt:lcidtoname_downlevel.obj
 0001:00003af8       ??_C@_1M@JEHMIMFO@?$AAe?$AAn?$AA?9?$AAc?$AAa@ 10004af8     libucrt:lcidtoname_downlevel.obj
 0001:00003b04       ??_C@_1M@IGMJCDLA@?$AAe?$AAn?$AA?9?$AAc?$AAb@ 10004b04     libucrt:lcidtoname_downlevel.obj
 0001:00003b10       ??_C@_1M@BNFIGBKG@?$AAe?$AAn?$AA?9?$AAg?$AAb@ 10004b10     libucrt:lcidtoname_downlevel.obj
 0001:00003b1c       ??_C@_1M@LKIFDIGP@?$AAe?$AAn?$AA?9?$AAi?$AAe@ 10004b1c     libucrt:lcidtoname_downlevel.obj
 0001:00003b28       ??_C@_1M@PJKFGCCO@?$AAe?$AAn?$AA?9?$AAj?$AAm@ 10004b28     libucrt:lcidtoname_downlevel.obj
 0001:00003b34       ??_C@_1M@KPPKEPBO@?$AAe?$AAn?$AA?9?$AAn?$AAz@ 10004b34     libucrt:lcidtoname_downlevel.obj
 0001:00003b40       ??_C@_1M@GMDGLDOB@?$AAe?$AAn?$AA?9?$AAp?$AAh@ 10004b40     libucrt:lcidtoname_downlevel.obj
 0001:00003b4c       ??_C@_1M@ONGIBJNA@?$AAe?$AAn?$AA?9?$AAt?$AAt@ 10004b4c     libucrt:lcidtoname_downlevel.obj
 0001:00003b58       ??_C@_1M@LLODPCMM@?$AAe?$AAn?$AA?9?$AAu?$AAs@ 10004b58     libucrt:lcidtoname_downlevel.obj
 0001:00003b64       ??_C@_1M@LAKFNPAN@?$AAe?$AAn?$AA?9?$AAz?$AAa@ 10004b64     libucrt:lcidtoname_downlevel.obj
 0001:00003b70       ??_C@_1M@MFNHNHEO@?$AAe?$AAn?$AA?9?$AAz?$AAw@ 10004b70     libucrt:lcidtoname_downlevel.obj
 0001:00003b7c       ??_C@_1M@EJEINPHM@?$AAe?$AAs?$AA?9?$AAa?$AAr@ 10004b7c     libucrt:lcidtoname_downlevel.obj
 0001:00003b88       ??_C@_1M@GNKPCCJA@?$AAe?$AAs?$AA?9?$AAb?$AAo@ 10004b88     libucrt:lcidtoname_downlevel.obj
 0001:00003b94       ??_C@_1M@LEEGFONL@?$AAe?$AAs?$AA?9?$AAc?$AAl@ 10004b94     libucrt:lcidtoname_downlevel.obj
 0001:00003ba0       ??_C@_1M@KGPDPBDF@?$AAe?$AAs?$AA?9?$AAc?$AAo@ 10004ba0     libucrt:lcidtoname_downlevel.obj
 0001:00003bac       ??_C@_1M@EIAHOHH@?$AAe?$AAs?$AA?9?$AAc?$AAr@ 10004bac     libucrt:lcidtoname_downlevel.obj
 0001:00003bb8       ??_C@_1M@LLPGMBIN@?$AAe?$AAs?$AA?9?$AAd?$AAo@ 10004bb8     libucrt:lcidtoname_downlevel.obj
 0001:00003bc4       ??_C@_1M@DKHMKNJA@?$AAe?$AAs?$AA?9?$AAe?$AAc@ 10004bc4     libucrt:lcidtoname_downlevel.obj
 0001:00003bd0       ??_C@_1M@GKGFPKAP@?$AAe?$AAs?$AA?9?$AAe?$AAs@ 10004bd0     libucrt:lcidtoname_downlevel.obj
 0001:00003bdc       ??_C@_1M@LKHKGDLN@?$AAe?$AAs?$AA?9?$AAg?$AAt@ 10004bdc     libucrt:lcidtoname_downlevel.obj
 0001:00003be8       ??_C@_1M@HEIIGGJD@?$AAe?$AAs?$AA?9?$AAh?$AAn@ 10004be8     libucrt:lcidtoname_downlevel.obj
 0001:00003bf4       ??_C@_1M@FBDHPPGD@?$AAe?$AAs?$AA?9?$AAm?$AAx@ 10004bf4     libucrt:lcidtoname_downlevel.obj
 0001:00003c00       ??_C@_1M@DPAGLNDH@?$AAe?$AAs?$AA?9?$AAn?$AAi@ 10004c00     libucrt:lcidtoname_downlevel.obj
 0001:00003c0c       ??_C@_1M@MDGOPGDD@?$AAe?$AAs?$AA?9?$AAp?$AAa@ 10004c0c     libucrt:lcidtoname_downlevel.obj
 0001:00003c18       ??_C@_1M@EMAMGBGE@?$AAe?$AAs?$AA?9?$AAp?$AAe@ 10004c18     libucrt:lcidtoname_downlevel.obj
 0001:00003c24       ??_C@_1M@IBMCAOEC@?$AAe?$AAs?$AA?9?$AAp?$AAr@ 10004c24     libucrt:lcidtoname_downlevel.obj
 0001:00003c30       ??_C@_1M@FGMDIJED@?$AAe?$AAs?$AA?9?$AAp?$AAy@ 10004c30     libucrt:lcidtoname_downlevel.obj
 0001:00003c3c       ??_C@_1M@IIDEOLLL@?$AAe?$AAs?$AA?9?$AAs?$AAv@ 10004c3c     libucrt:lcidtoname_downlevel.obj
 0001:00003c48       ??_C@_1M@GAOBIPA@?$AAe?$AAs?$AA?9?$AAu?$AAy@ 10004c48     libucrt:lcidtoname_downlevel.obj
 0001:00003c54       ??_C@_1M@JKFFICHJ@?$AAe?$AAs?$AA?9?$AAv?$AAe@ 10004c54     libucrt:lcidtoname_downlevel.obj
 0001:00003c60       ??_C@_1M@PNMLOJDF@?$AAe?$AAt?$AA?9?$AAe?$AAe@ 10004c60     libucrt:lcidtoname_downlevel.obj
 0001:00003c6c       ??_C@_1M@GHHLIKEI@?$AAe?$AAu?$AA?9?$AAe?$AAs@ 10004c6c     libucrt:lcidtoname_downlevel.obj
 0001:00003c78       ??_C@_1M@PBNONODE@?$AAf?$AAa?$AA?9?$AAi?$AAr@ 10004c78     libucrt:lcidtoname_downlevel.obj
 0001:00003c84       ??_C@_1M@JEEHPMIL@?$AAf?$AAi?$AA?9?$AAf?$AAi@ 10004c84     libucrt:lcidtoname_downlevel.obj
 0001:00003c90       ??_C@_1M@LMDCNDBA@?$AAf?$AAo?$AA?9?$AAf?$AAo@ 10004c90     libucrt:lcidtoname_downlevel.obj
 0001:00003c9c       ??_C@_1M@JKEOHLDK@?$AAf?$AAr?$AA?9?$AAb?$AAe@ 10004c9c     libucrt:lcidtoname_downlevel.obj
 0001:00003ca8       ??_C@_1M@NOHADPMI@?$AAf?$AAr?$AA?9?$AAc?$AAa@ 10004ca8     libucrt:lcidtoname_downlevel.obj
 0001:00003cb4       ??_C@_1M@KDHIHAEC@?$AAf?$AAr?$AA?9?$AAc?$AAh@ 10004cb4     libucrt:lcidtoname_downlevel.obj
 0001:00003cc0       ??_C@_1M@MMBBFGAK@?$AAf?$AAr?$AA?9?$AAf?$AAr@ 10004cc0     libucrt:lcidtoname_downlevel.obj
 0001:00003ccc       ??_C@_1M@PAFNENNF@?$AAf?$AAr?$AA?9?$AAl?$AAu@ 10004ccc     libucrt:lcidtoname_downlevel.obj
 0001:00003cd8       ??_C@_1M@EOHDJGDD@?$AAf?$AAr?$AA?9?$AAm?$AAc@ 10004cd8     libucrt:lcidtoname_downlevel.obj
 0001:00003ce4       ??_C@_1M@FAPLLOPF@?$AAg?$AAl?$AA?9?$AAe?$AAs@ 10004ce4     libucrt:lcidtoname_downlevel.obj
 0001:00003cf0       ??_C@_1M@FOPBFLOO@?$AAg?$AAu?$AA?9?$AAi?$AAn@ 10004cf0     libucrt:lcidtoname_downlevel.obj
 0001:00003cfc       ??_C@_1M@KBMCINPM@?$AAh?$AAe?$AA?9?$AAi?$AAl@ 10004cfc     libucrt:lcidtoname_downlevel.obj
 0001:00003d08       ??_C@_1M@BBPHKFPJ@?$AAh?$AAi?$AA?9?$AAi?$AAn@ 10004d08     libucrt:lcidtoname_downlevel.obj
 0001:00003d14       ??_C@_1M@PMBNDPHD@?$AAh?$AAr?$AA?9?$AAb?$AAa@ 10004d14     libucrt:lcidtoname_downlevel.obj
 0001:00003d20       ??_C@_1M@BPCKOEGE@?$AAh?$AAr?$AA?9?$AAh?$AAr@ 10004d20     libucrt:lcidtoname_downlevel.obj
 0001:00003d2c       ??_C@_1M@GACBMHKE@?$AAh?$AAu?$AA?9?$AAh?$AAu@ 10004d2c     libucrt:lcidtoname_downlevel.obj
 0001:00003d38       ??_C@_1M@MILPAJJC@?$AAh?$AAy?$AA?9?$AAa?$AAm@ 10004d38     libucrt:lcidtoname_downlevel.obj
 0001:00003d44       ??_C@_1M@BABBICEC@?$AAi?$AAd?$AA?9?$AAi?$AAd@ 10004d44     libucrt:lcidtoname_downlevel.obj
 0001:00003d50       ??_C@_1M@BIKNHHPF@?$AAi?$AAs?$AA?9?$AAi?$AAs@ 10004d50     libucrt:lcidtoname_downlevel.obj
 0001:00003d5c       ??_C@_1M@NMPCJPHE@?$AAi?$AAt?$AA?9?$AAc?$AAh@ 10004d5c     libucrt:lcidtoname_downlevel.obj
 0001:00003d68       ??_C@_1M@GHKGFEDF@?$AAi?$AAt?$AA?9?$AAi?$AAt@ 10004d68     libucrt:lcidtoname_downlevel.obj
 0001:00003d74       ??_C@_1M@NIEJCJJA@?$AAj?$AAa?$AA?9?$AAj?$AAp@ 10004d74     libucrt:lcidtoname_downlevel.obj
 0001:00003d80       ??_C@_1M@JILFNBIM@?$AAk?$AAa?$AA?9?$AAg?$AAe@ 10004d80     libucrt:lcidtoname_downlevel.obj
 0001:00003d8c       ??_C@_1M@PACPMGPH@?$AAk?$AAk?$AA?9?$AAk?$AAz@ 10004d8c     libucrt:lcidtoname_downlevel.obj
 0001:00003d98       ??_C@_1M@IELFGMHA@?$AAk?$AAn?$AA?9?$AAi?$AAn@ 10004d98     libucrt:lcidtoname_downlevel.obj
 0001:00003da4       ??_C@_1O@IBBJHCH@?$AAk?$AAo?$AAk?$AA?9?$AAi?$AAn@ 10004da4     libucrt:lcidtoname_downlevel.obj
 0001:00003db4       ??_C@_1M@DMHAEOGC@?$AAk?$AAo?$AA?9?$AAk?$AAr@ 10004db4     libucrt:lcidtoname_downlevel.obj
 0001:00003dc0       ??_C@_1M@HBAHBIGA@?$AAk?$AAy?$AA?9?$AAk?$AAg@ 10004dc0     libucrt:lcidtoname_downlevel.obj
 0001:00003dcc       ??_C@_1M@KPMILCJG@?$AAl?$AAt?$AA?9?$AAl?$AAt@ 10004dcc     libucrt:lcidtoname_downlevel.obj
 0001:00003dd8       ??_C@_1M@BDEKKCA@?$AAl?$AAv?$AA?9?$AAl?$AAv@ 10004dd8     libucrt:lcidtoname_downlevel.obj
 0001:00003de4       ??_C@_1M@ELCKCCJJ@?$AAm?$AAi?$AA?9?$AAn?$AAz@ 10004de4     libucrt:lcidtoname_downlevel.obj
 0001:00003df0       ??_C@_1M@CBOOLAPA@?$AAm?$AAk?$AA?9?$AAm?$AAk@ 10004df0     libucrt:lcidtoname_downlevel.obj
 0001:00003dfc       ??_C@_1M@GPHNBJKN@?$AAm?$AAl?$AA?9?$AAi?$AAn@ 10004dfc     libucrt:lcidtoname_downlevel.obj
 0001:00003e08       ??_C@_1M@PABJILIG@?$AAm?$AAn?$AA?9?$AAm?$AAn@ 10004e08     libucrt:lcidtoname_downlevel.obj
 0001:00003e14       ??_C@_1M@FGBKKIPG@?$AAm?$AAr?$AA?9?$AAi?$AAn@ 10004e14     libucrt:lcidtoname_downlevel.obj
 0001:00003e20       ??_C@_1M@NDBPDDAL@?$AAm?$AAs?$AA?9?$AAb?$AAn@ 10004e20     libucrt:lcidtoname_downlevel.obj
 0001:00003e2c       ??_C@_1M@OPIHOOPI@?$AAm?$AAs?$AA?9?$AAm?$AAy@ 10004e2c     libucrt:lcidtoname_downlevel.obj
 0001:00003e38       ??_C@_1M@PPDBCNFM@?$AAm?$AAt?$AA?9?$AAm?$AAt@ 10004e38     libucrt:lcidtoname_downlevel.obj
 0001:00003e44       ??_C@_1M@KDJDKMDD@?$AAn?$AAb?$AA?9?$AAn?$AAo@ 10004e44     libucrt:lcidtoname_downlevel.obj
 0001:00003e50       ??_C@_1M@KFCFLMJP@?$AAn?$AAl?$AA?9?$AAb?$AAe@ 10004e50     libucrt:lcidtoname_downlevel.obj
 0001:00003e5c       ??_C@_1M@KPOPDDGO@?$AAn?$AAl?$AA?9?$AAn?$AAl@ 10004e5c     libucrt:lcidtoname_downlevel.obj
 0001:00003e68       ??_C@_1M@LJKPEMLN@?$AAn?$AAn?$AA?9?$AAn?$AAo@ 10004e68     libucrt:lcidtoname_downlevel.obj
 0001:00003e74       ??_C@_1M@BDGHHBFL@?$AAn?$AAs?$AA?9?$AAz?$AAa@ 10004e74     libucrt:lcidtoname_downlevel.obj
 0001:00003e80       ??_C@_1M@IDEHOAP@?$AAp?$AAa?$AA?9?$AAi?$AAn@ 10004e80     libucrt:lcidtoname_downlevel.obj
 0001:00003e8c       ??_C@_1M@HDBKGOGH@?$AAp?$AAl?$AA?9?$AAp?$AAl@ 10004e8c     libucrt:lcidtoname_downlevel.obj
 0001:00003e98       ??_C@_1M@LJLLCMEH@?$AAp?$AAt?$AA?9?$AAb?$AAr@ 10004e98     libucrt:lcidtoname_downlevel.obj
 0001:00003ea4       ??_C@_1M@NCMONAAL@?$AAp?$AAt?$AA?9?$AAp?$AAt@ 10004ea4     libucrt:lcidtoname_downlevel.obj
 0001:00003eb0       ??_C@_1O@EAKMAJDN@?$AAq?$AAu?$AAz?$AA?9?$AAb?$AAo@ 10004eb0     libucrt:lcidtoname_downlevel.obj
 0001:00003ec0       ??_C@_1O@BHHPIGDN@?$AAq?$AAu?$AAz?$AA?9?$AAe?$AAc@ 10004ec0     libucrt:lcidtoname_downlevel.obj
 0001:00003ed0       ??_C@_1O@GBAPEKMJ@?$AAq?$AAu?$AAz?$AA?9?$AAp?$AAe@ 10004ed0     libucrt:lcidtoname_downlevel.obj
 0001:00003ee0       ??_C@_1M@CLGLEFBO@?$AAr?$AAo?$AA?9?$AAr?$AAo@ 10004ee0     libucrt:lcidtoname_downlevel.obj
 0001:00003eec       ??_C@_1M@CEEDODME@?$AAr?$AAu?$AA?9?$AAr?$AAu@ 10004eec     libucrt:lcidtoname_downlevel.obj
 0001:00003ef8       ??_C@_1M@HPKKKMPP@?$AAs?$AAa?$AA?9?$AAi?$AAn@ 10004ef8     libucrt:lcidtoname_downlevel.obj
 0001:00003f04       ??_C@_1M@BKMAIGOJ@?$AAs?$AAe?$AA?9?$AAf?$AAi@ 10004f04     libucrt:lcidtoname_downlevel.obj
 0001:00003f10       ??_C@_1M@NDPIFLFI@?$AAs?$AAe?$AA?9?$AAn?$AAo@ 10004f10     libucrt:lcidtoname_downlevel.obj
 0001:00003f1c       ??_C@_1M@DANKKHJ@?$AAs?$AAe?$AA?9?$AAs?$AAe@ 10004f1c     libucrt:lcidtoname_downlevel.obj
 0001:00003f28       ??_C@_1M@PNBLONPJ@?$AAs?$AAk?$AA?9?$AAs?$AAk@ 10004f28     libucrt:lcidtoname_downlevel.obj
 0001:00003f34       ??_C@_1M@LFMODOAL@?$AAs?$AAl?$AA?9?$AAs?$AAi@ 10004f34     libucrt:lcidtoname_downlevel.obj
 0001:00003f40       ??_C@_1O@DFKOMPG@?$AAs?$AAm?$AAa?$AA?9?$AAn?$AAo@ 10004f40     libucrt:lcidtoname_downlevel.obj
 0001:00003f50       ??_C@_1O@NDKPBNNH@?$AAs?$AAm?$AAa?$AA?9?$AAs?$AAe@ 10004f50     libucrt:lcidtoname_downlevel.obj
 0001:00003f60       ??_C@_1O@PLLKBHAB@?$AAs?$AAm?$AAj?$AA?9?$AAn?$AAo@ 10004f60     libucrt:lcidtoname_downlevel.obj
 0001:00003f70       ??_C@_1O@CLEPOGCA@?$AAs?$AAm?$AAj?$AA?9?$AAs?$AAe@ 10004f70     libucrt:lcidtoname_downlevel.obj
 0001:00003f80       ??_C@_1O@DLGJGKMK@?$AAs?$AAm?$AAn?$AA?9?$AAf?$AAi@ 10004f80     libucrt:lcidtoname_downlevel.obj
 0001:00003f90       ??_C@_1O@OJDJGAJC@?$AAs?$AAm?$AAs?$AA?9?$AAf?$AAi@ 10004f90     libucrt:lcidtoname_downlevel.obj
 0001:00003fa0       ??_C@_1M@BOFOGHPB@?$AAs?$AAq?$AA?9?$AAa?$AAl@ 10004fa0     libucrt:lcidtoname_downlevel.obj
 0001:00003fac       ??_C@_1BG@LJBBIPGB@?$AAs?$AAr?$AA?9?$AAb?$AAa?$AA?9?$AAc?$AAy?$AAr?$AAl@ 10004fac     libucrt:lcidtoname_downlevel.obj
 0001:00003fc4       ??_C@_1BG@JLBENFOE@?$AAs?$AAr?$AA?9?$AAb?$AAa?$AA?9?$AAl?$AAa?$AAt?$AAn@ 10004fc4     libucrt:lcidtoname_downlevel.obj
 0001:00003fdc       ??_C@_1BG@KODPNHE@?$AAs?$AAr?$AA?9?$AAs?$AAp?$AA?9?$AAc?$AAy?$AAr?$AAl@ 10004fdc     libucrt:lcidtoname_downlevel.obj
 0001:00003ff4       ??_C@_1BG@CIOGKHPB@?$AAs?$AAr?$AA?9?$AAs?$AAp?$AA?9?$AAl?$AAa?$AAt?$AAn@ 10004ff4     libucrt:lcidtoname_downlevel.obj
 0001:0000400c       ??_C@_1M@NGFJLMAC@?$AAs?$AAv?$AA?9?$AAf?$AAi@ 1000500c     libucrt:lcidtoname_downlevel.obj
 0001:00004018       ??_C@_1M@MPJEJAJC@?$AAs?$AAv?$AA?9?$AAs?$AAe@ 10005018     libucrt:lcidtoname_downlevel.obj
 0001:00004024       ??_C@_1M@MPNDHLFK@?$AAs?$AAw?$AA?9?$AAk?$AAe@ 10005024     libucrt:lcidtoname_downlevel.obj
 0001:00004030       ??_C@_1O@KOHBJJI@?$AAs?$AAy?$AAr?$AA?9?$AAs?$AAy@ 10005030     libucrt:lcidtoname_downlevel.obj
 0001:00004040       ??_C@_1M@LDCEFHA@?$AAt?$AAa?$AA?9?$AAi?$AAn@ 10005040     libucrt:lcidtoname_downlevel.obj
 0001:0000404c       ??_C@_1M@CNJOFAK@?$AAt?$AAe?$AA?9?$AAi?$AAn@ 1000504c     libucrt:lcidtoname_downlevel.obj
 0001:00004058       ??_C@_1M@GNAECACD@?$AAt?$AAh?$AA?9?$AAt?$AAh@ 10005058     libucrt:lcidtoname_downlevel.obj
 0001:00004064       ??_C@_1M@CHBIHOJO@?$AAt?$AAn?$AA?9?$AAz?$AAa@ 10005064     libucrt:lcidtoname_downlevel.obj
 0001:00004070       ??_C@_1M@GCCMIGPJ@?$AAt?$AAr?$AA?9?$AAt?$AAr@ 10005070     libucrt:lcidtoname_downlevel.obj
 0001:0000407c       ??_C@_1M@CELMCNBK@?$AAt?$AAt?$AA?9?$AAr?$AAu@ 1000507c     libucrt:lcidtoname_downlevel.obj
 0001:00004088       ??_C@_1M@KLMCELGA@?$AAu?$AAk?$AA?9?$AAu?$AAa@ 10005088     libucrt:lcidtoname_downlevel.obj
 0001:00004094       ??_C@_1M@EPAJJAJF@?$AAu?$AAr?$AA?9?$AAp?$AAk@ 10005094     libucrt:lcidtoname_downlevel.obj
 0001:000040a0       ??_C@_1BG@GEGPMCDJ@?$AAu?$AAz?$AA?9?$AAu?$AAz?$AA?9?$AAc?$AAy?$AAr?$AAl@ 100050a0     libucrt:lcidtoname_downlevel.obj
 0001:000040b8       ??_C@_1BG@EGGKJILM@?$AAu?$AAz?$AA?9?$AAu?$AAz?$AA?9?$AAl?$AAa?$AAt?$AAn@ 100050b8     libucrt:lcidtoname_downlevel.obj
 0001:000040d0       ??_C@_1M@GFOCLFF@?$AAv?$AAi?$AA?9?$AAv?$AAn@ 100050d0     libucrt:lcidtoname_downlevel.obj
 0001:000040dc       ??_C@_1M@CPAMEDFI@?$AAx?$AAh?$AA?9?$AAz?$AAa@ 100050dc     libucrt:lcidtoname_downlevel.obj
 0001:000040e8       ??_C@_1O@EBKIFIGN@?$AAz?$AAh?$AA?9?$AAc?$AAh?$AAs@ 100050e8     libucrt:lcidtoname_downlevel.obj
 0001:000040f8       ??_C@_1O@NMHPGANE@?$AAz?$AAh?$AA?9?$AAc?$AAh?$AAt@ 100050f8     libucrt:lcidtoname_downlevel.obj
 0001:00004108       ??_C@_1M@LPINJOMC@?$AAz?$AAh?$AA?9?$AAc?$AAn@ 10005108     libucrt:lcidtoname_downlevel.obj
 0001:00004114       ??_C@_1M@OCJEJODD@?$AAz?$AAh?$AA?9?$AAh?$AAk@ 10005114     libucrt:lcidtoname_downlevel.obj
 0001:00004120       ??_C@_1M@DNDLJINH@?$AAz?$AAh?$AA?9?$AAm?$AAo@ 10005120     libucrt:lcidtoname_downlevel.obj
 0001:0000412c       ??_C@_1M@MBFDNDND@?$AAz?$AAh?$AA?9?$AAs?$AAg@ 1000512c     libucrt:lcidtoname_downlevel.obj
 0001:00004138       ??_C@_1M@IMEPLEPE@?$AAz?$AAh?$AA?9?$AAt?$AAw@ 10005138     libucrt:lcidtoname_downlevel.obj
 0001:00004144       ??_C@_1M@BBGHNHJP@?$AAz?$AAu?$AA?9?$AAz?$AAa@ 10005144     libucrt:lcidtoname_downlevel.obj
 0001:000041a8       ??_C@_1BA@BALFACEM@?$AAC?$AAO?$AAN?$AAO?$AAU?$AAT?$AA$@ 100051a8     libucrt:initcon.obj
 0001:000042c0       __infinity                 100052c0     libucrt:87tran.obj
 0001:000042ca       __minfinity                100052ca     libucrt:87tran.obj
 0001:000042d4       __logemax                  100052d4     libucrt:87tran.obj
 0001:000042fa       __OP_EXPjmptab             100052fa     libucrt:87tran.obj
 0001:00004320       __indefinite               10005320     libucrt:87disp.obj
 0001:0000432a       __piby2                    1000532a     libucrt:87disp.obj
 0001:00004334       __piby4                    10005334     libucrt:87disp.obj
 0001:00004368       __DEFAULT_CW_in_mem        10005368     libucrt:common.obj
 0001:0000436a       __pi_by_2_to_61            1000536a     libucrt:common.obj
 0001:000043a4       ??_C@_03MGHMBJCF@log@      100053a4     libucrt:libm_error.obj
 0001:000043a8       ??_C@_05HGHHAHAP@log10@    100053a8     libucrt:libm_error.obj
 0001:000043b0       ??_C@_03KHJOGHMM@exp@      100053b0     libucrt:libm_error.obj
 0001:000043b4       ??_C@_03JGHBODFD@pow@      100053b4     libucrt:libm_error.obj
 0001:000043b8       ??_C@_04FIHNOPOL@asin@     100053b8     libucrt:libm_error.obj
 0001:000043c0       ??_C@_04PDIFKINK@acos@     100053c0     libucrt:libm_error.obj
 0001:000043c8       ??_C@_04EIAKFFMI@sqrt@     100053c8     libucrt:libm_error.obj
 0001:000043d0       __real@3ff0000000000000    100053d0     libucrt:libm_error.obj
 0001:000043f0       ___acrt_log10_table_t      100053f0     libucrt:log10_tables.obj
 0001:00004800       ___acrt_log10_table_cb     10005800     libucrt:log10_tables.obj
 0001:00004c10       __real@3fe0000000000000    10005c10     libucrt:powhlp.obj
 0001:00004d00       ??_C@_04COOMCNPB@sinh@     10005d00     libucrt:fpexcept.obj
 0001:00004d08       ??_C@_04HPJJNFIM@cosh@     10005d08     libucrt:fpexcept.obj
 0001:00004d10       ??_C@_04FJHINJAO@tanh@     10005d10     libucrt:fpexcept.obj
 0001:00004d18       ??_C@_04MLLJIGOK@atan@     10005d18     libucrt:fpexcept.obj
 0001:00004d20       ??_C@_05KNGEOGJB@atan2@    10005d20     libucrt:fpexcept.obj
 0001:00004d28       ??_C@_03BLEJJJBH@sin@      10005d28     libucrt:fpexcept.obj
 0001:00004d2c       ??_C@_03LALBNOCG@cos@      10005d2c     libucrt:fpexcept.obj
 0001:00004d30       ??_C@_03IIINPABG@tan@      10005d30     libucrt:fpexcept.obj
 0001:00004d34       ??_C@_04GFPJNGEK@ceil@     10005d34     libucrt:fpexcept.obj
 0001:00004d3c       ??_C@_05PBJFFIGL@floor@    10005d3c     libucrt:fpexcept.obj
 0001:00004d44       ??_C@_04ODHECPBC@fabs@     10005d44     libucrt:fpexcept.obj
 0001:00004d4c       ??_C@_04EHEDPDJG@modf@     10005d4c     libucrt:fpexcept.obj
 0001:00004d54       ??_C@_05CEJMAHNP@ldexp@    10005d54     libucrt:fpexcept.obj
 0001:00004d5c       ??_C@_05KBKMEMPO@_cabs@    10005d5c     libucrt:fpexcept.obj
 0001:00004d64       ??_C@_06MEIMCGCF@_hypot@   10005d64     libucrt:fpexcept.obj
 0001:00004d6c       ??_C@_04KEPJIHGP@fmod@     10005d6c     libucrt:fpexcept.obj
 0001:00004d74       ??_C@_05GKKHEGJL@frexp@    10005d74     libucrt:fpexcept.obj
 0001:00004d7c       ??_C@_03MJLDFKDL@_y0@      10005d7c     libucrt:fpexcept.obj
 0001:00004d80       ??_C@_03NAKIGLHK@_y1@      10005d80     libucrt:fpexcept.obj
 0001:00004d84       ??_C@_03ONILCKOB@_yn@      10005d84     libucrt:fpexcept.obj
 0001:00004d88       ??_C@_05JGDBENOH@_logb@    10005d88     libucrt:fpexcept.obj
 0001:00004d90       ??_C@_0L@KDOEJCKC@_nextafter@ 10005d90     libucrt:fpexcept.obj
 0001:00004da0       __d_inf                    10005da0     libucrt:util.obj
 0001:00004da8       __d_max                    10005da8     libucrt:util.obj
 0001:00004db0       __d_mzero                  10005db0     libucrt:util.obj
 0001:00004df0       __load_config_used         10005df0     LIBCMT:loadcfg.obj
 0001:00004e94       ??_R4exception@std@@6B@    10005e94     LIBCMT:throw_bad_alloc.obj
 0001:00004ea8       ??_R3exception@std@@8      10005ea8     LIBCMT:throw_bad_alloc.obj
 0001:00004eb8       ??_R2exception@std@@8      10005eb8     LIBCMT:throw_bad_alloc.obj
 0001:00004ec0       ??_R1A@?0A@EA@exception@std@@8 10005ec0     LIBCMT:throw_bad_alloc.obj
 0001:00004edc       ??_R4bad_alloc@std@@6B@    10005edc     LIBCMT:throw_bad_alloc.obj
 0001:00004ef0       ??_R3bad_alloc@std@@8      10005ef0     LIBCMT:throw_bad_alloc.obj
 0001:00004f00       ??_R2bad_alloc@std@@8      10005f00     LIBCMT:throw_bad_alloc.obj
 0001:00004f0c       ??_R1A@?0A@EA@bad_alloc@std@@8 10005f0c     LIBCMT:throw_bad_alloc.obj
 0001:00004f28       ??_R4bad_array_new_length@std@@6B@ 10005f28     LIBCMT:throw_bad_alloc.obj
 0001:00004f3c       ??_R3bad_array_new_length@std@@8 10005f3c     LIBCMT:throw_bad_alloc.obj
 0001:00004f4c       ??_R2bad_array_new_length@std@@8 10005f4c     LIBCMT:throw_bad_alloc.obj
[...]
 0001:0000db87       ?__acrt_LCMapStringA_stat@@YAHPAU__crt_locale_pointers@@PB_WKPBDHPADHHH@Z 1000eb87 f   libucrt:lcmapstringa.obj
 0001:0000ddba       ?initialize_multibyte@@YAHXZ 1000edba f   libucrt:multibyte_initializer.obj
 0001:0000de65       ?GetTableIndexFromLocaleName@@YAHPB_W@Z 1000ee65 f   libucrt:lcidtoname_downlevel.obj
 0001:0000e170       ??$?RV<lambda_9e9de3de5fa147e2223d7db92bc10aa6>@@AAV<lambda_38ce7e780aa69e748d6df282ebc68efe>@@V<lambda_8ca6da459f0f6780f1cff60fdc3d00e5>@@@?$__crt_seh_guarded_call@H@@QAEH$$QAV<lambda_9e9de3de5fa147e2223d7db92bc10aa6>@@AAV<lambda_38ce7e780aa69e748d6df282ebc68efe>@@$$QAV<lambda_8ca6da459f0f6780f1cff60fdc3d00e5>@@@Z 1000f170 f   libucrt:commit.obj
 0001:0000e28f       ?write_double_translated_ansi_nolock@@YA?AUwrite_result@?A0x17268360@@HQBDI@Z 1000f28f f   libucrt:write.obj
 0001:0000e639       ?write_double_translated_unicode_nolock@@YA?AUwrite_result@?A0x17268360@@QBDI@Z 1000f639 f   libucrt:write.obj
 0001:0000e6a1       ?write_requires_double_translation_nolock@@YA_NH@Z 1000f6a1 f   libucrt:write.obj
 0001:0000e712       ?write_text_ansi_nolock@@YA?AUwrite_result@?A0x17268360@@HQBDI@Z 1000f712 f   libucrt:write.obj
 0001:0000e7ed       ?write_text_utf16le_nolock@@YA?AUwrite_result@?A0x17268360@@HQBDI@Z 1000f7ed f   libucrt:write.obj
 0001:0000e8d6       ?write_text_utf8_nolock@@YA?AUwrite_result@?A0x17268360@@HQBDI@Z 1000f8d6 f   libucrt:write.obj
 0001:0000ee57       ??R<lambda_3d301b9e52f5099be73030e1f0bf487e>@@QBEIPBD@Z 1000fe57 f   libucrt:mbrtowc.obj
 0001:0000f144       ?free_crt_array_internal@@YAXQAPBXI@Z 10010144 f   libucrt:inittime.obj
 0001:0000f2d1       ??$common_lseek_nolock@_J@@YA_JH_JH@Z 100102d1 f   libucrt:lseek.obj
 0001:0000f640       $$000000                   10010640     libucrt:log10_impl.obj
 0001:0000f750       $$000000                   10010750     libucrt:ceil_pentium4.obj
 0001:0000f870       $$000000                   10010870     libucrt:_strnicm.obj
 0001:0000f8d1       ?__dcrt_lowio_initialize_console_output@@YAXXZ 100108d1 f   libucrt:initcon.obj
 0001:0000f97b       ??$?RV<lambda_218ce3db14220d0be481dae8ef3383b6>@@AAV<lambda_628dfdc04ba53c8bfc02c9951375f3f5>@@V<lambda_57dc472bd5c9d5f3b2cbca59b8a843ae>@@@?$__crt_seh_guarded_call@H@@QAEH$$QAV<lambda_218ce3db14220d0be481dae8ef3383b6>@@AAV<lambda_628dfdc04ba53c8bfc02c9951375f3f5>@@$$QAV<lambda_57dc472bd5c9d5f3b2cbca59b8a843ae>@@@Z 1001097b f   libucrt:close.obj
 0001:0000fb80       $$000000                   10010b80     libucrt:log10_pentium4.obj
 0001:0000fe10       $$000000                   10010e10     libucrt:87tran.obj
 0001:00010020       $$000000                   10011020     libucrt:87disp.obj
 0001:00010280       $$000000                   10011280     libucrt:common.obj
 0001:00010410       $$000000                   10011410     libucrt:genexcep.obj
 0001:00011490       $$000000                   10012490     LIBCMT:ulldvrm.obj
 0001:00011530       $$000000                   10012530     LIBCMT:llmul.obj
 0001:00011570       $$000000                   10012570     LIBCMT:lldvrm.obj
 0001:00011650       $$000000                   10012650     LIBCMT:ullshr.obj
 0001:00011670       $$000000                   10012670     LIBCMT:alloca16.obj
 0001:000116a0       $$000000                   100126a0     LIBCMT:llshl.obj
 0001:000116c0       $$000000                   100126c0     LIBCMT:ftol2.obj
 0001:00011960       $$000000                   10012960     libvcruntime:strchr.obj
 0001:00011a90       $$000000                   10012a90     libvcruntime:strrchr.obj
 0001:00011c40       ??__FDeleter@?1??InitializeSListHead@implementation@slist@@YGXPAT_SLIST_HEADER@@@Z@YAXXZ 10012c40 f   vc_crt_fix_impl.obj
 0001:00011c80       __sehtable$___scrt_is_nonwritable_in_current_image 10012c80     LIBCMT:utility.obj
 0001:00011ca0       __sehtable$?dllmain_crt_process_attach@@YAHQAUHINSTANCE__@@QAX@Z 10012ca0     LIBCMT:dll_dllmain.obj
 0001:00011cc0       __sehtable$?dllmain_crt_process_detach@@YAH_N@Z 10012cc0     LIBCMT:dll_dllmain.obj
 0001:00011ce8       __sehtable$?dllmain_dispatch@@YAHQAUHINSTANCE__@@KQAX@Z 10012ce8     LIBCMT:dll_dllmain.obj
 0001:00011d98       __sehtable$___DestructExceptionObject 10012d98     libvcruntime:ehhelpers.obj
 0001:00011db8       __sehtable$__query_new_handler 10012db8     libucrt:new_handler.obj
 0001:00011dd8       __sehtable$??R<lambda_6e4b09c48022b2350581041d5f6b0c4c>@@QBE@XZ 10012dd8     libucrt:exit.obj
 0001:00011df8       __sehtable$??$?RV<lambda_03b1d95aef87969028cfba75ccab2455>@@AAV<lambda_6e4b09c48022b2350581041d5f6b0c4c>@@V<lambda_22bdf7517842c4b3e53723af5aa32b9e>@@@?$__crt_seh_guarded_call@X@@QAEX$$QAV<lambda_03b1d95aef87969028cfba75ccab2455>@@AAV<lambda_6e4b09c48022b2350581041d5f6b0c4c>@@$$QAV<lambda_22bdf7517842c4b3e53723af5aa32b9e>@@@Z 10012df8     libucrt:exit.obj
 0001:00011e18       __sehtable$??$?RV<lambda_8e746cf0007f6ed984d6f78af1fec997>@@AAV<lambda_22ebabd17bc4fa466a2aca6d8deb888d>@@V<lambda_18ed0c0b38a6dc0daf1e7ac6d6adf05e>@@@?$__crt_seh_guarded_call@H@@QAEH$$QAV<lambda_8e746cf0007f6ed984d6f78af1fec997>@@AAV<lambda_22ebabd17bc4fa466a2aca6d8deb888d>@@$$QAV<lambda_18ed0c0b38a6dc0daf1e7ac6d6adf05e>@@@Z 10012e18     libucrt:onexit.obj
 0001:00011e38       __sehtable$??$?RV<lambda_69a2805e680e0e292e8ba93315fe43a8>@@AAV<lambda_f03950bc5685219e0bcd2087efbe011e>@@V<lambda_03fcd07e894ec930e3f35da366ca99d6>@@@?$__crt_seh_guarded_call@H@@QAEH$$QAV<lambda_69a2805e680e0e292e8ba93315fe43a8>@@AAV<lambda_f03950bc5685219e0bcd2087efbe011e>@@$$QAV<lambda_03fcd07e894ec930e3f35da366ca99d6>@@@Z 10012e38     libucrt:onexit.obj
 0001:00011e58       __sehtable$_terminate      10012e58     libucrt:terminate.obj
 0001:00011e78       __sehtable$??$?RV<lambda_15ade71b0218206bbe3333a0c9b79046>@@AAV<lambda_da44e0f8b0f19ba52fefafb335991732>@@V<lambda_207f2d024fc103971653565357d6cd41>@@@?$__crt_seh_guarded_call@X@@QAEX$$QAV<lambda_15ade71b0218206bbe3333a0c9b79046>@@AAV<lambda_da44e0f8b0f19ba52fefafb335991732>@@$$QAV<lambda_207f2d024fc103971653565357d6cd41>@@@Z 10012e78     libucrt:per_thread_data.obj
 0001:00011e98       __sehtable$??$?RV<lambda_a7e850c220f1c8d1e6efeecdedd162c6>@@AAV<lambda_46720907175c18b6c9d2717bc0d2d362>@@V<lambda_9048902d66e8d99359bc9897bbb930a8>@@@?$__crt_seh_guarded_call@X@@QAEX$$QAV<lambda_a7e850c220f1c8d1e6efeecdedd162c6>@@AAV<lambda_46720907175c18b6c9d2717bc0d2d362>@@$$QAV<lambda_9048902d66e8d99359bc9897bbb930a8>@@@Z 10012e98     libucrt:per_thread_data.obj
 0001:00011eb8       __sehtable$??$?RV<lambda_38edbb1296d33220d7e4dd0ed76b244a>@@AAV<lambda_5ce1d447e08cb34b2473517608e21441>@@V<lambda_fb385d3da700c9147fc39e65dd577a8c>@@@?$__crt_seh_guarded_call@X@@QAEX$$QAV<lambda_38edbb1296d33220d7e4dd0ed76b244a>@@AAV<lambda_5ce1d447e08cb34b2473517608e21441>@@$$QAV<lambda_fb385d3da700c9147fc39e65dd577a8c>@@@Z 10012eb8     libucrt:per_thread_data.obj
 0001:00011ed8       __sehtable$??$?RV<lambda_6affb1475c98b40b75cdec977db92e3c>@@AAV<lambda_b8d4b9c228a6ecc3f80208dbb4b4a104>@@V<lambda_608742c3c92a14382c1684fc64f96c88>@@@?$__crt_seh_guarded_call@X@@QAEX$$QAV<lambda_6affb1475c98b40b75cdec977db92e3c>@@AAV<lambda_b8d4b9c228a6ecc3f80208dbb4b4a104>@@$$QAV<lambda_608742c3c92a14382c1684fc64f96c88>@@@Z 10012ed8     libucrt:per_thread_data.obj
 0001:00011ef8       __sehtable$?update_thread_multibyte_data_internal@@YAPAU__crt_multibyte_data@@QAU__acrt_ptd@@QAPAU1@@Z 10012ef8     libucrt:mbctype.obj
 0001:00011f18       __sehtable$??$?RV<lambda_ceb1ee4838e85a9d631eb091e2fbe199>@@AAV<lambda_ae742caa10f662c28703da3d2ea5e57e>@@V<lambda_cd08b5d6af4937fe54fc07d0c9bf6b37>@@@?$__crt_seh_guarded_call@X@@QAEX$$QAV<lambda_ceb1ee4838e85a9d631eb091e2fbe199>@@AAV<lambda_ae742caa10f662c28703da3d2ea5e57e>@@$$QAV<lambda_cd08b5d6af4937fe54fc07d0c9bf6b37>@@@Z 10012f18     libucrt:mbctype.obj
 0001:00011f38       __sehtable$___acrt_initialize_lowio 10012f38     libucrt:ioinit.obj
 0001:00011f58       __sehtable$_raise          10012f58     libucrt:signal.obj
 0001:00011f78       __sehtable$??$?RV<lambda_cbab9ec6f41b0180b23cc171c22676b0>@@AAV<lambda_44731a7d0e6d81c3e6aa82d741081786>@@V<lambda_4b292cb8dd18144e164572427af410ab>@@@?$__crt_seh_guarded_call@P6AXH@Z@@QAEP6AXH@Z$$QAV<lambda_cbab9ec6f41b0180b23cc171c22676b0>@@AAV<lambda_44731a7d0e6d81c3e6aa82d741081786>@@$$QAV<lambda_4b292cb8dd18144e164572427af410ab>@@@Z 10012f78     libucrt:signal.obj
 0001:00011f98       __sehtable$??$?RV<lambda_2866be3712abc81a800a822484c830d8>@@AAV<lambda_39ca0ed439415581b5b15c265174cece>@@V<lambda_2b24c74d71094a6cd0cb82e44167d71b>@@@?$__crt_seh_guarded_call@X@@QAEX$$QAV<lambda_2866be3712abc81a800a822484c830d8>@@AAV<lambda_39ca0ed439415581b5b15c265174cece>@@$$QAV<lambda_2b24c74d71094a6cd0cb82e44167d71b>@@@Z 10012f98     libucrt:fflush.obj
 0001:00011fb8       __sehtable$??$?RV<lambda_2cc53f568c5a2bb6f192f930a45d44ea>@@AAV<lambda_ab61a845afdef5b7c387490eaf3616ee>@@V<lambda_c2ffc0b7726aa6be21d5f0026187e748>@@@?$__crt_seh_guarded_call@X@@QAEX$$QAV<lambda_2cc53f568c5a2bb6f192f930a45d44ea>@@AAV<lambda_ab61a845afdef5b7c387490eaf3616ee>@@$$QAV<lambda_c2ffc0b7726aa6be21d5f0026187e748>@@@Z 10012fb8     libucrt:fflush.obj
 0001:00011fd8       __sehtable$??$?RV<lambda_e5124f882df8998aaf41531e079ba474>@@AAV<lambda_3e16ef9562a7dcce91392c22ab16ea36>@@V<lambda_e25ca0880e6ef98be67edffd8c599615>@@@?$__crt_seh_guarded_call@X@@QAEX$$QAV<lambda_e5124f882df8998aaf41531e079ba474>@@AAV<lambda_3e16ef9562a7dcce91392c22ab16ea36>@@$$QAV<lambda_e25ca0880e6ef98be67edffd8c599615>@@@Z 10012fd8     libucrt:wsetlocale.obj
 0001:00011ff8       __sehtable$___acrt_update_thread_locale_data 10012ff8     libucrt:locale_refcounting.obj
 0001:00012018       __sehtable$___acrt_lowio_ensure_fh_exists 10013018     libucrt:osfinfo.obj
 0001:00012038       __sehtable$??$?RV<lambda_9e9de3de5fa147e2223d7db92bc10aa6>@@AAV<lambda_38ce7e780aa69e748d6df282ebc68efe>@@V<lambda_8ca6da459f0f6780f1cff60fdc3d00e5>@@@?$__crt_seh_guarded_call@H@@QAEH$$QAV<lambda_9e9de3de5fa147e2223d7db92bc10aa6>@@AAV<lambda_38ce7e780aa69e748d6df282ebc68efe>@@$$QAV<lambda_8ca6da459f0f6780f1cff60fdc3d00e5>@@@Z 10013038     libucrt:commit.obj
 0001:00012058       __sehtable$__write         10013058     libucrt:write.obj
 0001:00012078       __sehtable$__fcloseall     10013078     libucrt:closeall.obj
 0001:00012098       __sehtable$_fclose         10013098     libucrt:fclose.obj
 0001:000120b8       __sehtable$??$?RV<lambda_218ce3db14220d0be481dae8ef3383b6>@@AAV<lambda_628dfdc04ba53c8bfc02c9951375f3f5>@@V<lambda_57dc472bd5c9d5f3b2cbca59b8a843ae>@@@?$__crt_seh_guarded_call@H@@QAEH$$QAV<lambda_218ce3db14220d0be481dae8ef3383b6>@@AAV<lambda_628dfdc04ba53c8bfc02c9951375f3f5>@@$$QAV<lambda_57dc472bd5c9d5f3b2cbca59b8a843ae>@@@Z 100130b8     libucrt:close.obj
 0001:000120d8       __sehtable$__IsNonwritableInCurrentImage 100130d8     LIBCMT:pesect.obj
 0001:00012100       .edata                     10013100     SameFolder.exp
 0001:00012128       rgpv                       10013128     SameFolder.exp
 0001:0001213c       rgszName                   1001313c     SameFolder.exp
 0001:00012150       rgwOrd                     10013150     SameFolder.exp
 0001:0001215a       szName                     1001315a     SameFolder.exp
 0001:00012169       $N00001                    10013169     SameFolder.exp
 0001:00012174       $N00002                    10013174     SameFolder.exp
 0001:00012183       $N00003                    10013183     SameFolder.exp
 0001:00012192       $N00004                    10013192     SameFolder.exp
 0001:00012198       $N00005                    10013198     SameFolder.exp
 0002:00000030       ?__vcrt_flsindex@@3KA      10014030     libvcruntime:per_thread_data.obj
 0002:00000060       ?__acrt_flsindex@@3KA      10014060     libucrt:per_thread_data.obj
 0002:00000064       ?errno_no_memory@@3HA      10014064     libucrt:errno.obj
 0002:00000068       ?doserrno_no_memory@@3KA   10014068     libucrt:errno.obj
 0002:00000290       __mbctypes                 10014290     libucrt:mbctype.obj
 0002:00000398       __mbcasemaps               10014398     libucrt:mbctype.obj
 0002:00000498       ?__rgctypeflag@@3PADA      10014498     libucrt:mbctype.obj
 0002:000004a0       ?__rgcode_page_info@@3PAUcode_page_info@@A 100144a0     libucrt:mbctype.obj
 0002:00000860       ?__dcrt_lowio_console_output_handle@@3PAXA 10014860     libucrt:initcon.obj
 0002:00000a5c       ?PluginMenuStrings@?1??GetPluginInfoW@@9@4@4PAPB_WA 10014a5c     SameFolder.obj
 0002:00000a60       ?PluginConfigStrings@?1??GetPluginInfoW@@9@4@4PAPB_WA 10014a60     SameFolder.obj
 0002:00000a64       ?DiskMenuStrings@?1??GetPluginInfoW@@9@4@4PAPB_WA 10014a64     SameFolder.obj
 0002:00000a6c       ?Cookie@?1??XorPointer@@YAPAXPAX@Z@4IB 10014a6c     vc_crt_fix_impl.obj
 0002:00000a70       ?$S1@?1??XorPointer@@YAPAXPAX@Z@4IA 10014a70     vc_crt_fix_impl.obj
 0002:00000a74       ?Function@?1??EncodePointerWrapper@@9@4@4Q6GPAXPAX@ZA 10014a74     vc_crt_fix_impl.obj
 0002:00000a78       ?$S2@?1??EncodePointerWrapper@@9@4@4IA 10014a78     vc_crt_fix_impl.obj
 0002:00000a7c       ?Function@?1??DecodePointerWrapper@@9@4@4Q6GPAXPAX@ZA 10014a7c     vc_crt_fix_impl.obj
 0002:00000a80       ?$S3@?1??DecodePointerWrapper@@9@4@4IA 10014a80     vc_crt_fix_impl.obj
 0002:00000a84       ?Function@?1??GetModuleHandleExWWrapper@@9@12@4Q6GHKPB_WPAPAUHINSTANCE__@@@ZA 10014a84     vc_crt_fix_impl.obj
 0002:00000a88       ?$S4@?1??GetModuleHandleExWWrapper@@9@12@4IA 10014a88     vc_crt_fix_impl.obj
 0002:00000a8c       ?Deleter@?1??InitializeSListHead@implementation@slist@@YGXPAT_SLIST_HEADER@@@Z@4Vservice_deleter@23@A 10014a8c     vc_crt_fix_impl.obj
 0002:00000aac       ?$S5@?1??InitializeSListHead@implementation@slist@@YGXPAT_SLIST_HEADER@@@Z@4IA 10014aac     vc_crt_fix_impl.obj
 0002:00000ab0       ?Function@?1??InitializeSListHeadWrapper@@9@4@4Q6GXPAT_SLIST_HEADER@@@ZA 10014ab0     vc_crt_fix_impl.obj
 0002:00000ab4       ?$S6@?1??InitializeSListHeadWrapper@@9@4@4IA 10014ab4     vc_crt_fix_impl.obj
 0002:00000ab8       ?Function@?1??InterlockedFlushSListWrapper@@9@4@4Q6GPAU_SINGLE_LIST_ENTRY@@PAT_SLIST_HEADER@@@ZA 10014ab8     vc_crt_fix_impl.obj
 0002:00000abc       ?$S7@?1??InterlockedFlushSListWrapper@@9@4@4IA 10014abc     vc_crt_fix_impl.obj
 0002:00000ac0       ?Function@?1??InterlockedPopEntrySListWrapper@@9@4@4Q6GPAU_SINGLE_LIST_ENTRY@@PAT_SLIST_HEADER@@@ZA 10014ac0     vc_crt_fix_impl.obj
 0002:00000ac4       ?$S8@?1??InterlockedPopEntrySListWrapper@@9@4@4IA 10014ac4     vc_crt_fix_impl.obj
 0002:00000ac8       ?Function@?1??InterlockedPushEntrySListWrapper@@9@8@4Q6GPAU_SINGLE_LIST_ENTRY@@PAT_SLIST_HEADER@@PAU2@@ZA 10014ac8     vc_crt_fix_impl.obj
 0002:00000acc       ?$S9@?1??InterlockedPushEntrySListWrapper@@9@8@4IA 10014acc     vc_crt_fix_impl.obj
 0002:00000ad0       ?Function@?1??InterlockedPushListSListExWrapper@@9@16@4Q6GPAU_SINGLE_LIST_ENTRY@@PAT_SLIST_HEADER@@PAU2@1K@ZA 10014ad0     vc_crt_fix_impl.obj
 0002:00000ad4       ?$S10@?1??InterlockedPushListSListExWrapper@@9@16@4IA 10014ad4     vc_crt_fix_impl.obj
 0002:00000ad8       ?Function@?1??RtlFirstEntrySListWrapper@@9@4@4Q6GPAU_SINGLE_LIST_ENTRY@@PAT_SLIST_HEADER@@@ZA 10014ad8     vc_crt_fix_impl.obj
 0002:00000adc       ?$S11@?1??RtlFirstEntrySListWrapper@@9@4@4IA 10014adc     vc_crt_fix_impl.obj
 0002:00000ae0       ?Function@?1??QueryDepthSListWrapper@@9@4@4Q6GGPAT_SLIST_HEADER@@@ZA 10014ae0     vc_crt_fix_impl.obj
 0002:00000ae4       ?$S12@?1??QueryDepthSListWrapper@@9@4@4IA 10014ae4     vc_crt_fix_impl.obj
 0002:00000ae8       ?Function@?1??GetNumaHighestNodeNumberWrapper@@9@4@4Q6GHPAK@ZA 10014ae8     vc_crt_fix_impl.obj
 0002:00000aec       ?$S13@?1??GetNumaHighestNodeNumberWrapper@@9@4@4IA 10014aec     vc_crt_fix_impl.obj
 0002:00000af0       ?Function@?1??GetLogicalProcessorInformationWrapper@@9@8@4Q6GHPAU_SYSTEM_LOGICAL_PROCESSOR_INFORMATION@@PAK@ZA 10014af0     vc_crt_fix_impl.obj
 0002:00000af4       ?$S14@?1??GetLogicalProcessorInformationWrapper@@9@8@4IA 10014af4     vc_crt_fix_impl.obj
 0002:00000af8       ?Function@?1??SetThreadStackGuaranteeWrapper@@9@4@4Q6GHPAK@ZA 10014af8     vc_crt_fix_impl.obj
 0002:00000afc       ?$S15@?1??SetThreadStackGuaranteeWrapper@@9@4@4IA 10014afc     vc_crt_fix_impl.obj
 0002:00000b08       ?is_initialized_as_dll@@3_NA 10014b08     LIBCMT:utility.obj
 0002:00000b09       ?module_local_atexit_table_initialized@@3_NA 10014b09     LIBCMT:utility.obj
 0002:00000b0c       ?module_local_atexit_table@@3U_onexit_table_t@@A 10014b0c     LIBCMT:utility.obj
 0002:00000b18       ?module_local_at_quick_exit_table@@3U_onexit_table_t@@A 10014b18     LIBCMT:utility.obj
 0002:00000b24       ?__proc_attached@@3HA      10014b24     LIBCMT:dll_dllmain.obj
 0002:00000b50       _GS_ExceptionRecord        10014b50     LIBCMT:gs_report.obj
 0002:00000ba0       _GS_ContextRecord          10014ba0     LIBCMT:gs_report.obj
 0002:00000e74       ?__vcrt_startup_thread_ptd@@3U__vcrt_ptd@@A 10014e74     libvcruntime:per_thread_data.obj
 0002:00000e9c       ___vcrt_lock_table         10014e9c     libvcruntime:locks.obj
 0002:00000eb4       ___vcrt_locks_initialized  10014eb4     libvcruntime:locks.obj
 0002:00000ee0       ?heap@@3V_HeapManager@@A   10014ee0     libvcruntime:undname.obj
 0002:00000ef4       ?module_handles@@3PAPAUHINSTANCE__@@A 10014ef4     libvcruntime:winapi_downlevel.obj
 0002:00000f00       ?function_pointers@@3PAPAXA 10014f00     libvcruntime:winapi_downlevel.obj
 0002:00000f14       ?__acrt_new_handler@@3V?$dual_state_global@P6AHI@Z@__crt_state_management@@A 10014f14     libucrt:new_handler.obj
 0002:00000f18       ?c_termination_complete@@3JA 10014f18     libucrt:exit.obj
 0002:00000f1c       ?thread_local_exit_callback_func@@3P6GXPAXK0@ZA 10014f1c     libucrt:exit.obj
 0002:00000f28       ?program_name@?1???$common_configure_argv@D@@YAHW4_crt_argv_mode@@@Z@4PADA 10014f28     libucrt:argv_parsing.obj
 0002:00001058       ?__acrt_lock_table@@3PAU_RTL_CRITICAL_SECTION@@A 10015058     libucrt:locks.obj
 0002:000011a8       ?__acrt_locks_initialized@@3IA 100151a8     libucrt:locks.obj
 0002:000011ac       ?__acrt_invalid_parameter_handler@@3V?$dual_state_global@P6AXPB_W00II@Z@__crt_state_management@@A 100151ac     libucrt:invalid_parameter.obj
 0002:000011bc       ?fSystemSet@@3HA           100151bc     libucrt:mbctype.obj
 0002:000011c0       ?initialized@?1??__acrt_initialize_multibyte@@9@4_NA 100151c0     libucrt:mbctype.obj
 0002:000011e0       ?module_handles@@3PAPAUHINSTANCE__@@A 100151e0     libucrt:winapi_thunks.obj
 0002:00001230       ?encoded_function_pointers@@3PAPAXA 10015230     libucrt:winapi_thunks.obj
 0002:000014c4       ?ctrlc_action@@3V?$dual_state_global@P6AXH@Z@__crt_state_management@@A 100154c4     libucrt:signal.obj
 0002:000014c8       ?ctrlbreak_action@@3V?$dual_state_global@P6AXH@Z@__crt_state_management@@A 100154c8     libucrt:signal.obj
 0002:000014cc       ?abort_action@@3V?$dual_state_global@P6AXH@Z@__crt_state_management@@A 100154cc     libucrt:signal.obj
 0002:000014d0       ?term_action@@3V?$dual_state_global@P6AXH@Z@__crt_state_management@@A 100154d0     libucrt:signal.obj
 0002:000014d4       ?user_matherr@@3V?$dual_state_global@P6AHPAU_exception@@@Z@__crt_state_management@@A 100154d4     libucrt:matherr.obj
 0002:000014ec       ?internal_state@?1??_mbtowc_l@@9@4U_Mbstatet@@A 100154ec     libucrt:mbtowc.obj
 0002:000014f8       ?__acrt_global_new_mode@@3V?$dual_state_global@J@__crt_state_management@@A 100154f8     libucrt:new_mode.obj
 0002:00001504       ?__acrt_app_type@@3W4_crt_app_type@@A 10015504     libucrt:report_runtime_error.obj
 0002:00001508       ?internal_pst@?1??__mbrtoc32_utf8@__crt_mbstring@@YAIPA_UPBDIPAU_Mbstatet@@@Z@4U3@A 10015508     libucrt:mbrtoc32.obj
 0002:00001514       __pmatherr_set             10015514     libucrt:libm_error.obj
 0003:0000035a       .idata$6                   1001635a     kernel32:KERNEL32.dll
 0004:00000060       $R000000                   10017060     SameFolder.res
